[2024-05-20T05:49:23.246+0000][18396][info][gc,init] CardTable entry size: 512
[2024-05-20T05:49:23.246+0000][18396][info][gc     ] Using G1
[2024-05-20T05:49:24.799+0000][18396][info][gc,init] Version: 21.0.2+13-58 (release)
[2024-05-20T05:49:24.799+0000][18396][info][gc,init] CPUs: 8 total, 8 available
[2024-05-20T05:49:24.799+0000][18396][info][gc,init] Memory: 7834M
[2024-05-20T05:49:24.799+0000][18396][info][gc,init] Large Page Support: Disabled
[2024-05-20T05:49:24.799+0000][18396][info][gc,init] NUMA Support: Disabled
[2024-05-20T05:49:24.799+0000][18396][info][gc,init] Compressed Oops: Enabled (Zero based)
[2024-05-20T05:49:24.799+0000][18396][info][gc,init] Heap Region Size: 4M
[2024-05-20T05:49:24.799+0000][18396][info][gc,init] Heap Min Capacity: 3920M
[2024-05-20T05:49:24.799+0000][18396][info][gc,init] Heap Initial Capacity: 3920M
[2024-05-20T05:49:24.799+0000][18396][info][gc,init] Heap Max Capacity: 3920M
[2024-05-20T05:49:24.799+0000][18396][info][gc,init] Pre-touch: Enabled
[2024-05-20T05:49:24.799+0000][18396][info][gc,init] Parallel Workers: 8
[2024-05-20T05:49:24.799+0000][18396][info][gc,init] Concurrent Workers: 2
[2024-05-20T05:49:24.799+0000][18396][info][gc,init] Concurrent Refinement Workers: 8
[2024-05-20T05:49:24.799+0000][18396][info][gc,init] Periodic GC: Disabled
[2024-05-20T05:49:24.810+0000][18396][info][gc,metaspace] CDS archive(s) mapped at: [0x000001ab00000000-0x000001ab00c90000-0x000001ab00c90000), size 13172736, SharedBaseAddress: 0x000001ab00000000, ArchiveRelocationMode: 1.
[2024-05-20T05:49:24.810+0000][18396][info][gc,metaspace] Compressed class space mapped at: 0x000001ab01000000-0x000001ab41000000, reserved size: 1073741824
[2024-05-20T05:49:24.810+0000][18396][info][gc,metaspace] Narrow klass base: 0x000001ab00000000, Narrow klass shift: 0, Narrow klass range: 0x100000000
[2024-05-20T05:49:25.077+0000][18396][info][safepoint   ] Safepoint "ICBufferFull", Time since last: 257493400 ns, Reaching safepoint: 12800 ns, Cleanup: 92600 ns, At safepoint: 13200 ns, Total: 118600 ns
[2024-05-20T05:49:25.335+0000][18396][info][safepoint   ] Safepoint "ICBufferFull", Time since last: 268103400 ns, Reaching safepoint: 3200 ns, Cleanup: 84200 ns, At safepoint: 7400 ns, Total: 94800 ns
[2024-05-20T05:49:25.703+0000][18396][info][safepoint   ] Safepoint "ICBufferFull", Time since last: 357037900 ns, Reaching safepoint: 4400 ns, Cleanup: 107300 ns, At safepoint: 12500 ns, Total: 124200 ns
[2024-05-20T05:49:26.187+0000][18396][info][safepoint   ] Safepoint "ICBufferFull", Time since last: 484414900 ns, Reaching safepoint: 5000 ns, Cleanup: 136900 ns, At safepoint: 1700 ns, Total: 143600 ns
[2024-05-20T05:49:26.599+0000][18396][info][safepoint   ] Safepoint "ICBufferFull", Time since last: 423111500 ns, Reaching safepoint: 5500 ns, Cleanup: 127500 ns, At safepoint: 6800 ns, Total: 139800 ns
[2024-05-20T05:49:27.439+0000][18396][info][safepoint   ] Safepoint "ICBufferFull", Time since last: 839058200 ns, Reaching safepoint: 4200 ns, Cleanup: 81600 ns, At safepoint: 1000 ns, Total: 86800 ns
[2024-05-20T05:49:27.705+0000][18396][info][gc,start    ] GC(0) Pause Young (Normal) (G1 Evacuation Pause)
[2024-05-20T05:49:27.705+0000][18396][info][gc,task     ] GC(0) Using 8 workers of 8 for evacuation
[2024-05-20T05:49:27.705+0000][18396][debug][gc,age      ] GC(0) Desired survivor size 14680064 bytes, new threshold 15 (max threshold 15)
[2024-05-20T05:49:27.720+0000][18396][info ][gc,phases   ] GC(0)   Pre Evacuate Collection Set: 0.4ms
[2024-05-20T05:49:27.720+0000][18396][info ][gc,phases   ] GC(0)   Merge Heap Roots: 0.1ms
[2024-05-20T05:49:27.720+0000][18396][info ][gc,phases   ] GC(0)   Evacuate Collection Set: 7.3ms
[2024-05-20T05:49:27.720+0000][18396][info ][gc,phases   ] GC(0)   Post Evacuate Collection Set: 1.9ms
[2024-05-20T05:49:27.720+0000][18396][info ][gc,phases   ] GC(0)   Other: 0.4ms
[2024-05-20T05:49:27.720+0000][18396][trace][gc,age      ] GC(0) Age table with threshold 15 (max threshold 15)
[2024-05-20T05:49:27.720+0000][18396][trace][gc,age      ] GC(0) - age   1:   11021160 bytes,   11021160 total
[2024-05-20T05:49:27.720+0000][18396][info ][gc,heap     ] GC(0) Eden regions: 49->0(46)
[2024-05-20T05:49:27.720+0000][18396][info ][gc,heap     ] GC(0) Survivor regions: 0->3(7)
[2024-05-20T05:49:27.720+0000][18396][info ][gc,heap     ] GC(0) Old regions: 0->0
[2024-05-20T05:49:27.720+0000][18396][info ][gc,heap     ] GC(0) Humongous regions: 0->0
[2024-05-20T05:49:27.720+0000][18396][info ][gc,metaspace] GC(0) Metaspace: 19201K(19712K)->19201K(19712K) NonClass: 17139K(17408K)->17139K(17408K) Class: 2062K(2304K)->2062K(2304K)
[2024-05-20T05:49:27.720+0000][18396][info ][gc          ] GC(0) Pause Young (Normal) (G1 Evacuation Pause) 196M->10M(3920M) 11.246ms
[2024-05-20T05:49:27.720+0000][18396][info ][gc,cpu      ] GC(0) User=0.03s Sys=0.00s Real=0.02s
[2024-05-20T05:49:27.720+0000][18396][info ][safepoint   ] Safepoint "G1CollectForAllocation", Time since last: 264746900 ns, Reaching safepoint: 4600 ns, Cleanup: 76900 ns, At safepoint: 11321100 ns, Total: 11402600 ns
[2024-05-20T05:49:28.080+0000][18396][info ][gc,start    ] GC(1) Pause Young (Concurrent Start) (Metadata GC Threshold)
[2024-05-20T05:49:28.080+0000][18396][info ][gc,task     ] GC(1) Using 8 workers of 8 for evacuation
[2024-05-20T05:49:28.080+0000][18396][debug][gc,age      ] GC(1) Desired survivor size 14680064 bytes, new threshold 15 (max threshold 15)
[2024-05-20T05:49:28.083+0000][18396][info ][gc,phases   ] GC(1)   Pre Evacuate Collection Set: 0.2ms
[2024-05-20T05:49:28.083+0000][18396][info ][gc,phases   ] GC(1)   Merge Heap Roots: 0.0ms
[2024-05-20T05:49:28.083+0000][18396][info ][gc,phases   ] GC(1)   Evacuate Collection Set: 5.2ms
[2024-05-20T05:49:28.083+0000][18396][info ][gc,phases   ] GC(1)   Post Evacuate Collection Set: 0.6ms
[2024-05-20T05:49:28.083+0000][18396][info ][gc,phases   ] GC(1)   Other: 0.1ms
[2024-05-20T05:49:28.083+0000][18396][trace][gc,age      ] GC(1) Age table with threshold 15 (max threshold 15)
[2024-05-20T05:49:28.083+0000][18396][trace][gc,age      ] GC(1) - age   1:    2404072 bytes,    2404072 total
[2024-05-20T05:49:28.083+0000][18396][trace][gc,age      ] GC(1) - age   2:   10096920 bytes,   12500992 total
[2024-05-20T05:49:28.083+0000][18396][info ][gc,heap     ] GC(1) Eden regions: 36->0(51)
[2024-05-20T05:49:28.083+0000][18396][info ][gc,heap     ] GC(1) Survivor regions: 3->4(7)
[2024-05-20T05:49:28.083+0000][18396][info ][gc,heap     ] GC(1) Old regions: 0->0
[2024-05-20T05:49:28.083+0000][18396][info ][gc,heap     ] GC(1) Humongous regions: 0->0
[2024-05-20T05:49:28.083+0000][18396][info ][gc,metaspace] GC(1) Metaspace: 20988K(21504K)->20988K(21504K) NonClass: 18740K(19008K)->18740K(19008K) Class: 2247K(2496K)->2247K(2496K)
[2024-05-20T05:49:28.083+0000][18396][info ][gc          ] GC(1) Pause Young (Concurrent Start) (Metadata GC Threshold) 154M->13M(3920M) 6.294ms
[2024-05-20T05:49:28.083+0000][18396][info ][gc,cpu      ] GC(1) User=0.00s Sys=0.00s Real=0.00s
[2024-05-20T05:49:28.083+0000][18396][info ][gc          ] GC(2) Concurrent Mark Cycle
[2024-05-20T05:49:28.083+0000][18396][info ][safepoint   ] Safepoint "CollectForMetadataAllocation", Time since last: 353930700 ns, Reaching safepoint: 3500 ns, Cleanup: 74300 ns, At safepoint: 6374600 ns, Total: 6452400 ns
[2024-05-20T05:49:28.083+0000][18396][info ][gc,marking  ] GC(2) Concurrent Scan Root Regions
[2024-05-20T05:49:28.089+0000][18396][info ][gc,marking  ] GC(2) Concurrent Scan Root Regions 3.005ms
[2024-05-20T05:49:28.089+0000][18396][info ][gc,marking  ] GC(2) Concurrent Mark
[2024-05-20T05:49:28.089+0000][18396][info ][gc,marking  ] GC(2) Concurrent Mark From Roots
[2024-05-20T05:49:28.089+0000][18396][info ][gc,task     ] GC(2) Using 2 workers of 2 for marking
[2024-05-20T05:49:28.089+0000][18396][info ][gc,marking  ] GC(2) Concurrent Mark From Roots 0.193ms
[2024-05-20T05:49:28.089+0000][18396][info ][gc,marking  ] GC(2) Concurrent Preclean
[2024-05-20T05:49:28.089+0000][18396][info ][gc,marking  ] GC(2) Concurrent Preclean 0.009ms
[2024-05-20T05:49:28.089+0000][18396][info ][gc,start    ] GC(2) Pause Remark
[2024-05-20T05:49:28.091+0000][18396][info ][gc          ] GC(2) Pause Remark 16M->16M(3920M) 1.874ms
[2024-05-20T05:49:28.091+0000][18396][info ][gc,cpu      ] GC(2) User=0.00s Sys=0.00s Real=0.00s
[2024-05-20T05:49:28.091+0000][18396][info ][safepoint   ] Safepoint "G1PauseRemark", Time since last: 3335200 ns, Reaching safepoint: 2800 ns, Cleanup: 8800 ns, At safepoint: 1965100 ns, Total: 1976700 ns
[2024-05-20T05:49:28.091+0000][18396][info ][gc,marking  ] GC(2) Concurrent Mark 2.270ms
[2024-05-20T05:49:28.091+0000][18396][info ][gc,marking  ] GC(2) Concurrent Rebuild Remembered Sets and Scrub Regions
[2024-05-20T05:49:28.091+0000][18396][info ][gc,marking  ] GC(2) Concurrent Rebuild Remembered Sets and Scrub Regions 0.037ms
[2024-05-20T05:49:28.091+0000][18396][info ][gc,start    ] GC(2) Pause Cleanup
[2024-05-20T05:49:28.091+0000][18396][info ][gc          ] GC(2) Pause Cleanup 16M->16M(3920M) 0.014ms
[2024-05-20T05:49:28.091+0000][18396][info ][gc,cpu      ] GC(2) User=0.00s Sys=0.00s Real=0.00s
[2024-05-20T05:49:28.091+0000][18396][info ][safepoint   ] Safepoint "G1PauseCleanup", Time since last: 116300 ns, Reaching safepoint: 1700 ns, Cleanup: 2000 ns, At safepoint: 32500 ns, Total: 36200 ns
[2024-05-20T05:49:28.091+0000][18396][info ][gc,marking  ] GC(2) Concurrent Clear Claimed Marks
[2024-05-20T05:49:28.091+0000][18396][info ][gc,marking  ] GC(2) Concurrent Clear Claimed Marks 0.032ms
[2024-05-20T05:49:28.091+0000][18396][info ][gc,marking  ] GC(2) Concurrent Cleanup for Next Mark
[2024-05-20T05:49:28.099+0000][18396][info ][gc,marking  ] GC(2) Concurrent Cleanup for Next Mark 7.329ms
[2024-05-20T05:49:28.099+0000][18396][info ][gc          ] GC(2) Concurrent Mark Cycle 12.937ms
[2024-05-20T05:49:28.562+0000][18396][info ][safepoint   ] Safepoint "ICBufferFull", Time since last: 476585400 ns, Reaching safepoint: 5500 ns, Cleanup: 91900 ns, At safepoint: 1300 ns, Total: 98700 ns
[2024-05-20T05:49:28.882+0000][18396][info ][gc,start    ] GC(3) Pause Young (Normal) (G1 Evacuation Pause)
[2024-05-20T05:49:28.882+0000][18396][info ][gc,task     ] GC(3) Using 8 workers of 8 for evacuation
[2024-05-20T05:49:28.882+0000][18396][debug][gc,age      ] GC(3) Desired survivor size 14680064 bytes, new threshold 15 (max threshold 15)
[2024-05-20T05:49:28.899+0000][18396][info ][gc,phases   ] GC(3)   Pre Evacuate Collection Set: 0.2ms
[2024-05-20T05:49:28.899+0000][18396][info ][gc,phases   ] GC(3)   Merge Heap Roots: 0.1ms
[2024-05-20T05:49:28.899+0000][18396][info ][gc,phases   ] GC(3)   Evacuate Collection Set: 11.5ms
[2024-05-20T05:49:28.899+0000][18396][info ][gc,phases   ] GC(3)   Post Evacuate Collection Set: 1.3ms
[2024-05-20T05:49:28.899+0000][18396][info ][gc,phases   ] GC(3)   Other: 0.1ms
[2024-05-20T05:49:28.899+0000][18396][trace][gc,age      ] GC(3) Age table with threshold 15 (max threshold 15)
[2024-05-20T05:49:28.899+0000][18396][trace][gc,age      ] GC(3) - age   1:    8038440 bytes,    8038440 total
[2024-05-20T05:49:28.899+0000][18396][trace][gc,age      ] GC(3) - age   2:    2240688 bytes,   10279128 total
[2024-05-20T05:49:28.899+0000][18396][trace][gc,age      ] GC(3) - age   3:   10091592 bytes,   20370720 total
[2024-05-20T05:49:28.899+0000][18396][info ][gc,heap     ] GC(3) Eden regions: 51->0(110)
[2024-05-20T05:49:28.899+0000][18396][info ][gc,heap     ] GC(3) Survivor regions: 4->6(7)
[2024-05-20T05:49:28.899+0000][18396][info ][gc,heap     ] GC(3) Old regions: 0->0
[2024-05-20T05:49:28.899+0000][18396][info ][gc,heap     ] GC(3) Humongous regions: 0->0
[2024-05-20T05:49:28.899+0000][18396][info ][gc,metaspace] GC(3) Metaspace: 27332K(28032K)->27332K(28032K) NonClass: 24266K(24640K)->24266K(24640K) Class: 3065K(3392K)->3065K(3392K)
[2024-05-20T05:49:28.899+0000][18396][info ][gc          ] GC(3) Pause Young (Normal) (G1 Evacuation Pause) 217M->22M(3920M) 13.493ms
[2024-05-20T05:49:28.899+0000][18396][info ][gc,cpu      ] GC(3) User=0.00s Sys=0.02s Real=0.02s
[2024-05-20T05:49:28.899+0000][18396][info ][safepoint   ] Safepoint "G1CollectForAllocation", Time since last: 317654100 ns, Reaching safepoint: 5700 ns, Cleanup: 85600 ns, At safepoint: 13572800 ns, Total: 13664100 ns
[2024-05-20T05:49:29.782+0000][18396][info ][gc,start    ] GC(4) Pause Young (Normal) (G1 Evacuation Pause)
[2024-05-20T05:49:29.782+0000][18396][info ][gc,task     ] GC(4) Using 8 workers of 8 for evacuation
[2024-05-20T05:49:29.782+0000][18396][debug][gc,age      ] GC(4) Desired survivor size 31457280 bytes, new threshold 15 (max threshold 15)
[2024-05-20T05:49:29.800+0000][18396][info ][gc,phases   ] GC(4)   Pre Evacuate Collection Set: 0.3ms
[2024-05-20T05:49:29.800+0000][18396][info ][gc,phases   ] GC(4)   Merge Heap Roots: 0.2ms
[2024-05-20T05:49:29.800+0000][18396][info ][gc,phases   ] GC(4)   Evacuate Collection Set: 11.9ms
[2024-05-20T05:49:29.800+0000][18396][info ][gc,phases   ] GC(4)   Post Evacuate Collection Set: 1.5ms
[2024-05-20T05:49:29.800+0000][18396][info ][gc,phases   ] GC(4)   Other: 0.1ms
[2024-05-20T05:49:29.800+0000][18396][trace][gc,age      ] GC(4) Age table with threshold 15 (max threshold 15)
[2024-05-20T05:49:29.800+0000][18396][trace][gc,age      ] GC(4) - age   1:    4070464 bytes,    4070464 total
[2024-05-20T05:49:29.800+0000][18396][trace][gc,age      ] GC(4) - age   2:    5743512 bytes,    9813976 total
[2024-05-20T05:49:29.800+0000][18396][trace][gc,age      ] GC(4) - age   3:    2239904 bytes,   12053880 total
[2024-05-20T05:49:29.800+0000][18396][trace][gc,age      ] GC(4) - age   4:   10091304 bytes,   22145184 total
[2024-05-20T05:49:29.800+0000][18396][info ][gc,heap     ] GC(4) Eden regions: 110->0(264)
[2024-05-20T05:49:29.800+0000][18396][info ][gc,heap     ] GC(4) Survivor regions: 6->7(15)
[2024-05-20T05:49:29.800+0000][18396][info ][gc,heap     ] GC(4) Old regions: 0->0
[2024-05-20T05:49:29.800+0000][18396][info ][gc,heap     ] GC(4) Humongous regions: 0->0
[2024-05-20T05:49:29.800+0000][18396][info ][gc,metaspace] GC(4) Metaspace: 28143K(28928K)->28143K(28928K) NonClass: 24979K(25408K)->24979K(25408K) Class: 3163K(3520K)->3163K(3520K)
[2024-05-20T05:49:29.800+0000][18396][info ][gc          ] GC(4) Pause Young (Normal) (G1 Evacuation Pause) 462M->24M(3920M) 14.387ms
[2024-05-20T05:49:29.800+0000][18396][info ][gc,cpu      ] GC(4) User=0.02s Sys=0.00s Real=0.02s
[2024-05-20T05:49:29.800+0000][18396][info ][safepoint   ] Safepoint "G1CollectForAllocation", Time since last: 886158300 ns, Reaching safepoint: 5900 ns, Cleanup: 86900 ns, At safepoint: 14435600 ns, Total: 14528400 ns
[2024-05-20T05:49:30.840+0000][18396][info ][safepoint   ] Safepoint "ICBufferFull", Time since last: 1051530100 ns, Reaching safepoint: 4000 ns, Cleanup: 98200 ns, At safepoint: 9500 ns, Total: 111700 ns
[2024-05-20T05:49:30.967+0000][18396][info ][gc,start    ] GC(5) Pause Young (Concurrent Start) (Metadata GC Threshold)
[2024-05-20T05:49:30.967+0000][18396][info ][gc,task     ] GC(5) Using 8 workers of 8 for evacuation
[2024-05-20T05:49:30.967+0000][18396][debug][gc,age      ] GC(5) Desired survivor size 71303168 bytes, new threshold 15 (max threshold 15)
[2024-05-20T05:49:30.979+0000][18396][info ][gc,phases   ] GC(5)   Pre Evacuate Collection Set: 0.2ms
[2024-05-20T05:49:30.982+0000][18396][info ][gc,phases   ] GC(5)   Merge Heap Roots: 0.0ms
[2024-05-20T05:49:30.982+0000][18396][info ][gc,phases   ] GC(5)   Evacuate Collection Set: 10.0ms
[2024-05-20T05:49:30.982+0000][18396][info ][gc,phases   ] GC(5)   Post Evacuate Collection Set: 1.4ms
[2024-05-20T05:49:30.982+0000][18396][info ][gc,phases   ] GC(5)   Other: 0.1ms
[2024-05-20T05:49:30.982+0000][18396][trace][gc,age      ] GC(5) Age table with threshold 15 (max threshold 15)
[2024-05-20T05:49:30.982+0000][18396][trace][gc,age      ] GC(5) - age   1:    8363440 bytes,    8363440 total
[2024-05-20T05:49:30.982+0000][18396][trace][gc,age      ] GC(5) - age   2:    3358904 bytes,   11722344 total
[2024-05-20T05:49:30.982+0000][18396][trace][gc,age      ] GC(5) - age   3:    5738000 bytes,   17460344 total
[2024-05-20T05:49:30.982+0000][18396][trace][gc,age      ] GC(5) - age   4:    2238496 bytes,   19698840 total
[2024-05-20T05:49:30.982+0000][18396][trace][gc,age      ] GC(5) - age   5:   10084080 bytes,   29782920 total
[2024-05-20T05:49:30.982+0000][18396][info ][gc,heap     ] GC(5) Eden regions: 102->0(561)
[2024-05-20T05:49:30.982+0000][18396][info ][gc,heap     ] GC(5) Survivor regions: 7->8(34)
[2024-05-20T05:49:30.982+0000][18396][info ][gc,heap     ] GC(5) Old regions: 0->0
[2024-05-20T05:49:30.982+0000][18396][info ][gc,heap     ] GC(5) Humongous regions: 0->0
[2024-05-20T05:49:30.982+0000][18396][info ][gc,metaspace] GC(5) Metaspace: 35147K(35968K)->35147K(35968K) NonClass: 31180K(31680K)->31180K(31680K) Class: 3967K(4288K)->3967K(4288K)
[2024-05-20T05:49:30.982+0000][18396][info ][gc          ] GC(5) Pause Young (Concurrent Start) (Metadata GC Threshold) 430M->31M(3920M) 12.340ms
[2024-05-20T05:49:30.982+0000][18396][info ][gc          ] GC(6) Concurrent Mark Cycle
[2024-05-20T05:49:30.982+0000][18396][info ][gc,cpu      ] GC(5) User=0.08s Sys=0.00s Real=0.02s
[2024-05-20T05:49:30.982+0000][18396][info ][gc,marking  ] GC(6) Concurrent Scan Root Regions
[2024-05-20T05:49:30.982+0000][18396][info ][safepoint   ] Safepoint "CollectForMetadataAllocation", Time since last: 117521300 ns, Reaching safepoint: 4000 ns, Cleanup: 20800 ns, At safepoint: 12466800 ns, Total: 12491600 ns
[2024-05-20T05:49:30.989+0000][18396][info ][gc,marking  ] GC(6) Concurrent Scan Root Regions 6.618ms
[2024-05-20T05:49:30.989+0000][18396][info ][gc,marking  ] GC(6) Concurrent Mark
[2024-05-20T05:49:30.989+0000][18396][info ][gc,marking  ] GC(6) Concurrent Mark From Roots
[2024-05-20T05:49:30.989+0000][18396][info ][gc,task     ] GC(6) Using 2 workers of 2 for marking
[2024-05-20T05:49:30.989+0000][18396][info ][gc,marking  ] GC(6) Concurrent Mark From Roots 0.175ms
[2024-05-20T05:49:30.989+0000][18396][info ][gc,marking  ] GC(6) Concurrent Preclean
[2024-05-20T05:49:30.989+0000][18396][info ][gc,marking  ] GC(6) Concurrent Preclean 0.027ms
[2024-05-20T05:49:30.989+0000][18396][info ][gc,start    ] GC(6) Pause Remark
[2024-05-20T05:49:30.993+0000][18396][info ][gc          ] GC(6) Pause Remark 35M->35M(3920M) 3.725ms
[2024-05-20T05:49:30.993+0000][18396][info ][gc,cpu      ] GC(6) User=0.00s Sys=0.00s Real=0.00s
[2024-05-20T05:49:30.993+0000][18396][info ][safepoint   ] Safepoint "G1PauseRemark", Time since last: 6885700 ns, Reaching safepoint: 3200 ns, Cleanup: 3000 ns, At safepoint: 3822200 ns, Total: 3828400 ns
[2024-05-20T05:49:30.993+0000][18396][info ][gc,marking  ] GC(6) Concurrent Mark 4.118ms
[2024-05-20T05:49:30.993+0000][18396][info ][gc,marking  ] GC(6) Concurrent Rebuild Remembered Sets and Scrub Regions
[2024-05-20T05:49:30.993+0000][18396][info ][gc,marking  ] GC(6) Concurrent Rebuild Remembered Sets and Scrub Regions 0.029ms
[2024-05-20T05:49:30.993+0000][18396][info ][gc,start    ] GC(6) Pause Cleanup
[2024-05-20T05:49:30.993+0000][18396][info ][gc          ] GC(6) Pause Cleanup 35M->35M(3920M) 0.015ms
[2024-05-20T05:49:30.993+0000][18396][info ][gc,cpu      ] GC(6) User=0.00s Sys=0.00s Real=0.00s
[2024-05-20T05:49:30.993+0000][18396][info ][safepoint   ] Safepoint "G1PauseCleanup", Time since last: 84300 ns, Reaching safepoint: 62900 ns, Cleanup: 9100 ns, At safepoint: 38300 ns, Total: 110300 ns
[2024-05-20T05:49:30.993+0000][18396][info ][gc,marking  ] GC(6) Concurrent Clear Claimed Marks
[2024-05-20T05:49:30.993+0000][18396][info ][gc,marking  ] GC(6) Concurrent Clear Claimed Marks 0.066ms
[2024-05-20T05:49:30.993+0000][18396][info ][gc,marking  ] GC(6) Concurrent Cleanup for Next Mark
[2024-05-20T05:49:30.999+0000][18396][info ][gc,marking  ] GC(6) Concurrent Cleanup for Next Mark 7.900ms
[2024-05-20T05:49:30.999+0000][18396][info ][gc          ] GC(6) Concurrent Mark Cycle 19.069ms
[2024-05-20T05:49:31.995+0000][18396][info ][safepoint   ] Safepoint "Cleanup", Time since last: 1001453900 ns, Reaching safepoint: 7800 ns, Cleanup: 125400 ns, At safepoint: 3100 ns, Total: 136300 ns
[2024-05-20T05:49:33.007+0000][18396][info ][safepoint   ] Safepoint "Cleanup", Time since last: 1011932900 ns, Reaching safepoint: 358700 ns, Cleanup: 62600 ns, At safepoint: 9600 ns, Total: 430900 ns
[2024-05-20T05:49:34.007+0000][18396][info ][safepoint   ] Safepoint "Cleanup", Time since last: 1000149700 ns, Reaching safepoint: 19500 ns, Cleanup: 86200 ns, At safepoint: 21500 ns, Total: 127200 ns
[2024-05-20T05:49:35.021+0000][18396][info ][safepoint   ] Safepoint "Cleanup", Time since last: 1013443800 ns, Reaching safepoint: 4800 ns, Cleanup: 82200 ns, At safepoint: 88500 ns, Total: 175500 ns
[2024-05-20T05:49:36.119+0000][18396][info ][safepoint   ] Safepoint "Cleanup", Time since last: 1098361600 ns, Reaching safepoint: 8100 ns, Cleanup: 125100 ns, At safepoint: 101200 ns, Total: 234400 ns
[2024-05-20T05:49:36.919+0000][18396][info ][gc,start    ] GC(7) Pause Young (Concurrent Start) (Metadata GC Threshold)
[2024-05-20T05:49:36.919+0000][18396][info ][gc,task     ] GC(7) Using 8 workers of 8 for evacuation
[2024-05-20T05:49:36.919+0000][18396][debug][gc,age      ] GC(7) Desired survivor size 150994944 bytes, new threshold 15 (max threshold 15)
[2024-05-20T05:49:36.941+0000][18396][info ][gc,phases   ] GC(7)   Pre Evacuate Collection Set: 0.3ms
[2024-05-20T05:49:36.941+0000][18396][info ][gc,phases   ] GC(7)   Merge Heap Roots: 0.1ms
[2024-05-20T05:49:36.941+0000][18396][info ][gc,phases   ] GC(7)   Evacuate Collection Set: 27.6ms
[2024-05-20T05:49:36.941+0000][18396][info ][gc,phases   ] GC(7)   Post Evacuate Collection Set: 2.8ms
[2024-05-20T05:49:36.941+0000][18396][info ][gc,phases   ] GC(7)   Other: 0.2ms
[2024-05-20T05:49:36.941+0000][18396][trace][gc,age      ] GC(7) Age table with threshold 15 (max threshold 15)
[2024-05-20T05:49:36.941+0000][18396][trace][gc,age      ] GC(7) - age   1:   10712360 bytes,   10712360 total
[2024-05-20T05:49:36.941+0000][18396][trace][gc,age      ] GC(7) - age   2:    8264112 bytes,   18976472 total
[2024-05-20T05:49:36.941+0000][18396][trace][gc,age      ] GC(7) - age   3:    3336368 bytes,   22312840 total
[2024-05-20T05:49:36.941+0000][18396][trace][gc,age      ] GC(7) - age   4:    5713688 bytes,   28026528 total
[2024-05-20T05:49:36.941+0000][18396][trace][gc,age      ] GC(7) - age   5:    2221152 bytes,   30247680 total
[2024-05-20T05:49:36.941+0000][18396][trace][gc,age      ] GC(7) - age   6:    9878312 bytes,   40125992 total
[2024-05-20T05:49:36.941+0000][18396][info ][gc,heap     ] GC(7) Eden regions: 205->0(281)
[2024-05-20T05:49:36.941+0000][18396][info ][gc,heap     ] GC(7) Survivor regions: 8->11(72)
[2024-05-20T05:49:36.941+0000][18396][info ][gc,heap     ] GC(7) Old regions: 0->0
[2024-05-20T05:49:36.941+0000][18396][info ][gc,heap     ] GC(7) Humongous regions: 0->0
[2024-05-20T05:49:36.941+0000][18396][info ][gc,metaspace] GC(7) Metaspace: 58831K(60096K)->58831K(60096K) NonClass: 51589K(52288K)->51589K(52288K) Class: 7242K(7808K)->7242K(7808K)
[2024-05-20T05:49:36.941+0000][18396][info ][gc          ] GC(7) Pause Young (Concurrent Start) (Metadata GC Threshold) 851M->42M(3920M) 31.799ms
[2024-05-20T05:49:36.941+0000][18396][info ][gc,cpu      ] GC(7) User=0.19s Sys=0.00s Real=0.02s
[2024-05-20T05:49:36.941+0000][18396][info ][gc          ] GC(8) Concurrent Mark Cycle
[2024-05-20T05:49:36.941+0000][18396][info ][gc,marking  ] GC(8) Concurrent Scan Root Regions
[2024-05-20T05:49:36.941+0000][18396][info ][safepoint   ] Safepoint "CollectForMetadataAllocation", Time since last: 800799300 ns, Reaching safepoint: 5600 ns, Cleanup: 28600 ns, At safepoint: 32088500 ns, Total: 32122700 ns
[2024-05-20T05:49:36.957+0000][18396][info ][gc,marking  ] GC(8) Concurrent Scan Root Regions 13.080ms
[2024-05-20T05:49:36.957+0000][18396][info ][gc,marking  ] GC(8) Concurrent Mark
[2024-05-20T05:49:36.957+0000][18396][info ][gc,marking  ] GC(8) Concurrent Mark From Roots
[2024-05-20T05:49:36.957+0000][18396][info ][gc,task     ] GC(8) Using 2 workers of 2 for marking
[2024-05-20T05:49:36.957+0000][18396][info ][gc,marking  ] GC(8) Concurrent Mark From Roots 0.501ms
[2024-05-20T05:49:36.957+0000][18396][info ][gc,marking  ] GC(8) Concurrent Preclean
[2024-05-20T05:49:36.957+0000][18396][info ][gc,marking  ] GC(8) Concurrent Preclean 0.047ms
[2024-05-20T05:49:36.957+0000][18396][info ][gc,start    ] GC(8) Pause Remark
[2024-05-20T05:49:36.972+0000][18396][info ][gc          ] GC(8) Pause Remark 48M->48M(3920M) 5.597ms
[2024-05-20T05:49:36.972+0000][18396][info ][gc,cpu      ] GC(8) User=0.00s Sys=0.00s Real=0.01s
[2024-05-20T05:49:36.972+0000][18396][info ][safepoint   ] Safepoint "G1PauseRemark", Time since last: 13812700 ns, Reaching safepoint: 101100 ns, Cleanup: 18700 ns, At safepoint: 5781200 ns, Total: 5901000 ns
[2024-05-20T05:49:36.972+0000][18396][info ][gc,marking  ] GC(8) Concurrent Mark 6.688ms
[2024-05-20T05:49:36.972+0000][18396][info ][gc,marking  ] GC(8) Concurrent Rebuild Remembered Sets and Scrub Regions
[2024-05-20T05:49:36.972+0000][18396][info ][gc,marking  ] GC(8) Concurrent Rebuild Remembered Sets and Scrub Regions 0.097ms
[2024-05-20T05:49:36.972+0000][18396][info ][gc,start    ] GC(8) Pause Cleanup
[2024-05-20T05:49:36.972+0000][18396][info ][gc          ] GC(8) Pause Cleanup 48M->48M(3920M) 0.064ms
[2024-05-20T05:49:36.972+0000][18396][info ][gc,cpu      ] GC(8) User=0.00s Sys=0.00s Real=0.00s
[2024-05-20T05:49:36.972+0000][18396][info ][safepoint   ] Safepoint "G1PauseCleanup", Time since last: 295800 ns, Reaching safepoint: 26500 ns, Cleanup: 22000 ns, At safepoint: 165400 ns, Total: 213900 ns
[2024-05-20T05:49:36.972+0000][18396][info ][gc,marking  ] GC(8) Concurrent Clear Claimed Marks
[2024-05-20T05:49:36.972+0000][18396][info ][gc,marking  ] GC(8) Concurrent Clear Claimed Marks 0.087ms
[2024-05-20T05:49:36.972+0000][18396][info ][gc,marking  ] GC(8) Concurrent Cleanup for Next Mark
[2024-05-20T05:49:36.980+0000][18396][info ][gc,marking  ] GC(8) Concurrent Cleanup for Next Mark 7.548ms
[2024-05-20T05:49:36.980+0000][18396][info ][gc          ] GC(8) Concurrent Mark Cycle 28.240ms
[2024-05-20T05:49:38.756+0000][18396][info ][safepoint   ] Safepoint "Cleanup", Time since last: 1783603900 ns, Reaching safepoint: 198500 ns, Cleanup: 168600 ns, At safepoint: 81100 ns, Total: 448200 ns
[2024-05-20T05:49:39.772+0000][18396][info ][safepoint   ] Safepoint "Cleanup", Time since last: 1014543200 ns, Reaching safepoint: 47300 ns, Cleanup: 28900 ns, At safepoint: 11900 ns, Total: 88100 ns
[2024-05-20T05:49:40.786+0000][18396][info ][safepoint   ] Safepoint "Cleanup", Time since last: 1014812800 ns, Reaching safepoint: 203500 ns, Cleanup: 112100 ns, At safepoint: 70300 ns, Total: 385900 ns
[2024-05-20T05:49:42.166+0000][18396][info ][safepoint   ] Safepoint "Cleanup", Time since last: 1379648400 ns, Reaching safepoint: 39600 ns, Cleanup: 142300 ns, At safepoint: 10600 ns, Total: 192500 ns
[2024-05-20T05:49:43.168+0000][18396][info ][safepoint   ] Safepoint "Cleanup", Time since last: 1001636900 ns, Reaching safepoint: 38400 ns, Cleanup: 41400 ns, At safepoint: 21300 ns, Total: 101100 ns
[2024-05-20T05:49:44.238+0000][18396][info ][safepoint   ] Safepoint "Cleanup", Time since last: 1069719500 ns, Reaching safepoint: 5700 ns, Cleanup: 192600 ns, At safepoint: 12700 ns, Total: 211000 ns
[2024-05-20T05:49:45.242+0000][18396][info ][safepoint   ] Safepoint "Cleanup", Time since last: 1003644500 ns, Reaching safepoint: 6800 ns, Cleanup: 75100 ns, At safepoint: 18000 ns, Total: 99900 ns
[2024-05-20T05:49:46.933+0000][18396][info ][safepoint   ] Safepoint "Cleanup", Time since last: 1691087400 ns, Reaching safepoint: 21900 ns, Cleanup: 129400 ns, At safepoint: 17500 ns, Total: 168800 ns
[2024-05-20T05:49:47.945+0000][18396][info ][safepoint   ] Safepoint "Cleanup", Time since last: 1011258200 ns, Reaching safepoint: 128400 ns, Cleanup: 94100 ns, At safepoint: 15600 ns, Total: 238100 ns
[2024-05-20T05:49:49.113+0000][18396][info ][safepoint   ] Safepoint "ICBufferFull", Time since last: 1167979500 ns, Reaching safepoint: 7800 ns, Cleanup: 176900 ns, At safepoint: 14000 ns, Total: 198700 ns
[2024-05-20T05:49:50.114+0000][18396][info ][safepoint   ] Safepoint "Cleanup", Time since last: 1001386000 ns, Reaching safepoint: 348300 ns, Cleanup: 39000 ns, At safepoint: 18500 ns, Total: 405800 ns
[2024-05-20T05:49:50.640+0000][18396][info ][gc,start    ] GC(9) Pause Young (Concurrent Start) (Metadata GC Threshold)
[2024-05-20T05:49:50.640+0000][18396][info ][gc,task     ] GC(9) Using 8 workers of 8 for evacuation
[2024-05-20T05:49:50.640+0000][18396][debug][gc,age      ] GC(9) Desired survivor size 77594624 bytes, new threshold 15 (max threshold 15)
[2024-05-20T05:49:50.699+0000][18396][info ][gc,phases   ] GC(9)   Pre Evacuate Collection Set: 0.4ms
[2024-05-20T05:49:50.699+0000][18396][info ][gc,phases   ] GC(9)   Merge Heap Roots: 0.1ms
[2024-05-20T05:49:50.699+0000][18396][info ][gc,phases   ] GC(9)   Evacuate Collection Set: 53.1ms
[2024-05-20T05:49:50.699+0000][18396][info ][gc,phases   ] GC(9)   Post Evacuate Collection Set: 3.8ms
[2024-05-20T05:49:50.699+0000][18396][info ][gc,phases   ] GC(9)   Other: 0.3ms
[2024-05-20T05:49:50.699+0000][18396][trace][gc,age      ] GC(9) Age table with threshold 15 (max threshold 15)
[2024-05-20T05:49:50.699+0000][18396][trace][gc,age      ] GC(9) - age   1:   21049608 bytes,   21049608 total
[2024-05-20T05:49:50.699+0000][18396][trace][gc,age      ] GC(9) - age   2:   10074048 bytes,   31123656 total
[2024-05-20T05:49:50.699+0000][18396][trace][gc,age      ] GC(9) - age   3:    8237480 bytes,   39361136 total
[2024-05-20T05:49:50.699+0000][18396][trace][gc,age      ] GC(9) - age   4:    3322136 bytes,   42683272 total
[2024-05-20T05:49:50.699+0000][18396][trace][gc,age      ] GC(9) - age   5:    5686120 bytes,   48369392 total
[2024-05-20T05:49:50.699+0000][18396][trace][gc,age      ] GC(9) - age   6:    2216456 bytes,   50585848 total
[2024-05-20T05:49:50.699+0000][18396][trace][gc,age      ] GC(9) - age   7:    9837168 bytes,   60423016 total
[2024-05-20T05:49:50.699+0000][18396][info ][gc,heap     ] GC(9) Eden regions: 246->0(294)
[2024-05-20T05:49:50.699+0000][18396][info ][gc,heap     ] GC(9) Survivor regions: 11->16(37)
[2024-05-20T05:49:50.699+0000][18396][info ][gc,heap     ] GC(9) Old regions: 0->0
[2024-05-20T05:49:50.699+0000][18396][info ][gc,heap     ] GC(9) Humongous regions: 0->0
[2024-05-20T05:49:50.699+0000][18396][info ][gc,metaspace] GC(9) Metaspace: 98681K(100480K)->98681K(100480K) NonClass: 85884K(86912K)->85884K(86912K) Class: 12797K(13568K)->12797K(13568K)
[2024-05-20T05:49:50.699+0000][18396][info ][gc          ] GC(9) Pause Young (Concurrent Start) (Metadata GC Threshold) 1026M->64M(3920M) 58.704ms
[2024-05-20T05:49:50.699+0000][18396][info ][gc,cpu      ] GC(9) User=0.17s Sys=0.00s Real=0.06s
[2024-05-20T05:49:50.699+0000][18396][info ][gc          ] GC(10) Concurrent Mark Cycle
[2024-05-20T05:49:50.699+0000][18396][info ][safepoint   ] Safepoint "CollectForMetadataAllocation", Time since last: 527865800 ns, Reaching safepoint: 8200 ns, Cleanup: 39400 ns, At safepoint: 58933600 ns, Total: 58981200 ns
[2024-05-20T05:49:50.699+0000][18396][info ][gc,marking  ] GC(10) Concurrent Scan Root Regions
[2024-05-20T05:49:50.731+0000][18396][info ][gc,marking  ] GC(10) Concurrent Scan Root Regions 31.649ms
[2024-05-20T05:49:50.731+0000][18396][info ][gc,marking  ] GC(10) Concurrent Mark
[2024-05-20T05:49:50.731+0000][18396][info ][gc,marking  ] GC(10) Concurrent Mark From Roots
[2024-05-20T05:49:50.731+0000][18396][info ][gc,task     ] GC(10) Using 2 workers of 2 for marking
[2024-05-20T05:49:50.731+0000][18396][info ][gc,marking  ] GC(10) Concurrent Mark From Roots 0.461ms
[2024-05-20T05:49:50.731+0000][18396][info ][gc,marking  ] GC(10) Concurrent Preclean
[2024-05-20T05:49:50.731+0000][18396][info ][gc,marking  ] GC(10) Concurrent Preclean 0.047ms
[2024-05-20T05:49:50.731+0000][18396][info ][gc,start    ] GC(10) Pause Remark
[2024-05-20T05:49:50.740+0000][18396][info ][gc          ] GC(10) Pause Remark 70M->70M(3920M) 8.631ms
[2024-05-20T05:49:50.740+0000][18396][info ][gc,cpu      ] GC(10) User=0.02s Sys=0.00s Real=0.01s
[2024-05-20T05:49:50.740+0000][18396][info ][safepoint   ] Safepoint "G1PauseRemark", Time since last: 32477100 ns, Reaching safepoint: 9500 ns, Cleanup: 6900 ns, At safepoint: 8871600 ns, Total: 8888000 ns
[2024-05-20T05:49:50.740+0000][18396][info ][gc,marking  ] GC(10) Concurrent Mark 9.761ms
[2024-05-20T05:49:50.740+0000][18396][info ][gc,marking  ] GC(10) Concurrent Rebuild Remembered Sets and Scrub Regions
[2024-05-20T05:49:50.740+0000][18396][info ][gc,marking  ] GC(10) Concurrent Rebuild Remembered Sets and Scrub Regions 0.112ms
[2024-05-20T05:49:50.740+0000][18396][info ][gc,start    ] GC(10) Pause Cleanup
[2024-05-20T05:49:50.740+0000][18396][info ][gc          ] GC(10) Pause Cleanup 70M->70M(3920M) 0.058ms
[2024-05-20T05:49:50.740+0000][18396][info ][gc,cpu      ] GC(10) User=0.00s Sys=0.00s Real=0.00s
[2024-05-20T05:49:50.740+0000][18396][info ][safepoint   ] Safepoint "G1PauseCleanup", Time since last: 429400 ns, Reaching safepoint: 421400 ns, Cleanup: 20600 ns, At safepoint: 139900 ns, Total: 581900 ns
[2024-05-20T05:49:50.740+0000][18396][info ][gc,marking  ] GC(10) Concurrent Clear Claimed Marks
[2024-05-20T05:49:50.740+0000][18396][info ][gc,marking  ] GC(10) Concurrent Clear Claimed Marks 0.139ms
[2024-05-20T05:49:50.740+0000][18396][info ][gc,marking  ] GC(10) Concurrent Cleanup for Next Mark
[2024-05-20T05:49:50.740+0000][18396][info ][gc,marking  ] GC(10) Concurrent Cleanup for Next Mark 7.372ms
[2024-05-20T05:49:50.740+0000][18396][info ][gc          ] GC(10) Concurrent Mark Cycle 50.152ms
[2024-05-20T05:49:52.272+0000][18396][info ][safepoint   ] Safepoint "Cleanup", Time since last: 1527585800 ns, Reaching safepoint: 130500 ns, Cleanup: 118300 ns, At safepoint: 14600 ns, Total: 263400 ns
[2024-05-20T05:49:53.300+0000][18396][info ][safepoint   ] Safepoint "Cleanup", Time since last: 1027947100 ns, Reaching safepoint: 81500 ns, Cleanup: 81800 ns, At safepoint: 19800 ns, Total: 183100 ns
[2024-05-20T05:49:54.301+0000][18396][info ][safepoint   ] Safepoint "Cleanup", Time since last: 1000842400 ns, Reaching safepoint: 7300 ns, Cleanup: 133900 ns, At safepoint: 10600 ns, Total: 151800 ns
[2024-05-20T05:49:55.050+0000][18396][info ][safepoint   ] Safepoint "ICBufferFull", Time since last: 756239700 ns, Reaching safepoint: 10000 ns, Cleanup: 168300 ns, At safepoint: 2000 ns, Total: 180300 ns
[2024-05-20T05:49:55.987+0000][18396][info ][safepoint   ] Safepoint "ICBufferFull", Time since last: 929084200 ns, Reaching safepoint: 10600 ns, Cleanup: 170000 ns, At safepoint: 20600 ns, Total: 201200 ns
[2024-05-20T05:49:57.022+0000][18396][info ][safepoint   ] Safepoint "Cleanup", Time since last: 1035507300 ns, Reaching safepoint: 18100 ns, Cleanup: 185500 ns, At safepoint: 5800 ns, Total: 209400 ns
[2024-05-20T05:49:58.032+0000][18396][info ][safepoint   ] Safepoint "Cleanup", Time since last: 1009283500 ns, Reaching safepoint: 21900 ns, Cleanup: 27500 ns, At safepoint: 5300 ns, Total: 54700 ns
[2024-05-20T05:49:59.042+0000][18396][info ][safepoint   ] Safepoint "Cleanup", Time since last: 1010201400 ns, Reaching safepoint: 22600 ns, Cleanup: 26200 ns, At safepoint: 5100 ns, Total: 53900 ns
[2024-05-20T05:50:00.050+0000][18396][info ][safepoint   ] Safepoint "Cleanup", Time since last: 1007845700 ns, Reaching safepoint: 22300 ns, Cleanup: 29300 ns, At safepoint: 5000 ns, Total: 56600 ns
[2024-05-20T05:50:04.086+0000][18396][info ][safepoint   ] Safepoint "Cleanup", Time since last: 4036652500 ns, Reaching safepoint: 23500 ns, Cleanup: 34000 ns, At safepoint: 4400 ns, Total: 61900 ns
[2024-05-20T05:50:07.110+0000][18396][info ][safepoint   ] Safepoint "Cleanup", Time since last: 3023336300 ns, Reaching safepoint: 33800 ns, Cleanup: 31100 ns, At safepoint: 4500 ns, Total: 69400 ns
[2024-05-20T05:50:09.123+0000][18396][info ][safepoint   ] Safepoint "Cleanup", Time since last: 2013303100 ns, Reaching safepoint: 24400 ns, Cleanup: 39400 ns, At safepoint: 6000 ns, Total: 69800 ns
[2024-05-20T05:50:16.189+0000][18396][info ][safepoint   ] Safepoint "Cleanup", Time since last: 7066147100 ns, Reaching safepoint: 20400 ns, Cleanup: 24800 ns, At safepoint: 5200 ns, Total: 50400 ns
[2024-05-20T05:50:24.295+0000][18396][info ][safepoint   ] Safepoint "Cleanup", Time since last: 8105695700 ns, Reaching safepoint: 22800 ns, Cleanup: 45900 ns, At safepoint: 5200 ns, Total: 73900 ns
[2024-05-20T05:50:25.301+0000][18396][info ][safepoint   ] Safepoint "Cleanup", Time since last: 1005441800 ns, Reaching safepoint: 23500 ns, Cleanup: 26700 ns, At safepoint: 4800 ns, Total: 55000 ns
[2024-05-20T05:50:26.308+0000][18396][info ][safepoint   ] Safepoint "Cleanup", Time since last: 1007143500 ns, Reaching safepoint: 25100 ns, Cleanup: 61700 ns, At safepoint: 5200 ns, Total: 92000 ns
[2024-05-20T05:50:27.319+0000][18396][info ][safepoint   ] Safepoint "Cleanup", Time since last: 1011030900 ns, Reaching safepoint: 23600 ns, Cleanup: 26500 ns, At safepoint: 4000 ns, Total: 54100 ns
[2024-05-20T05:50:33.375+0000][18396][info ][safepoint   ] Safepoint "Cleanup", Time since last: 6055581800 ns, Reaching safepoint: 24100 ns, Cleanup: 26800 ns, At safepoint: 5300 ns, Total: 56200 ns
[2024-05-20T05:50:34.386+0000][18396][info ][safepoint   ] Safepoint "Cleanup", Time since last: 1011726200 ns, Reaching safepoint: 22100 ns, Cleanup: 26200 ns, At safepoint: 4000 ns, Total: 52300 ns
[2024-05-20T05:50:35.398+0000][18396][info ][safepoint   ] Safepoint "Cleanup", Time since last: 1011241000 ns, Reaching safepoint: 24000 ns, Cleanup: 26800 ns, At safepoint: 5000 ns, Total: 55800 ns
[2024-05-20T05:50:36.411+0000][18396][info ][safepoint   ] Safepoint "Cleanup", Time since last: 1013526600 ns, Reaching safepoint: 33400 ns, Cleanup: 46100 ns, At safepoint: 5800 ns, Total: 85300 ns
[2024-05-20T05:50:37.424+0000][18396][info ][safepoint   ] Safepoint "Cleanup", Time since last: 1022257000 ns, Reaching safepoint: 19400 ns, Cleanup: 21400 ns, At safepoint: 2800 ns, Total: 43600 ns
[2024-05-20T05:50:39.425+0000][18396][info ][safepoint   ] Safepoint "Cleanup", Time since last: 1991290400 ns, Reaching safepoint: 41200 ns, Cleanup: 25000 ns, At safepoint: 4900 ns, Total: 71100 ns
[2024-05-20T05:50:42.466+0000][18396][info ][safepoint   ] Safepoint "Cleanup", Time since last: 3041366400 ns, Reaching safepoint: 21600 ns, Cleanup: 24900 ns, At safepoint: 4600 ns, Total: 51100 ns
[2024-05-20T05:50:43.481+0000][18396][info ][safepoint   ] Safepoint "Cleanup", Time since last: 1014400400 ns, Reaching safepoint: 21400 ns, Cleanup: 24700 ns, At safepoint: 4200 ns, Total: 50300 ns
[2024-05-20T05:50:51.543+0000][18396][info ][safepoint   ] Safepoint "Cleanup", Time since last: 8061951100 ns, Reaching safepoint: 24300 ns, Cleanup: 35700 ns, At safepoint: 5300 ns, Total: 65300 ns
[2024-05-20T05:50:52.559+0000][18396][info ][safepoint   ] Safepoint "Cleanup", Time since last: 1015666300 ns, Reaching safepoint: 24600 ns, Cleanup: 44000 ns, At safepoint: 6300 ns, Total: 74900 ns
[2024-05-20T05:50:54.572+0000][18396][info ][safepoint   ] Safepoint "Cleanup", Time since last: 2013609600 ns, Reaching safepoint: 24600 ns, Cleanup: 26200 ns, At safepoint: 4800 ns, Total: 55600 ns
[2024-05-20T05:50:57.602+0000][18396][info ][safepoint   ] Safepoint "Cleanup", Time since last: 3029514800 ns, Reaching safepoint: 15700 ns, Cleanup: 22500 ns, At safepoint: 3500 ns, Total: 41700 ns
[2024-05-20T05:51:15.758+0000][18396][info ][safepoint   ] Safepoint "Cleanup", Time since last: 18156200900 ns, Reaching safepoint: 22700 ns, Cleanup: 28300 ns, At safepoint: 5400 ns, Total: 56400 ns
[2024-05-20T05:51:17.776+0000][18396][info ][safepoint   ] Safepoint "Cleanup", Time since last: 2017650000 ns, Reaching safepoint: 21200 ns, Cleanup: 104900 ns, At safepoint: 20300 ns, Total: 146400 ns
[2024-05-20T05:51:19.791+0000][18396][info ][safepoint   ] Safepoint "Cleanup", Time since last: 2015542300 ns, Reaching safepoint: 33300 ns, Cleanup: 64000 ns, At safepoint: 5100 ns, Total: 102400 ns
[2024-05-20T05:51:20.806+0000][18396][info ][safepoint   ] Safepoint "Cleanup", Time since last: 1014026300 ns, Reaching safepoint: 20000 ns, Cleanup: 26900 ns, At safepoint: 3200 ns, Total: 50100 ns
[2024-05-20T05:51:21.818+0000][18396][info ][safepoint   ] Safepoint "Cleanup", Time since last: 1012304000 ns, Reaching safepoint: 21800 ns, Cleanup: 28300 ns, At safepoint: 4500 ns, Total: 54600 ns
[2024-05-20T05:51:26.520+0000][18396][info ][safepoint   ] Safepoint "Cleanup", Time since last: 4701451400 ns, Reaching safepoint: 113900 ns, Cleanup: 24600 ns, At safepoint: 4600 ns, Total: 143100 ns
[2024-05-20T05:51:51.752+0000][18396][info ][safepoint   ] Safepoint "Cleanup", Time since last: 25232887200 ns, Reaching safepoint: 33900 ns, Cleanup: 23900 ns, At safepoint: 5900 ns, Total: 63700 ns
[2024-05-20T05:51:55.793+0000][18396][info ][safepoint   ] Safepoint "Cleanup", Time since last: 4040412100 ns, Reaching safepoint: 19700 ns, Cleanup: 23800 ns, At safepoint: 4400 ns, Total: 47900 ns
[2024-05-20T05:51:59.843+0000][18396][info ][safepoint   ] Safepoint "Cleanup", Time since last: 4050161700 ns, Reaching safepoint: 18900 ns, Cleanup: 30100 ns, At safepoint: 4800 ns, Total: 53800 ns
[2024-05-20T05:52:00.853+0000][18396][info ][safepoint   ] Safepoint "Cleanup", Time since last: 1009560100 ns, Reaching safepoint: 20200 ns, Cleanup: 29000 ns, At safepoint: 3800 ns, Total: 53000 ns
[2024-05-20T05:52:20.029+0000][18396][info ][safepoint   ] Safepoint "Cleanup", Time since last: 19176404600 ns, Reaching safepoint: 21400 ns, Cleanup: 55200 ns, At safepoint: 4000 ns, Total: 80600 ns
[2024-05-20T05:52:26.082+0000][18396][info ][safepoint   ] Safepoint "Cleanup", Time since last: 6052820500 ns, Reaching safepoint: 21800 ns, Cleanup: 27200 ns, At safepoint: 5300 ns, Total: 54300 ns
[2024-05-20T05:52:35.158+0000][18396][info ][safepoint   ] Safepoint "Cleanup", Time since last: 9075432700 ns, Reaching safepoint: 15800 ns, Cleanup: 20900 ns, At safepoint: 4100 ns, Total: 40800 ns
[2024-05-20T05:52:55.301+0000][18396][info ][safepoint   ] Safepoint "Cleanup", Time since last: 20143123000 ns, Reaching safepoint: 24100 ns, Cleanup: 21600 ns, At safepoint: 3000 ns, Total: 48700 ns
[2024-05-20T05:52:56.310+0000][18396][info ][safepoint   ] Safepoint "Cleanup", Time since last: 1009607400 ns, Reaching safepoint: 23100 ns, Cleanup: 39200 ns, At safepoint: 4700 ns, Total: 67000 ns
[2024-05-20T05:52:58.326+0000][18396][info ][safepoint   ] Safepoint "Cleanup", Time since last: 2015362400 ns, Reaching safepoint: 16700 ns, Cleanup: 31000 ns, At safepoint: 2600 ns, Total: 50300 ns
[2024-05-20T05:53:15.420+0000][18396][info ][safepoint   ] Safepoint "Cleanup", Time since last: 17094008600 ns, Reaching safepoint: 16100 ns, Cleanup: 19600 ns, At safepoint: 12200 ns, Total: 47900 ns
[2024-05-20T05:53:26.485+0000][18396][info ][safepoint   ] Safepoint "Cleanup", Time since last: 11064772600 ns, Reaching safepoint: 22000 ns, Cleanup: 28000 ns, At safepoint: 4400 ns, Total: 54400 ns
[2024-05-20T05:53:52.685+0000][18396][info ][safepoint   ] Safepoint "Cleanup", Time since last: 26200486900 ns, Reaching safepoint: 21800 ns, Cleanup: 26800 ns, At safepoint: 5100 ns, Total: 53700 ns
[2024-05-20T05:53:56.712+0000][18396][info ][safepoint   ] Safepoint "Cleanup", Time since last: 4026864800 ns, Reaching safepoint: 22900 ns, Cleanup: 30700 ns, At safepoint: 4800 ns, Total: 58400 ns
[2024-05-20T05:54:56.100+0000][18396][info ][safepoint   ] Safepoint "Cleanup", Time since last: 59387177300 ns, Reaching safepoint: 16200 ns, Cleanup: 20200 ns, At safepoint: 2100 ns, Total: 38500 ns
[2024-05-20T05:55:26.301+0000][18396][info ][safepoint   ] Safepoint "Cleanup", Time since last: 30201245900 ns, Reaching safepoint: 16600 ns, Cleanup: 26300 ns, At safepoint: 5000 ns, Total: 47900 ns
[2024-05-20T05:55:30.327+0000][18396][info ][safepoint   ] Safepoint "Cleanup", Time since last: 4026673400 ns, Reaching safepoint: 23600 ns, Cleanup: 31300 ns, At safepoint: 5300 ns, Total: 60200 ns
[2024-05-20T05:55:54.564+0000][18396][info ][safepoint   ] Safepoint "Cleanup", Time since last: 24236606000 ns, Reaching safepoint: 25300 ns, Cleanup: 28700 ns, At safepoint: 5800 ns, Total: 59800 ns
[2024-05-20T05:55:56.589+0000][18396][info ][safepoint   ] Safepoint "Cleanup", Time since last: 2025011800 ns, Reaching safepoint: 25800 ns, Cleanup: 28900 ns, At safepoint: 4800 ns, Total: 59500 ns
[2024-05-20T05:56:26.713+0000][18396][info ][safepoint   ] Safepoint "Cleanup", Time since last: 30124095200 ns, Reaching safepoint: 32100 ns, Cleanup: 38300 ns, At safepoint: 6900 ns, Total: 77300 ns
[2024-05-20T05:56:38.771+0000][18396][info ][safepoint   ] Safepoint "Cleanup", Time since last: 12057396400 ns, Reaching safepoint: 15600 ns, Cleanup: 17700 ns, At safepoint: 2000 ns, Total: 35300 ns
[2024-05-20T05:56:45.815+0000][18396][info ][safepoint   ] Safepoint "Cleanup", Time since last: 7044638800 ns, Reaching safepoint: 24100 ns, Cleanup: 75300 ns, At safepoint: 6800 ns, Total: 106200 ns
[2024-05-20T05:57:15.034+0000][18396][info ][safepoint   ] Safepoint "Cleanup", Time since last: 29218055500 ns, Reaching safepoint: 44600 ns, Cleanup: 33000 ns, At safepoint: 5400 ns, Total: 83000 ns
[2024-05-20T05:57:24.102+0000][18396][info ][safepoint   ] Safepoint "Cleanup", Time since last: 9067896000 ns, Reaching safepoint: 25000 ns, Cleanup: 30700 ns, At safepoint: 5100 ns, Total: 60800 ns
[2024-05-20T05:57:54.265+0000][18396][info ][safepoint   ] Safepoint "Cleanup", Time since last: 30163520600 ns, Reaching safepoint: 21300 ns, Cleanup: 37400 ns, At safepoint: 3300 ns, Total: 62000 ns
[2024-05-20T05:57:56.282+0000][18396][info ][safepoint   ] Safepoint "Cleanup", Time since last: 2016853100 ns, Reaching safepoint: 23000 ns, Cleanup: 23300 ns, At safepoint: 4300 ns, Total: 50600 ns
[2024-05-20T05:58:04.353+0000][18396][info ][safepoint   ] Safepoint "Cleanup", Time since last: 8070971600 ns, Reaching safepoint: 22400 ns, Cleanup: 25500 ns, At safepoint: 4800 ns, Total: 52700 ns
[2024-05-20T05:58:26.476+0000][18396][info ][safepoint   ] Safepoint "Cleanup", Time since last: 22123104400 ns, Reaching safepoint: 52700 ns, Cleanup: 29200 ns, At safepoint: 4300 ns, Total: 86200 ns
[2024-05-20T05:58:51.683+0000][18396][info ][safepoint   ] Safepoint "Cleanup", Time since last: 25206258200 ns, Reaching safepoint: 22900 ns, Cleanup: 26900 ns, At safepoint: 4800 ns, Total: 54600 ns
[2024-05-20T05:58:55.725+0000][18396][info ][safepoint   ] Safepoint "Cleanup", Time since last: 4042170200 ns, Reaching safepoint: 42700 ns, Cleanup: 25900 ns, At safepoint: 4400 ns, Total: 73000 ns
[2024-05-20T05:59:25.904+0000][18396][info ][safepoint   ] Safepoint "Cleanup", Time since last: 30179466800 ns, Reaching safepoint: 33400 ns, Cleanup: 28600 ns, At safepoint: 5000 ns, Total: 67000 ns
[2024-05-20T05:59:56.101+0000][18396][info ][safepoint   ] Safepoint "Cleanup", Time since last: 30196115600 ns, Reaching safepoint: 55900 ns, Cleanup: 33600 ns, At safepoint: 7400 ns, Total: 96900 ns
[2024-05-20T05:59:57.102+0000][18396][info ][safepoint   ] Safepoint "Cleanup", Time since last: 1001301000 ns, Reaching safepoint: 17900 ns, Cleanup: 20900 ns, At safepoint: 3700 ns, Total: 42500 ns
[2024-05-20T06:00:26.419+0000][18396][info ][safepoint   ] Safepoint "Cleanup", Time since last: 29316589600 ns, Reaching safepoint: 34000 ns, Cleanup: 32600 ns, At safepoint: 5800 ns, Total: 72400 ns
[2024-05-20T06:00:54.598+0000][18396][info ][safepoint   ] Safepoint "Cleanup", Time since last: 28178818800 ns, Reaching safepoint: 22200 ns, Cleanup: 16700 ns, At safepoint: 3100 ns, Total: 42000 ns
[2024-05-20T06:03:26.666+0000][18396][info ][safepoint   ] Safepoint "Cleanup", Time since last: 152068120900 ns, Reaching safepoint: 32200 ns, Cleanup: 22400 ns, At safepoint: 4000 ns, Total: 58600 ns
[2024-05-20T06:03:38.758+0000][18396][info ][safepoint   ] Safepoint "Cleanup", Time since last: 12092058100 ns, Reaching safepoint: 22700 ns, Cleanup: 30900 ns, At safepoint: 17000 ns, Total: 70600 ns
[2024-05-20T06:03:43.795+0000][18396][info ][safepoint   ] Safepoint "Cleanup", Time since last: 5036564200 ns, Reaching safepoint: 33400 ns, Cleanup: 19800 ns, At safepoint: 22500 ns, Total: 75700 ns
[2024-05-20T06:03:44.801+0000][18396][info ][safepoint   ] Safepoint "Cleanup", Time since last: 1006053700 ns, Reaching safepoint: 40000 ns, Cleanup: 19000 ns, At safepoint: 14700 ns, Total: 73700 ns
[2024-05-20T06:03:49.845+0000][18396][info ][safepoint   ] Safepoint "Cleanup", Time since last: 5044455800 ns, Reaching safepoint: 59700 ns, Cleanup: 19600 ns, At safepoint: 19200 ns, Total: 98500 ns
[2024-05-20T06:03:55.494+0000][18396][info ][safepoint   ] Safepoint "Cleanup", Time since last: 5656510700 ns, Reaching safepoint: 13900 ns, Cleanup: 19100 ns, At safepoint: 12800 ns, Total: 45800 ns
[2024-05-20T06:03:57.503+0000][18396][info ][safepoint   ] Safepoint "Cleanup", Time since last: 2001515600 ns, Reaching safepoint: 17900 ns, Cleanup: 70100 ns, At safepoint: 5100 ns, Total: 93100 ns
[2024-05-20T06:04:05.329+0000][18396][info ][safepoint   ] Safepoint "Cleanup", Time since last: 7831130600 ns, Reaching safepoint: 10400 ns, Cleanup: 46700 ns, At safepoint: 13600 ns, Total: 70700 ns
[2024-05-20T06:04:06.402+0000][18396][info ][safepoint   ] Safepoint "Cleanup", Time since last: 1067116400 ns, Reaching safepoint: 25300 ns, Cleanup: 45400 ns, At safepoint: 5400 ns, Total: 76100 ns
[2024-05-20T06:04:08.418+0000][18396][info ][safepoint   ] Safepoint "Cleanup", Time since last: 2015885700 ns, Reaching safepoint: 26800 ns, Cleanup: 23700 ns, At safepoint: 3700 ns, Total: 54200 ns
[2024-05-20T06:04:09.418+0000][18396][info ][safepoint   ] Safepoint "Cleanup", Time since last: 1000450100 ns, Reaching safepoint: 22800 ns, Cleanup: 31300 ns, At safepoint: 5600 ns, Total: 59700 ns
[2024-05-20T06:04:18.500+0000][18396][info ][safepoint   ] Safepoint "Cleanup", Time since last: 9082186400 ns, Reaching safepoint: 101500 ns, Cleanup: 89500 ns, At safepoint: 2400 ns, Total: 193400 ns
[2024-05-20T06:04:20.513+0000][18396][info ][safepoint   ] Safepoint "Cleanup", Time since last: 2012686400 ns, Reaching safepoint: 26500 ns, Cleanup: 22900 ns, At safepoint: 3600 ns, Total: 53000 ns
[2024-05-20T06:04:21.528+0000][18396][info ][safepoint   ] Safepoint "Cleanup", Time since last: 1014871000 ns, Reaching safepoint: 74000 ns, Cleanup: 35900 ns, At safepoint: 5100 ns, Total: 115000 ns
[2024-05-20T06:04:26.365+0000][18396][info ][safepoint   ] Safepoint "Cleanup", Time since last: 4836785600 ns, Reaching safepoint: 24000 ns, Cleanup: 24800 ns, At safepoint: 2500 ns, Total: 51300 ns
[2024-05-20T06:04:27.368+0000][18396][info ][safepoint   ] Safepoint "Cleanup", Time since last: 1002684400 ns, Reaching safepoint: 23300 ns, Cleanup: 32600 ns, At safepoint: 4100 ns, Total: 60000 ns
[2024-05-20T06:04:53.582+0000][18396][info ][safepoint   ] Safepoint "Cleanup", Time since last: 26213707800 ns, Reaching safepoint: 779100 ns, Cleanup: 25400 ns, At safepoint: 82000 ns, Total: 886500 ns
[2024-05-20T06:04:54.584+0000][18396][info ][safepoint   ] Safepoint "Cleanup", Time since last: 1001867600 ns, Reaching safepoint: 7900 ns, Cleanup: 57100 ns, At safepoint: 2100 ns, Total: 67100 ns
[2024-05-20T06:04:56.123+0000][18396][info ][gc,heap,exit] Heap
[2024-05-20T06:04:56.123+0000][18396][info ][gc,heap,exit]  garbage-first heap   total 4014080K, used 733184K [0x000000070b000000, 0x0000000800000000)
[2024-05-20T06:04:56.123+0000][18396][info ][gc,heap,exit]   region size 4096K, 179 young (733184K), 16 survivors (65536K)
[2024-05-20T06:04:56.123+0000][18396][info ][gc,heap,exit]  Metaspace       used 132946K, committed 136512K, reserved 1179648K
[2024-05-20T06:04:56.123+0000][18396][info ][gc,heap,exit]   class space    used 18296K, committed 19968K, reserved 1048576K
