[2024-05-20T15:20:06.601+0000][9004][info][gc,init] CardTable entry size: 512
[2024-05-20T15:20:06.601+0000][9004][info][gc     ] Using G1
[2024-05-20T15:20:09.668+0000][9004][info][gc,init] Version: 21.0.2+13-58 (release)
[2024-05-20T15:20:09.668+0000][9004][info][gc,init] CPUs: 8 total, 8 available
[2024-05-20T15:20:09.668+0000][9004][info][gc,init] Memory: 7834M
[2024-05-20T15:20:09.668+0000][9004][info][gc,init] Large Page Support: Disabled
[2024-05-20T15:20:09.668+0000][9004][info][gc,init] NUMA Support: Disabled
[2024-05-20T15:20:09.668+0000][9004][info][gc,init] Compressed Oops: Enabled (Zero based)
[2024-05-20T15:20:09.668+0000][9004][info][gc,init] Heap Region Size: 4M
[2024-05-20T15:20:09.668+0000][9004][info][gc,init] Heap Min Capacity: 3920M
[2024-05-20T15:20:09.668+0000][9004][info][gc,init] Heap Initial Capacity: 3920M
[2024-05-20T15:20:09.668+0000][9004][info][gc,init] Heap Max Capacity: 3920M
[2024-05-20T15:20:09.668+0000][9004][info][gc,init] Pre-touch: Enabled
[2024-05-20T15:20:09.668+0000][9004][info][gc,init] Parallel Workers: 8
[2024-05-20T15:20:09.668+0000][9004][info][gc,init] Concurrent Workers: 2
[2024-05-20T15:20:09.668+0000][9004][info][gc,init] Concurrent Refinement Workers: 8
[2024-05-20T15:20:09.668+0000][9004][info][gc,init] Periodic GC: Disabled
[2024-05-20T15:20:09.692+0000][9004][info][gc,metaspace] CDS archive(s) mapped at: [0x0000024900000000-0x0000024900c90000-0x0000024900c90000), size 13172736, SharedBaseAddress: 0x0000024900000000, ArchiveRelocationMode: 1.
[2024-05-20T15:20:09.692+0000][9004][info][gc,metaspace] Compressed class space mapped at: 0x0000024901000000-0x0000024941000000, reserved size: 1073741824
[2024-05-20T15:20:09.692+0000][9004][info][gc,metaspace] Narrow klass base: 0x0000024900000000, Narrow klass shift: 0, Narrow klass range: 0x100000000
[2024-05-20T15:20:10.244+0000][9004][info][safepoint   ] Safepoint "ICBufferFull", Time since last: 548554900 ns, Reaching safepoint: 8600 ns, Cleanup: 81100 ns, At safepoint: 1200 ns, Total: 90900 ns
[2024-05-20T15:20:10.620+0000][9004][info][safepoint   ] Safepoint "ICBufferFull", Time since last: 372796000 ns, Reaching safepoint: 4900 ns, Cleanup: 114000 ns, At safepoint: 1300 ns, Total: 120200 ns
[2024-05-20T15:20:11.044+0000][9004][info][safepoint   ] Safepoint "ICBufferFull", Time since last: 427408300 ns, Reaching safepoint: 4900 ns, Cleanup: 114300 ns, At safepoint: 56000 ns, Total: 175200 ns
[2024-05-20T15:20:12.118+0000][9004][info][safepoint   ] Safepoint "Cleanup", Time since last: 1074217700 ns, Reaching safepoint: 165300 ns, Cleanup: 108800 ns, At safepoint: 10600 ns, Total: 284700 ns
[2024-05-20T15:20:12.367+0000][9004][info][safepoint   ] Safepoint "ICBufferFull", Time since last: 255792700 ns, Reaching safepoint: 4500 ns, Cleanup: 111100 ns, At safepoint: 13800 ns, Total: 129400 ns
[2024-05-20T15:20:13.580+0000][9004][info][safepoint   ] Safepoint "Cleanup", Time since last: 1202325200 ns, Reaching safepoint: 5200 ns, Cleanup: 109700 ns, At safepoint: 14700 ns, Total: 129600 ns
[2024-05-20T15:20:14.557+0000][9004][info][safepoint   ] Safepoint "ICBufferFull", Time since last: 978651200 ns, Reaching safepoint: 14700 ns, Cleanup: 101800 ns, At safepoint: 105500 ns, Total: 222000 ns
[2024-05-20T15:20:14.628+0000][9004][info][gc,start    ] GC(0) Pause Young (Normal) (G1 Evacuation Pause)
[2024-05-20T15:20:14.628+0000][9004][info][gc,task     ] GC(0) Using 8 workers of 8 for evacuation
[2024-05-20T15:20:14.628+0000][9004][debug][gc,age      ] GC(0) Desired survivor size 14680064 bytes, new threshold 15 (max threshold 15)
[2024-05-20T15:20:14.644+0000][9004][info ][gc,phases   ] GC(0)   Pre Evacuate Collection Set: 0.3ms
[2024-05-20T15:20:14.644+0000][9004][info ][gc,phases   ] GC(0)   Merge Heap Roots: 0.1ms
[2024-05-20T15:20:14.644+0000][9004][info ][gc,phases   ] GC(0)   Evacuate Collection Set: 11.4ms
[2024-05-20T15:20:14.644+0000][9004][info ][gc,phases   ] GC(0)   Post Evacuate Collection Set: 2.1ms
[2024-05-20T15:20:14.644+0000][9004][info ][gc,phases   ] GC(0)   Other: 1.0ms
[2024-05-20T15:20:14.644+0000][9004][trace][gc,age      ] GC(0) Age table with threshold 15 (max threshold 15)
[2024-05-20T15:20:14.644+0000][9004][trace][gc,age      ] GC(0) - age   1:   10793808 bytes,   10793808 total
[2024-05-20T15:20:14.644+0000][9004][info ][gc,heap     ] GC(0) Eden regions: 49->0(46)
[2024-05-20T15:20:14.644+0000][9004][info ][gc,heap     ] GC(0) Survivor regions: 0->3(7)
[2024-05-20T15:20:14.644+0000][9004][info ][gc,heap     ] GC(0) Old regions: 0->0
[2024-05-20T15:20:14.644+0000][9004][info ][gc,heap     ] GC(0) Humongous regions: 0->0
[2024-05-20T15:20:14.644+0000][9004][info ][gc,metaspace] GC(0) Metaspace: 19010K(19584K)->19010K(19584K) NonClass: 16959K(17280K)->16959K(17280K) Class: 2050K(2304K)->2050K(2304K)
[2024-05-20T15:20:14.644+0000][9004][info ][gc          ] GC(0) Pause Young (Normal) (G1 Evacuation Pause) 196M->10M(3920M) 16.033ms
[2024-05-20T15:20:14.644+0000][9004][info ][gc,cpu      ] GC(0) User=0.02s Sys=0.00s Real=0.02s
[2024-05-20T15:20:14.644+0000][9004][info ][safepoint   ] Safepoint "G1CollectForAllocation", Time since last: 80329000 ns, Reaching safepoint: 6300 ns, Cleanup: 40400 ns, At safepoint: 16143900 ns, Total: 16190600 ns
[2024-05-20T15:20:16.166+0000][9004][info ][safepoint   ] Safepoint "Cleanup", Time since last: 1509848900 ns, Reaching safepoint: 11200 ns, Cleanup: 172500 ns, At safepoint: 3000 ns, Total: 186700 ns
[2024-05-20T15:20:16.975+0000][9004][info ][gc,start    ] GC(1) Pause Young (Concurrent Start) (Metadata GC Threshold)
[2024-05-20T15:20:16.975+0000][9004][info ][gc,task     ] GC(1) Using 8 workers of 8 for evacuation
[2024-05-20T15:20:16.975+0000][9004][debug][gc,age      ] GC(1) Desired survivor size 14680064 bytes, new threshold 15 (max threshold 15)
[2024-05-20T15:20:16.990+0000][9004][info ][gc,phases   ] GC(1)   Pre Evacuate Collection Set: 1.2ms
[2024-05-20T15:20:16.990+0000][9004][info ][gc,phases   ] GC(1)   Merge Heap Roots: 0.1ms
[2024-05-20T15:20:16.990+0000][9004][info ][gc,phases   ] GC(1)   Evacuate Collection Set: 9.9ms
[2024-05-20T15:20:16.990+0000][9004][info ][gc,phases   ] GC(1)   Post Evacuate Collection Set: 1.6ms
[2024-05-20T15:20:16.990+0000][9004][info ][gc,phases   ] GC(1)   Other: 0.4ms
[2024-05-20T15:20:16.990+0000][9004][trace][gc,age      ] GC(1) Age table with threshold 15 (max threshold 15)
[2024-05-20T15:20:16.990+0000][9004][trace][gc,age      ] GC(1) - age   1:    2569672 bytes,    2569672 total
[2024-05-20T15:20:16.990+0000][9004][trace][gc,age      ] GC(1) - age   2:    9912224 bytes,   12481896 total
[2024-05-20T15:20:16.990+0000][9004][info ][gc,heap     ] GC(1) Eden regions: 36->0(49)
[2024-05-20T15:20:16.990+0000][9004][info ][gc,heap     ] GC(1) Survivor regions: 3->4(7)
[2024-05-20T15:20:16.990+0000][9004][info ][gc,heap     ] GC(1) Old regions: 0->0
[2024-05-20T15:20:16.990+0000][9004][info ][gc,heap     ] GC(1) Humongous regions: 0->0
[2024-05-20T15:20:16.990+0000][9004][info ][gc,metaspace] GC(1) Metaspace: 20958K(21504K)->20958K(21504K) NonClass: 18711K(19008K)->18711K(19008K) Class: 2246K(2496K)->2246K(2496K)
[2024-05-20T15:20:16.990+0000][9004][info ][gc          ] GC(1) Pause Young (Concurrent Start) (Metadata GC Threshold) 154M->12M(3920M) 13.715ms
[2024-05-20T15:20:16.990+0000][9004][info ][gc,cpu      ] GC(1) User=0.02s Sys=0.00s Real=0.02s
[2024-05-20T15:20:16.990+0000][9004][info ][gc          ] GC(2) Concurrent Mark Cycle
[2024-05-20T15:20:16.990+0000][9004][info ][safepoint   ] Safepoint "CollectForMetadataAllocation", Time since last: 812477600 ns, Reaching safepoint: 5300 ns, Cleanup: 27900 ns, At safepoint: 13839100 ns, Total: 13872300 ns
[2024-05-20T15:20:16.990+0000][9004][info ][gc,marking  ] GC(2) Concurrent Scan Root Regions
[2024-05-20T15:20:16.998+0000][9004][info ][gc,marking  ] GC(2) Concurrent Scan Root Regions 8.821ms
[2024-05-20T15:20:16.998+0000][9004][info ][gc,marking  ] GC(2) Concurrent Mark
[2024-05-20T15:20:16.998+0000][9004][info ][gc,marking  ] GC(2) Concurrent Mark From Roots
[2024-05-20T15:20:16.998+0000][9004][info ][gc,task     ] GC(2) Using 2 workers of 2 for marking
[2024-05-20T15:20:16.998+0000][9004][info ][gc,marking  ] GC(2) Concurrent Mark From Roots 0.420ms
[2024-05-20T15:20:16.998+0000][9004][info ][gc,marking  ] GC(2) Concurrent Preclean
[2024-05-20T15:20:16.998+0000][9004][info ][gc,marking  ] GC(2) Concurrent Preclean 0.026ms
[2024-05-20T15:20:17.006+0000][9004][info ][gc,start    ] GC(2) Pause Remark
[2024-05-20T15:20:17.010+0000][9004][info ][gc          ] GC(2) Pause Remark 15M->15M(3920M) 5.181ms
[2024-05-20T15:20:17.010+0000][9004][info ][gc,cpu      ] GC(2) User=0.00s Sys=0.00s Real=0.00s
[2024-05-20T15:20:17.010+0000][9004][info ][safepoint   ] Safepoint "G1PauseRemark", Time since last: 9509000 ns, Reaching safepoint: 4421000 ns, Cleanup: 34100 ns, At safepoint: 5464800 ns, Total: 9919900 ns
[2024-05-20T15:20:17.010+0000][9004][info ][gc,marking  ] GC(2) Concurrent Mark 10.543ms
[2024-05-20T15:20:17.010+0000][9004][info ][gc,marking  ] GC(2) Concurrent Rebuild Remembered Sets and Scrub Regions
[2024-05-20T15:20:17.010+0000][9004][info ][gc,marking  ] GC(2) Concurrent Rebuild Remembered Sets and Scrub Regions 0.104ms
[2024-05-20T15:20:17.010+0000][9004][info ][gc,start    ] GC(2) Pause Cleanup
[2024-05-20T15:20:17.010+0000][9004][info ][gc          ] GC(2) Pause Cleanup 15M->15M(3920M) 0.078ms
[2024-05-20T15:20:17.010+0000][9004][info ][gc,cpu      ] GC(2) User=0.00s Sys=0.00s Real=0.00s
[2024-05-20T15:20:17.010+0000][9004][info ][safepoint   ] Safepoint "G1PauseCleanup", Time since last: 335700 ns, Reaching safepoint: 15900 ns, Cleanup: 6400 ns, At safepoint: 176400 ns, Total: 198700 ns
[2024-05-20T15:20:17.010+0000][9004][info ][gc,marking  ] GC(2) Concurrent Clear Claimed Marks
[2024-05-20T15:20:17.010+0000][9004][info ][gc,marking  ] GC(2) Concurrent Clear Claimed Marks 0.083ms
[2024-05-20T15:20:17.010+0000][9004][info ][gc,marking  ] GC(2) Concurrent Cleanup for Next Mark
[2024-05-20T15:20:17.022+0000][9004][info ][gc,marking  ] GC(2) Concurrent Cleanup for Next Mark 13.045ms
[2024-05-20T15:20:17.022+0000][9004][info ][gc          ] GC(2) Concurrent Mark Cycle 33.365ms
[2024-05-20T15:20:18.499+0000][9004][info ][safepoint   ] Safepoint "Cleanup", Time since last: 1486670900 ns, Reaching safepoint: 56600 ns, Cleanup: 89400 ns, At safepoint: 14900 ns, Total: 160900 ns
[2024-05-20T15:20:19.514+0000][9004][info ][safepoint   ] Safepoint "Cleanup", Time since last: 1014550400 ns, Reaching safepoint: 7500 ns, Cleanup: 69600 ns, At safepoint: 2100 ns, Total: 79200 ns
[2024-05-20T15:20:20.497+0000][9004][info ][gc,start    ] GC(3) Pause Young (Normal) (G1 Evacuation Pause)
[2024-05-20T15:20:20.497+0000][9004][info ][gc,task     ] GC(3) Using 8 workers of 8 for evacuation
[2024-05-20T15:20:20.497+0000][9004][debug][gc,age      ] GC(3) Desired survivor size 14680064 bytes, new threshold 15 (max threshold 15)
[2024-05-20T15:20:20.513+0000][9004][info ][gc,phases   ] GC(3)   Pre Evacuate Collection Set: 0.2ms
[2024-05-20T15:20:20.513+0000][9004][info ][gc,phases   ] GC(3)   Merge Heap Roots: 0.1ms
[2024-05-20T15:20:20.513+0000][9004][info ][gc,phases   ] GC(3)   Evacuate Collection Set: 18.1ms
[2024-05-20T15:20:20.513+0000][9004][info ][gc,phases   ] GC(3)   Post Evacuate Collection Set: 1.6ms
[2024-05-20T15:20:20.513+0000][9004][info ][gc,phases   ] GC(3)   Other: 0.2ms
[2024-05-20T15:20:20.513+0000][9004][trace][gc,age      ] GC(3) Age table with threshold 15 (max threshold 15)
[2024-05-20T15:20:20.513+0000][9004][trace][gc,age      ] GC(3) - age   1:    6247320 bytes,    6247320 total
[2024-05-20T15:20:20.513+0000][9004][trace][gc,age      ] GC(3) - age   2:    2406000 bytes,    8653320 total
[2024-05-20T15:20:20.513+0000][9004][trace][gc,age      ] GC(3) - age   3:    9906928 bytes,   18560248 total
[2024-05-20T15:20:20.513+0000][9004][info ][gc,heap     ] GC(3) Eden regions: 49->0(61)
[2024-05-20T15:20:20.518+0000][9004][info ][gc,heap     ] GC(3) Survivor regions: 4->5(7)
[2024-05-20T15:20:20.518+0000][9004][info ][gc,heap     ] GC(3) Old regions: 0->0
[2024-05-20T15:20:20.518+0000][9004][info ][gc,heap     ] GC(3) Humongous regions: 0->0
[2024-05-20T15:20:20.518+0000][9004][info ][gc,metaspace] GC(3) Metaspace: 27309K(28032K)->27309K(28032K) NonClass: 24245K(24640K)->24245K(24640K) Class: 3064K(3392K)->3064K(3392K)
[2024-05-20T15:20:20.518+0000][9004][info ][gc          ] GC(3) Pause Young (Normal) (G1 Evacuation Pause) 208M->19M(3920M) 21.071ms
[2024-05-20T15:20:20.518+0000][9004][info ][gc,cpu      ] GC(3) User=0.14s Sys=0.00s Real=0.02s
[2024-05-20T15:20:20.518+0000][9004][info ][safepoint   ] Safepoint "G1CollectForAllocation", Time since last: 983380900 ns, Reaching safepoint: 6700 ns, Cleanup: 160300 ns, At safepoint: 21210900 ns, Total: 21377900 ns
[2024-05-20T15:20:21.526+0000][9004][info ][safepoint   ] Safepoint "Cleanup", Time since last: 1007994400 ns, Reaching safepoint: 19500 ns, Cleanup: 118900 ns, At safepoint: 11200 ns, Total: 149600 ns
[2024-05-20T15:20:22.538+0000][9004][info ][safepoint   ] Safepoint "Cleanup", Time since last: 1011897100 ns, Reaching safepoint: 8600 ns, Cleanup: 44000 ns, At safepoint: 3200 ns, Total: 55800 ns
[2024-05-20T15:20:23.540+0000][9004][info ][safepoint   ] Safepoint "Cleanup", Time since last: 1001572600 ns, Reaching safepoint: 16100 ns, Cleanup: 31700 ns, At safepoint: 3400 ns, Total: 51200 ns
[2024-05-20T15:20:24.541+0000][9004][info ][safepoint   ] Safepoint "Cleanup", Time since last: 1000619600 ns, Reaching safepoint: 9700 ns, Cleanup: 27200 ns, At safepoint: 2900 ns, Total: 39800 ns
[2024-05-20T15:20:25.108+0000][9004][info ][gc,start    ] GC(4) Pause Young (Normal) (G1 Evacuation Pause)
[2024-05-20T15:20:25.108+0000][9004][info ][gc,task     ] GC(4) Using 8 workers of 8 for evacuation
[2024-05-20T15:20:25.108+0000][9004][debug][gc,age      ] GC(4) Desired survivor size 18874368 bytes, new threshold 15 (max threshold 15)
[2024-05-20T15:20:25.124+0000][9004][info ][gc,phases   ] GC(4)   Pre Evacuate Collection Set: 0.4ms
[2024-05-20T15:20:25.124+0000][9004][info ][gc,phases   ] GC(4)   Merge Heap Roots: 0.1ms
[2024-05-20T15:20:25.124+0000][9004][info ][gc,phases   ] GC(4)   Evacuate Collection Set: 16.2ms
[2024-05-20T15:20:25.124+0000][9004][info ][gc,phases   ] GC(4)   Post Evacuate Collection Set: 2.0ms
[2024-05-20T15:20:25.124+0000][9004][info ][gc,phases   ] GC(4)   Other: 0.2ms
[2024-05-20T15:20:25.124+0000][9004][trace][gc,age      ] GC(4) Age table with threshold 15 (max threshold 15)
[2024-05-20T15:20:25.124+0000][9004][trace][gc,age      ] GC(4) - age   1:    4966424 bytes,    4966424 total
[2024-05-20T15:20:25.124+0000][9004][trace][gc,age      ] GC(4) - age   2:    5737352 bytes,   10703776 total
[2024-05-20T15:20:25.124+0000][9004][trace][gc,age      ] GC(4) - age   3:    2405568 bytes,   13109344 total
[2024-05-20T15:20:25.124+0000][9004][trace][gc,age      ] GC(4) - age   4:    9906832 bytes,   23016176 total
[2024-05-20T15:20:25.124+0000][9004][info ][gc,heap     ] GC(4) Eden regions: 61->0(582)
[2024-05-20T15:20:25.124+0000][9004][info ][gc,heap     ] GC(4) Survivor regions: 5->6(9)
[2024-05-20T15:20:25.124+0000][9004][info ][gc,heap     ] GC(4) Old regions: 0->0
[2024-05-20T15:20:25.124+0000][9004][info ][gc,heap     ] GC(4) Humongous regions: 0->0
[2024-05-20T15:20:25.124+0000][9004][info ][gc,metaspace] GC(4) Metaspace: 27720K(28416K)->27720K(28416K) NonClass: 24614K(24960K)->24614K(24960K) Class: 3105K(3456K)->3105K(3456K)
[2024-05-20T15:20:25.124+0000][9004][info ][gc          ] GC(4) Pause Young (Normal) (G1 Evacuation Pause) 263M->24M(3920M) 19.751ms
[2024-05-20T15:20:25.124+0000][9004][info ][gc,cpu      ] GC(4) User=0.08s Sys=0.00s Real=0.02s
[2024-05-20T15:20:25.124+0000][9004][info ][safepoint   ] Safepoint "G1CollectForAllocation", Time since last: 571844100 ns, Reaching safepoint: 5800 ns, Cleanup: 28000 ns, At safepoint: 19873300 ns, Total: 19907100 ns
[2024-05-20T15:20:26.517+0000][9004][info ][safepoint   ] Safepoint "Cleanup", Time since last: 1384460800 ns, Reaching safepoint: 5100 ns, Cleanup: 60800 ns, At safepoint: 27100 ns, Total: 93000 ns
[2024-05-20T15:20:27.529+0000][9004][info ][safepoint   ] Safepoint "Cleanup", Time since last: 1012376400 ns, Reaching safepoint: 8100 ns, Cleanup: 36400 ns, At safepoint: 5200 ns, Total: 49700 ns
[2024-05-20T15:20:29.745+0000][9004][info ][safepoint   ] Safepoint "Cleanup", Time since last: 2217382200 ns, Reaching safepoint: 43500 ns, Cleanup: 17100 ns, At safepoint: 16300 ns, Total: 76900 ns
[2024-05-20T15:20:30.838+0000][9004][info ][safepoint   ] Safepoint "Cleanup", Time since last: 1091302400 ns, Reaching safepoint: 9400 ns, Cleanup: 162100 ns, At safepoint: 2700 ns, Total: 174200 ns
[2024-05-20T15:20:31.839+0000][9004][info ][safepoint   ] Safepoint "Cleanup", Time since last: 1000798900 ns, Reaching safepoint: 26100 ns, Cleanup: 18000 ns, At safepoint: 2700 ns, Total: 46800 ns
[2024-05-20T15:20:32.855+0000][9004][info ][safepoint   ] Safepoint "Cleanup", Time since last: 1015271900 ns, Reaching safepoint: 8900 ns, Cleanup: 46300 ns, At safepoint: 3300 ns, Total: 58500 ns
[2024-05-20T15:20:33.866+0000][9004][info ][safepoint   ] Safepoint "Cleanup", Time since last: 1011271900 ns, Reaching safepoint: 21600 ns, Cleanup: 42700 ns, At safepoint: 2900 ns, Total: 67200 ns
[2024-05-20T15:20:34.881+0000][9004][info ][safepoint   ] Safepoint "Cleanup", Time since last: 1015473100 ns, Reaching safepoint: 138900 ns, Cleanup: 57800 ns, At safepoint: 27200 ns, Total: 223900 ns
[2024-05-20T15:20:35.136+0000][9004][info ][gc,start    ] GC(5) Pause Young (Concurrent Start) (Metadata GC Threshold)
[2024-05-20T15:20:35.136+0000][9004][info ][gc,task     ] GC(5) Using 8 workers of 8 for evacuation
[2024-05-20T15:20:35.136+0000][9004][debug][gc,age      ] GC(5) Desired survivor size 155189248 bytes, new threshold 15 (max threshold 15)
[2024-05-20T15:20:35.151+0000][9004][info ][gc,phases   ] GC(5)   Pre Evacuate Collection Set: 0.4ms
[2024-05-20T15:20:35.151+0000][9004][info ][gc,phases   ] GC(5)   Merge Heap Roots: 0.1ms
[2024-05-20T15:20:35.151+0000][9004][info ][gc,phases   ] GC(5)   Evacuate Collection Set: 25.3ms
[2024-05-20T15:20:35.151+0000][9004][info ][gc,phases   ] GC(5)   Post Evacuate Collection Set: 2.1ms
[2024-05-20T15:20:35.151+0000][9004][info ][gc,phases   ] GC(5)   Other: 0.2ms
[2024-05-20T15:20:35.151+0000][9004][trace][gc,age      ] GC(5) Age table with threshold 15 (max threshold 15)
[2024-05-20T15:20:35.151+0000][9004][trace][gc,age      ] GC(5) - age   1:    8906160 bytes,    8906160 total
[2024-05-20T15:20:35.151+0000][9004][trace][gc,age      ] GC(5) - age   2:    2814632 bytes,   11720792 total
[2024-05-20T15:20:35.151+0000][9004][trace][gc,age      ] GC(5) - age   3:    5731856 bytes,   17452648 total
[2024-05-20T15:20:35.151+0000][9004][trace][gc,age      ] GC(5) - age   4:    2403840 bytes,   19856488 total
[2024-05-20T15:20:35.151+0000][9004][trace][gc,age      ] GC(5) - age   5:    9899576 bytes,   29756064 total
[2024-05-20T15:20:35.151+0000][9004][info ][gc,heap     ] GC(5) Eden regions: 151->0(335)
[2024-05-20T15:20:35.151+0000][9004][info ][gc,heap     ] GC(5) Survivor regions: 6->8(74)
[2024-05-20T15:20:35.151+0000][9004][info ][gc,heap     ] GC(5) Old regions: 0->0
[2024-05-20T15:20:35.151+0000][9004][info ][gc,heap     ] GC(5) Humongous regions: 0->0
[2024-05-20T15:20:35.151+0000][9004][info ][gc,metaspace] GC(5) Metaspace: 35274K(36096K)->35274K(36096K) NonClass: 31283K(31744K)->31283K(31744K) Class: 3990K(4352K)->3990K(4352K)
[2024-05-20T15:20:35.151+0000][9004][info ][gc          ] GC(5) Pause Young (Concurrent Start) (Metadata GC Threshold) 626M->32M(3920M) 29.007ms
[2024-05-20T15:20:35.151+0000][9004][info ][gc,cpu      ] GC(5) User=0.03s Sys=0.02s Real=0.02s
[2024-05-20T15:20:35.151+0000][9004][info ][gc          ] GC(6) Concurrent Mark Cycle
[2024-05-20T15:20:35.151+0000][9004][info ][safepoint   ] Safepoint "CollectForMetadataAllocation", Time since last: 255260800 ns, Reaching safepoint: 8000 ns, Cleanup: 40100 ns, At safepoint: 29236400 ns, Total: 29284500 ns
[2024-05-20T15:20:35.151+0000][9004][info ][gc,marking  ] GC(6) Concurrent Scan Root Regions
[2024-05-20T15:20:35.172+0000][9004][info ][gc,marking  ] GC(6) Concurrent Scan Root Regions 11.564ms
[2024-05-20T15:20:35.172+0000][9004][info ][gc,marking  ] GC(6) Concurrent Mark
[2024-05-20T15:20:35.172+0000][9004][info ][gc,marking  ] GC(6) Concurrent Mark From Roots
[2024-05-20T15:20:35.172+0000][9004][info ][gc,task     ] GC(6) Using 2 workers of 2 for marking
[2024-05-20T15:20:35.172+0000][9004][info ][gc,marking  ] GC(6) Concurrent Mark From Roots 0.443ms
[2024-05-20T15:20:35.172+0000][9004][info ][gc,marking  ] GC(6) Concurrent Preclean
[2024-05-20T15:20:35.172+0000][9004][info ][gc,marking  ] GC(6) Concurrent Preclean 0.040ms
[2024-05-20T15:20:35.172+0000][9004][info ][gc,start    ] GC(6) Pause Remark
[2024-05-20T15:20:35.186+0000][9004][info ][gc          ] GC(6) Pause Remark 36M->36M(3920M) 8.380ms
[2024-05-20T15:20:35.186+0000][9004][info ][gc,cpu      ] GC(6) User=0.00s Sys=0.00s Real=0.01s
[2024-05-20T15:20:35.186+0000][9004][info ][safepoint   ] Safepoint "G1PauseRemark", Time since last: 12475200 ns, Reaching safepoint: 39300 ns, Cleanup: 14400 ns, At safepoint: 8539300 ns, Total: 8593000 ns
[2024-05-20T15:20:35.186+0000][9004][info ][gc,marking  ] GC(6) Concurrent Mark 9.297ms
[2024-05-20T15:20:35.186+0000][9004][info ][gc,marking  ] GC(6) Concurrent Rebuild Remembered Sets and Scrub Regions
[2024-05-20T15:20:35.186+0000][9004][info ][gc,marking  ] GC(6) Concurrent Rebuild Remembered Sets and Scrub Regions 0.098ms
[2024-05-20T15:20:35.186+0000][9004][info ][gc,start    ] GC(6) Pause Cleanup
[2024-05-20T15:20:35.186+0000][9004][info ][gc          ] GC(6) Pause Cleanup 36M->36M(3920M) 0.063ms
[2024-05-20T15:20:35.186+0000][9004][info ][gc,cpu      ] GC(6) User=0.00s Sys=0.00s Real=0.00s
[2024-05-20T15:20:35.186+0000][9004][info ][safepoint   ] Safepoint "G1PauseCleanup", Time since last: 297800 ns, Reaching safepoint: 23200 ns, Cleanup: 27600 ns, At safepoint: 153600 ns, Total: 204400 ns
[2024-05-20T15:20:35.186+0000][9004][info ][gc,marking  ] GC(6) Concurrent Clear Claimed Marks
[2024-05-20T15:20:35.186+0000][9004][info ][gc,marking  ] GC(6) Concurrent Clear Claimed Marks 0.087ms
[2024-05-20T15:20:35.186+0000][9004][info ][gc,marking  ] GC(6) Concurrent Cleanup for Next Mark
[2024-05-20T15:20:35.199+0000][9004][info ][gc,marking  ] GC(6) Concurrent Cleanup for Next Mark 11.792ms
[2024-05-20T15:20:35.199+0000][9004][info ][gc          ] GC(6) Concurrent Mark Cycle 33.765ms
[2024-05-20T15:20:36.199+0000][9004][info ][safepoint   ] Safepoint "Cleanup", Time since last: 1011063300 ns, Reaching safepoint: 9300 ns, Cleanup: 92500 ns, At safepoint: 2600 ns, Total: 104400 ns
[2024-05-20T15:20:37.199+0000][9004][info ][safepoint   ] Safepoint "Cleanup", Time since last: 1000567300 ns, Reaching safepoint: 8900 ns, Cleanup: 60000 ns, At safepoint: 2500 ns, Total: 71400 ns
[2024-05-20T15:20:38.213+0000][9004][info ][safepoint   ] Safepoint "Cleanup", Time since last: 1013526600 ns, Reaching safepoint: 12600 ns, Cleanup: 57700 ns, At safepoint: 3500 ns, Total: 73800 ns
[2024-05-20T15:20:40.239+0000][9004][info ][safepoint   ] Safepoint "Cleanup", Time since last: 2026054300 ns, Reaching safepoint: 11400 ns, Cleanup: 43000 ns, At safepoint: 2800 ns, Total: 57200 ns
[2024-05-20T15:20:41.240+0000][9004][info ][safepoint   ] Safepoint "Cleanup", Time since last: 1000739500 ns, Reaching safepoint: 8000 ns, Cleanup: 29600 ns, At safepoint: 2700 ns, Total: 40300 ns
[2024-05-20T15:20:42.252+0000][9004][info ][safepoint   ] Safepoint "Cleanup", Time since last: 1011791200 ns, Reaching safepoint: 13200 ns, Cleanup: 27400 ns, At safepoint: 2400 ns, Total: 43000 ns
[2024-05-20T15:20:43.266+0000][9004][info ][safepoint   ] Safepoint "Cleanup", Time since last: 1013787300 ns, Reaching safepoint: 8600 ns, Cleanup: 64200 ns, At safepoint: 2100 ns, Total: 74900 ns
[2024-05-20T15:20:44.266+0000][9004][info ][safepoint   ] Safepoint "Cleanup", Time since last: 1000237400 ns, Reaching safepoint: 7500 ns, Cleanup: 125900 ns, At safepoint: 85900 ns, Total: 219300 ns
[2024-05-20T15:20:45.279+0000][9004][info ][safepoint   ] Safepoint "Cleanup", Time since last: 1012449600 ns, Reaching safepoint: 114400 ns, Cleanup: 68400 ns, At safepoint: 14800 ns, Total: 197600 ns
[2024-05-20T15:20:46.294+0000][9004][info ][safepoint   ] Safepoint "Cleanup", Time since last: 1015170700 ns, Reaching safepoint: 89700 ns, Cleanup: 179900 ns, At safepoint: 14300 ns, Total: 283900 ns
[2024-05-20T15:20:47.391+0000][9004][info ][safepoint   ] Safepoint "Cleanup", Time since last: 1096810300 ns, Reaching safepoint: 5900 ns, Cleanup: 36200 ns, At safepoint: 1600 ns, Total: 43700 ns
[2024-05-20T15:20:47.423+0000][9004][info ][gc,start    ] GC(7) Pause Young (Concurrent Start) (Metadata GC Threshold)
[2024-05-20T15:20:47.423+0000][9004][info ][gc,task     ] GC(7) Using 8 workers of 8 for evacuation
[2024-05-20T15:20:47.423+0000][9004][debug][gc,age      ] GC(7) Desired survivor size 90177536 bytes, new threshold 15 (max threshold 15)
[2024-05-20T15:20:47.455+0000][9004][info ][gc,phases   ] GC(7)   Pre Evacuate Collection Set: 0.5ms
[2024-05-20T15:20:47.455+0000][9004][info ][gc,phases   ] GC(7)   Merge Heap Roots: 0.2ms
[2024-05-20T15:20:47.455+0000][9004][info ][gc,phases   ] GC(7)   Evacuate Collection Set: 33.5ms
[2024-05-20T15:20:47.455+0000][9004][info ][gc,phases   ] GC(7)   Post Evacuate Collection Set: 3.2ms
[2024-05-20T15:20:47.455+0000][9004][info ][gc,phases   ] GC(7)   Other: 0.3ms
[2024-05-20T15:20:47.455+0000][9004][trace][gc,age      ] GC(7) Age table with threshold 15 (max threshold 15)
[2024-05-20T15:20:47.455+0000][9004][trace][gc,age      ] GC(7) - age   1:   10696528 bytes,   10696528 total
[2024-05-20T15:20:47.455+0000][9004][trace][gc,age      ] GC(7) - age   2:    8810248 bytes,   19506776 total
[2024-05-20T15:20:47.455+0000][9004][trace][gc,age      ] GC(7) - age   3:    2801368 bytes,   22308144 total
[2024-05-20T15:20:47.455+0000][9004][trace][gc,age      ] GC(7) - age   4:    5707472 bytes,   28015616 total
[2024-05-20T15:20:47.455+0000][9004][trace][gc,age      ] GC(7) - age   5:    2386272 bytes,   30401888 total
[2024-05-20T15:20:47.455+0000][9004][trace][gc,age      ] GC(7) - age   6:    9695560 bytes,   40097448 total
[2024-05-20T15:20:47.455+0000][9004][info ][gc,heap     ] GC(7) Eden regions: 205->0(272)
[2024-05-20T15:20:47.455+0000][9004][info ][gc,heap     ] GC(7) Survivor regions: 8->11(43)
[2024-05-20T15:20:47.455+0000][9004][info ][gc,heap     ] GC(7) Old regions: 0->0
[2024-05-20T15:20:47.455+0000][9004][info ][gc,heap     ] GC(7) Humongous regions: 0->0
[2024-05-20T15:20:47.455+0000][9004][info ][gc,metaspace] GC(7) Metaspace: 58990K(60288K)->58990K(60288K) NonClass: 51719K(52480K)->51719K(52480K) Class: 7270K(7808K)->7270K(7808K)
[2024-05-20T15:20:47.455+0000][9004][info ][gc          ] GC(7) Pause Young (Concurrent Start) (Metadata GC Threshold) 852M->42M(3920M) 38.254ms
[2024-05-20T15:20:47.455+0000][9004][info ][gc,cpu      ] GC(7) User=0.08s Sys=0.00s Real=0.03s
[2024-05-20T15:20:47.455+0000][9004][info ][gc          ] GC(8) Concurrent Mark Cycle
[2024-05-20T15:20:47.455+0000][9004][info ][gc,marking  ] GC(8) Concurrent Scan Root Regions
[2024-05-20T15:20:47.455+0000][9004][info ][safepoint   ] Safepoint "CollectForMetadataAllocation", Time since last: 32151500 ns, Reaching safepoint: 7700 ns, Cleanup: 9600 ns, At safepoint: 38526700 ns, Total: 38544000 ns
[2024-05-20T15:20:47.471+0000][9004][info ][gc,marking  ] GC(8) Concurrent Scan Root Regions 14.616ms
[2024-05-20T15:20:47.471+0000][9004][info ][gc,marking  ] GC(8) Concurrent Mark
[2024-05-20T15:20:47.471+0000][9004][info ][gc,marking  ] GC(8) Concurrent Mark From Roots
[2024-05-20T15:20:47.471+0000][9004][info ][gc,task     ] GC(8) Using 2 workers of 2 for marking
[2024-05-20T15:20:47.471+0000][9004][info ][gc,marking  ] GC(8) Concurrent Mark From Roots 0.512ms
[2024-05-20T15:20:47.471+0000][9004][info ][gc,marking  ] GC(8) Concurrent Preclean
[2024-05-20T15:20:47.471+0000][9004][info ][gc,marking  ] GC(8) Concurrent Preclean 0.030ms
[2024-05-20T15:20:47.471+0000][9004][info ][gc,start    ] GC(8) Pause Remark
[2024-05-20T15:20:47.471+0000][9004][info ][gc          ] GC(8) Pause Remark 46M->46M(3920M) 6.173ms
[2024-05-20T15:20:47.471+0000][9004][info ][gc,cpu      ] GC(8) User=0.00s Sys=0.00s Real=0.00s
[2024-05-20T15:20:47.471+0000][9004][info ][safepoint   ] Safepoint "G1PauseRemark", Time since last: 15364600 ns, Reaching safepoint: 7700 ns, Cleanup: 7600 ns, At safepoint: 6358100 ns, Total: 6373400 ns
[2024-05-20T15:20:47.471+0000][9004][info ][gc,marking  ] GC(8) Concurrent Mark 7.173ms
[2024-05-20T15:20:47.471+0000][9004][info ][gc,marking  ] GC(8) Concurrent Rebuild Remembered Sets and Scrub Regions
[2024-05-20T15:20:47.471+0000][9004][info ][gc,marking  ] GC(8) Concurrent Rebuild Remembered Sets and Scrub Regions 0.108ms
[2024-05-20T15:20:47.471+0000][9004][info ][gc,start    ] GC(8) Pause Cleanup
[2024-05-20T15:20:47.471+0000][9004][info ][gc          ] GC(8) Pause Cleanup 46M->46M(3920M) 0.051ms
[2024-05-20T15:20:47.471+0000][9004][info ][gc,cpu      ] GC(8) User=0.00s Sys=0.00s Real=0.00s
[2024-05-20T15:20:47.471+0000][9004][info ][safepoint   ] Safepoint "G1PauseCleanup", Time since last: 302600 ns, Reaching safepoint: 70800 ns, Cleanup: 22100 ns, At safepoint: 119100 ns, Total: 212000 ns
[2024-05-20T15:20:47.471+0000][9004][info ][gc,marking  ] GC(8) Concurrent Clear Claimed Marks
[2024-05-20T15:20:47.471+0000][9004][info ][gc,marking  ] GC(8) Concurrent Clear Claimed Marks 0.082ms
[2024-05-20T15:20:47.471+0000][9004][info ][gc,marking  ] GC(8) Concurrent Cleanup for Next Mark
[2024-05-20T15:20:47.488+0000][9004][info ][gc,marking  ] GC(8) Concurrent Cleanup for Next Mark 12.066ms
[2024-05-20T15:20:47.488+0000][9004][info ][gc          ] GC(8) Concurrent Mark Cycle 34.734ms
