[2024-06-03T02:28:25.420+0000][11240][info][gc,init] CardTable entry size: 512
[2024-06-03T02:28:25.420+0000][11240][info][gc     ] Using G1
[2024-06-03T02:28:29.103+0000][11240][info][gc,init] Version: 21.0.2+13-58 (release)
[2024-06-03T02:28:29.103+0000][11240][info][gc,init] CPUs: 8 total, 8 available
[2024-06-03T02:28:29.103+0000][11240][info][gc,init] Memory: 7834M
[2024-06-03T02:28:29.103+0000][11240][info][gc,init] Large Page Support: Disabled
[2024-06-03T02:28:29.103+0000][11240][info][gc,init] NUMA Support: Disabled
[2024-06-03T02:28:29.103+0000][11240][info][gc,init] Compressed Oops: Enabled (Zero based)
[2024-06-03T02:28:29.103+0000][11240][info][gc,init] Heap Region Size: 4M
[2024-06-03T02:28:29.103+0000][11240][info][gc,init] Heap Min Capacity: 3920M
[2024-06-03T02:28:29.103+0000][11240][info][gc,init] Heap Initial Capacity: 3920M
[2024-06-03T02:28:29.103+0000][11240][info][gc,init] Heap Max Capacity: 3920M
[2024-06-03T02:28:29.103+0000][11240][info][gc,init] Pre-touch: Enabled
[2024-06-03T02:28:29.103+0000][11240][info][gc,init] Parallel Workers: 8
[2024-06-03T02:28:29.103+0000][11240][info][gc,init] Concurrent Workers: 2
[2024-06-03T02:28:29.103+0000][11240][info][gc,init] Concurrent Refinement Workers: 8
[2024-06-03T02:28:29.103+0000][11240][info][gc,init] Periodic GC: Disabled
[2024-06-03T02:28:29.132+0000][11240][info][gc,metaspace] CDS archive(s) mapped at: [0x0000022a3e000000-0x0000022a3ec90000-0x0000022a3ec90000), size 13172736, SharedBaseAddress: 0x0000022a3e000000, ArchiveRelocationMode: 1.
[2024-06-03T02:28:29.132+0000][11240][info][gc,metaspace] Compressed class space mapped at: 0x0000022a3f000000-0x0000022a7f000000, reserved size: 1073741824
[2024-06-03T02:28:29.132+0000][11240][info][gc,metaspace] Narrow klass base: 0x0000022a3e000000, Narrow klass shift: 0, Narrow klass range: 0x100000000
[2024-06-03T02:28:29.555+0000][11240][info][safepoint   ] Safepoint "ICBufferFull", Time since last: 417434900 ns, Reaching safepoint: 9600 ns, Cleanup: 80000 ns, At safepoint: 1200 ns, Total: 90800 ns
[2024-06-03T02:28:29.980+0000][11240][info][safepoint   ] Safepoint "ICBufferFull", Time since last: 423807600 ns, Reaching safepoint: 4300 ns, Cleanup: 112100 ns, At safepoint: 1300 ns, Total: 117700 ns
[2024-06-03T02:28:30.517+0000][11240][info][safepoint   ] Safepoint "ICBufferFull", Time since last: 537559600 ns, Reaching safepoint: 5200 ns, Cleanup: 101000 ns, At safepoint: 1200 ns, Total: 107400 ns
[2024-06-03T02:28:31.550+0000][11240][info][safepoint   ] Safepoint "Cleanup", Time since last: 1031705300 ns, Reaching safepoint: 2300 ns, Cleanup: 37000 ns, At safepoint: 6900 ns, Total: 46200 ns
[2024-06-03T02:28:32.424+0000][11240][info][safepoint   ] Safepoint "ICBufferFull", Time since last: 875938000 ns, Reaching safepoint: 5100 ns, Cleanup: 89600 ns, At safepoint: 13800 ns, Total: 108500 ns
[2024-06-03T02:28:33.034+0000][11240][info][safepoint   ] Safepoint "ICBufferFull", Time since last: 609032900 ns, Reaching safepoint: 4500 ns, Cleanup: 92400 ns, At safepoint: 6800 ns, Total: 103700 ns
[2024-06-03T02:28:34.045+0000][11240][info][safepoint   ] Safepoint "Cleanup", Time since last: 1009714400 ns, Reaching safepoint: 45800 ns, Cleanup: 110500 ns, At safepoint: 18600 ns, Total: 174900 ns
[2024-06-03T02:28:35.059+0000][11240][info][safepoint   ] Safepoint "Cleanup", Time since last: 1014025700 ns, Reaching safepoint: 23100 ns, Cleanup: 182000 ns, At safepoint: 21200 ns, Total: 226300 ns
[2024-06-03T02:28:35.439+0000][11240][info][gc,start    ] GC(0) Pause Young (Normal) (G1 Evacuation Pause)
[2024-06-03T02:28:35.439+0000][11240][info][gc,task     ] GC(0) Using 8 workers of 8 for evacuation
[2024-06-03T02:28:35.439+0000][11240][debug][gc,age      ] GC(0) Desired survivor size 14680064 bytes, new threshold 15 (max threshold 15)
[2024-06-03T02:28:35.462+0000][11240][info ][gc,phases   ] GC(0)   Pre Evacuate Collection Set: 0.5ms
[2024-06-03T02:28:35.462+0000][11240][info ][gc,phases   ] GC(0)   Merge Heap Roots: 0.2ms
[2024-06-03T02:28:35.467+0000][11240][info ][gc,phases   ] GC(0)   Evacuate Collection Set: 11.5ms
[2024-06-03T02:28:35.467+0000][11240][info ][gc,phases   ] GC(0)   Post Evacuate Collection Set: 1.8ms
[2024-06-03T02:28:35.467+0000][11240][info ][gc,phases   ] GC(0)   Other: 0.7ms
[2024-06-03T02:28:35.467+0000][11240][trace][gc,age      ] GC(0) Age table with threshold 15 (max threshold 15)
[2024-06-03T02:28:35.467+0000][11240][trace][gc,age      ] GC(0) - age   1:   10793400 bytes,   10793400 total
[2024-06-03T02:28:35.467+0000][11240][info ][gc,heap     ] GC(0) Eden regions: 49->0(46)
[2024-06-03T02:28:35.467+0000][11240][info ][gc,heap     ] GC(0) Survivor regions: 0->3(7)
[2024-06-03T02:28:35.467+0000][11240][info ][gc,heap     ] GC(0) Old regions: 0->0
[2024-06-03T02:28:35.467+0000][11240][info ][gc,heap     ] GC(0) Humongous regions: 0->0
[2024-06-03T02:28:35.467+0000][11240][info ][gc,metaspace] GC(0) Metaspace: 19137K(19712K)->19137K(19712K) NonClass: 17076K(17408K)->17076K(17408K) Class: 2060K(2304K)->2060K(2304K)
[2024-06-03T02:28:35.467+0000][11240][info ][gc          ] GC(0) Pause Young (Normal) (G1 Evacuation Pause) 196M->10M(3920M) 15.979ms
[2024-06-03T02:28:35.467+0000][11240][info ][gc,cpu      ] GC(0) User=0.06s Sys=0.00s Real=0.03s
[2024-06-03T02:28:35.467+0000][11240][info ][safepoint   ] Safepoint "G1CollectForAllocation", Time since last: 392033300 ns, Reaching safepoint: 6400 ns, Cleanup: 86000 ns, At safepoint: 16122700 ns, Total: 16215100 ns
[2024-06-03T02:28:36.991+0000][11240][info ][safepoint   ] Safepoint "Cleanup", Time since last: 1523835700 ns, Reaching safepoint: 76400 ns, Cleanup: 129400 ns, At safepoint: 22300 ns, Total: 228100 ns
[2024-06-03T02:28:37.797+0000][11240][info ][gc,start    ] GC(1) Pause Young (Concurrent Start) (Metadata GC Threshold)
[2024-06-03T02:28:37.797+0000][11240][info ][gc,task     ] GC(1) Using 8 workers of 8 for evacuation
[2024-06-03T02:28:37.797+0000][11240][debug][gc,age      ] GC(1) Desired survivor size 14680064 bytes, new threshold 15 (max threshold 15)
[2024-06-03T02:28:37.805+0000][11240][info ][gc,phases   ] GC(1)   Pre Evacuate Collection Set: 0.4ms
[2024-06-03T02:28:37.805+0000][11240][info ][gc,phases   ] GC(1)   Merge Heap Roots: 0.1ms
[2024-06-03T02:28:37.805+0000][11240][info ][gc,phases   ] GC(1)   Evacuate Collection Set: 9.8ms
[2024-06-03T02:28:37.805+0000][11240][info ][gc,phases   ] GC(1)   Post Evacuate Collection Set: 0.9ms
[2024-06-03T02:28:37.805+0000][11240][info ][gc,phases   ] GC(1)   Other: 0.2ms
[2024-06-03T02:28:37.805+0000][11240][trace][gc,age      ] GC(1) Age table with threshold 15 (max threshold 15)
[2024-06-03T02:28:37.805+0000][11240][trace][gc,age      ] GC(1) - age   1:    2541200 bytes,    2541200 total
[2024-06-03T02:28:37.805+0000][11240][trace][gc,age      ] GC(1) - age   2:    9913920 bytes,   12455120 total
[2024-06-03T02:28:37.805+0000][11240][info ][gc,heap     ] GC(1) Eden regions: 36->0(48)
[2024-06-03T02:28:37.805+0000][11240][info ][gc,heap     ] GC(1) Survivor regions: 3->4(7)
[2024-06-03T02:28:37.805+0000][11240][info ][gc,heap     ] GC(1) Old regions: 0->0
[2024-06-03T02:28:37.805+0000][11240][info ][gc,heap     ] GC(1) Humongous regions: 0->0
[2024-06-03T02:28:37.805+0000][11240][info ][gc,metaspace] GC(1) Metaspace: 20930K(21504K)->20930K(21504K) NonClass: 18681K(19008K)->18681K(19008K) Class: 2248K(2496K)->2248K(2496K)
[2024-06-03T02:28:37.815+0000][11240][info ][gc          ] GC(1) Pause Young (Concurrent Start) (Metadata GC Threshold) 152M->13M(3920M) 11.969ms
[2024-06-03T02:28:37.815+0000][11240][info ][gc,cpu      ] GC(1) User=0.00s Sys=0.02s Real=0.02s
[2024-06-03T02:28:37.815+0000][11240][info ][gc          ] GC(2) Concurrent Mark Cycle
[2024-06-03T02:28:37.815+0000][11240][info ][gc,marking  ] GC(2) Concurrent Scan Root Regions
[2024-06-03T02:28:37.815+0000][11240][info ][safepoint   ] Safepoint "CollectForMetadataAllocation", Time since last: 811075200 ns, Reaching safepoint: 6200 ns, Cleanup: 26700 ns, At safepoint: 12163900 ns, Total: 12196800 ns
[2024-06-03T02:28:37.820+0000][11240][info ][gc,marking  ] GC(2) Concurrent Scan Root Regions 6.335ms
[2024-06-03T02:28:37.820+0000][11240][info ][gc,marking  ] GC(2) Concurrent Mark
[2024-06-03T02:28:37.820+0000][11240][info ][gc,marking  ] GC(2) Concurrent Mark From Roots
[2024-06-03T02:28:37.820+0000][11240][info ][gc,task     ] GC(2) Using 2 workers of 2 for marking
[2024-06-03T02:28:37.820+0000][11240][info ][gc,marking  ] GC(2) Concurrent Mark From Roots 0.404ms
[2024-06-03T02:28:37.820+0000][11240][info ][gc,marking  ] GC(2) Concurrent Preclean
[2024-06-03T02:28:37.820+0000][11240][info ][gc,marking  ] GC(2) Concurrent Preclean 0.024ms
[2024-06-03T02:28:37.820+0000][11240][info ][gc,start    ] GC(2) Pause Remark
[2024-06-03T02:28:37.826+0000][11240][info ][gc          ] GC(2) Pause Remark 15M->15M(3920M) 5.407ms
[2024-06-03T02:28:37.826+0000][11240][info ][gc,cpu      ] GC(2) User=0.00s Sys=0.00s Real=0.01s
[2024-06-03T02:28:37.826+0000][11240][info ][safepoint   ] Safepoint "G1PauseRemark", Time since last: 7119200 ns, Reaching safepoint: 5500 ns, Cleanup: 13200 ns, At safepoint: 5515200 ns, Total: 5533900 ns
[2024-06-03T02:28:37.826+0000][11240][info ][gc,marking  ] GC(2) Concurrent Mark 6.169ms
[2024-06-03T02:28:37.826+0000][11240][info ][gc,marking  ] GC(2) Concurrent Rebuild Remembered Sets and Scrub Regions
[2024-06-03T02:28:37.826+0000][11240][info ][gc,marking  ] GC(2) Concurrent Rebuild Remembered Sets and Scrub Regions 0.086ms
[2024-06-03T02:28:37.828+0000][11240][info ][gc,start    ] GC(2) Pause Cleanup
[2024-06-03T02:28:37.828+0000][11240][info ][gc          ] GC(2) Pause Cleanup 15M->15M(3920M) 0.069ms
[2024-06-03T02:28:37.828+0000][11240][info ][gc,cpu      ] GC(2) User=0.00s Sys=0.00s Real=0.00s
[2024-06-03T02:28:37.828+0000][11240][info ][safepoint   ] Safepoint "G1PauseCleanup", Time since last: 244000 ns, Reaching safepoint: 272600 ns, Cleanup: 5200 ns, At safepoint: 161900 ns, Total: 439700 ns
[2024-06-03T02:28:37.828+0000][11240][info ][gc,marking  ] GC(2) Concurrent Clear Claimed Marks
[2024-06-03T02:28:37.828+0000][11240][info ][gc,marking  ] GC(2) Concurrent Clear Claimed Marks 0.092ms
[2024-06-03T02:28:37.828+0000][11240][info ][gc,marking  ] GC(2) Concurrent Cleanup for Next Mark
[2024-06-03T02:28:37.829+0000][11240][info ][gc,marking  ] GC(2) Concurrent Cleanup for Next Mark 7.151ms
[2024-06-03T02:28:37.836+0000][11240][info ][gc          ] GC(2) Concurrent Mark Cycle 20.923ms
[2024-06-03T02:28:39.248+0000][11240][info ][safepoint   ] Safepoint "Cleanup", Time since last: 1420193300 ns, Reaching safepoint: 32400 ns, Cleanup: 115100 ns, At safepoint: 16300 ns, Total: 163800 ns
[2024-06-03T02:28:41.090+0000][11240][info ][gc,start    ] GC(3) Pause Young (Normal) (G1 Evacuation Pause)
[2024-06-03T02:28:41.090+0000][11240][info ][gc,task     ] GC(3) Using 8 workers of 8 for evacuation
[2024-06-03T02:28:41.090+0000][11240][debug][gc,age      ] GC(3) Desired survivor size 14680064 bytes, new threshold 15 (max threshold 15)
[2024-06-03T02:28:41.116+0000][11240][info ][gc,phases   ] GC(3)   Pre Evacuate Collection Set: 0.4ms
[2024-06-03T02:28:41.116+0000][11240][info ][gc,phases   ] GC(3)   Merge Heap Roots: 0.2ms
[2024-06-03T02:28:41.116+0000][11240][info ][gc,phases   ] GC(3)   Evacuate Collection Set: 19.6ms
[2024-06-03T02:28:41.116+0000][11240][info ][gc,phases   ] GC(3)   Post Evacuate Collection Set: 2.0ms
[2024-06-03T02:28:41.116+0000][11240][info ][gc,phases   ] GC(3)   Other: 0.2ms
[2024-06-03T02:28:41.116+0000][11240][trace][gc,age      ] GC(3) Age table with threshold 15 (max threshold 15)
[2024-06-03T02:28:41.116+0000][11240][trace][gc,age      ] GC(3) - age   1:    5763472 bytes,    5763472 total
[2024-06-03T02:28:41.116+0000][11240][trace][gc,age      ] GC(3) - age   2:    2410376 bytes,    8173848 total
[2024-06-03T02:28:41.116+0000][11240][trace][gc,age      ] GC(3) - age   3:    9908624 bytes,   18082472 total
[2024-06-03T02:28:41.116+0000][11240][info ][gc,heap     ] GC(3) Eden regions: 48->0(62)
[2024-06-03T02:28:41.116+0000][11240][info ][gc,heap     ] GC(3) Survivor regions: 4->5(7)
[2024-06-03T02:28:41.116+0000][11240][info ][gc,heap     ] GC(3) Old regions: 0->0
[2024-06-03T02:28:41.116+0000][11240][info ][gc,heap     ] GC(3) Humongous regions: 0->0
[2024-06-03T02:28:41.116+0000][11240][info ][gc,metaspace] GC(3) Metaspace: 27428K(28096K)->27428K(28096K) NonClass: 24352K(24704K)->24352K(24704K) Class: 3075K(3392K)->3075K(3392K)
[2024-06-03T02:28:41.116+0000][11240][info ][gc          ] GC(3) Pause Young (Normal) (G1 Evacuation Pause) 205M->18M(3920M) 23.211ms
[2024-06-03T02:28:41.116+0000][11240][info ][gc,cpu      ] GC(3) User=0.09s Sys=0.00s Real=0.03s
[2024-06-03T02:28:41.116+0000][11240][info ][safepoint   ] Safepoint "G1CollectForAllocation", Time since last: 1845509100 ns, Reaching safepoint: 7800 ns, Cleanup: 135200 ns, At safepoint: 24921500 ns, Total: 25064500 ns
[2024-06-03T02:28:42.122+0000][11240][info ][safepoint   ] Safepoint "Cleanup", Time since last: 1002833900 ns, Reaching safepoint: 9000 ns, Cleanup: 108400 ns, At safepoint: 3200 ns, Total: 120600 ns
[2024-06-03T02:28:43.136+0000][11240][info ][safepoint   ] Safepoint "Cleanup", Time since last: 1013940400 ns, Reaching safepoint: 17500 ns, Cleanup: 70500 ns, At safepoint: 3600 ns, Total: 91600 ns
[2024-06-03T02:28:44.149+0000][11240][info ][safepoint   ] Safepoint "Cleanup", Time since last: 1012699700 ns, Reaching safepoint: 7200 ns, Cleanup: 35400 ns, At safepoint: 1900 ns, Total: 44500 ns
[2024-06-03T02:28:45.549+0000][11240][info ][gc,start    ] GC(4) Pause Young (Normal) (G1 Evacuation Pause)
[2024-06-03T02:28:45.549+0000][11240][info ][gc,task     ] GC(4) Using 8 workers of 8 for evacuation
[2024-06-03T02:28:45.549+0000][11240][debug][gc,age      ] GC(4) Desired survivor size 18874368 bytes, new threshold 15 (max threshold 15)
[2024-06-03T02:28:45.571+0000][11240][info ][gc,phases   ] GC(4)   Pre Evacuate Collection Set: 0.3ms
[2024-06-03T02:28:45.571+0000][11240][info ][gc,phases   ] GC(4)   Merge Heap Roots: 0.2ms
[2024-06-03T02:28:45.571+0000][11240][info ][gc,phases   ] GC(4)   Evacuate Collection Set: 18.9ms
[2024-06-03T02:28:45.571+0000][11240][info ][gc,phases   ] GC(4)   Post Evacuate Collection Set: 1.6ms
[2024-06-03T02:28:45.571+0000][11240][info ][gc,phases   ] GC(4)   Other: 0.2ms
[2024-06-03T02:28:45.571+0000][11240][trace][gc,age      ] GC(4) Age table with threshold 15 (max threshold 15)
[2024-06-03T02:28:45.571+0000][11240][trace][gc,age      ] GC(4) - age   1:    4840240 bytes,    4840240 total
[2024-06-03T02:28:45.571+0000][11240][trace][gc,age      ] GC(4) - age   2:    5736072 bytes,   10576312 total
[2024-06-03T02:28:45.571+0000][11240][trace][gc,age      ] GC(4) - age   3:    2409976 bytes,   12986288 total
[2024-06-03T02:28:45.571+0000][11240][trace][gc,age      ] GC(4) - age   4:    9908432 bytes,   22894720 total
[2024-06-03T02:28:45.571+0000][11240][info ][gc,heap     ] GC(4) Eden regions: 62->0(581)
[2024-06-03T02:28:45.571+0000][11240][info ][gc,heap     ] GC(4) Survivor regions: 5->7(9)
[2024-06-03T02:28:45.571+0000][11240][info ][gc,heap     ] GC(4) Old regions: 0->0
[2024-06-03T02:28:45.571+0000][11240][info ][gc,heap     ] GC(4) Humongous regions: 0->0
[2024-06-03T02:28:45.571+0000][11240][info ][gc,metaspace] GC(4) Metaspace: 27841K(28608K)->27841K(28608K) NonClass: 24722K(25152K)->24722K(25152K) Class: 3118K(3456K)->3118K(3456K)
[2024-06-03T02:28:45.571+0000][11240][info ][gc          ] GC(4) Pause Young (Normal) (G1 Evacuation Pause) 266M->24M(3920M) 21.715ms
[2024-06-03T02:28:45.571+0000][11240][info ][gc,cpu      ] GC(4) User=0.03s Sys=0.00s Real=0.02s
[2024-06-03T02:28:45.571+0000][11240][info ][safepoint   ] Safepoint "G1CollectForAllocation", Time since last: 1402749900 ns, Reaching safepoint: 7500 ns, Cleanup: 38300 ns, At safepoint: 21821900 ns, Total: 21867700 ns
[2024-06-03T02:28:46.908+0000][11240][info ][safepoint   ] Safepoint "Cleanup", Time since last: 1334889800 ns, Reaching safepoint: 11800 ns, Cleanup: 64000 ns, At safepoint: 3700 ns, Total: 79500 ns
[2024-06-03T02:28:47.923+0000][11240][info ][safepoint   ] Safepoint "Cleanup", Time since last: 1014549500 ns, Reaching safepoint: 17200 ns, Cleanup: 35800 ns, At safepoint: 3100 ns, Total: 56100 ns
[2024-06-03T02:28:48.937+0000][11240][info ][safepoint   ] Safepoint "Cleanup", Time since last: 1014007500 ns, Reaching safepoint: 11900 ns, Cleanup: 52500 ns, At safepoint: 3500 ns, Total: 67900 ns
[2024-06-03T02:28:50.436+0000][11240][info ][safepoint   ] Safepoint "Cleanup", Time since last: 1499531000 ns, Reaching safepoint: 9600 ns, Cleanup: 13800 ns, At safepoint: 19100 ns, Total: 42500 ns
[2024-06-03T02:28:51.551+0000][11240][info ][safepoint   ] Safepoint "Cleanup", Time since last: 1114298800 ns, Reaching safepoint: 33600 ns, Cleanup: 204000 ns, At safepoint: 9400 ns, Total: 247000 ns
[2024-06-03T02:28:53.570+0000][11240][info ][safepoint   ] Safepoint "Cleanup", Time since last: 2019235300 ns, Reaching safepoint: 35700 ns, Cleanup: 13100 ns, At safepoint: 11300 ns, Total: 60100 ns
[2024-06-03T02:28:54.582+0000][11240][info ][safepoint   ] Safepoint "Cleanup", Time since last: 1011778000 ns, Reaching safepoint: 7200 ns, Cleanup: 43900 ns, At safepoint: 1900 ns, Total: 53000 ns
[2024-06-03T02:28:55.597+0000][11240][info ][safepoint   ] Safepoint "Cleanup", Time since last: 1014542600 ns, Reaching safepoint: 52700 ns, Cleanup: 35900 ns, At safepoint: 10700 ns, Total: 99300 ns
[2024-06-03T02:28:55.968+0000][11240][info ][gc,start    ] GC(5) Pause Young (Concurrent Start) (Metadata GC Threshold)
[2024-06-03T02:28:55.968+0000][11240][info ][gc,task     ] GC(5) Using 8 workers of 8 for evacuation
[2024-06-03T02:28:55.968+0000][11240][debug][gc,age      ] GC(5) Desired survivor size 155189248 bytes, new threshold 15 (max threshold 15)
[2024-06-03T02:28:56.001+0000][11240][info ][gc,phases   ] GC(5)   Pre Evacuate Collection Set: 0.4ms
[2024-06-03T02:28:56.001+0000][11240][info ][gc,phases   ] GC(5)   Merge Heap Roots: 0.1ms
[2024-06-03T02:28:56.001+0000][11240][info ][gc,phases   ] GC(5)   Evacuate Collection Set: 24.7ms
[2024-06-03T02:28:56.001+0000][11240][info ][gc,phases   ] GC(5)   Post Evacuate Collection Set: 1.8ms
[2024-06-03T02:28:56.001+0000][11240][info ][gc,phases   ] GC(5)   Other: 0.2ms
[2024-06-03T02:28:56.001+0000][11240][trace][gc,age      ] GC(5) Age table with threshold 15 (max threshold 15)
[2024-06-03T02:28:56.001+0000][11240][trace][gc,age      ] GC(5) - age   1:    8838536 bytes,    8838536 total
[2024-06-03T02:28:56.001+0000][11240][trace][gc,age      ] GC(5) - age   2:    2822208 bytes,   11660744 total
[2024-06-03T02:28:56.001+0000][11240][trace][gc,age      ] GC(5) - age   3:    5730512 bytes,   17391256 total
[2024-06-03T02:28:56.001+0000][11240][trace][gc,age      ] GC(5) - age   4:    2408248 bytes,   19799504 total
[2024-06-03T02:28:56.001+0000][11240][trace][gc,age      ] GC(5) - age   5:    9901304 bytes,   29700808 total
[2024-06-03T02:28:56.001+0000][11240][info ][gc,heap     ] GC(5) Eden regions: 151->0(273)
[2024-06-03T02:28:56.001+0000][11240][info ][gc,heap     ] GC(5) Survivor regions: 7->8(74)
[2024-06-03T02:28:56.001+0000][11240][info ][gc,heap     ] GC(5) Old regions: 0->0
[2024-06-03T02:28:56.001+0000][11240][info ][gc,heap     ] GC(5) Humongous regions: 0->0
[2024-06-03T02:28:56.001+0000][11240][info ][gc,metaspace] GC(5) Metaspace: 35133K(35968K)->35133K(35968K) NonClass: 31176K(31616K)->31176K(31616K) Class: 3957K(4352K)->3957K(4352K)
[2024-06-03T02:28:56.001+0000][11240][info ][gc          ] GC(5) Pause Young (Concurrent Start) (Metadata GC Threshold) 626M->32M(3920M) 28.041ms
[2024-06-03T02:28:56.001+0000][11240][info ][gc,cpu      ] GC(5) User=0.06s Sys=0.02s Real=0.03s
[2024-06-03T02:28:56.001+0000][11240][info ][gc          ] GC(6) Concurrent Mark Cycle
[2024-06-03T02:28:56.001+0000][11240][info ][safepoint   ] Safepoint "CollectForMetadataAllocation", Time since last: 378869000 ns, Reaching safepoint: 6700 ns, Cleanup: 45800 ns, At safepoint: 28260100 ns, Total: 28312600 ns
[2024-06-03T02:28:56.001+0000][11240][info ][gc,marking  ] GC(6) Concurrent Scan Root Regions
[2024-06-03T02:28:56.015+0000][11240][info ][gc,marking  ] GC(6) Concurrent Scan Root Regions 12.107ms
[2024-06-03T02:28:56.015+0000][11240][info ][gc,marking  ] GC(6) Concurrent Mark
[2024-06-03T02:28:56.015+0000][11240][info ][gc,marking  ] GC(6) Concurrent Mark From Roots
[2024-06-03T02:28:56.015+0000][11240][info ][gc,task     ] GC(6) Using 2 workers of 2 for marking
[2024-06-03T02:28:56.015+0000][11240][info ][gc,marking  ] GC(6) Concurrent Mark From Roots 0.367ms
[2024-06-03T02:28:56.015+0000][11240][info ][gc,marking  ] GC(6) Concurrent Preclean
[2024-06-03T02:28:56.015+0000][11240][info ][gc,marking  ] GC(6) Concurrent Preclean 0.020ms
[2024-06-03T02:28:56.015+0000][11240][info ][gc,start    ] GC(6) Pause Remark
[2024-06-03T02:28:56.023+0000][11240][info ][gc          ] GC(6) Pause Remark 36M->36M(3920M) 6.948ms
[2024-06-03T02:28:56.024+0000][11240][info ][gc,cpu      ] GC(6) User=0.00s Sys=0.00s Real=0.01s
[2024-06-03T02:28:56.024+0000][11240][info ][safepoint   ] Safepoint "G1PauseRemark", Time since last: 12691700 ns, Reaching safepoint: 63100 ns, Cleanup: 45000 ns, At safepoint: 7161200 ns, Total: 7269300 ns
[2024-06-03T02:28:56.024+0000][11240][info ][gc,marking  ] GC(6) Concurrent Mark 7.820ms
[2024-06-03T02:28:56.024+0000][11240][info ][gc,marking  ] GC(6) Concurrent Rebuild Remembered Sets and Scrub Regions
[2024-06-03T02:28:56.024+0000][11240][info ][gc,marking  ] GC(6) Concurrent Rebuild Remembered Sets and Scrub Regions 0.104ms
[2024-06-03T02:28:56.024+0000][11240][info ][gc,start    ] GC(6) Pause Cleanup
[2024-06-03T02:28:56.024+0000][11240][info ][gc          ] GC(6) Pause Cleanup 36M->36M(3920M) 0.092ms
[2024-06-03T02:28:56.024+0000][11240][info ][gc,cpu      ] GC(6) User=0.00s Sys=0.00s Real=0.00s
[2024-06-03T02:28:56.024+0000][11240][info ][safepoint   ] Safepoint "G1PauseCleanup", Time since last: 283800 ns, Reaching safepoint: 7000 ns, Cleanup: 60100 ns, At safepoint: 195100 ns, Total: 262200 ns
[2024-06-03T02:28:56.024+0000][11240][info ][gc,marking  ] GC(6) Concurrent Clear Claimed Marks
[2024-06-03T02:28:56.024+0000][11240][info ][gc,marking  ] GC(6) Concurrent Clear Claimed Marks 0.077ms
[2024-06-03T02:28:56.024+0000][11240][info ][gc,marking  ] GC(6) Concurrent Cleanup for Next Mark
[2024-06-03T02:28:56.036+0000][11240][info ][gc,marking  ] GC(6) Concurrent Cleanup for Next Mark 11.646ms
[2024-06-03T02:28:56.036+0000][11240][info ][gc          ] GC(6) Concurrent Mark Cycle 32.498ms
[2024-06-03T02:28:57.039+0000][11240][info ][safepoint   ] Safepoint "Cleanup", Time since last: 1014473800 ns, Reaching safepoint: 10800 ns, Cleanup: 70700 ns, At safepoint: 2200 ns, Total: 83700 ns
[2024-06-03T02:28:58.054+0000][11240][info ][safepoint   ] Safepoint "Cleanup", Time since last: 1014294700 ns, Reaching safepoint: 6600 ns, Cleanup: 40000 ns, At safepoint: 1500 ns, Total: 48100 ns
[2024-06-03T02:28:59.063+0000][11240][info ][safepoint   ] Safepoint "Cleanup", Time since last: 1009841100 ns, Reaching safepoint: 31900 ns, Cleanup: 72600 ns, At safepoint: 6400 ns, Total: 110900 ns
[2024-06-03T02:29:01.077+0000][11240][info ][safepoint   ] Safepoint "Cleanup", Time since last: 2014401800 ns, Reaching safepoint: 11500 ns, Cleanup: 25900 ns, At safepoint: 3400 ns, Total: 40800 ns
[2024-06-03T02:29:03.087+0000][11240][info ][safepoint   ] Safepoint "Cleanup", Time since last: 2008604600 ns, Reaching safepoint: 8300 ns, Cleanup: 30900 ns, At safepoint: 1800 ns, Total: 41000 ns
[2024-06-03T02:29:04.098+0000][11240][info ][safepoint   ] Safepoint "Cleanup", Time since last: 1011450900 ns, Reaching safepoint: 74600 ns, Cleanup: 88700 ns, At safepoint: 2700 ns, Total: 166000 ns
[2024-06-03T02:29:05.110+0000][11240][info ][safepoint   ] Safepoint "Cleanup", Time since last: 1011482900 ns, Reaching safepoint: 25300 ns, Cleanup: 143700 ns, At safepoint: 12800 ns, Total: 181800 ns
[2024-06-03T02:29:06.113+0000][11240][info ][safepoint   ] Safepoint "Cleanup", Time since last: 1003484700 ns, Reaching safepoint: 12500 ns, Cleanup: 116500 ns, At safepoint: 75400 ns, Total: 204400 ns
[2024-06-03T02:29:07.239+0000][11240][info ][safepoint   ] Safepoint "Cleanup", Time since last: 1129883900 ns, Reaching safepoint: 4000 ns, Cleanup: 143200 ns, At safepoint: 21400 ns, Total: 168600 ns
[2024-06-03T02:29:08.314+0000][11240][info ][gc,start    ] GC(7) Pause Young (Concurrent Start) (Metadata GC Threshold)
[2024-06-03T02:29:08.315+0000][11240][info ][gc,task     ] GC(7) Using 8 workers of 8 for evacuation
[2024-06-03T02:29:08.315+0000][11240][debug][gc,age      ] GC(7) Desired survivor size 75497472 bytes, new threshold 15 (max threshold 15)
[2024-06-03T02:29:08.362+0000][11240][info ][gc,phases   ] GC(7)   Pre Evacuate Collection Set: 0.7ms
[2024-06-03T02:29:08.362+0000][11240][info ][gc,phases   ] GC(7)   Merge Heap Roots: 0.2ms
[2024-06-03T02:29:08.362+0000][11240][info ][gc,phases   ] GC(7)   Evacuate Collection Set: 44.4ms
[2024-06-03T02:29:08.362+0000][11240][info ][gc,phases   ] GC(7)   Post Evacuate Collection Set: 2.4ms
[2024-06-03T02:29:08.362+0000][11240][info ][gc,phases   ] GC(7)   Other: 0.4ms
[2024-06-03T02:29:08.362+0000][11240][trace][gc,age      ] GC(7) Age table with threshold 15 (max threshold 15)
[2024-06-03T02:29:08.362+0000][11240][trace][gc,age      ] GC(7) - age   1:   10723816 bytes,   10723816 total
[2024-06-03T02:29:08.362+0000][11240][trace][gc,age      ] GC(7) - age   2:    8750184 bytes,   19474000 total
[2024-06-03T02:29:08.362+0000][11240][trace][gc,age      ] GC(7) - age   3:    2808440 bytes,   22282440 total
[2024-06-03T02:29:08.362+0000][11240][trace][gc,age      ] GC(7) - age   4:    5706440 bytes,   27988880 total
[2024-06-03T02:29:08.362+0000][11240][trace][gc,age      ] GC(7) - age   5:    2390584 bytes,   30379464 total
[2024-06-03T02:29:08.362+0000][11240][trace][gc,age      ] GC(7) - age   6:    9698152 bytes,   40077616 total
[2024-06-03T02:29:08.362+0000][11240][info ][gc,heap     ] GC(7) Eden regions: 204->0(259)
[2024-06-03T02:29:08.362+0000][11240][info ][gc,heap     ] GC(7) Survivor regions: 8->11(36)
[2024-06-03T02:29:08.362+0000][11240][info ][gc,heap     ] GC(7) Old regions: 0->0
[2024-06-03T02:29:08.363+0000][11240][info ][gc,heap     ] GC(7) Humongous regions: 0->0
[2024-06-03T02:29:08.363+0000][11240][info ][gc,metaspace] GC(7) Metaspace: 58839K(60096K)->58839K(60096K) NonClass: 51597K(52352K)->51597K(52352K) Class: 7241K(7744K)->7241K(7744K)
[2024-06-03T02:29:08.363+0000][11240][info ][gc          ] GC(7) Pause Young (Concurrent Start) (Metadata GC Threshold) 848M->41M(3920M) 48.863ms
[2024-06-03T02:29:08.363+0000][11240][info ][gc,cpu      ] GC(7) User=0.20s Sys=0.00s Real=0.05s
[2024-06-03T02:29:08.363+0000][11240][info ][gc          ] GC(8) Concurrent Mark Cycle
[2024-06-03T02:29:08.363+0000][11240][info ][gc,marking  ] GC(8) Concurrent Scan Root Regions
[2024-06-03T02:29:08.363+0000][11240][info ][safepoint   ] Safepoint "CollectForMetadataAllocation", Time since last: 1070624800 ns, Reaching safepoint: 5800 ns, Cleanup: 45300 ns, At safepoint: 49073900 ns, Total: 49125000 ns
[2024-06-03T02:29:08.378+0000][11240][info ][gc,marking  ] GC(8) Concurrent Scan Root Regions 17.468ms
[2024-06-03T02:29:08.378+0000][11240][info ][gc,marking  ] GC(8) Concurrent Mark
[2024-06-03T02:29:08.381+0000][11240][info ][gc,marking  ] GC(8) Concurrent Mark From Roots
[2024-06-03T02:29:08.381+0000][11240][info ][gc,task     ] GC(8) Using 2 workers of 2 for marking
[2024-06-03T02:29:08.381+0000][11240][info ][gc,marking  ] GC(8) Concurrent Mark From Roots 0.341ms
[2024-06-03T02:29:08.381+0000][11240][info ][gc,marking  ] GC(8) Concurrent Preclean
[2024-06-03T02:29:08.381+0000][11240][info ][gc,marking  ] GC(8) Concurrent Preclean 0.037ms
[2024-06-03T02:29:08.381+0000][11240][info ][gc,start    ] GC(8) Pause Remark
[2024-06-03T02:29:08.387+0000][11240][info ][gc          ] GC(8) Pause Remark 45M->45M(3920M) 7.825ms
[2024-06-03T02:29:08.387+0000][11240][info ][gc,cpu      ] GC(8) User=0.00s Sys=0.00s Real=0.01s
[2024-06-03T02:29:08.387+0000][11240][info ][safepoint   ] Safepoint "G1PauseRemark", Time since last: 18129000 ns, Reaching safepoint: 5600 ns, Cleanup: 14600 ns, At safepoint: 8037500 ns, Total: 8057700 ns
[2024-06-03T02:29:08.387+0000][11240][info ][gc,marking  ] GC(8) Concurrent Mark 8.783ms
[2024-06-03T02:29:08.387+0000][11240][info ][gc,marking  ] GC(8) Concurrent Rebuild Remembered Sets and Scrub Regions
[2024-06-03T02:29:08.387+0000][11240][info ][gc,marking  ] GC(8) Concurrent Rebuild Remembered Sets and Scrub Regions 0.099ms
[2024-06-03T02:29:08.387+0000][11240][info ][gc,start    ] GC(8) Pause Cleanup
[2024-06-03T02:29:08.387+0000][11240][info ][gc          ] GC(8) Pause Cleanup 45M->45M(3920M) 0.054ms
[2024-06-03T02:29:08.387+0000][11240][info ][gc,cpu      ] GC(8) User=0.00s Sys=0.00s Real=0.00s
[2024-06-03T02:29:08.387+0000][11240][info ][safepoint   ] Safepoint "G1PauseCleanup", Time since last: 384600 ns, Reaching safepoint: 6400 ns, Cleanup: 27000 ns, At safepoint: 116500 ns, Total: 149900 ns
[2024-06-03T02:29:08.387+0000][11240][info ][gc,marking  ] GC(8) Concurrent Clear Claimed Marks
[2024-06-03T02:29:08.387+0000][11240][info ][gc,marking  ] GC(8) Concurrent Clear Claimed Marks 0.080ms
[2024-06-03T02:29:08.387+0000][11240][info ][gc,marking  ] GC(8) Concurrent Cleanup for Next Mark
[2024-06-03T02:29:08.394+0000][11240][info ][gc,marking  ] GC(8) Concurrent Cleanup for Next Mark 11.982ms
[2024-06-03T02:29:08.402+0000][11240][info ][gc          ] GC(8) Concurrent Mark Cycle 39.063ms
[2024-06-03T02:29:10.140+0000][11240][info ][safepoint   ] Safepoint "ICBufferFull", Time since last: 1749600300 ns, Reaching safepoint: 9100 ns, Cleanup: 220600 ns, At safepoint: 73600 ns, Total: 303300 ns
[2024-06-03T02:29:11.155+0000][11240][info ][safepoint   ] Safepoint "Cleanup", Time since last: 1014675100 ns, Reaching safepoint: 130500 ns, Cleanup: 62400 ns, At safepoint: 10700 ns, Total: 203600 ns
[2024-06-03T02:29:12.165+0000][11240][info ][safepoint   ] Safepoint "Cleanup", Time since last: 1010124700 ns, Reaching safepoint: 85600 ns, Cleanup: 23600 ns, At safepoint: 20300 ns, Total: 129500 ns
[2024-06-03T02:29:13.276+0000][11240][info ][safepoint   ] Safepoint "ICBufferFull", Time since last: 1120139200 ns, Reaching safepoint: 8000 ns, Cleanup: 219900 ns, At safepoint: 94400 ns, Total: 322300 ns
[2024-06-03T02:29:15.292+0000][11240][info ][safepoint   ] Safepoint "Cleanup", Time since last: 2006484700 ns, Reaching safepoint: 114000 ns, Cleanup: 99500 ns, At safepoint: 36900 ns, Total: 250400 ns
[2024-06-03T02:29:16.303+0000][11240][info ][safepoint   ] Safepoint "Cleanup", Time since last: 1010799700 ns, Reaching safepoint: 7300 ns, Cleanup: 44800 ns, At safepoint: 8300 ns, Total: 60400 ns
[2024-06-03T02:29:17.030+0000][11240][info ][safepoint   ] Safepoint "ICBufferFull", Time since last: 727294300 ns, Reaching safepoint: 12800 ns, Cleanup: 109100 ns, At safepoint: 6100 ns, Total: 128000 ns
[2024-06-03T02:29:18.071+0000][11240][info ][safepoint   ] Safepoint "Cleanup", Time since last: 1049069200 ns, Reaching safepoint: 4900 ns, Cleanup: 67200 ns, At safepoint: 9900 ns, Total: 82000 ns
[2024-06-03T02:29:19.260+0000][11240][info ][safepoint   ] Safepoint "Cleanup", Time since last: 1180367700 ns, Reaching safepoint: 24700 ns, Cleanup: 120500 ns, At safepoint: 11000 ns, Total: 156200 ns
[2024-06-03T02:29:20.439+0000][11240][info ][safepoint   ] Safepoint "Cleanup", Time since last: 1189743200 ns, Reaching safepoint: 4800 ns, Cleanup: 75100 ns, At safepoint: 12300 ns, Total: 92200 ns
[2024-06-03T02:29:20.676+0000][11240][info ][gc,start    ] GC(9) Pause Young (Concurrent Start) (Metadata GC Threshold)
[2024-06-03T02:29:20.676+0000][11240][info ][gc,task     ] GC(9) Using 8 workers of 8 for evacuation
[2024-06-03T02:29:20.676+0000][11240][debug][gc,age      ] GC(9) Desired survivor size 71303168 bytes, new threshold 15 (max threshold 15)
[2024-06-03T02:29:20.732+0000][11240][info ][gc,phases   ] GC(9)   Pre Evacuate Collection Set: 0.6ms
[2024-06-03T02:29:20.732+0000][11240][info ][gc,phases   ] GC(9)   Merge Heap Roots: 0.2ms
[2024-06-03T02:29:20.732+0000][11240][info ][gc,phases   ] GC(9)   Evacuate Collection Set: 51.7ms
[2024-06-03T02:29:20.732+0000][11240][info ][gc,phases   ] GC(9)   Post Evacuate Collection Set: 4.5ms
[2024-06-03T02:29:20.732+0000][11240][info ][gc,phases   ] GC(9)   Other: 0.2ms
[2024-06-03T02:29:20.732+0000][11240][trace][gc,age      ] GC(9) Age table with threshold 15 (max threshold 15)
[2024-06-03T02:29:20.732+0000][11240][trace][gc,age      ] GC(9) - age   1:   19618896 bytes,   19618896 total
[2024-06-03T02:29:20.732+0000][11240][trace][gc,age      ] GC(9) - age   2:   10140232 bytes,   29759128 total
[2024-06-03T02:29:20.732+0000][11240][trace][gc,age      ] GC(9) - age   3:    8716352 bytes,   38475480 total
[2024-06-03T02:29:20.732+0000][11240][trace][gc,age      ] GC(9) - age   4:    2801648 bytes,   41277128 total
[2024-06-03T02:29:20.732+0000][11240][trace][gc,age      ] GC(9) - age   5:    5674120 bytes,   46951248 total
[2024-06-03T02:29:20.732+0000][11240][trace][gc,age      ] GC(9) - age   6:    2384960 bytes,   49336208 total
[2024-06-03T02:29:20.732+0000][11240][trace][gc,age      ] GC(9) - age   7:    9656888 bytes,   58993096 total
[2024-06-03T02:29:20.732+0000][11240][info ][gc,heap     ] GC(9) Eden regions: 199->0(273)
[2024-06-03T02:29:20.732+0000][11240][info ][gc,heap     ] GC(9) Survivor regions: 11->16(34)
[2024-06-03T02:29:20.732+0000][11240][info ][gc,heap     ] GC(9) Old regions: 0->0
[2024-06-03T02:29:20.732+0000][11240][info ][gc,heap     ] GC(9) Humongous regions: 0->0
[2024-06-03T02:29:20.732+0000][11240][info ][gc,metaspace] GC(9) Metaspace: 98666K(100480K)->98666K(100480K) NonClass: 85886K(86912K)->85886K(86912K) Class: 12780K(13568K)->12780K(13568K)
[2024-06-03T02:29:20.732+0000][11240][info ][gc          ] GC(9) Pause Young (Concurrent Start) (Metadata GC Threshold) 837M->60M(3920M) 58.238ms
[2024-06-03T02:29:20.732+0000][11240][info ][gc          ] GC(10) Concurrent Mark Cycle
[2024-06-03T02:29:20.732+0000][11240][info ][gc,cpu      ] GC(9) User=0.22s Sys=0.00s Real=0.06s
[2024-06-03T02:29:20.732+0000][11240][info ][gc,marking  ] GC(10) Concurrent Scan Root Regions
[2024-06-03T02:29:20.732+0000][11240][info ][safepoint   ] Safepoint "CollectForMetadataAllocation", Time since last: 228408900 ns, Reaching safepoint: 5800 ns, Cleanup: 61000 ns, At safepoint: 58599200 ns, Total: 58666000 ns
[2024-06-03T02:29:20.775+0000][11240][info ][gc,marking  ] GC(10) Concurrent Scan Root Regions 38.777ms
[2024-06-03T02:29:20.775+0000][11240][info ][gc,marking  ] GC(10) Concurrent Mark
[2024-06-03T02:29:20.775+0000][11240][info ][gc,marking  ] GC(10) Concurrent Mark From Roots
[2024-06-03T02:29:20.775+0000][11240][info ][gc,task     ] GC(10) Using 2 workers of 2 for marking
[2024-06-03T02:29:20.775+0000][11240][info ][gc,marking  ] GC(10) Concurrent Mark From Roots 0.389ms
[2024-06-03T02:29:20.775+0000][11240][info ][gc,marking  ] GC(10) Concurrent Preclean
[2024-06-03T02:29:20.775+0000][11240][info ][gc,marking  ] GC(10) Concurrent Preclean 0.024ms
[2024-06-03T02:29:20.775+0000][11240][info ][gc,start    ] GC(10) Pause Remark
[2024-06-03T02:29:20.780+0000][11240][info ][gc          ] GC(10) Pause Remark 63M->63M(3920M) 9.800ms
[2024-06-03T02:29:20.780+0000][11240][info ][gc,cpu      ] GC(10) User=0.02s Sys=0.00s Real=0.00s
[2024-06-03T02:29:20.780+0000][11240][info ][safepoint   ] Safepoint "G1PauseRemark", Time since last: 39187400 ns, Reaching safepoint: 40500 ns, Cleanup: 14400 ns, At safepoint: 9990400 ns, Total: 10045300 ns
[2024-06-03T02:29:20.780+0000][11240][info ][gc,marking  ] GC(10) Concurrent Mark 10.616ms
[2024-06-03T02:29:20.780+0000][11240][info ][gc,marking  ] GC(10) Concurrent Rebuild Remembered Sets and Scrub Regions
[2024-06-03T02:29:20.780+0000][11240][info ][gc,marking  ] GC(10) Concurrent Rebuild Remembered Sets and Scrub Regions 0.171ms
[2024-06-03T02:29:20.780+0000][11240][info ][gc,start    ] GC(10) Pause Cleanup
[2024-06-03T02:29:20.780+0000][11240][info ][gc          ] GC(10) Pause Cleanup 63M->63M(3920M) 0.061ms
[2024-06-03T02:29:20.780+0000][11240][info ][gc,cpu      ] GC(10) User=0.00s Sys=0.00s Real=0.00s
[2024-06-03T02:29:20.780+0000][11240][info ][safepoint   ] Safepoint "G1PauseCleanup", Time since last: 428500 ns, Reaching safepoint: 19100 ns, Cleanup: 21500 ns, At safepoint: 137900 ns, Total: 178500 ns
[2024-06-03T02:29:20.780+0000][11240][info ][gc,marking  ] GC(10) Concurrent Clear Claimed Marks
[2024-06-03T02:29:20.780+0000][11240][info ][gc,marking  ] GC(10) Concurrent Clear Claimed Marks 0.119ms
[2024-06-03T02:29:20.780+0000][11240][info ][gc,marking  ] GC(10) Concurrent Cleanup for Next Mark
[2024-06-03T02:29:20.796+0000][11240][info ][gc,marking  ] GC(10) Concurrent Cleanup for Next Mark 10.780ms
[2024-06-03T02:29:20.796+0000][11240][info ][gc          ] GC(10) Concurrent Mark Cycle 61.205ms
[2024-06-03T02:29:22.548+0000][11240][info ][safepoint   ] Safepoint "Cleanup", Time since last: 1761313200 ns, Reaching safepoint: 102200 ns, Cleanup: 137700 ns, At safepoint: 10500 ns, Total: 250400 ns
[2024-06-03T02:29:23.719+0000][11240][info ][safepoint   ] Safepoint "ICBufferFull", Time since last: 1170494300 ns, Reaching safepoint: 132800 ns, Cleanup: 153900 ns, At safepoint: 12300 ns, Total: 299000 ns
[2024-06-03T02:29:24.423+0000][11240][info ][safepoint   ] Safepoint "ICBufferFull", Time since last: 703338700 ns, Reaching safepoint: 14000 ns, Cleanup: 159100 ns, At safepoint: 15700 ns, Total: 188800 ns
[2024-06-03T02:29:25.178+0000][11240][info ][safepoint   ] Safepoint "ICBufferFull", Time since last: 755798100 ns, Reaching safepoint: 12700 ns, Cleanup: 158700 ns, At safepoint: 135400 ns, Total: 306800 ns
[2024-06-03T02:29:26.211+0000][11240][info ][safepoint   ] Safepoint "Cleanup", Time since last: 1032997300 ns, Reaching safepoint: 4400 ns, Cleanup: 81200 ns, At safepoint: 11100 ns, Total: 96700 ns
[2024-06-03T02:29:27.237+0000][11240][info ][safepoint   ] Safepoint "ICBufferFull", Time since last: 1025697400 ns, Reaching safepoint: 14300 ns, Cleanup: 129500 ns, At safepoint: 1800 ns, Total: 145600 ns
[2024-06-03T02:29:28.244+0000][11240][info ][safepoint   ] Safepoint "Cleanup", Time since last: 1006306300 ns, Reaching safepoint: 25500 ns, Cleanup: 31800 ns, At safepoint: 3100 ns, Total: 60400 ns
[2024-06-03T02:29:29.247+0000][11240][info ][safepoint   ] Safepoint "Cleanup", Time since last: 1002884000 ns, Reaching safepoint: 23000 ns, Cleanup: 29800 ns, At safepoint: 4300 ns, Total: 57100 ns
[2024-06-03T02:29:32.261+0000][11240][info ][safepoint   ] Safepoint "Cleanup", Time since last: 3013991400 ns, Reaching safepoint: 16200 ns, Cleanup: 22900 ns, At safepoint: 10000 ns, Total: 49100 ns
[2024-06-03T02:29:34.271+0000][11240][info ][safepoint   ] Safepoint "Cleanup", Time since last: 2009984700 ns, Reaching safepoint: 13700 ns, Cleanup: 18300 ns, At safepoint: 2400 ns, Total: 34400 ns
[2024-06-03T02:29:35.276+0000][11240][info ][safepoint   ] Safepoint "Cleanup", Time since last: 1004251400 ns, Reaching safepoint: 22100 ns, Cleanup: 25000 ns, At safepoint: 4900 ns, Total: 52000 ns
[2024-06-03T02:29:43.333+0000][11240][info ][safepoint   ] Safepoint "Cleanup", Time since last: 8057731900 ns, Reaching safepoint: 48700 ns, Cleanup: 35300 ns, At safepoint: 5200 ns, Total: 89200 ns
[2024-06-03T02:29:49.372+0000][11240][info ][safepoint   ] Safepoint "Cleanup", Time since last: 6038652800 ns, Reaching safepoint: 27500 ns, Cleanup: 35800 ns, At safepoint: 4900 ns, Total: 68200 ns
[2024-06-03T02:29:50.381+0000][11240][info ][safepoint   ] Safepoint "Cleanup", Time since last: 1008534400 ns, Reaching safepoint: 24900 ns, Cleanup: 26600 ns, At safepoint: 4800 ns, Total: 56300 ns
[2024-06-03T02:29:51.396+0000][11240][info ][safepoint   ] Safepoint "Cleanup", Time since last: 1015393800 ns, Reaching safepoint: 24800 ns, Cleanup: 34500 ns, At safepoint: 4300 ns, Total: 63600 ns
[2024-06-03T02:29:53.404+0000][11240][info ][safepoint   ] Safepoint "Cleanup", Time since last: 2008195700 ns, Reaching safepoint: 15800 ns, Cleanup: 20400 ns, At safepoint: 2000 ns, Total: 38200 ns
[2024-06-03T02:29:54.410+0000][11240][info ][safepoint   ] Safepoint "Cleanup", Time since last: 1005092900 ns, Reaching safepoint: 27900 ns, Cleanup: 22200 ns, At safepoint: 3400 ns, Total: 53500 ns
[2024-06-03T02:29:55.414+0000][11240][info ][safepoint   ] Safepoint "Cleanup", Time since last: 1004318600 ns, Reaching safepoint: 22800 ns, Cleanup: 41100 ns, At safepoint: 4000 ns, Total: 67900 ns
[2024-06-03T02:29:56.427+0000][11240][info ][safepoint   ] Safepoint "Cleanup", Time since last: 1012748100 ns, Reaching safepoint: 19000 ns, Cleanup: 23300 ns, At safepoint: 3200 ns, Total: 45500 ns
[2024-06-03T02:30:02.464+0000][11240][info ][safepoint   ] Safepoint "Cleanup", Time since last: 6036868100 ns, Reaching safepoint: 33400 ns, Cleanup: 34300 ns, At safepoint: 3400 ns, Total: 71100 ns
[2024-06-03T02:30:06.491+0000][11240][info ][safepoint   ] Safepoint "Cleanup", Time since last: 4027425800 ns, Reaching safepoint: 27600 ns, Cleanup: 20700 ns, At safepoint: 3200 ns, Total: 51500 ns
[2024-06-03T02:30:09.498+0000][11240][info ][safepoint   ] Safepoint "Cleanup", Time since last: 3006780300 ns, Reaching safepoint: 16800 ns, Cleanup: 18900 ns, At safepoint: 14700 ns, Total: 50400 ns
[2024-06-03T02:30:12.515+0000][11240][info ][safepoint   ] Safepoint "Cleanup", Time since last: 3016758300 ns, Reaching safepoint: 21300 ns, Cleanup: 24000 ns, At safepoint: 3600 ns, Total: 48900 ns
[2024-06-03T02:30:13.517+0000][11240][info ][safepoint   ] Safepoint "Cleanup", Time since last: 1001663600 ns, Reaching safepoint: 21400 ns, Cleanup: 22800 ns, At safepoint: 3800 ns, Total: 48000 ns
[2024-06-03T02:30:17.542+0000][11240][info ][safepoint   ] Safepoint "Cleanup", Time since last: 4025248400 ns, Reaching safepoint: 43300 ns, Cleanup: 26200 ns, At safepoint: 4900 ns, Total: 74400 ns
[2024-06-03T02:30:20.547+0000][11240][info ][safepoint   ] Safepoint "Cleanup", Time since last: 3004662600 ns, Reaching safepoint: 18100 ns, Cleanup: 35900 ns, At safepoint: 5200 ns, Total: 59200 ns
[2024-06-03T02:30:21.550+0000][11240][info ][safepoint   ] Safepoint "Cleanup", Time since last: 1003647200 ns, Reaching safepoint: 17600 ns, Cleanup: 19400 ns, At safepoint: 2500 ns, Total: 39500 ns
[2024-06-03T02:30:24.570+0000][11240][info ][safepoint   ] Safepoint "Cleanup", Time since last: 3019579400 ns, Reaching safepoint: 22900 ns, Cleanup: 26300 ns, At safepoint: 4100 ns, Total: 53300 ns
[2024-06-03T02:30:26.543+0000][11240][info ][safepoint   ] Safepoint "Cleanup", Time since last: 1972587700 ns, Reaching safepoint: 20700 ns, Cleanup: 30600 ns, At safepoint: 14700 ns, Total: 66000 ns
[2024-06-03T02:30:28.558+0000][11240][info ][safepoint   ] Safepoint "Cleanup", Time since last: 2015573300 ns, Reaching safepoint: 17200 ns, Cleanup: 12600 ns, At safepoint: 1500 ns, Total: 31300 ns
[2024-06-03T02:30:29.573+0000][11240][info ][safepoint   ] Safepoint "Cleanup", Time since last: 1015046200 ns, Reaching safepoint: 20700 ns, Cleanup: 25300 ns, At safepoint: 4100 ns, Total: 50100 ns
[2024-06-03T02:30:31.593+0000][11240][info ][safepoint   ] Safepoint "Cleanup", Time since last: 2019427600 ns, Reaching safepoint: 24400 ns, Cleanup: 32400 ns, At safepoint: 4400 ns, Total: 61200 ns
[2024-06-03T02:30:45.728+0000][11240][info ][safepoint   ] Safepoint "Cleanup", Time since last: 14134985600 ns, Reaching safepoint: 50000 ns, Cleanup: 22300 ns, At safepoint: 4900 ns, Total: 77200 ns
[2024-06-03T02:30:47.741+0000][11240][info ][safepoint   ] Safepoint "Cleanup", Time since last: 2013114100 ns, Reaching safepoint: 23400 ns, Cleanup: 27600 ns, At safepoint: 5300 ns, Total: 56300 ns
[2024-06-03T02:30:54.773+0000][11240][info ][safepoint   ] Safepoint "Cleanup", Time since last: 7032011400 ns, Reaching safepoint: 17900 ns, Cleanup: 20300 ns, At safepoint: 2600 ns, Total: 40800 ns
[2024-06-03T02:30:56.789+0000][11240][info ][safepoint   ] Safepoint "Cleanup", Time since last: 2015904900 ns, Reaching safepoint: 23500 ns, Cleanup: 23000 ns, At safepoint: 4500 ns, Total: 51000 ns
[2024-06-03T02:30:57.801+0000][11240][info ][safepoint   ] Safepoint "Cleanup", Time since last: 1011896100 ns, Reaching safepoint: 22100 ns, Cleanup: 23800 ns, At safepoint: 3900 ns, Total: 49800 ns
[2024-06-03T02:31:04.863+0000][11240][info ][safepoint   ] Safepoint "Cleanup", Time since last: 7062285000 ns, Reaching safepoint: 309400 ns, Cleanup: 19900 ns, At safepoint: 80700 ns, Total: 410000 ns
[2024-06-03T02:31:06.357+0000][11240][info ][safepoint   ] Safepoint "Cleanup", Time since last: 1493198800 ns, Reaching safepoint: 31400 ns, Cleanup: 166800 ns, At safepoint: 5400 ns, Total: 203600 ns
[2024-06-03T02:31:28.815+0000][11240][info ][safepoint   ] Safepoint "Cleanup", Time since last: 22457517100 ns, Reaching safepoint: 29600 ns, Cleanup: 59800 ns, At safepoint: 6600 ns, Total: 96000 ns
[2024-06-03T02:31:29.829+0000][11240][info ][safepoint   ] Safepoint "Cleanup", Time since last: 1014487800 ns, Reaching safepoint: 25400 ns, Cleanup: 27600 ns, At safepoint: 3900 ns, Total: 56900 ns
[2024-06-03T02:31:49.017+0000][11240][info ][safepoint   ] Safepoint "Cleanup", Time since last: 19187794200 ns, Reaching safepoint: 28100 ns, Cleanup: 49900 ns, At safepoint: 4500 ns, Total: 82500 ns
[2024-06-03T02:31:54.074+0000][11240][info ][safepoint   ] Safepoint "Cleanup", Time since last: 5056442900 ns, Reaching safepoint: 30900 ns, Cleanup: 25000 ns, At safepoint: 4400 ns, Total: 60300 ns
[2024-06-03T02:32:01.133+0000][11240][info ][safepoint   ] Safepoint "Cleanup", Time since last: 7059021500 ns, Reaching safepoint: 22800 ns, Cleanup: 22500 ns, At safepoint: 3000 ns, Total: 48300 ns
[2024-06-03T02:32:08.196+0000][11240][info ][safepoint   ] Safepoint "Cleanup", Time since last: 7063865800 ns, Reaching safepoint: 31300 ns, Cleanup: 27000 ns, At safepoint: 4600 ns, Total: 62900 ns
[2024-06-03T02:32:12.236+0000][11240][info ][safepoint   ] Safepoint "Cleanup", Time since last: 4039944000 ns, Reaching safepoint: 44600 ns, Cleanup: 39900 ns, At safepoint: 5000 ns, Total: 89500 ns
[2024-06-03T02:32:23.345+0000][11240][info ][safepoint   ] Safepoint "Cleanup", Time since last: 11108035500 ns, Reaching safepoint: 30900 ns, Cleanup: 27800 ns, At safepoint: 4700 ns, Total: 63400 ns
[2024-06-03T02:32:25.364+0000][11240][info ][safepoint   ] Safepoint "Cleanup", Time since last: 2019632400 ns, Reaching safepoint: 28200 ns, Cleanup: 26300 ns, At safepoint: 4100 ns, Total: 58600 ns
[2024-06-03T02:32:26.903+0000][11240][info ][safepoint   ] Safepoint "Cleanup", Time since last: 1538896000 ns, Reaching safepoint: 30200 ns, Cleanup: 35100 ns, At safepoint: 5300 ns, Total: 70600 ns
[2024-06-03T02:32:29.935+0000][11240][info ][safepoint   ] Safepoint "Cleanup", Time since last: 3031866400 ns, Reaching safepoint: 29800 ns, Cleanup: 28500 ns, At safepoint: 5400 ns, Total: 63700 ns
[2024-06-03T02:32:55.200+0000][11240][info ][safepoint   ] Safepoint "Cleanup", Time since last: 25264369400 ns, Reaching safepoint: 27600 ns, Cleanup: 34200 ns, At safepoint: 4000 ns, Total: 65800 ns
[2024-06-03T02:33:07.295+0000][11240][info ][safepoint   ] Safepoint "Cleanup", Time since last: 12095264200 ns, Reaching safepoint: 22100 ns, Cleanup: 21900 ns, At safepoint: 3300 ns, Total: 47300 ns
[2024-06-03T02:33:18.361+0000][11240][info ][safepoint   ] Safepoint "Cleanup", Time since last: 11065987800 ns, Reaching safepoint: 30700 ns, Cleanup: 26100 ns, At safepoint: 5000 ns, Total: 61800 ns
[2024-06-03T02:33:23.391+0000][11240][info ][safepoint   ] Safepoint "Cleanup", Time since last: 5029677500 ns, Reaching safepoint: 52900 ns, Cleanup: 35800 ns, At safepoint: 4500 ns, Total: 93200 ns
[2024-06-03T02:33:25.398+0000][11240][info ][safepoint   ] Safepoint "Cleanup", Time since last: 2007565200 ns, Reaching safepoint: 22900 ns, Cleanup: 23000 ns, At safepoint: 3700 ns, Total: 49600 ns
[2024-06-03T02:33:28.131+0000][11240][info ][safepoint   ] Safepoint "Cleanup", Time since last: 2732430700 ns, Reaching safepoint: 30700 ns, Cleanup: 28500 ns, At safepoint: 4800 ns, Total: 64000 ns
[2024-06-03T02:33:32.163+0000][11240][info ][safepoint   ] Safepoint "Cleanup", Time since last: 4032220800 ns, Reaching safepoint: 31500 ns, Cleanup: 29900 ns, At safepoint: 5500 ns, Total: 66900 ns
[2024-06-03T02:33:37.216+0000][11240][info ][safepoint   ] Safepoint "Cleanup", Time since last: 5052674400 ns, Reaching safepoint: 28900 ns, Cleanup: 27900 ns, At safepoint: 4600 ns, Total: 61400 ns
[2024-06-03T02:33:42.250+0000][11240][info ][safepoint   ] Safepoint "Cleanup", Time since last: 5034112000 ns, Reaching safepoint: 28100 ns, Cleanup: 29500 ns, At safepoint: 5500 ns, Total: 63100 ns
[2024-06-03T02:33:43.262+0000][11240][info ][safepoint   ] Safepoint "Cleanup", Time since last: 1011620200 ns, Reaching safepoint: 28000 ns, Cleanup: 27100 ns, At safepoint: 5900 ns, Total: 61000 ns
[2024-06-03T02:33:56.395+0000][11240][info ][safepoint   ] Safepoint "Cleanup", Time since last: 13132840600 ns, Reaching safepoint: 25400 ns, Cleanup: 21800 ns, At safepoint: 13600 ns, Total: 60800 ns
[2024-06-03T02:34:18.594+0000][11240][info ][safepoint   ] Safepoint "Cleanup", Time since last: 22199020300 ns, Reaching safepoint: 52000 ns, Cleanup: 27200 ns, At safepoint: 6100 ns, Total: 85300 ns
[2024-06-03T02:34:25.632+0000][11240][info ][safepoint   ] Safepoint "Cleanup", Time since last: 7038008100 ns, Reaching safepoint: 112200 ns, Cleanup: 29200 ns, At safepoint: 75500 ns, Total: 216900 ns
[2024-06-03T02:34:27.213+0000][11240][info ][safepoint   ] Safepoint "Cleanup", Time since last: 1581075400 ns, Reaching safepoint: 30300 ns, Cleanup: 50500 ns, At safepoint: 4900 ns, Total: 85700 ns
[2024-06-03T02:34:28.225+0000][11240][info ][safepoint   ] Safepoint "Cleanup", Time since last: 1011926800 ns, Reaching safepoint: 20500 ns, Cleanup: 33100 ns, At safepoint: 3100 ns, Total: 56700 ns
[2024-06-03T02:34:42.382+0000][11240][info ][safepoint   ] Safepoint "Cleanup", Time since last: 14156235800 ns, Reaching safepoint: 30900 ns, Cleanup: 27100 ns, At safepoint: 4000 ns, Total: 62000 ns
[2024-06-03T02:35:26.234+0000][11240][info ][safepoint   ] Safepoint "Cleanup", Time since last: 43852672900 ns, Reaching safepoint: 13800 ns, Cleanup: 19300 ns, At safepoint: 2700 ns, Total: 35800 ns
[2024-06-03T02:35:27.244+0000][11240][info ][safepoint   ] Safepoint "Cleanup", Time since last: 1009676900 ns, Reaching safepoint: 28900 ns, Cleanup: 26100 ns, At safepoint: 4600 ns, Total: 59600 ns
[2024-06-03T02:35:53.499+0000][11240][info ][safepoint   ] Safepoint "Cleanup", Time since last: 26255089900 ns, Reaching safepoint: 61700 ns, Cleanup: 35300 ns, At safepoint: 7900 ns, Total: 104900 ns
[2024-06-03T02:35:55.523+0000][11240][info ][safepoint   ] Safepoint "Cleanup", Time since last: 2023477300 ns, Reaching safepoint: 30600 ns, Cleanup: 29200 ns, At safepoint: 5500 ns, Total: 65300 ns
[2024-06-03T02:36:27.393+0000][11240][info ][safepoint   ] Safepoint "Cleanup", Time since last: 31870382800 ns, Reaching safepoint: 24300 ns, Cleanup: 19800 ns, At safepoint: 3800 ns, Total: 47900 ns
[2024-06-03T02:36:57.629+0000][11240][info ][safepoint   ] Safepoint "Cleanup", Time since last: 30236143200 ns, Reaching safepoint: 28900 ns, Cleanup: 25400 ns, At safepoint: 5600 ns, Total: 59900 ns
[2024-06-03T02:37:27.404+0000][11240][info ][safepoint   ] Safepoint "Cleanup", Time since last: 29774924000 ns, Reaching safepoint: 28700 ns, Cleanup: 24500 ns, At safepoint: 5000 ns, Total: 58200 ns
[2024-06-03T02:37:32.450+0000][11240][info ][safepoint   ] Safepoint "Cleanup", Time since last: 5045445900 ns, Reaching safepoint: 29600 ns, Cleanup: 58300 ns, At safepoint: 4800 ns, Total: 92700 ns
[2024-06-03T02:37:38.477+0000][11240][info ][safepoint   ] Safepoint "Cleanup", Time since last: 6027224400 ns, Reaching safepoint: 45900 ns, Cleanup: 90300 ns, At safepoint: 11000 ns, Total: 147200 ns
[2024-06-03T02:38:12.711+0000][11240][info ][safepoint   ] Safepoint "Cleanup", Time since last: 34233696900 ns, Reaching safepoint: 63600 ns, Cleanup: 26700 ns, At safepoint: 5400 ns, Total: 95700 ns
[2024-06-03T02:38:24.795+0000][11240][info ][safepoint   ] Safepoint "Cleanup", Time since last: 12084581700 ns, Reaching safepoint: 47200 ns, Cleanup: 27300 ns, At safepoint: 5600 ns, Total: 80100 ns
[2024-06-03T02:38:27.571+0000][11240][info ][safepoint   ] Safepoint "Cleanup", Time since last: 2774964000 ns, Reaching safepoint: 28600 ns, Cleanup: 83800 ns, At safepoint: 7900 ns, Total: 120300 ns
[2024-06-03T02:38:33.600+0000][11240][info ][safepoint   ] Safepoint "Cleanup", Time since last: 6029640200 ns, Reaching safepoint: 30900 ns, Cleanup: 31000 ns, At safepoint: 4900 ns, Total: 66800 ns
[2024-06-03T02:38:54.751+0000][11240][info ][safepoint   ] Safepoint "Cleanup", Time since last: 21150300500 ns, Reaching safepoint: 28600 ns, Cleanup: 24500 ns, At safepoint: 5200 ns, Total: 58300 ns
[2024-06-03T02:38:55.754+0000][11240][info ][safepoint   ] Safepoint "Cleanup", Time since last: 1003133300 ns, Reaching safepoint: 26300 ns, Cleanup: 24000 ns, At safepoint: 4100 ns, Total: 54400 ns
[2024-06-03T02:38:57.761+0000][11240][info ][safepoint   ] Safepoint "Cleanup", Time since last: 2006715800 ns, Reaching safepoint: 47800 ns, Cleanup: 27100 ns, At safepoint: 4600 ns, Total: 79500 ns
[2024-06-03T02:39:17.898+0000][11240][info ][safepoint   ] Safepoint "Cleanup", Time since last: 20137357500 ns, Reaching safepoint: 31000 ns, Cleanup: 26000 ns, At safepoint: 5100 ns, Total: 62100 ns
[2024-06-03T02:39:20.918+0000][11240][info ][safepoint   ] Safepoint "Cleanup", Time since last: 3020316800 ns, Reaching safepoint: 30000 ns, Cleanup: 37700 ns, At safepoint: 4300 ns, Total: 72000 ns
[2024-06-03T02:39:23.942+0000][11240][info ][safepoint   ] Safepoint "Cleanup", Time since last: 3023431300 ns, Reaching safepoint: 119500 ns, Cleanup: 31800 ns, At safepoint: 14700 ns, Total: 166000 ns
[2024-06-03T02:39:24.949+0000][11240][info ][safepoint   ] Safepoint "Cleanup", Time since last: 1007146800 ns, Reaching safepoint: 38600 ns, Cleanup: 26400 ns, At safepoint: 4400 ns, Total: 69400 ns
[2024-06-03T02:39:25.951+0000][11240][info ][safepoint   ] Safepoint "Cleanup", Time since last: 1001872000 ns, Reaching safepoint: 28800 ns, Cleanup: 23300 ns, At safepoint: 4500 ns, Total: 56600 ns
[2024-06-03T02:39:27.798+0000][11240][info ][safepoint   ] Safepoint "Cleanup", Time since last: 1846503500 ns, Reaching safepoint: 30000 ns, Cleanup: 25000 ns, At safepoint: 4800 ns, Total: 59800 ns
[2024-06-03T02:39:28.798+0000][11240][info ][safepoint   ] Safepoint "Cleanup", Time since last: 1000197000 ns, Reaching safepoint: 34700 ns, Cleanup: 18700 ns, At safepoint: 2400 ns, Total: 55800 ns
[2024-06-03T02:39:49.945+0000][11240][info ][safepoint   ] Safepoint "Cleanup", Time since last: 21146661800 ns, Reaching safepoint: 27700 ns, Cleanup: 73300 ns, At safepoint: 5000 ns, Total: 106000 ns
[2024-06-03T02:39:50.950+0000][11240][info ][safepoint   ] Safepoint "Cleanup", Time since last: 1005295700 ns, Reaching safepoint: 28000 ns, Cleanup: 93300 ns, At safepoint: 3400 ns, Total: 124700 ns
[2024-06-03T02:39:51.952+0000][11240][info ][safepoint   ] Safepoint "Cleanup", Time since last: 1001268600 ns, Reaching safepoint: 42900 ns, Cleanup: 27000 ns, At safepoint: 11500 ns, Total: 81400 ns
[2024-06-03T02:39:52.960+0000][11240][info ][safepoint   ] Safepoint "Cleanup", Time since last: 1008481900 ns, Reaching safepoint: 26700 ns, Cleanup: 101100 ns, At safepoint: 4600 ns, Total: 132400 ns
[2024-06-03T02:40:11.082+0000][11240][info ][safepoint   ] Safepoint "Cleanup", Time since last: 18121431300 ns, Reaching safepoint: 40500 ns, Cleanup: 299300 ns, At safepoint: 8900 ns, Total: 348700 ns
[2024-06-03T02:40:12.091+0000][11240][info ][safepoint   ] Safepoint "Cleanup", Time since last: 1008448100 ns, Reaching safepoint: 32100 ns, Cleanup: 21700 ns, At safepoint: 25900 ns, Total: 79700 ns
[2024-06-03T02:40:13.092+0000][11240][info ][safepoint   ] Safepoint "Cleanup", Time since last: 1001042400 ns, Reaching safepoint: 30200 ns, Cleanup: 30700 ns, At safepoint: 4600 ns, Total: 65500 ns
[2024-06-03T02:40:21.134+0000][11240][info ][safepoint   ] Safepoint "Cleanup", Time since last: 8042021600 ns, Reaching safepoint: 33900 ns, Cleanup: 25100 ns, At safepoint: 4400 ns, Total: 63400 ns
[2024-06-03T02:40:26.168+0000][11240][info ][safepoint   ] Safepoint "Cleanup", Time since last: 5034478600 ns, Reaching safepoint: 22700 ns, Cleanup: 13200 ns, At safepoint: 7200 ns, Total: 43100 ns
[2024-06-03T02:40:27.827+0000][11240][info ][safepoint   ] Safepoint "Cleanup", Time since last: 1658146200 ns, Reaching safepoint: 30400 ns, Cleanup: 28800 ns, At safepoint: 4600 ns, Total: 63800 ns
[2024-06-03T02:40:34.879+0000][11240][info ][safepoint   ] Safepoint "Cleanup", Time since last: 7052162800 ns, Reaching safepoint: 34100 ns, Cleanup: 22800 ns, At safepoint: 4800 ns, Total: 61700 ns
[2024-06-03T02:40:43.961+0000][11240][info ][safepoint   ] Safepoint "Cleanup", Time since last: 9082309900 ns, Reaching safepoint: 23500 ns, Cleanup: 20700 ns, At safepoint: 3200 ns, Total: 47400 ns
[2024-06-03T02:40:55.034+0000][11240][info ][safepoint   ] Safepoint "Cleanup", Time since last: 11073059900 ns, Reaching safepoint: 19300 ns, Cleanup: 15900 ns, At safepoint: 1900 ns, Total: 37100 ns
[2024-06-03T02:40:58.065+0000][11240][info ][safepoint   ] Safepoint "Cleanup", Time since last: 3031041100 ns, Reaching safepoint: 31100 ns, Cleanup: 137700 ns, At safepoint: 53100 ns, Total: 221900 ns
[2024-06-03T02:41:20.206+0000][11240][info ][safepoint   ] Safepoint "Cleanup", Time since last: 22140254300 ns, Reaching safepoint: 68600 ns, Cleanup: 27600 ns, At safepoint: 6400 ns, Total: 102600 ns
[2024-06-03T02:41:25.271+0000][11240][info ][safepoint   ] Safepoint "Cleanup", Time since last: 5064913500 ns, Reaching safepoint: 30100 ns, Cleanup: 29500 ns, At safepoint: 6100 ns, Total: 65700 ns
[2024-06-03T02:41:34.069+0000][11240][info ][safepoint   ] Safepoint "Cleanup", Time since last: 8798654300 ns, Reaching safepoint: 27800 ns, Cleanup: 25400 ns, At safepoint: 5400 ns, Total: 58600 ns
[2024-06-03T02:41:55.220+0000][11240][info ][safepoint   ] Safepoint "Cleanup", Time since last: 21150239700 ns, Reaching safepoint: 35900 ns, Cleanup: 28900 ns, At safepoint: 5100 ns, Total: 69900 ns
[2024-06-03T02:41:56.227+0000][11240][info ][safepoint   ] Safepoint "Cleanup", Time since last: 1007539200 ns, Reaching safepoint: 19900 ns, Cleanup: 18200 ns, At safepoint: 1900 ns, Total: 40000 ns
[2024-06-03T02:42:21.369+0000][11240][info ][safepoint   ] Safepoint "Cleanup", Time since last: 25141381500 ns, Reaching safepoint: 29900 ns, Cleanup: 50900 ns, At safepoint: 2400 ns, Total: 83200 ns
[2024-06-03T02:42:26.416+0000][11240][info ][safepoint   ] Safepoint "Cleanup", Time since last: 5046563600 ns, Reaching safepoint: 59700 ns, Cleanup: 33200 ns, At safepoint: 6900 ns, Total: 99800 ns
[2024-06-03T02:42:28.114+0000][11240][info ][safepoint   ] Safepoint "Cleanup", Time since last: 1698273700 ns, Reaching safepoint: 30900 ns, Cleanup: 25200 ns, At safepoint: 86100 ns, Total: 142200 ns
[2024-06-03T02:42:31.126+0000][11240][info ][safepoint   ] Safepoint "Cleanup", Time since last: 3012168800 ns, Reaching safepoint: 16000 ns, Cleanup: 36400 ns, At safepoint: 3100 ns, Total: 55500 ns
[2024-06-03T02:42:55.339+0000][11240][info ][safepoint   ] Safepoint "Cleanup", Time since last: 24212818100 ns, Reaching safepoint: 57200 ns, Cleanup: 25900 ns, At safepoint: 7100 ns, Total: 90200 ns
[2024-06-03T02:43:56.521+0000][11240][info ][safepoint   ] Safepoint "Cleanup", Time since last: 61181584200 ns, Reaching safepoint: 71800 ns, Cleanup: 11600 ns, At safepoint: 9800 ns, Total: 93200 ns
[2024-06-03T02:43:58.536+0000][11240][info ][safepoint   ] Safepoint "Cleanup", Time since last: 2014964400 ns, Reaching safepoint: 39500 ns, Cleanup: 26900 ns, At safepoint: 5300 ns, Total: 71700 ns
[2024-06-03T02:44:24.714+0000][11240][info ][safepoint   ] Safepoint "Cleanup", Time since last: 26177760900 ns, Reaching safepoint: 28900 ns, Cleanup: 29000 ns, At safepoint: 4100 ns, Total: 62000 ns
[2024-06-03T02:44:25.726+0000][11240][info ][safepoint   ] Safepoint "Cleanup", Time since last: 1012002300 ns, Reaching safepoint: 22300 ns, Cleanup: 23500 ns, At safepoint: 4300 ns, Total: 50100 ns
[2024-06-03T02:44:26.727+0000][11240][info ][safepoint   ] Safepoint "Cleanup", Time since last: 1000857800 ns, Reaching safepoint: 38500 ns, Cleanup: 28300 ns, At safepoint: 6000 ns, Total: 72800 ns
[2024-06-03T02:44:28.407+0000][11240][info ][safepoint   ] Safepoint "Cleanup", Time since last: 1680205100 ns, Reaching safepoint: 21300 ns, Cleanup: 19900 ns, At safepoint: 2600 ns, Total: 43800 ns
[2024-06-03T02:44:43.501+0000][11240][info ][safepoint   ] Safepoint "Cleanup", Time since last: 15093914300 ns, Reaching safepoint: 26900 ns, Cleanup: 22900 ns, At safepoint: 2700 ns, Total: 52500 ns
[2024-06-03T02:44:48.537+0000][11240][info ][safepoint   ] Safepoint "Cleanup", Time since last: 5035905700 ns, Reaching safepoint: 18700 ns, Cleanup: 12100 ns, At safepoint: 1800 ns, Total: 32600 ns
[2024-06-03T02:44:55.593+0000][11240][info ][safepoint   ] Safepoint "Cleanup", Time since last: 7056236500 ns, Reaching safepoint: 19300 ns, Cleanup: 16100 ns, At safepoint: 6200 ns, Total: 41600 ns
[2024-06-03T02:45:25.834+0000][11240][info ][safepoint   ] Safepoint "Cleanup", Time since last: 30241154600 ns, Reaching safepoint: 23800 ns, Cleanup: 30400 ns, At safepoint: 3300 ns, Total: 57500 ns
[2024-06-03T02:45:48.212+0000][11240][info ][safepoint   ] Safepoint "Cleanup", Time since last: 22379082600 ns, Reaching safepoint: 496800 ns, Cleanup: 16300 ns, At safepoint: 7600 ns, Total: 520700 ns
[2024-06-03T02:45:49.224+0000][11240][info ][safepoint   ] Safepoint "Cleanup", Time since last: 1010400600 ns, Reaching safepoint: 21300 ns, Cleanup: 22800 ns, At safepoint: 2500 ns, Total: 46600 ns
[2024-06-03T02:45:54.267+0000][11240][info ][safepoint   ] Safepoint "Cleanup", Time since last: 5042150900 ns, Reaching safepoint: 24900 ns, Cleanup: 108700 ns, At safepoint: 4800 ns, Total: 138400 ns
[2024-06-03T02:45:55.282+0000][11240][info ][safepoint   ] Safepoint "Cleanup", Time since last: 1015302100 ns, Reaching safepoint: 25700 ns, Cleanup: 20600 ns, At safepoint: 4000 ns, Total: 50300 ns
[2024-06-03T02:45:57.304+0000][11240][info ][safepoint   ] Safepoint "Cleanup", Time since last: 2022098400 ns, Reaching safepoint: 23100 ns, Cleanup: 22000 ns, At safepoint: 3100 ns, Total: 48200 ns
[2024-06-03T02:46:11.411+0000][11240][info ][safepoint   ] Safepoint "Cleanup", Time since last: 14107099400 ns, Reaching safepoint: 55000 ns, Cleanup: 35500 ns, At safepoint: 4100 ns, Total: 94600 ns
[2024-06-03T02:46:30.516+0000][11240][info ][safepoint   ] Safepoint "Cleanup", Time since last: 19104587600 ns, Reaching safepoint: 34300 ns, Cleanup: 27500 ns, At safepoint: 4900 ns, Total: 66700 ns
[2024-06-03T02:46:56.696+0000][11240][info ][safepoint   ] Safepoint "Cleanup", Time since last: 26179996400 ns, Reaching safepoint: 45100 ns, Cleanup: 43900 ns, At safepoint: 8700 ns, Total: 97700 ns
[2024-06-03T02:47:07.785+0000][11240][info ][safepoint   ] Safepoint "Cleanup", Time since last: 11088543900 ns, Reaching safepoint: 23200 ns, Cleanup: 37100 ns, At safepoint: 5000 ns, Total: 65300 ns
[2024-06-03T02:47:25.933+0000][11240][info ][safepoint   ] Safepoint "Cleanup", Time since last: 18148208300 ns, Reaching safepoint: 62500 ns, Cleanup: 30200 ns, At safepoint: 7300 ns, Total: 100000 ns
[2024-06-03T02:48:55.241+0000][11240][info ][safepoint   ] Safepoint "Cleanup", Time since last: 89308098400 ns, Reaching safepoint: 76800 ns, Cleanup: 46100 ns, At safepoint: 31500 ns, Total: 154400 ns
[2024-06-03T02:49:09.390+0000][11240][info ][safepoint   ] Safepoint "Cleanup", Time since last: 14148674100 ns, Reaching safepoint: 30100 ns, Cleanup: 28700 ns, At safepoint: 14600 ns, Total: 73400 ns
[2024-06-03T02:49:21.464+0000][11240][info ][safepoint   ] Safepoint "Cleanup", Time since last: 12073795100 ns, Reaching safepoint: 39000 ns, Cleanup: 19500 ns, At safepoint: 3100 ns, Total: 61600 ns
[2024-06-03T02:49:22.474+0000][11240][info ][safepoint   ] Safepoint "Cleanup", Time since last: 1009545700 ns, Reaching safepoint: 34000 ns, Cleanup: 35900 ns, At safepoint: 3700 ns, Total: 73600 ns
[2024-06-03T02:49:25.506+0000][11240][info ][safepoint   ] Safepoint "Cleanup", Time since last: 3032226000 ns, Reaching safepoint: 23600 ns, Cleanup: 17000 ns, At safepoint: 9800 ns, Total: 50400 ns
[2024-06-03T02:49:30.906+0000][11240][info ][safepoint   ] Safepoint "Cleanup", Time since last: 5400239300 ns, Reaching safepoint: 37800 ns, Cleanup: 47500 ns, At safepoint: 5300 ns, Total: 90600 ns
[2024-06-03T02:49:44.955+0000][11240][info ][safepoint   ] Safepoint "Cleanup", Time since last: 14048815200 ns, Reaching safepoint: 40400 ns, Cleanup: 40400 ns, At safepoint: 5800 ns, Total: 86600 ns
[2024-06-03T02:49:55.025+0000][11240][info ][safepoint   ] Safepoint "Cleanup", Time since last: 10069948000 ns, Reaching safepoint: 27800 ns, Cleanup: 33800 ns, At safepoint: 6100 ns, Total: 67700 ns
[2024-06-03T02:50:44.362+0000][11240][info ][safepoint   ] Safepoint "Cleanup", Time since last: 49336726700 ns, Reaching safepoint: 34000 ns, Cleanup: 42599 ns, At safepoint: 6001 ns, Total: 82600 ns
[2024-06-03T02:51:23.619+0000][11240][info ][safepoint   ] Safepoint "Cleanup", Time since last: 39257774200 ns, Reaching safepoint: 33499 ns, Cleanup: 30700 ns, At safepoint: 6500 ns, Total: 70699 ns
[2024-06-03T02:51:26.646+0000][11240][info ][safepoint   ] Safepoint "Cleanup", Time since last: 3026482401 ns, Reaching safepoint: 51399 ns, Cleanup: 24901 ns, At safepoint: 4800 ns, Total: 81100 ns
[2024-06-03T02:51:53.851+0000][11240][info ][safepoint   ] Safepoint "Cleanup", Time since last: 27204389400 ns, Reaching safepoint: 23000 ns, Cleanup: 19700 ns, At safepoint: 3200 ns, Total: 45900 ns
[2024-06-03T02:52:57.219+0000][11240][info ][safepoint   ] Safepoint "Cleanup", Time since last: 63368219900 ns, Reaching safepoint: 44700 ns, Cleanup: 46300 ns, At safepoint: 8200 ns, Total: 99200 ns
[2024-06-03T02:52:58.221+0000][11240][info ][safepoint   ] Safepoint "Cleanup", Time since last: 1001939499 ns, Reaching safepoint: 31901 ns, Cleanup: 90999 ns, At safepoint: 4801 ns, Total: 127701 ns
[2024-06-03T02:53:05.247+0000][11240][info ][safepoint   ] Safepoint "Cleanup", Time since last: 7025686899 ns, Reaching safepoint: 21301 ns, Cleanup: 44700 ns, At safepoint: 2799 ns, Total: 68800 ns
[2024-06-03T02:53:06.262+0000][11240][info ][safepoint   ] Safepoint "Cleanup", Time since last: 1014900401 ns, Reaching safepoint: 25200 ns, Cleanup: 25100 ns, At safepoint: 3100 ns, Total: 53400 ns
[2024-06-03T02:53:26.410+0000][11240][info ][safepoint   ] Safepoint "Cleanup", Time since last: 20147741500 ns, Reaching safepoint: 23600 ns, Cleanup: 21599 ns, At safepoint: 3801 ns, Total: 49000 ns
[2024-06-03T02:53:32.243+0000][11240][info ][safepoint   ] Safepoint "Cleanup", Time since last: 5833203500 ns, Reaching safepoint: 38699 ns, Cleanup: 24100 ns, At safepoint: 5801 ns, Total: 68600 ns
[2024-06-03T02:53:55.379+0000][11240][info ][safepoint   ] Safepoint "Cleanup", Time since last: 23136128100 ns, Reaching safepoint: 32100 ns, Cleanup: 25800 ns, At safepoint: 5799 ns, Total: 63699 ns
[2024-06-03T02:54:57.445+0000][11240][info ][safepoint   ] Safepoint "Cleanup", Time since last: 62066355801 ns, Reaching safepoint: 21700 ns, Cleanup: 20200 ns, At safepoint: 2900 ns, Total: 44800 ns
[2024-06-03T02:55:56.603+0000][11240][info ][safepoint   ] Safepoint "Cleanup", Time since last: 59157319099 ns, Reaching safepoint: 46100 ns, Cleanup: 17501 ns, At safepoint: 2800 ns, Total: 66401 ns
[2024-06-03T02:56:55.688+0000][11240][info ][safepoint   ] Safepoint "Cleanup", Time since last: 59085204900 ns, Reaching safepoint: 24199 ns, Cleanup: 19301 ns, At safepoint: 8000 ns, Total: 51500 ns
[2024-06-03T02:57:42.717+0000][11240][info ][safepoint   ] Safepoint "Cleanup", Time since last: 47028996300 ns, Reaching safepoint: 36700 ns, Cleanup: 25299 ns, At safepoint: 15700 ns, Total: 77699 ns
[2024-06-03T02:57:47.749+0000][11240][info ][safepoint   ] Safepoint "Cleanup", Time since last: 5031913501 ns, Reaching safepoint: 24799 ns, Cleanup: 24901 ns, At safepoint: 2200 ns, Total: 51900 ns
[2024-06-03T02:59:26.143+0000][11240][info ][safepoint   ] Safepoint "Cleanup", Time since last: 98393619900 ns, Reaching safepoint: 43299 ns, Cleanup: 31200 ns, At safepoint: 6400 ns, Total: 80899 ns
[2024-06-03T03:00:29.961+0000][11240][info ][safepoint   ] Safepoint "Cleanup", Time since last: 63818298701 ns, Reaching safepoint: 22700 ns, Cleanup: 18500 ns, At safepoint: 3000 ns, Total: 44200 ns
[2024-06-03T03:00:51.091+0000][11240][info ][safepoint   ] Safepoint "Cleanup", Time since last: 21130125500 ns, Reaching safepoint: 66900 ns, Cleanup: 54300 ns, At safepoint: 5900 ns, Total: 127100 ns
[2024-06-03T03:01:25.279+0000][11240][info ][safepoint   ] Safepoint "Cleanup", Time since last: 34187193200 ns, Reaching safepoint: 35300 ns, Cleanup: 26400 ns, At safepoint: 8400 ns, Total: 70100 ns
[2024-06-03T03:01:27.296+0000][11240][info ][safepoint   ] Safepoint "Cleanup", Time since last: 2017843200 ns, Reaching safepoint: 57600 ns, Cleanup: 34300 ns, At safepoint: 5500 ns, Total: 97400 ns
[2024-06-03T03:01:37.029+0000][11240][info ][safepoint   ] Safepoint "Cleanup", Time since last: 9732548000 ns, Reaching safepoint: 36099 ns, Cleanup: 111601 ns, At safepoint: 7600 ns, Total: 155300 ns
[2024-06-03T03:01:46.104+0000][11240][info ][safepoint   ] Safepoint "Cleanup", Time since last: 9074596299 ns, Reaching safepoint: 43701 ns, Cleanup: 39799 ns, At safepoint: 5001 ns, Total: 88501 ns
[2024-06-03T03:01:56.173+0000][11240][info ][safepoint   ] Safepoint "Cleanup", Time since last: 10069267899 ns, Reaching safepoint: 59101 ns, Cleanup: 29100 ns, At safepoint: 28800 ns, Total: 117001 ns
[2024-06-03T03:01:57.186+0000][11240][info ][safepoint   ] Safepoint "Cleanup", Time since last: 1012782400 ns, Reaching safepoint: 36100 ns, Cleanup: 22800 ns, At safepoint: 2100 ns, Total: 61000 ns
[2024-06-03T03:02:01.220+0000][11240][info ][safepoint   ] Safepoint "Cleanup", Time since last: 4033957800 ns, Reaching safepoint: 21200 ns, Cleanup: 46600 ns, At safepoint: 3899 ns, Total: 71699 ns
[2024-06-03T03:02:25.384+0000][11240][info ][safepoint   ] Safepoint "Cleanup", Time since last: 24163582101 ns, Reaching safepoint: 33900 ns, Cleanup: 16200 ns, At safepoint: 2499 ns, Total: 52599 ns
[2024-06-03T03:02:27.397+0000][11240][info ][safepoint   ] Safepoint "Cleanup", Time since last: 2013477400 ns, Reaching safepoint: 34301 ns, Cleanup: 30400 ns, At safepoint: 6500 ns, Total: 71201 ns
[2024-06-03T03:03:25.333+0000][11240][info ][safepoint   ] Safepoint "Cleanup", Time since last: 57921712600 ns, Reaching safepoint: 13670800 ns, Cleanup: 31000 ns, At safepoint: 45100 ns, Total: 13746900 ns
[2024-06-03T03:04:25.416+0000][11240][info ][safepoint   ] Safepoint "Cleanup", Time since last: 60082981900 ns, Reaching safepoint: 33900 ns, Cleanup: 31100 ns, At safepoint: 6000 ns, Total: 71000 ns
[2024-06-03T03:04:28.441+0000][11240][info ][safepoint   ] Safepoint "Cleanup", Time since last: 3024706700 ns, Reaching safepoint: 33000 ns, Cleanup: 28600 ns, At safepoint: 5499 ns, Total: 67099 ns
[2024-06-03T03:05:25.480+0000][11240][info ][safepoint   ] Safepoint "Cleanup", Time since last: 57039205501 ns, Reaching safepoint: 57200 ns, Cleanup: 29199 ns, At safepoint: 6901 ns, Total: 93300 ns
[2024-06-03T03:05:54.614+0000][11240][info ][safepoint   ] Safepoint "Cleanup", Time since last: 29133555399 ns, Reaching safepoint: 43001 ns, Cleanup: 29300 ns, At safepoint: 4399 ns, Total: 76700 ns
[2024-06-03T03:06:13.738+0000][11240][info ][safepoint   ] Safepoint "Cleanup", Time since last: 19124064501 ns, Reaching safepoint: 37500 ns, Cleanup: 26899 ns, At safepoint: 4901 ns, Total: 69300 ns
[2024-06-03T03:08:25.987+0000][11240][info ][safepoint   ] Safepoint "Cleanup", Time since last: 132249128000 ns, Reaching safepoint: 32599 ns, Cleanup: 33901 ns, At safepoint: 2200 ns, Total: 68700 ns
[2024-06-03T03:10:27.082+0000][11240][info ][safepoint   ] Safepoint "Cleanup", Time since last: 121095229900 ns, Reaching safepoint: 43999 ns, Cleanup: 25901 ns, At safepoint: 3600 ns, Total: 73500 ns
[2024-06-03T03:10:53.912+0000][11240][info ][safepoint   ] Safepoint "Cleanup", Time since last: 26829603200 ns, Reaching safepoint: 31000 ns, Cleanup: 32500 ns, At safepoint: 4700 ns, Total: 68200 ns
[2024-06-03T03:11:01.946+0000][11240][info ][safepoint   ] Safepoint "Cleanup", Time since last: 8034040800 ns, Reaching safepoint: 26900 ns, Cleanup: 30700 ns, At safepoint: 3700 ns, Total: 61300 ns
[2024-06-03T03:11:06.979+0000][11240][info ][safepoint   ] Safepoint "Cleanup", Time since last: 5032530100 ns, Reaching safepoint: 45600 ns, Cleanup: 45400 ns, At safepoint: 3900 ns, Total: 94900 ns
[2024-06-03T03:11:56.227+0000][11240][info ][safepoint   ] Safepoint "Cleanup", Time since last: 49248397800 ns, Reaching safepoint: 24300 ns, Cleanup: 24799 ns, At safepoint: 12901 ns, Total: 62000 ns
[2024-06-03T03:12:26.455+0000][11240][info ][safepoint   ] Safepoint "Cleanup", Time since last: 30228162899 ns, Reaching safepoint: 34101 ns, Cleanup: 26899 ns, At safepoint: 6201 ns, Total: 67201 ns
[2024-06-03T03:12:27.465+0000][11240][info ][safepoint   ] Safepoint "Cleanup", Time since last: 1010127900 ns, Reaching safepoint: 20800 ns, Cleanup: 15800 ns, At safepoint: 7300 ns, Total: 43900 ns
[2024-06-03T03:12:57.269+0000][11240][info ][safepoint   ] Safepoint "Cleanup", Time since last: 29803949599 ns, Reaching safepoint: 43501 ns, Cleanup: 18199 ns, At safepoint: 4801 ns, Total: 66501 ns
[2024-06-03T03:13:26.440+0000][11240][info ][safepoint   ] Safepoint "Cleanup", Time since last: 29170783999 ns, Reaching safepoint: 71701 ns, Cleanup: 28499 ns, At safepoint: 7300 ns, Total: 107500 ns
[2024-06-03T03:14:00.371+0000][11240][info ][safepoint   ] Safepoint "Cleanup", Time since last: 33930593601 ns, Reaching safepoint: 59300 ns, Cleanup: 108200 ns, At safepoint: 9700 ns, Total: 177200 ns
[2024-06-03T03:14:03.388+0000][11240][info ][safepoint   ] Safepoint "Cleanup", Time since last: 3016367100 ns, Reaching safepoint: 29400 ns, Cleanup: 22100 ns, At safepoint: 8500 ns, Total: 60000 ns
[2024-06-03T03:14:04.388+0000][11240][info ][safepoint   ] Safepoint "Cleanup", Time since last: 1000581400 ns, Reaching safepoint: 34099 ns, Cleanup: 35501 ns, At safepoint: 5200 ns, Total: 74800 ns
[2024-06-03T03:14:18.477+0000][11240][info ][safepoint   ] Safepoint "Cleanup", Time since last: 14088555000 ns, Reaching safepoint: 31799 ns, Cleanup: 25001 ns, At safepoint: 5699 ns, Total: 62499 ns
[2024-06-03T03:14:26.517+0000][11240][info ][safepoint   ] Safepoint "Cleanup", Time since last: 8040630000 ns, Reaching safepoint: 36101 ns, Cleanup: 31399 ns, At safepoint: 4901 ns, Total: 72401 ns
[2024-06-03T03:14:28.525+0000][11240][info ][safepoint   ] Safepoint "Cleanup", Time since last: 2007429600 ns, Reaching safepoint: 33200 ns, Cleanup: 26900 ns, At safepoint: 6300 ns, Total: 66400 ns
[2024-06-03T03:17:04.806+0000][11240][info ][safepoint   ] Safepoint "Cleanup", Time since last: 156280715600 ns, Reaching safepoint: 30500 ns, Cleanup: 34000 ns, At safepoint: 2699 ns, Total: 67199 ns
[2024-06-03T03:17:07.828+0000][11240][info ][safepoint   ] Safepoint "Cleanup", Time since last: 3022574100 ns, Reaching safepoint: 20601 ns, Cleanup: 24199 ns, At safepoint: 2801 ns, Total: 47601 ns
[2024-06-03T03:17:27.965+0000][11240][info ][safepoint   ] Safepoint "Cleanup", Time since last: 20136094400 ns, Reaching safepoint: 29800 ns, Cleanup: 18899 ns, At safepoint: 2901 ns, Total: 51600 ns
[2024-06-03T03:17:56.943+0000][11240][info ][safepoint   ] Safepoint "Cleanup", Time since last: 28978194500 ns, Reaching safepoint: 30500 ns, Cleanup: 17600 ns, At safepoint: 2800 ns, Total: 50900 ns
[2024-06-03T03:17:57.944+0000][11240][info ][safepoint   ] Safepoint "Cleanup", Time since last: 1000790799 ns, Reaching safepoint: 22101 ns, Cleanup: 19500 ns, At safepoint: 2300 ns, Total: 43901 ns
[2024-06-03T03:18:27.143+0000][11240][info ][safepoint   ] Safepoint "Cleanup", Time since last: 29199324500 ns, Reaching safepoint: 33699 ns, Cleanup: 28401 ns, At safepoint: 1799 ns, Total: 63899 ns
[2024-06-03T03:18:57.103+0000][11240][info ][safepoint   ] Safepoint "Cleanup", Time since last: 29959818301 ns, Reaching safepoint: 22000 ns, Cleanup: 13200 ns, At safepoint: 2100 ns, Total: 37300 ns
[2024-06-03T03:20:58.337+0000][11240][info ][safepoint   ] Safepoint "Cleanup", Time since last: 121234211099 ns, Reaching safepoint: 33201 ns, Cleanup: 28199 ns, At safepoint: 5001 ns, Total: 66401 ns
[2024-06-03T03:23:36.899+0000][11240][info ][safepoint   ] Safepoint "Cleanup", Time since last: 158561601299 ns, Reaching safepoint: 34701 ns, Cleanup: 31600 ns, At safepoint: 5000 ns, Total: 71301 ns
[2024-06-03T03:23:41.942+0000][11240][info ][safepoint   ] Safepoint "Cleanup", Time since last: 5042507399 ns, Reaching safepoint: 29800 ns, Cleanup: 25301 ns, At safepoint: 98299 ns, Total: 153400 ns
[2024-06-03T03:23:48.979+0000][11240][info ][safepoint   ] Safepoint "Cleanup", Time since last: 7037522401 ns, Reaching safepoint: 35700 ns, Cleanup: 26700 ns, At safepoint: 5100 ns, Total: 67500 ns
[2024-06-03T03:24:16.113+0000][11240][info ][safepoint   ] Safepoint "Cleanup", Time since last: 27134199299 ns, Reaching safepoint: 51301 ns, Cleanup: 25099 ns, At safepoint: 5801 ns, Total: 82201 ns
[2024-06-03T03:25:27.421+0000][11240][info ][safepoint   ] Safepoint "Cleanup", Time since last: 71307826200 ns, Reaching safepoint: 36599 ns, Cleanup: 30800 ns, At safepoint: 5401 ns, Total: 72800 ns
[2024-06-03T03:25:56.521+0000][11240][info ][safepoint   ] Safepoint "Cleanup", Time since last: 29099808600 ns, Reaching safepoint: 32700 ns, Cleanup: 31600 ns, At safepoint: 7200 ns, Total: 71500 ns
[2024-06-03T03:27:55.960+0000][11240][info ][safepoint   ] Safepoint "Cleanup", Time since last: 119438476400 ns, Reaching safepoint: 40500 ns, Cleanup: 21600 ns, At safepoint: 5300 ns, Total: 67400 ns
[2024-06-03T03:28:26.146+0000][11240][info ][safepoint   ] Safepoint "Cleanup", Time since last: 30186471300 ns, Reaching safepoint: 42000 ns, Cleanup: 32900 ns, At safepoint: 5500 ns, Total: 80400 ns
[2024-06-03T03:29:27.535+0000][11240][info ][safepoint   ] Safepoint "Cleanup", Time since last: 61388327300 ns, Reaching safepoint: 24200 ns, Cleanup: 19500 ns, At safepoint: 3300 ns, Total: 47000 ns
[2024-06-03T03:29:56.247+0000][11240][info ][safepoint   ] Safepoint "Cleanup", Time since last: 28712484299 ns, Reaching safepoint: 30300 ns, Cleanup: 22900 ns, At safepoint: 4201 ns, Total: 57401 ns
[2024-06-03T03:30:26.403+0000][11240][info ][safepoint   ] Safepoint "Cleanup", Time since last: 30156219700 ns, Reaching safepoint: 34500 ns, Cleanup: 29199 ns, At safepoint: 8400 ns, Total: 72099 ns
[2024-06-03T03:31:28.574+0000][11240][info ][safepoint   ] Safepoint "Cleanup", Time since last: 62169874701 ns, Reaching safepoint: 48500 ns, Cleanup: 92400 ns, At safepoint: 31000 ns, Total: 171900 ns
[2024-06-03T03:31:52.727+0000][11240][info ][safepoint   ] Safepoint "Cleanup", Time since last: 24153085599 ns, Reaching safepoint: 31300 ns, Cleanup: 26401 ns, At safepoint: 5400 ns, Total: 63101 ns
[2024-06-03T03:32:56.548+0000][11240][info ][safepoint   ] Safepoint "Cleanup", Time since last: 63820809300 ns, Reaching safepoint: 47100 ns, Cleanup: 34999 ns, At safepoint: 6401 ns, Total: 88500 ns
[2024-06-03T03:33:26.703+0000][11240][info ][safepoint   ] Safepoint "Cleanup", Time since last: 30155592600 ns, Reaching safepoint: 32299 ns, Cleanup: 39601 ns, At safepoint: 6699 ns, Total: 78599 ns
[2024-06-03T03:34:07.748+0000][11240][info ][safepoint   ] Safepoint "Cleanup", Time since last: 41045092401 ns, Reaching safepoint: 22400 ns, Cleanup: 19500 ns, At safepoint: 11500 ns, Total: 53400 ns
[2024-06-03T03:34:26.850+0000][11240][info ][safepoint   ] Safepoint "Cleanup", Time since last: 19101502899 ns, Reaching safepoint: 20601 ns, Cleanup: 16300 ns, At safepoint: 2300 ns, Total: 39201 ns
[2024-06-03T03:34:58.011+0000][11240][info ][safepoint   ] Safepoint "Cleanup", Time since last: 31161165400 ns, Reaching safepoint: 34200 ns, Cleanup: 28200 ns, At safepoint: 6400 ns, Total: 68800 ns
[2024-06-03T03:35:57.718+0000][11240][info ][safepoint   ] Safepoint "Cleanup", Time since last: 59706273399 ns, Reaching safepoint: 34201 ns, Cleanup: 36300 ns, At safepoint: 6399 ns, Total: 76900 ns
[2024-06-03T03:36:17.843+0000][11240][info ][safepoint   ] Safepoint "Cleanup", Time since last: 20124955101 ns, Reaching safepoint: 32600 ns, Cleanup: 25100 ns, At safepoint: 4700 ns, Total: 62400 ns
[2024-06-03T03:37:52.288+0000][11240][info ][safepoint   ] Safepoint "Cleanup", Time since last: 94445210599 ns, Reaching safepoint: 38500 ns, Cleanup: 50301 ns, At safepoint: 4500 ns, Total: 93301 ns
[2024-06-03T03:37:57.337+0000][11240][info ][safepoint   ] Safepoint "Cleanup", Time since last: 5049087800 ns, Reaching safepoint: 47799 ns, Cleanup: 36701 ns, At safepoint: 3900 ns, Total: 88400 ns
[2024-06-03T03:38:08.424+0000][11240][info ][safepoint   ] Safepoint "Cleanup", Time since last: 11086798200 ns, Reaching safepoint: 18300 ns, Cleanup: 15000 ns, At safepoint: 1900 ns, Total: 35200 ns
[2024-06-03T03:39:00.010+0000][11240][info ][safepoint   ] Safepoint "Cleanup", Time since last: 51585752400 ns, Reaching safepoint: 24800 ns, Cleanup: 21500 ns, At safepoint: 2900 ns, Total: 49200 ns
[2024-06-03T03:40:05.252+0000][11240][info ][safepoint   ] Safepoint "Cleanup", Time since last: 65242036699 ns, Reaching safepoint: 34601 ns, Cleanup: 29400 ns, At safepoint: 5599 ns, Total: 69600 ns
[2024-06-03T03:41:14.550+0000][11240][info ][safepoint   ] Safepoint "Cleanup", Time since last: 69298246401 ns, Reaching safepoint: 53000 ns, Cleanup: 60600 ns, At safepoint: 69700 ns, Total: 183300 ns
[2024-06-03T03:41:18.564+0000][11240][info ][safepoint   ] Safepoint "Cleanup", Time since last: 4013346900 ns, Reaching safepoint: 36000 ns, Cleanup: 34300 ns, At safepoint: 5800 ns, Total: 76100 ns
[2024-06-03T03:41:23.590+0000][11240][info ][safepoint   ] Safepoint "Cleanup", Time since last: 5025957199 ns, Reaching safepoint: 25701 ns, Cleanup: 20599 ns, At safepoint: 3601 ns, Total: 49901 ns
[2024-06-03T03:41:56.461+0000][11240][info ][safepoint   ] Safepoint "Cleanup", Time since last: 32871219399 ns, Reaching safepoint: 25901 ns, Cleanup: 17800 ns, At safepoint: 2199 ns, Total: 45900 ns
[2024-06-03T03:42:01.497+0000][11240][info ][safepoint   ] Safepoint "Cleanup", Time since last: 5035602101 ns, Reaching safepoint: 24000 ns, Cleanup: 29200 ns, At safepoint: 7300 ns, Total: 60500 ns
[2024-06-03T03:42:05.533+0000][11240][info ][safepoint   ] Safepoint "Cleanup", Time since last: 4036478000 ns, Reaching safepoint: 31500 ns, Cleanup: 31400 ns, At safepoint: 5099 ns, Total: 67999 ns
[2024-06-03T03:43:23.832+0000][11240][info ][safepoint   ] Safepoint "Cleanup", Time since last: 78298752201 ns, Reaching safepoint: 55200 ns, Cleanup: 23799 ns, At safepoint: 4801 ns, Total: 83800 ns
[2024-06-03T03:44:25.319+0000][11240][info ][safepoint   ] Safepoint "Cleanup", Time since last: 61487092299 ns, Reaching safepoint: 33801 ns, Cleanup: 145100 ns, At safepoint: 42599 ns, Total: 221500 ns
[2024-06-03T03:44:36.735+0000][11240][info ][safepoint   ] Safepoint "Cleanup", Time since last: 11415112401 ns, Reaching safepoint: 27299 ns, Cleanup: 30101 ns, At safepoint: 3800 ns, Total: 61200 ns
[2024-06-03T03:46:24.081+0000][11240][info ][safepoint   ] Safepoint "Cleanup", Time since last: 107346361299 ns, Reaching safepoint: 60001 ns, Cleanup: 30000 ns, At safepoint: 4600 ns, Total: 94601 ns
[2024-06-03T03:46:30.113+0000][11240][info ][safepoint   ] Safepoint "Cleanup", Time since last: 6031858100 ns, Reaching safepoint: 26100 ns, Cleanup: 20699 ns, At safepoint: 2301 ns, Total: 49100 ns
[2024-06-03T03:46:34.144+0000][11240][info ][safepoint   ] Safepoint "Cleanup", Time since last: 4031606799 ns, Reaching safepoint: 22300 ns, Cleanup: 25401 ns, At safepoint: 2600 ns, Total: 50301 ns
[2024-06-03T03:46:56.022+0000][11240][info ][safepoint   ] Safepoint "Cleanup", Time since last: 21877319299 ns, Reaching safepoint: 37301 ns, Cleanup: 26200 ns, At safepoint: 5699 ns, Total: 69200 ns
[2024-06-03T03:49:24.503+0000][11240][info ][safepoint   ] Safepoint "Cleanup", Time since last: 148481114701 ns, Reaching safepoint: 41199 ns, Cleanup: 26901 ns, At safepoint: 3799 ns, Total: 71899 ns
[2024-06-03T03:50:43.302+0000][11240][info ][safepoint   ] Safepoint "Cleanup", Time since last: 78797835601 ns, Reaching safepoint: 27400 ns, Cleanup: 1631600 ns, At safepoint: 14100 ns, Total: 1673100 ns
[2024-06-03T03:50:48.335+0000][11240][info ][safepoint   ] Safepoint "Cleanup", Time since last: 5032428200 ns, Reaching safepoint: 31400 ns, Cleanup: 27100 ns, At safepoint: 4500 ns, Total: 63000 ns
[2024-06-03T03:50:54.385+0000][11240][info ][safepoint   ] Safepoint "Cleanup", Time since last: 6049655600 ns, Reaching safepoint: 23800 ns, Cleanup: 21800 ns, At safepoint: 2700 ns, Total: 48300 ns
[2024-06-03T03:51:19.533+0000][11240][info ][safepoint   ] Safepoint "Cleanup", Time since last: 25148594500 ns, Reaching safepoint: 50899 ns, Cleanup: 46601 ns, At safepoint: 4100 ns, Total: 101600 ns
[2024-06-03T03:52:33.703+0000][11240][info ][safepoint   ] Safepoint "Cleanup", Time since last: 74169102399 ns, Reaching safepoint: 26501 ns, Cleanup: 44300 ns, At safepoint: 5399 ns, Total: 76200 ns
[2024-06-03T03:52:43.429+0000][11240][info ][safepoint   ] Safepoint "Cleanup", Time since last: 9726332900 ns, Reaching safepoint: 39400 ns, Cleanup: 58601 ns, At safepoint: 8999 ns, Total: 107000 ns
[2024-06-03T03:52:56.542+0000][11240][info ][safepoint   ] Safepoint "Cleanup", Time since last: 13112703501 ns, Reaching safepoint: 30700 ns, Cleanup: 35899 ns, At safepoint: 5201 ns, Total: 71800 ns
[2024-06-03T03:52:58.557+0000][11240][info ][safepoint   ] Safepoint "Cleanup", Time since last: 2015491500 ns, Reaching safepoint: 27400 ns, Cleanup: 40700 ns, At safepoint: 4700 ns, Total: 72800 ns
[2024-06-03T03:53:16.653+0000][11240][info ][safepoint   ] Safepoint "Cleanup", Time since last: 18095199300 ns, Reaching safepoint: 23500 ns, Cleanup: 60500 ns, At safepoint: 5600 ns, Total: 89600 ns
[2024-06-03T03:53:19.675+0000][11240][info ][safepoint   ] Safepoint "Cleanup", Time since last: 3022254900 ns, Reaching safepoint: 32300 ns, Cleanup: 30300 ns, At safepoint: 5000 ns, Total: 67600 ns
[2024-06-03T03:53:22.694+0000][11240][info ][safepoint   ] Safepoint "Cleanup", Time since last: 3018499300 ns, Reaching safepoint: 83600 ns, Cleanup: 28699 ns, At safepoint: 5501 ns, Total: 117800 ns
[2024-06-03T03:53:26.711+0000][11240][info ][safepoint   ] Safepoint "Cleanup", Time since last: 4017651800 ns, Reaching safepoint: 32799 ns, Cleanup: 27901 ns, At safepoint: 5800 ns, Total: 66500 ns
[2024-06-03T03:53:37.377+0000][11240][info ][safepoint   ] Safepoint "Cleanup", Time since last: 10665634800 ns, Reaching safepoint: 32800 ns, Cleanup: 43200 ns, At safepoint: 4500 ns, Total: 80500 ns
[2024-06-03T03:53:41.389+0000][11240][info ][safepoint   ] Safepoint "Cleanup", Time since last: 4012254100 ns, Reaching safepoint: 25199 ns, Cleanup: 23801 ns, At safepoint: 17000 ns, Total: 66000 ns
[2024-06-03T03:53:55.476+0000][11240][info ][safepoint   ] Safepoint "Cleanup", Time since last: 14086419000 ns, Reaching safepoint: 23700 ns, Cleanup: 23000 ns, At safepoint: 3199 ns, Total: 49899 ns
[2024-06-03T03:53:56.477+0000][11240][info ][safepoint   ] Safepoint "Cleanup", Time since last: 1001189401 ns, Reaching safepoint: 44800 ns, Cleanup: 28299 ns, At safepoint: 7500 ns, Total: 80599 ns
[2024-06-03T03:54:02.498+0000][11240][info ][safepoint   ] Safepoint "Cleanup", Time since last: 6020512901 ns, Reaching safepoint: 26499 ns, Cleanup: 23900 ns, At safepoint: 5101 ns, Total: 55500 ns
[2024-06-03T03:54:04.515+0000][11240][info ][safepoint   ] Safepoint "Cleanup", Time since last: 2017044400 ns, Reaching safepoint: 22600 ns, Cleanup: 23900 ns, At safepoint: 2600 ns, Total: 49100 ns
[2024-06-03T03:54:25.641+0000][11240][info ][safepoint   ] Safepoint "Cleanup", Time since last: 21126564800 ns, Reaching safepoint: 31800 ns, Cleanup: 27100 ns, At safepoint: 5599 ns, Total: 64499 ns
[2024-06-03T03:54:26.642+0000][11240][info ][safepoint   ] Safepoint "Cleanup", Time since last: 1000422001 ns, Reaching safepoint: 24700 ns, Cleanup: 23400 ns, At safepoint: 4299 ns, Total: 52399 ns
[2024-06-03T03:55:30.003+0000][11240][info ][safepoint   ] Safepoint "Cleanup", Time since last: 63361593201 ns, Reaching safepoint: 45800 ns, Cleanup: 19400 ns, At safepoint: 4400 ns, Total: 69600 ns
[2024-06-03T03:55:32.005+0000][11240][info ][safepoint   ] Safepoint "Cleanup", Time since last: 2001453200 ns, Reaching safepoint: 21100 ns, Cleanup: 20400 ns, At safepoint: 4000 ns, Total: 45500 ns
[2024-06-03T03:59:13.440+0000][11240][info ][safepoint   ] Safepoint "Cleanup", Time since last: 221434938800 ns, Reaching safepoint: 64900 ns, Cleanup: 32099 ns, At safepoint: 6301 ns, Total: 103300 ns
[2024-06-03T03:59:25.519+0000][11240][info ][safepoint   ] Safepoint "Cleanup", Time since last: 12079129000 ns, Reaching safepoint: 36899 ns, Cleanup: 32801 ns, At safepoint: 6800 ns, Total: 76500 ns
[2024-06-03T03:59:58.735+0000][11240][info ][safepoint   ] Safepoint "Cleanup", Time since last: 33215429500 ns, Reaching safepoint: 33300 ns, Cleanup: 16300 ns, At safepoint: 2700 ns, Total: 52300 ns
[2024-06-03T04:00:57.219+0000][11240][info ][safepoint   ] Safepoint "Cleanup", Time since last: 58484584799 ns, Reaching safepoint: 20701 ns, Cleanup: 19100 ns, At safepoint: 3200 ns, Total: 43001 ns
[2024-06-03T04:01:50.640+0000][11240][info ][safepoint   ] Safepoint "Cleanup", Time since last: 53420362300 ns, Reaching safepoint: 30400 ns, Cleanup: 24599 ns, At safepoint: 4301 ns, Total: 59300 ns
[2024-06-03T04:03:29.252+0000][11240][info ][safepoint   ] Safepoint "Cleanup", Time since last: 98612713400 ns, Reaching safepoint: 54600 ns, Cleanup: 25500 ns, At safepoint: 5900 ns, Total: 86000 ns
[2024-06-03T04:04:29.658+0000][11240][info ][safepoint   ] Safepoint "Cleanup", Time since last: 60405069600 ns, Reaching safepoint: 39700 ns, Cleanup: 30900 ns, At safepoint: 6400 ns, Total: 77000 ns
[2024-06-03T04:04:56.860+0000][11240][info ][safepoint   ] Safepoint "Cleanup", Time since last: 27202439700 ns, Reaching safepoint: 25200 ns, Cleanup: 22000 ns, At safepoint: 2199 ns, Total: 49399 ns
[2024-06-03T04:04:57.871+0000][11240][info ][safepoint   ] Safepoint "Cleanup", Time since last: 1010688601 ns, Reaching safepoint: 17100 ns, Cleanup: 13000 ns, At safepoint: 1900 ns, Total: 32000 ns
[2024-06-03T04:04:59.880+0000][11240][info ][safepoint   ] Safepoint "Cleanup", Time since last: 2009114100 ns, Reaching safepoint: 33800 ns, Cleanup: 16500 ns, At safepoint: 2200 ns, Total: 52500 ns
[2024-06-03T04:05:25.064+0000][11240][info ][safepoint   ] Safepoint "Cleanup", Time since last: 25184297100 ns, Reaching safepoint: 33699 ns, Cleanup: 29201 ns, At safepoint: 6400 ns, Total: 69300 ns
[2024-06-03T04:05:29.094+0000][11240][info ][safepoint   ] Safepoint "Cleanup", Time since last: 4029895400 ns, Reaching safepoint: 27099 ns, Cleanup: 17501 ns, At safepoint: 3900 ns, Total: 48500 ns
[2024-06-03T04:06:49.619+0000][11240][info ][safepoint   ] Safepoint "Cleanup", Time since last: 80524275300 ns, Reaching safepoint: 51800 ns, Cleanup: 34900 ns, At safepoint: 4000 ns, Total: 90700 ns
[2024-06-03T04:06:53.640+0000][11240][info ][safepoint   ] Safepoint "Cleanup", Time since last: 4021094100 ns, Reaching safepoint: 30600 ns, Cleanup: 30200 ns, At safepoint: 7100 ns, Total: 67900 ns
[2024-06-03T04:07:05.722+0000][11240][info ][safepoint   ] Safepoint "Cleanup", Time since last: 12081731600 ns, Reaching safepoint: 67400 ns, Cleanup: 19800 ns, At safepoint: 8499 ns, Total: 95699 ns
[2024-06-03T04:07:12.754+0000][11240][info ][safepoint   ] Safepoint "Cleanup", Time since last: 7032670901 ns, Reaching safepoint: 34700 ns, Cleanup: 29700 ns, At safepoint: 5399 ns, Total: 69799 ns
[2024-06-03T04:07:25.852+0000][11240][info ][safepoint   ] Safepoint "Cleanup", Time since last: 13097721301 ns, Reaching safepoint: 27799 ns, Cleanup: 31801 ns, At safepoint: 3900 ns, Total: 63500 ns
[2024-06-03T04:07:30.882+0000][11240][info ][safepoint   ] Safepoint "Cleanup", Time since last: 5029778900 ns, Reaching safepoint: 34100 ns, Cleanup: 29200 ns, At safepoint: 5200 ns, Total: 68500 ns
[2024-06-03T04:07:34.906+0000][11240][info ][safepoint   ] Safepoint "Cleanup", Time since last: 4023410700 ns, Reaching safepoint: 56800 ns, Cleanup: 27000 ns, At safepoint: 4700 ns, Total: 88500 ns
[2024-06-03T04:07:51.504+0000][11240][info ][safepoint   ] Safepoint "Cleanup", Time since last: 16598093800 ns, Reaching safepoint: 464200 ns, Cleanup: 15600 ns, At safepoint: 59700 ns, Total: 539500 ns
[2024-06-03T04:09:57.758+0000][11240][info ][safepoint   ] Safepoint "Cleanup", Time since last: 126253833200 ns, Reaching safepoint: 36300 ns, Cleanup: 47200 ns, At safepoint: 7000 ns, Total: 90500 ns
[2024-06-03T04:10:26.952+0000][11240][info ][safepoint   ] Safepoint "Cleanup", Time since last: 29193835500 ns, Reaching safepoint: 30000 ns, Cleanup: 29299 ns, At safepoint: 4501 ns, Total: 63800 ns
[2024-06-03T04:14:02.977+0000][11240][info ][gc,start    ] GC(11) Pause Young (Normal) (G1 Evacuation Pause)
[2024-06-03T04:14:02.979+0000][11240][info ][gc,task     ] GC(11) Using 8 workers of 8 for evacuation
[2024-06-03T04:14:02.979+0000][11240][debug][gc,age      ] GC(11) Desired survivor size 77594624 bytes, new threshold 15 (max threshold 15)
[2024-06-03T04:14:03.729+0000][11240][info ][gc,mmu      ] GC(11) MMU target violated: 201.0ms (200.0ms/201.0ms)
[2024-06-03T04:14:03.729+0000][11240][info ][gc,phases   ] GC(11)   Pre Evacuate Collection Set: 13.9ms
[2024-06-03T04:14:03.729+0000][11240][info ][gc,phases   ] GC(11)   Merge Heap Roots: 0.6ms
[2024-06-03T04:14:03.729+0000][11240][info ][gc,phases   ] GC(11)   Evacuate Collection Set: 706.5ms
[2024-06-03T04:14:03.729+0000][11240][info ][gc,phases   ] GC(11)   Post Evacuate Collection Set: 22.4ms
[2024-06-03T04:14:03.730+0000][11240][info ][gc,phases   ] GC(11)   Other: 8.1ms
[2024-06-03T04:14:03.730+0000][11240][trace][gc,age      ] GC(11) Age table with threshold 15 (max threshold 15)
[2024-06-03T04:14:03.730+0000][11240][trace][gc,age      ] GC(11) - age   1:   29716000 bytes,   29716000 total
[2024-06-03T04:14:03.730+0000][11240][trace][gc,age      ] GC(11) - age   2:   18858328 bytes,   48574328 total
[2024-06-03T04:14:03.730+0000][11240][trace][gc,age      ] GC(11) - age   3:    9989592 bytes,   58563920 total
[2024-06-03T04:14:03.730+0000][11240][trace][gc,age      ] GC(11) - age   4:    8697128 bytes,   67261048 total
[2024-06-03T04:14:03.730+0000][11240][trace][gc,age      ] GC(11) - age   5:    2799944 bytes,   70060992 total
[2024-06-03T04:14:03.730+0000][11240][trace][gc,age      ] GC(11) - age   6:    5656400 bytes,   75717392 total
[2024-06-03T04:14:03.730+0000][11240][trace][gc,age      ] GC(11) - age   7:    2383976 bytes,   78101368 total
[2024-06-03T04:14:03.730+0000][11240][trace][gc,age      ] GC(11) - age   8:    9594056 bytes,   87695424 total
[2024-06-03T04:14:03.730+0000][11240][info ][gc,heap     ] GC(11) Eden regions: 273->0(26)
[2024-06-03T04:14:03.730+0000][11240][info ][gc,heap     ] GC(11) Survivor regions: 16->23(37)
[2024-06-03T04:14:03.730+0000][11240][info ][gc,heap     ] GC(11) Old regions: 0->0
[2024-06-03T04:14:03.730+0000][11240][info ][gc,heap     ] GC(11) Humongous regions: 2->2
[2024-06-03T04:14:03.731+0000][11240][info ][gc,metaspace] GC(11) Metaspace: 132844K(136256K)->132844K(136256K) NonClass: 114863K(116672K)->114863K(116672K) Class: 17981K(19584K)->17981K(19584K)
[2024-06-03T04:14:03.731+0000][11240][info ][gc          ] GC(11) Pause Young (Normal) (G1 Evacuation Pause) 1160M->100M(3920M) 753.941ms
[2024-06-03T04:14:03.731+0000][11240][info ][gc,cpu      ] GC(11) User=0.02s Sys=0.12s Real=0.76s
[2024-06-03T04:14:03.731+0000][11240][info ][safepoint   ] Safepoint "G1CollectForAllocation", Time since last: 216023347000 ns, Reaching safepoint: 992100 ns, Cleanup: 16100 ns, At safepoint: 755361899 ns, Total: 756370099 ns
[2024-06-03T04:14:11.769+0000][11240][info ][safepoint   ] Safepoint "Cleanup", Time since last: 8037241201 ns, Reaching safepoint: 38400 ns, Cleanup: 35800 ns, At safepoint: 3100 ns, Total: 77300 ns
[2024-06-03T04:18:32.451+0000][11240][info ][safepoint   ] Safepoint "Cleanup", Time since last: 260682067900 ns, Reaching safepoint: 66899 ns, Cleanup: 23400 ns, At safepoint: 5401 ns, Total: 95700 ns
[2024-06-03T04:19:25.122+0000][11240][info ][safepoint   ] Safepoint "Cleanup", Time since last: 52670275100 ns, Reaching safepoint: 40400 ns, Cleanup: 20900 ns, At safepoint: 3799 ns, Total: 65099 ns
[2024-06-03T04:21:19.625+0000][11240][info ][safepoint   ] Safepoint "Cleanup", Time since last: 114502976801 ns, Reaching safepoint: 49899 ns, Cleanup: 22400 ns, At safepoint: 3501 ns, Total: 75800 ns
[2024-06-03T04:21:25.666+0000][11240][info ][safepoint   ] Safepoint "Cleanup", Time since last: 6041301200 ns, Reaching safepoint: 50000 ns, Cleanup: 17299 ns, At safepoint: 3101 ns, Total: 70400 ns
[2024-06-03T04:21:42.497+0000][11240][info ][safepoint   ] Safepoint "Cleanup", Time since last: 16831154400 ns, Reaching safepoint: 27000 ns, Cleanup: 19400 ns, At safepoint: 3300 ns, Total: 49700 ns
[2024-06-03T04:24:22.102+0000][11240][info ][safepoint   ] Safepoint "Cleanup", Time since last: 159604731500 ns, Reaching safepoint: 55599 ns, Cleanup: 23500 ns, At safepoint: 5401 ns, Total: 84500 ns
[2024-06-03T04:24:55.924+0000][11240][info ][gc,start    ] GC(12) Pause Young (Normal) (G1 Evacuation Pause)
[2024-06-03T04:24:55.924+0000][11240][info ][gc,task     ] GC(12) Using 8 workers of 8 for evacuation
[2024-06-03T04:24:55.924+0000][11240][debug][gc,age      ] GC(12) Desired survivor size 14680064 bytes, new threshold 1 (max threshold 15)
[2024-06-03T04:24:55.974+0000][11240][info ][gc,phases   ] GC(12)   Pre Evacuate Collection Set: 1.8ms
[2024-06-03T04:24:55.974+0000][11240][info ][gc,phases   ] GC(12)   Merge Heap Roots: 0.2ms
[2024-06-03T04:24:55.974+0000][11240][info ][gc,phases   ] GC(12)   Evacuate Collection Set: 43.7ms
[2024-06-03T04:24:55.974+0000][11240][info ][gc,phases   ] GC(12)   Post Evacuate Collection Set: 3.3ms
[2024-06-03T04:24:55.974+0000][11240][info ][gc,phases   ] GC(12)   Other: 1.1ms
[2024-06-03T04:24:55.974+0000][11240][trace][gc,age      ] GC(12) Age table with threshold 1 (max threshold 15)
[2024-06-03T04:24:55.974+0000][11240][trace][gc,age      ] GC(12) - age   1:     121320 bytes,     121320 total
[2024-06-03T04:24:55.974+0000][11240][info ][gc,heap     ] GC(12) Eden regions: 26->0(251)
[2024-06-03T04:24:55.974+0000][11240][info ][gc,heap     ] GC(12) Survivor regions: 23->3(7)
[2024-06-03T04:24:55.974+0000][11240][info ][gc,heap     ] GC(12) Old regions: 0->22
[2024-06-03T04:24:55.974+0000][11240][info ][gc,heap     ] GC(12) Humongous regions: 2->2
[2024-06-03T04:24:55.974+0000][11240][info ][gc,metaspace] GC(12) Metaspace: 132913K(136320K)->132913K(136320K) NonClass: 114929K(116736K)->114929K(116736K) Class: 17983K(19584K)->17983K(19584K)
[2024-06-03T04:24:55.974+0000][11240][info ][gc          ] GC(12) Pause Young (Normal) (G1 Evacuation Pause) 204M->107M(3920M) 50.393ms
[2024-06-03T04:24:55.975+0000][11240][info ][gc,cpu      ] GC(12) User=0.16s Sys=0.05s Real=0.05s
[2024-06-03T04:24:55.975+0000][11240][info ][safepoint   ] Safepoint "G1CollectForAllocation", Time since last: 33822253800 ns, Reaching safepoint: 28400 ns, Cleanup: 7800 ns, At safepoint: 50487199 ns, Total: 50523399 ns
[2024-06-03T04:24:57.989+0000][11240][info ][safepoint   ] Safepoint "Cleanup", Time since last: 2014211000 ns, Reaching safepoint: 35601 ns, Cleanup: 34900 ns, At safepoint: 6400 ns, Total: 76901 ns
[2024-06-03T04:25:27.213+0000][11240][info ][safepoint   ] Safepoint "Cleanup", Time since last: 29224313799 ns, Reaching safepoint: 38700 ns, Cleanup: 35901 ns, At safepoint: 6100 ns, Total: 80701 ns
[2024-06-03T04:30:27.758+0000][11240][info ][safepoint   ] Safepoint "Cleanup", Time since last: 300543782999 ns, Reaching safepoint: 58101 ns, Cleanup: 34800 ns, At safepoint: 8400 ns, Total: 101301 ns
[2024-06-03T04:30:28.773+0000][11240][info ][safepoint   ] Safepoint "Cleanup", Time since last: 1015229800 ns, Reaching safepoint: 31600 ns, Cleanup: 30900 ns, At safepoint: 5500 ns, Total: 68000 ns
[2024-06-03T04:32:02.385+0000][11240][info ][safepoint   ] Safepoint "Cleanup", Time since last: 93612457900 ns, Reaching safepoint: 55299 ns, Cleanup: 39301 ns, At safepoint: 6899 ns, Total: 101499 ns
[2024-06-03T04:32:29.547+0000][11240][info ][safepoint   ] Safepoint "Cleanup", Time since last: 27162103001 ns, Reaching safepoint: 64200 ns, Cleanup: 25400 ns, At safepoint: 6000 ns, Total: 95600 ns
[2024-06-03T04:33:05.778+0000][11240][info ][safepoint   ] Safepoint "Cleanup", Time since last: 36230452900 ns, Reaching safepoint: 20000 ns, Cleanup: 468399 ns, At safepoint: 6900 ns, Total: 495299 ns
[2024-06-03T04:33:13.800+0000][11240][info ][safepoint   ] Safepoint "Cleanup", Time since last: 8021100601 ns, Reaching safepoint: 51099 ns, Cleanup: 33101 ns, At safepoint: 4799 ns, Total: 88999 ns
[2024-06-03T04:35:27.813+0000][11240][info ][safepoint   ] Safepoint "Cleanup", Time since last: 134013206201 ns, Reaching safepoint: 37500 ns, Cleanup: 28599 ns, At safepoint: 48501 ns, Total: 114600 ns
[2024-06-03T04:36:59.546+0000][11240][info ][safepoint   ] Safepoint "Cleanup", Time since last: 91732600000 ns, Reaching safepoint: 41200 ns, Cleanup: 27900 ns, At safepoint: 2700 ns, Total: 71800 ns
[2024-06-03T04:37:29.754+0000][11240][info ][safepoint   ] Safepoint "Cleanup", Time since last: 30207752599 ns, Reaching safepoint: 34401 ns, Cleanup: 20400 ns, At safepoint: 20699 ns, Total: 75500 ns
[2024-06-03T04:37:57.917+0000][11240][info ][safepoint   ] Safepoint "Cleanup", Time since last: 28163909001 ns, Reaching safepoint: 36600 ns, Cleanup: 28600 ns, At safepoint: 17800 ns, Total: 83000 ns
[2024-06-03T04:38:43.163+0000][11240][info ][safepoint   ] Safepoint "Cleanup", Time since last: 45245305200 ns, Reaching safepoint: 25799 ns, Cleanup: 35901 ns, At safepoint: 4400 ns, Total: 66100 ns
[2024-06-03T04:38:47.184+0000][11240][info ][safepoint   ] Safepoint "Cleanup", Time since last: 4021427500 ns, Reaching safepoint: 35799 ns, Cleanup: 32401 ns, At safepoint: 6499 ns, Total: 74699 ns
[2024-06-03T04:38:52.217+0000][11240][info ][safepoint   ] Safepoint "Cleanup", Time since last: 5032979701 ns, Reaching safepoint: 44299 ns, Cleanup: 35601 ns, At safepoint: 5400 ns, Total: 85300 ns
[2024-06-03T04:38:58.260+0000][11240][info ][safepoint   ] Safepoint "Cleanup", Time since last: 6042332400 ns, Reaching safepoint: 38200 ns, Cleanup: 19300 ns, At safepoint: 2999 ns, Total: 60499 ns
[2024-06-03T04:39:32.480+0000][11240][info ][safepoint   ] Safepoint "Cleanup", Time since last: 34220000101 ns, Reaching safepoint: 20700 ns, Cleanup: 27999 ns, At safepoint: 4001 ns, Total: 52700 ns
[2024-06-03T04:41:03.044+0000][11240][info ][safepoint   ] Safepoint "Cleanup", Time since last: 90564470700 ns, Reaching safepoint: 26600 ns, Cleanup: 428400 ns, At safepoint: 14200 ns, Total: 469200 ns
[2024-06-03T04:41:07.061+0000][11240][info ][safepoint   ] Safepoint "Cleanup", Time since last: 4016000400 ns, Reaching safepoint: 28300 ns, Cleanup: 34399 ns, At safepoint: 3801 ns, Total: 66500 ns
[2024-06-03T04:41:22.153+0000][11240][info ][safepoint   ] Safepoint "Cleanup", Time since last: 15092103399 ns, Reaching safepoint: 26801 ns, Cleanup: 23400 ns, At safepoint: 3299 ns, Total: 53500 ns
[2024-06-03T04:44:25.085+0000][11240][info ][safepoint   ] Safepoint "Cleanup", Time since last: 182932315301 ns, Reaching safepoint: 60600 ns, Cleanup: 30000 ns, At safepoint: 7600 ns, Total: 98200 ns
[2024-06-03T04:45:17.715+0000][11240][info ][safepoint   ] Safepoint "Cleanup", Time since last: 52504657299 ns, Reaching safepoint: 124825901 ns, Cleanup: 31700 ns, At safepoint: 106700 ns, Total: 124964301 ns
[2024-06-03T04:45:18.728+0000][11240][info ][safepoint   ] Safepoint "Cleanup", Time since last: 1008916400 ns, Reaching safepoint: 54100 ns, Cleanup: 3814700 ns, At safepoint: 26000 ns, Total: 3894800 ns
[2024-06-03T05:03:07.457+0000][11240][info ][safepoint   ] Safepoint "Cleanup", Time since last: 1068478487999 ns, Reaching safepoint: 250824800 ns, Cleanup: 970400 ns, At safepoint: 2749401 ns, Total: 254544601 ns
[2024-06-03T05:03:09.466+0000][11240][info ][safepoint   ] Safepoint "Cleanup", Time since last: 2005920099 ns, Reaching safepoint: 56701 ns, Cleanup: 26000 ns, At safepoint: 3100 ns, Total: 85801 ns
[2024-06-03T05:03:15.524+0000][11240][info ][safepoint   ] Safepoint "Cleanup", Time since last: 6056567100 ns, Reaching safepoint: 699100 ns, Cleanup: 22700 ns, At safepoint: 174500 ns, Total: 896300 ns
[2024-06-03T05:06:28.224+0000][11240][info ][safepoint   ] Safepoint "Cleanup", Time since last: 192700008200 ns, Reaching safepoint: 43600 ns, Cleanup: 28299 ns, At safepoint: 6101 ns, Total: 78000 ns
[2024-06-03T05:07:57.074+0000][11240][info ][safepoint   ] Safepoint "Cleanup", Time since last: 88849713399 ns, Reaching safepoint: 54400 ns, Cleanup: 26101 ns, At safepoint: 5600 ns, Total: 86101 ns
[2024-06-03T05:08:07.866+0000][11240][info ][safepoint   ] Safepoint "Cleanup", Time since last: 10791411000 ns, Reaching safepoint: 32800 ns, Cleanup: 31699 ns, At safepoint: 6801 ns, Total: 71300 ns
[2024-06-03T05:08:10.885+0000][11240][info ][safepoint   ] Safepoint "Cleanup", Time since last: 3019402499 ns, Reaching safepoint: 29801 ns, Cleanup: 27100 ns, At safepoint: 4099 ns, Total: 61000 ns
[2024-06-03T05:08:18.963+0000][11240][info ][safepoint   ] Safepoint "Cleanup", Time since last: 8077567400 ns, Reaching safepoint: 32801 ns, Cleanup: 53300 ns, At safepoint: 6099 ns, Total: 92200 ns
[2024-06-03T05:08:26.030+0000][11240][info ][safepoint   ] Safepoint "Cleanup", Time since last: 7067412101 ns, Reaching safepoint: 20900 ns, Cleanup: 23900 ns, At safepoint: 3199 ns, Total: 47999 ns
[2024-06-03T05:08:37.164+0000][11240][info ][safepoint   ] Safepoint "Cleanup", Time since last: 11133752201 ns, Reaching safepoint: 52100 ns, Cleanup: 52100 ns, At safepoint: 19399 ns, Total: 123599 ns
[2024-06-03T05:11:57.511+0000][11240][info ][safepoint   ] Safepoint "Cleanup", Time since last: 200346992101 ns, Reaching safepoint: 57300 ns, Cleanup: 79299 ns, At safepoint: 5301 ns, Total: 141900 ns
[2024-06-03T05:12:10.321+0000][11240][info ][safepoint   ] Safepoint "Cleanup", Time since last: 12809635899 ns, Reaching safepoint: 34401 ns, Cleanup: 136800 ns, At safepoint: 10800 ns, Total: 182001 ns
[2024-06-03T05:13:07.704+0000][11240][info ][safepoint   ] Safepoint "Cleanup", Time since last: 57383219799 ns, Reaching safepoint: 31901 ns, Cleanup: 25700 ns, At safepoint: 5100 ns, Total: 62701 ns
[2024-06-03T05:14:08.038+0000][11240][info ][safepoint   ] Safepoint "Cleanup", Time since last: 60334061799 ns, Reaching safepoint: 58401 ns, Cleanup: 29200 ns, At safepoint: 5099 ns, Total: 92700 ns
[2024-06-03T05:15:03.465+0000][11240][info ][safepoint   ] Safepoint "Cleanup", Time since last: 55426138101 ns, Reaching safepoint: 66700 ns, Cleanup: 28600 ns, At safepoint: 6699 ns, Total: 101999 ns
[2024-06-03T05:15:28.647+0000][11240][info ][safepoint   ] Safepoint "Cleanup", Time since last: 25182605501 ns, Reaching safepoint: 29700 ns, Cleanup: 23600 ns, At safepoint: 4400 ns, Total: 57700 ns
[2024-06-03T05:21:41.208+0000][11240][info ][safepoint   ] Safepoint "Cleanup", Time since last: 372560905800 ns, Reaching safepoint: 50500 ns, Cleanup: 36800 ns, At safepoint: 5699 ns, Total: 92999 ns
[2024-06-03T05:21:57.289+0000][11240][info ][safepoint   ] Safepoint "Cleanup", Time since last: 16080242600 ns, Reaching safepoint: 32801 ns, Cleanup: 1319699 ns, At safepoint: 14501 ns, Total: 1367001 ns
[2024-06-03T05:22:03.341+0000][11240][info ][safepoint   ] Safepoint "Cleanup", Time since last: 6051208600 ns, Reaching safepoint: 33499 ns, Cleanup: 32201 ns, At safepoint: 5599 ns, Total: 71299 ns
[2024-06-03T05:22:14.392+0000][11240][info ][safepoint   ] Safepoint "Cleanup", Time since last: 11050457301 ns, Reaching safepoint: 36900 ns, Cleanup: 41999 ns, At safepoint: 5601 ns, Total: 84500 ns
[2024-06-03T05:22:19.412+0000][11240][info ][safepoint   ] Safepoint "Cleanup", Time since last: 5019582500 ns, Reaching safepoint: 19199 ns, Cleanup: 29501 ns, At safepoint: 9999 ns, Total: 58699 ns
[2024-06-03T05:23:41.836+0000][11240][info ][safepoint   ] Safepoint "Cleanup", Time since last: 82424841601 ns, Reaching safepoint: 57400 ns, Cleanup: 31300 ns, At safepoint: 5800 ns, Total: 94500 ns
[2024-06-03T05:24:08.041+0000][11240][info ][safepoint   ] Safepoint "Cleanup", Time since last: 26202887100 ns, Reaching safepoint: 1011300 ns, Cleanup: 20400 ns, At safepoint: 71600 ns, Total: 1103300 ns
[2024-06-03T05:24:09.622+0000][11240][info ][safepoint   ] Safepoint "Cleanup", Time since last: 1581121800 ns, Reaching safepoint: 39299 ns, Cleanup: 24901 ns, At safepoint: 14399 ns, Total: 78599 ns
[2024-06-03T05:25:22.188+0000][11240][info ][safepoint   ] Safepoint "Cleanup", Time since last: 72566725301 ns, Reaching safepoint: 44200 ns, Cleanup: 23100 ns, At safepoint: 19600 ns, Total: 86900 ns
[2024-06-03T05:25:26.222+0000][11240][info ][safepoint   ] Safepoint "Cleanup", Time since last: 4033994800 ns, Reaching safepoint: 23400 ns, Cleanup: 22500 ns, At safepoint: 4500 ns, Total: 50400 ns
[2024-06-03T05:25:29.236+0000][11240][info ][safepoint   ] Safepoint "Cleanup", Time since last: 3012885000 ns, Reaching safepoint: 24100 ns, Cleanup: 20400 ns, At safepoint: 3600 ns, Total: 48100 ns
[2024-06-03T05:25:33.267+0000][11240][info ][safepoint   ] Safepoint "Cleanup", Time since last: 4031393600 ns, Reaching safepoint: 113500 ns, Cleanup: 13099 ns, At safepoint: 19001 ns, Total: 145600 ns
[2024-06-03T05:27:08.468+0000][11240][info ][safepoint   ] Safepoint "Cleanup", Time since last: 95200506099 ns, Reaching safepoint: 37301 ns, Cleanup: 23300 ns, At safepoint: 3600 ns, Total: 64201 ns
[2024-06-03T05:27:26.214+0000][11240][info ][safepoint   ] Safepoint "Cleanup", Time since last: 17745977199 ns, Reaching safepoint: 42901 ns, Cleanup: 24400 ns, At safepoint: 28200 ns, Total: 95501 ns
[2024-06-03T05:27:35.286+0000][11240][info ][safepoint   ] Safepoint "Cleanup", Time since last: 9072581700 ns, Reaching safepoint: 47900 ns, Cleanup: 37700 ns, At safepoint: 4200 ns, Total: 89800 ns
[2024-06-03T05:30:38.144+0000][11240][info ][safepoint   ] Safepoint "Cleanup", Time since last: 182854744800 ns, Reaching safepoint: 3962600 ns, Cleanup: 83400 ns, At safepoint: 20500 ns, Total: 4066500 ns
[2024-06-03T05:31:22.389+0000][11240][info ][safepoint   ] Safepoint "Cleanup", Time since last: 44243190200 ns, Reaching safepoint: 66000 ns, Cleanup: 793299 ns, At safepoint: 11001 ns, Total: 870300 ns
[2024-06-03T05:33:15.206+0000][11240][info ][safepoint   ] Safepoint "Cleanup", Time since last: 112816525799 ns, Reaching safepoint: 98300 ns, Cleanup: 24601 ns, At safepoint: 5799 ns, Total: 128700 ns
[2024-06-03T05:35:42.207+0000][11240][info ][safepoint   ] Safepoint "Cleanup", Time since last: 147001562901 ns, Reaching safepoint: 37100 ns, Cleanup: 26200 ns, At safepoint: 3600 ns, Total: 66900 ns
[2024-06-03T05:38:09.155+0000][11240][info ][safepoint   ] Safepoint "Cleanup", Time since last: 146947290999 ns, Reaching safepoint: 64101 ns, Cleanup: 35399 ns, At safepoint: 8200 ns, Total: 107700 ns
[2024-06-03T05:40:08.012+0000][11240][info ][safepoint   ] Safepoint "Cleanup", Time since last: 118857104600 ns, Reaching safepoint: 53700 ns, Cleanup: 31301 ns, At safepoint: 5100 ns, Total: 90101 ns
[2024-06-03T05:40:12.913+0000][11240][info ][safepoint   ] Safepoint "Cleanup", Time since last: 4901231400 ns, Reaching safepoint: 26000 ns, Cleanup: 27700 ns, At safepoint: 3500 ns, Total: 57200 ns
[2024-06-03T05:40:39.140+0000][11240][info ][safepoint   ] Safepoint "Cleanup", Time since last: 26226491300 ns, Reaching safepoint: 49199 ns, Cleanup: 27401 ns, At safepoint: 4900 ns, Total: 81500 ns
[2024-06-03T05:43:33.390+0000][11240][info ][safepoint   ] Safepoint "Cleanup", Time since last: 174250281999 ns, Reaching safepoint: 44601 ns, Cleanup: 51300 ns, At safepoint: 5500 ns, Total: 101401 ns
[2024-06-03T05:43:38.413+0000][11240][info ][safepoint   ] Safepoint "Cleanup", Time since last: 5022301000 ns, Reaching safepoint: 32500 ns, Cleanup: 102900 ns, At safepoint: 18700 ns, Total: 154100 ns
[2024-06-03T05:44:55.751+0000][11240][info ][safepoint   ] Safepoint "Cleanup", Time since last: 77338283300 ns, Reaching safepoint: 53700 ns, Cleanup: 38000 ns, At safepoint: 5000 ns, Total: 96700 ns
[2024-06-03T05:52:39.125+0000][11240][info ][safepoint   ] Safepoint "Cleanup", Time since last: 463373533100 ns, Reaching safepoint: 67400 ns, Cleanup: 22900 ns, At safepoint: 6699 ns, Total: 96999 ns
[2024-06-03T05:57:09.154+0000][11240][info ][safepoint   ] Safepoint "Cleanup", Time since last: 270028824501 ns, Reaching safepoint: 51800 ns, Cleanup: 26899 ns, At safepoint: 6300 ns, Total: 84999 ns
[2024-06-03T05:59:39.153+0000][11240][info ][safepoint   ] Safepoint "Cleanup", Time since last: 149999297000 ns, Reaching safepoint: 32901 ns, Cleanup: 21699 ns, At safepoint: 4001 ns, Total: 58601 ns
[2024-06-03T06:03:09.763+0000][11240][info ][safepoint   ] Safepoint "Cleanup", Time since last: 210610256399 ns, Reaching safepoint: 55701 ns, Cleanup: 29599 ns, At safepoint: 7400 ns, Total: 92700 ns
[2024-06-03T06:08:41.145+0000][11240][info ][safepoint   ] Safepoint "Cleanup", Time since last: 331381686501 ns, Reaching safepoint: 164700 ns, Cleanup: 18400 ns, At safepoint: 5500 ns, Total: 188600 ns
[2024-06-03T06:09:09.346+0000][11240][info ][safepoint   ] Safepoint "Cleanup", Time since last: 28201277400 ns, Reaching safepoint: 43200 ns, Cleanup: 34799 ns, At safepoint: 5601 ns, Total: 83600 ns
[2024-06-03T06:10:38.995+0000][11240][info ][safepoint   ] Safepoint "Cleanup", Time since last: 89648728500 ns, Reaching safepoint: 36600 ns, Cleanup: 30000 ns, At safepoint: 7500 ns, Total: 74100 ns
[2024-06-03T06:12:38.813+0000][11240][info ][safepoint   ] Safepoint "Cleanup", Time since last: 119817499900 ns, Reaching safepoint: 66700 ns, Cleanup: 40500 ns, At safepoint: 5100 ns, Total: 112300 ns
[2024-06-03T06:14:45.654+0000][11240][info ][safepoint   ] Safepoint "Cleanup", Time since last: 126840059700 ns, Reaching safepoint: 320000 ns, Cleanup: 27899 ns, At safepoint: 6101 ns, Total: 354000 ns
[2024-06-03T06:15:39.047+0000][11240][info ][safepoint   ] Safepoint "Cleanup", Time since last: 53393345200 ns, Reaching safepoint: 23200 ns, Cleanup: 21100 ns, At safepoint: 3000 ns, Total: 47300 ns
[2024-06-03T06:22:09.836+0000][11240][info ][safepoint   ] Safepoint "Cleanup", Time since last: 390789448200 ns, Reaching safepoint: 55500 ns, Cleanup: 21800 ns, At safepoint: 4200 ns, Total: 81500 ns
[2024-06-03T06:30:09.269+0000][11240][info ][safepoint   ] Safepoint "Cleanup", Time since last: 479432539399 ns, Reaching safepoint: 696400 ns, Cleanup: 25601 ns, At safepoint: 8000 ns, Total: 730001 ns
[2024-06-03T06:39:09.316+0000][11240][info ][safepoint   ] Safepoint "Cleanup", Time since last: 540046846300 ns, Reaching safepoint: 91100 ns, Cleanup: 18499 ns, At safepoint: 4701 ns, Total: 114300 ns
[2024-06-03T06:47:09.829+0000][11240][info ][safepoint   ] Safepoint "Cleanup", Time since last: 480511778700 ns, Reaching safepoint: 1928800 ns, Cleanup: 31100 ns, At safepoint: 15000 ns, Total: 1974900 ns
[2024-06-03T06:48:08.244+0000][11240][info ][safepoint   ] Safepoint "Cleanup", Time since last: 58413516000 ns, Reaching safepoint: 64700 ns, Cleanup: 29500 ns, At safepoint: 7400 ns, Total: 101600 ns
[2024-06-03T06:50:10.213+0000][11240][info ][safepoint   ] Safepoint "Cleanup", Time since last: 121969437100 ns, Reaching safepoint: 48000 ns, Cleanup: 24899 ns, At safepoint: 5401 ns, Total: 78300 ns
[2024-06-03T07:01:10.607+0000][11240][info ][safepoint   ] Safepoint "Cleanup", Time since last: 660393205100 ns, Reaching safepoint: 655099 ns, Cleanup: 59001 ns, At safepoint: 6000 ns, Total: 720100 ns
[2024-06-03T07:03:08.389+0000][11240][info ][safepoint   ] Safepoint "Cleanup", Time since last: 117781983300 ns, Reaching safepoint: 31100 ns, Cleanup: 15700 ns, At safepoint: 2600 ns, Total: 49400 ns
[2024-06-03T07:03:10.400+0000][11240][info ][safepoint   ] Safepoint "Cleanup", Time since last: 2010841499 ns, Reaching safepoint: 31901 ns, Cleanup: 42300 ns, At safepoint: 4900 ns, Total: 79101 ns
[2024-06-03T07:09:06.781+0000][11240][info ][safepoint   ] Safepoint "Cleanup", Time since last: 356379669000 ns, Reaching safepoint: 370300 ns, Cleanup: 983300 ns, At safepoint: 12299 ns, Total: 1365899 ns
[2024-06-03T07:12:50.073+0000][11240][info ][safepoint   ] Safepoint "Cleanup", Time since last: 223291741101 ns, Reaching safepoint: 55100 ns, Cleanup: 30900 ns, At safepoint: 5400 ns, Total: 91400 ns
[2024-06-03T07:32:46.550+0000][11240][info ][safepoint   ] Safepoint "Cleanup", Time since last: 1196366458000 ns, Reaching safepoint: 110006300 ns, Cleanup: 39600 ns, At safepoint: 210099 ns, Total: 110255999 ns
[2024-06-03T07:34:26.944+0000][11240][info ][safepoint   ] Safepoint "Cleanup", Time since last: 100394124201 ns, Reaching safepoint: 175700 ns, Cleanup: 68700 ns, At safepoint: 9099 ns, Total: 253499 ns
[2024-06-03T07:34:46.879+0000][11240][info ][safepoint   ] Safepoint "Cleanup", Time since last: 19934556900 ns, Reaching safepoint: 24601 ns, Cleanup: 19000 ns, At safepoint: 4000 ns, Total: 47601 ns
[2024-06-03T07:37:57.503+0000][11240][info ][safepoint   ] Safepoint "Cleanup", Time since last: 190624298000 ns, Reaching safepoint: 24500 ns, Cleanup: 29500 ns, At safepoint: 4499 ns, Total: 58499 ns
[2024-06-03T07:38:16.638+0000][11240][info ][safepoint   ] Safepoint "Cleanup", Time since last: 19134686101 ns, Reaching safepoint: 21199 ns, Cleanup: 21601 ns, At safepoint: 5300 ns, Total: 48100 ns
[2024-06-03T07:39:16.750+0000][11240][info ][safepoint   ] Safepoint "Cleanup", Time since last: 60112267800 ns, Reaching safepoint: 25900 ns, Cleanup: 21699 ns, At safepoint: 5801 ns, Total: 53400 ns
[2024-06-03T07:40:16.850+0000][11240][info ][safepoint   ] Safepoint "Cleanup", Time since last: 60099842100 ns, Reaching safepoint: 24799 ns, Cleanup: 19001 ns, At safepoint: 3599 ns, Total: 47399 ns
[2024-06-03T07:44:17.434+0000][11240][info ][safepoint   ] Safepoint "Cleanup", Time since last: 240583902201 ns, Reaching safepoint: 40799 ns, Cleanup: 27701 ns, At safepoint: 7000 ns, Total: 75500 ns
[2024-06-03T07:45:46.815+0000][11240][info ][safepoint   ] Safepoint "Cleanup", Time since last: 89380373100 ns, Reaching safepoint: 19299 ns, Cleanup: 13601 ns, At safepoint: 2500 ns, Total: 35400 ns
[2024-06-03T07:47:16.838+0000][11240][info ][safepoint   ] Safepoint "Cleanup", Time since last: 90022874700 ns, Reaching safepoint: 26999 ns, Cleanup: 19401 ns, At safepoint: 2799 ns, Total: 49199 ns
[2024-06-03T07:55:47.666+0000][11240][info ][safepoint   ] Safepoint "Cleanup", Time since last: 510828225601 ns, Reaching safepoint: 47000 ns, Cleanup: 36299 ns, At safepoint: 9601 ns, Total: 92900 ns
[2024-06-03T08:10:33.477+0000][11240][info ][safepoint   ] Safepoint "Cleanup", Time since last: 885811241900 ns, Reaching safepoint: 238400 ns, Cleanup: 29300 ns, At safepoint: 8700 ns, Total: 276400 ns
[2024-06-03T08:14:07.334+0000][11240][info ][gc,start    ] GC(13) Pause Young (Normal) (G1 Evacuation Pause)
[2024-06-03T08:14:07.339+0000][11240][info ][gc,task     ] GC(13) Using 8 workers of 8 for evacuation
[2024-06-03T08:14:07.340+0000][11240][debug][gc,age      ] GC(13) Desired survivor size 67108864 bytes, new threshold 15 (max threshold 15)
[2024-06-03T08:14:07.563+0000][11240][info ][gc,mmu      ] GC(13) MMU target violated: 201.0ms (200.0ms/201.0ms)
[2024-06-03T08:14:07.563+0000][11240][info ][gc,phases   ] GC(13)   Pre Evacuate Collection Set: 53.5ms
[2024-06-03T08:14:07.563+0000][11240][info ][gc,phases   ] GC(13)   Merge Heap Roots: 3.0ms
[2024-06-03T08:14:07.563+0000][11240][info ][gc,phases   ] GC(13)   Evacuate Collection Set: 137.6ms
[2024-06-03T08:14:07.563+0000][11240][info ][gc,phases   ] GC(13)   Post Evacuate Collection Set: 24.2ms
[2024-06-03T08:14:07.563+0000][11240][info ][gc,phases   ] GC(13)   Other: 9.8ms
[2024-06-03T08:14:07.563+0000][11240][trace][gc,age      ] GC(13) Age table with threshold 15 (max threshold 15)
[2024-06-03T08:14:07.563+0000][11240][trace][gc,age      ] GC(13) - age   1:     405824 bytes,     405824 total
[2024-06-03T08:14:07.563+0000][11240][trace][gc,age      ] GC(13) - age   2:      68944 bytes,     474768 total
[2024-06-03T08:14:07.563+0000][11240][info ][gc,heap     ] GC(13) Eden regions: 251->0(48)
[2024-06-03T08:14:07.563+0000][11240][info ][gc,heap     ] GC(13) Survivor regions: 3->1(32)
[2024-06-03T08:14:07.563+0000][11240][info ][gc,heap     ] GC(13) Old regions: 22->22
[2024-06-03T08:14:07.563+0000][11240][info ][gc,heap     ] GC(13) Humongous regions: 2->2
[2024-06-03T08:14:07.565+0000][11240][info ][gc,metaspace] GC(13) Metaspace: 133369K(136768K)->133369K(136768K) NonClass: 115385K(117184K)->115385K(117184K) Class: 17984K(19584K)->17984K(19584K)
[2024-06-03T08:14:07.566+0000][11240][info ][gc          ] GC(13) Pause Young (Normal) (G1 Evacuation Pause) 1111M->99M(3920M) 231.938ms
[2024-06-03T08:14:07.566+0000][11240][info ][gc,cpu      ] GC(13) User=0.00s Sys=0.05s Real=0.23s
[2024-06-03T08:14:07.566+0000][11240][info ][safepoint   ] Safepoint "G1CollectForAllocation", Time since last: 213852720900 ns, Reaching safepoint: 52200 ns, Cleanup: 12600 ns, At safepoint: 235491700 ns, Total: 235556500 ns
[2024-06-03T08:20:17.907+0000][11240][info ][safepoint   ] Safepoint "Cleanup", Time since last: 370341571600 ns, Reaching safepoint: 62800 ns, Cleanup: 31000 ns, At safepoint: 7600 ns, Total: 101400 ns
[2024-06-03T08:22:17.694+0000][11240][info ][safepoint   ] Safepoint "Cleanup", Time since last: 119787051000 ns, Reaching safepoint: 72400 ns, Cleanup: 37500 ns, At safepoint: 5500 ns, Total: 115400 ns
[2024-06-03T08:24:47.873+0000][11240][info ][safepoint   ] Safepoint "Cleanup", Time since last: 150178968700 ns, Reaching safepoint: 38400 ns, Cleanup: 26000 ns, At safepoint: 6000 ns, Total: 70400 ns
[2024-06-03T08:30:18.124+0000][11240][info ][safepoint   ] Safepoint "Cleanup", Time since last: 330247818200 ns, Reaching safepoint: 457700 ns, Cleanup: 2739300 ns, At safepoint: 19900 ns, Total: 3216900 ns
[2024-06-03T08:41:30.836+0000][11240][info ][safepoint   ] Safepoint "Cleanup", Time since last: 672695562100 ns, Reaching safepoint: 15463400 ns, Cleanup: 32300 ns, At safepoint: 89500 ns, Total: 15585200 ns
[2024-06-03T08:41:31.850+0000][11240][info ][safepoint   ] Safepoint "Cleanup", Time since last: 1013976900 ns, Reaching safepoint: 113600 ns, Cleanup: 62200 ns, At safepoint: 9000 ns, Total: 184800 ns
[2024-06-03T08:43:31.457+0000][11240][info ][safepoint   ] Safepoint "Cleanup", Time since last: 119606945100 ns, Reaching safepoint: 32600 ns, Cleanup: 132400 ns, At safepoint: 11700 ns, Total: 176700 ns
[2024-06-03T08:44:48.313+0000][11240][info ][safepoint   ] Safepoint "Cleanup", Time since last: 76856008100 ns, Reaching safepoint: 31700 ns, Cleanup: 29000 ns, At safepoint: 4800 ns, Total: 65500 ns
[2024-06-03T09:03:01.996+0000][11240][info ][safepoint   ] Safepoint "Cleanup", Time since last: 1093683134200 ns, Reaching safepoint: 66500 ns, Cleanup: 34900 ns, At safepoint: 4000 ns, Total: 105400 ns
[2024-06-03T09:03:28.187+0000][11240][info ][safepoint   ] Safepoint "Cleanup", Time since last: 26190851700 ns, Reaching safepoint: 81000 ns, Cleanup: 32800 ns, At safepoint: 8400 ns, Total: 122200 ns
[2024-06-03T09:04:14.369+0000][11240][info ][safepoint   ] Safepoint "Cleanup", Time since last: 46181310600 ns, Reaching safepoint: 18300 ns, Cleanup: 16000 ns, At safepoint: 2500 ns, Total: 36800 ns
[2024-06-03T09:07:01.179+0000][11240][info ][gc,start    ] GC(14) Pause Young (Normal) (G1 Evacuation Pause)
[2024-06-03T09:07:01.185+0000][11240][info ][gc,task     ] GC(14) Using 8 workers of 8 for evacuation
[2024-06-03T09:07:01.185+0000][11240][debug][gc,age      ] GC(14) Desired survivor size 14680064 bytes, new threshold 15 (max threshold 15)
[2024-06-03T09:07:01.268+0000][11240][info ][gc,phases   ] GC(14)   Pre Evacuate Collection Set: 24.3ms
[2024-06-03T09:07:01.268+0000][11240][info ][gc,phases   ] GC(14)   Merge Heap Roots: 0.9ms
[2024-06-03T09:07:01.268+0000][11240][info ][gc,phases   ] GC(14)   Evacuate Collection Set: 39.2ms
[2024-06-03T09:07:01.268+0000][11240][info ][gc,phases   ] GC(14)   Post Evacuate Collection Set: 13.4ms
[2024-06-03T09:07:01.269+0000][11240][info ][gc,phases   ] GC(14)   Other: 10.2ms
[2024-06-03T09:07:01.269+0000][11240][trace][gc,age      ] GC(14) Age table with threshold 15 (max threshold 15)
[2024-06-03T09:07:01.269+0000][11240][trace][gc,age      ] GC(14) - age   1:      85256 bytes,      85256 total
[2024-06-03T09:07:01.269+0000][11240][trace][gc,age      ] GC(14) - age   2:     194232 bytes,     279488 total
[2024-06-03T09:07:01.269+0000][11240][trace][gc,age      ] GC(14) - age   3:      68912 bytes,     348400 total
[2024-06-03T09:07:01.269+0000][11240][info ][gc,heap     ] GC(14) Eden regions: 48->0(48)
[2024-06-03T09:07:01.269+0000][11240][info ][gc,heap     ] GC(14) Survivor regions: 1->1(7)
[2024-06-03T09:07:01.269+0000][11240][info ][gc,heap     ] GC(14) Old regions: 22->22
[2024-06-03T09:07:01.269+0000][11240][info ][gc,heap     ] GC(14) Humongous regions: 2->2
[2024-06-03T09:07:01.269+0000][11240][info ][gc,metaspace] GC(14) Metaspace: 133379K(136832K)->133379K(136832K) NonClass: 115395K(117248K)->115395K(117248K) Class: 17984K(19584K)->17984K(19584K)
[2024-06-03T09:07:01.271+0000][11240][info ][gc          ] GC(14) Pause Young (Normal) (G1 Evacuation Pause) 291M->97M(3920M) 91.944ms
[2024-06-03T09:07:01.271+0000][11240][info ][gc,cpu      ] GC(14) User=0.00s Sys=0.11s Real=0.09s
[2024-06-03T09:07:01.271+0000][11240][info ][safepoint   ] Safepoint "G1CollectForAllocation", Time since last: 166807758300 ns, Reaching safepoint: 22900 ns, Cleanup: 10800 ns, At safepoint: 95385900 ns, Total: 95419600 ns
[2024-06-03T09:09:57.029+0000][11240][info ][safepoint   ] Safepoint "Cleanup", Time since last: 175741321900 ns, Reaching safepoint: 15957200 ns, Cleanup: 133500 ns, At safepoint: 113900 ns, Total: 16204600 ns
[2024-06-03T09:09:58.050+0000][11240][info ][safepoint   ] Safepoint "Cleanup", Time since last: 1005324800 ns, Reaching safepoint: 15824000 ns, Cleanup: 153700 ns, At safepoint: 28400 ns, Total: 16006100 ns
[2024-06-03T09:09:59.469+0000][11240][info ][safepoint   ] Safepoint "Cleanup", Time since last: 1423019800 ns, Reaching safepoint: 19200 ns, Cleanup: 639200 ns, At safepoint: 66200 ns, Total: 724600 ns
[2024-06-03T09:10:01.204+0000][11240][info ][gc,heap,exit] Heap
[2024-06-03T09:10:01.204+0000][11240][info ][gc,heap,exit]  garbage-first heap   total 4014080K, used 128403K [0x000000070b000000, 0x0000000800000000)
[2024-06-03T09:10:01.204+0000][11240][info ][gc,heap,exit]   region size 4096K, 9 young (36864K), 1 survivors (4096K)
[2024-06-03T09:10:01.204+0000][11240][info ][gc,heap,exit]  Metaspace       used 133845K, committed 137280K, reserved 1179648K
[2024-06-03T09:10:01.204+0000][11240][info ][gc,heap,exit]   class space    used 18078K, committed 19712K, reserved 1048576K
