[2024-05-20T07:08:38.996+0000][28952][info][gc,init] CardTable entry size: 512
[2024-05-20T07:08:39.003+0000][28952][info][gc     ] Using G1
[2024-05-20T07:08:41.997+0000][28952][info][gc,init] Version: 21.0.2+13-58 (release)
[2024-05-20T07:08:41.997+0000][28952][info][gc,init] CPUs: 8 total, 8 available
[2024-05-20T07:08:41.997+0000][28952][info][gc,init] Memory: 7834M
[2024-05-20T07:08:41.997+0000][28952][info][gc,init] Large Page Support: Disabled
[2024-05-20T07:08:41.997+0000][28952][info][gc,init] NUMA Support: Disabled
[2024-05-20T07:08:41.997+0000][28952][info][gc,init] Compressed Oops: Enabled (Zero based)
[2024-05-20T07:08:41.997+0000][28952][info][gc,init] Heap Region Size: 4M
[2024-05-20T07:08:41.997+0000][28952][info][gc,init] Heap Min Capacity: 3920M
[2024-05-20T07:08:42.003+0000][28952][info][gc,init] Heap Initial Capacity: 3920M
[2024-05-20T07:08:42.003+0000][28952][info][gc,init] Heap Max Capacity: 3920M
[2024-05-20T07:08:42.003+0000][28952][info][gc,init] Pre-touch: Enabled
[2024-05-20T07:08:42.003+0000][28952][info][gc,init] Parallel Workers: 8
[2024-05-20T07:08:42.003+0000][28952][info][gc,init] Concurrent Workers: 2
[2024-05-20T07:08:42.003+0000][28952][info][gc,init] Concurrent Refinement Workers: 8
[2024-05-20T07:08:42.003+0000][28952][info][gc,init] Periodic GC: Disabled
[2024-05-20T07:08:42.368+0000][28952][info][gc,metaspace] CDS archive(s) mapped at: [0x000001f187000000-0x000001f187c90000-0x000001f187c90000), size 13172736, SharedBaseAddress: 0x000001f187000000, ArchiveRelocationMode: 1.
[2024-05-20T07:08:42.368+0000][28952][info][gc,metaspace] Compressed class space mapped at: 0x000001f188000000-0x000001f1c8000000, reserved size: 1073741824
[2024-05-20T07:08:42.368+0000][28952][info][gc,metaspace] Narrow klass base: 0x000001f187000000, Narrow klass shift: 0, Narrow klass range: 0x100000000
[2024-05-20T07:08:43.592+0000][28952][info][safepoint   ] Safepoint "Cleanup", Time since last: 1175195400 ns, Reaching safepoint: 24500 ns, Cleanup: 34300 ns, At safepoint: 7000 ns, Total: 65800 ns
[2024-05-20T07:08:43.990+0000][28952][info][safepoint   ] Safepoint "ICBufferFull", Time since last: 397267500 ns, Reaching safepoint: 4900 ns, Cleanup: 108600 ns, At safepoint: 1600 ns, Total: 115100 ns
[2024-05-20T07:08:45.324+0000][28952][info][safepoint   ] Safepoint "Cleanup", Time since last: 1318209000 ns, Reaching safepoint: 15707800 ns, Cleanup: 200000 ns, At safepoint: 75500 ns, Total: 15983300 ns
[2024-05-20T07:08:46.327+0000][28952][info][safepoint   ] Safepoint "Cleanup", Time since last: 1003234200 ns, Reaching safepoint: 2700 ns, Cleanup: 16300 ns, At safepoint: 900 ns, Total: 19900 ns
[2024-05-20T07:08:46.578+0000][28952][info][safepoint   ] Safepoint "ICBufferFull", Time since last: 250957000 ns, Reaching safepoint: 3400 ns, Cleanup: 70700 ns, At safepoint: 35700 ns, Total: 109800 ns
[2024-05-20T07:08:47.822+0000][28952][info][safepoint   ] Safepoint "Cleanup", Time since last: 1245871100 ns, Reaching safepoint: 12600 ns, Cleanup: 22600 ns, At safepoint: 11800 ns, Total: 47000 ns
[2024-05-20T07:08:48.343+0000][28952][info][safepoint   ] Safepoint "ICBufferFull", Time since last: 522496800 ns, Reaching safepoint: 5500 ns, Cleanup: 124700 ns, At safepoint: 1800 ns, Total: 132000 ns
[2024-05-20T07:08:49.428+0000][28952][info][safepoint   ] Safepoint "Cleanup", Time since last: 1080448700 ns, Reaching safepoint: 7000 ns, Cleanup: 139600 ns, At safepoint: 2800 ns, Total: 149400 ns
[2024-05-20T07:08:50.440+0000][28952][info][safepoint   ] Safepoint "Cleanup", Time since last: 1012264100 ns, Reaching safepoint: 8400 ns, Cleanup: 165100 ns, At safepoint: 2700 ns, Total: 176200 ns
[2024-05-20T07:08:50.586+0000][28952][info][gc,start    ] GC(0) Pause Young (Normal) (G1 Evacuation Pause)
[2024-05-20T07:08:50.595+0000][28952][info][gc,task     ] GC(0) Using 8 workers of 8 for evacuation
[2024-05-20T07:08:50.595+0000][28952][debug][gc,age      ] GC(0) Desired survivor size 14680064 bytes, new threshold 15 (max threshold 15)
[2024-05-20T07:08:50.605+0000][28952][info ][gc,phases   ] GC(0)   Pre Evacuate Collection Set: 0.3ms
[2024-05-20T07:08:50.605+0000][28952][info ][gc,phases   ] GC(0)   Merge Heap Roots: 0.1ms
[2024-05-20T07:08:50.605+0000][28952][info ][gc,phases   ] GC(0)   Evacuate Collection Set: 6.8ms
[2024-05-20T07:08:50.605+0000][28952][info ][gc,phases   ] GC(0)   Post Evacuate Collection Set: 1.8ms
[2024-05-20T07:08:50.605+0000][28952][info ][gc,phases   ] GC(0)   Other: 0.7ms
[2024-05-20T07:08:50.605+0000][28952][trace][gc,age      ] GC(0) Age table with threshold 15 (max threshold 15)
[2024-05-20T07:08:50.605+0000][28952][trace][gc,age      ] GC(0) - age   1:   11005552 bytes,   11005552 total
[2024-05-20T07:08:50.605+0000][28952][info ][gc,heap     ] GC(0) Eden regions: 49->0(46)
[2024-05-20T07:08:50.605+0000][28952][info ][gc,heap     ] GC(0) Survivor regions: 0->3(7)
[2024-05-20T07:08:50.605+0000][28952][info ][gc,heap     ] GC(0) Old regions: 0->0
[2024-05-20T07:08:50.605+0000][28952][info ][gc,heap     ] GC(0) Humongous regions: 0->0
[2024-05-20T07:08:50.605+0000][28952][info ][gc,metaspace] GC(0) Metaspace: 19505K(20032K)->19505K(20032K) NonClass: 17403K(17728K)->17403K(17728K) Class: 2101K(2304K)->2101K(2304K)
[2024-05-20T07:08:50.605+0000][28952][info ][gc          ] GC(0) Pause Young (Normal) (G1 Evacuation Pause) 196M->10M(3920M) 10.827ms
[2024-05-20T07:08:50.605+0000][28952][info ][gc,cpu      ] GC(0) User=0.00s Sys=0.00s Real=0.02s
[2024-05-20T07:08:50.605+0000][28952][info ][safepoint   ] Safepoint "G1CollectForAllocation", Time since last: 154259200 ns, Reaching safepoint: 2600 ns, Cleanup: 28300 ns, At safepoint: 10879600 ns, Total: 10910500 ns
[2024-05-20T07:08:51.765+0000][28952][info ][gc,start    ] GC(1) Pause Young (Concurrent Start) (Metadata GC Threshold)
[2024-05-20T07:08:51.765+0000][28952][info ][gc,task     ] GC(1) Using 8 workers of 8 for evacuation
[2024-05-20T07:08:51.765+0000][28952][debug][gc,age      ] GC(1) Desired survivor size 14680064 bytes, new threshold 15 (max threshold 15)
[2024-05-20T07:08:51.769+0000][28952][info ][gc,phases   ] GC(1)   Pre Evacuate Collection Set: 0.7ms
[2024-05-20T07:08:51.769+0000][28952][info ][gc,phases   ] GC(1)   Merge Heap Roots: 0.2ms
[2024-05-20T07:08:51.769+0000][28952][info ][gc,phases   ] GC(1)   Evacuate Collection Set: 4.4ms
[2024-05-20T07:08:51.769+0000][28952][info ][gc,phases   ] GC(1)   Post Evacuate Collection Set: 0.7ms
[2024-05-20T07:08:51.769+0000][28952][info ][gc,phases   ] GC(1)   Other: -0.1ms
[2024-05-20T07:08:51.769+0000][28952][trace][gc,age      ] GC(1) Age table with threshold 15 (max threshold 15)
[2024-05-20T07:08:51.769+0000][28952][trace][gc,age      ] GC(1) - age   1:    2353688 bytes,    2353688 total
[2024-05-20T07:08:51.769+0000][28952][trace][gc,age      ] GC(1) - age   2:   10128792 bytes,   12482480 total
[2024-05-20T07:08:51.769+0000][28952][info ][gc,heap     ] GC(1) Eden regions: 35->0(51)
[2024-05-20T07:08:51.769+0000][28952][info ][gc,heap     ] GC(1) Survivor regions: 3->4(7)
[2024-05-20T07:08:51.769+0000][28952][info ][gc,heap     ] GC(1) Old regions: 0->0
[2024-05-20T07:08:51.769+0000][28952][info ][gc,heap     ] GC(1) Humongous regions: 0->0
[2024-05-20T07:08:51.769+0000][28952][info ][gc,metaspace] GC(1) Metaspace: 20987K(21504K)->20987K(21504K) NonClass: 18739K(19008K)->18739K(19008K) Class: 2247K(2496K)->2247K(2496K)
[2024-05-20T07:08:51.769+0000][28952][info ][gc          ] GC(1) Pause Young (Concurrent Start) (Metadata GC Threshold) 148M->13M(3920M) 6.173ms
[2024-05-20T07:08:51.769+0000][28952][info ][gc,cpu      ] GC(1) User=0.00s Sys=0.00s Real=0.00s
[2024-05-20T07:08:51.769+0000][28952][info ][gc          ] GC(2) Concurrent Mark Cycle
[2024-05-20T07:08:51.769+0000][28952][info ][safepoint   ] Safepoint "CollectForMetadataAllocation", Time since last: 1161808400 ns, Reaching safepoint: 3600 ns, Cleanup: 74500 ns, At safepoint: 6279800 ns, Total: 6357900 ns
[2024-05-20T07:08:51.769+0000][28952][info ][gc,marking  ] GC(2) Concurrent Scan Root Regions
[2024-05-20T07:08:51.775+0000][28952][info ][gc,marking  ] GC(2) Concurrent Scan Root Regions 3.755ms
[2024-05-20T07:08:51.775+0000][28952][info ][gc,marking  ] GC(2) Concurrent Mark
[2024-05-20T07:08:51.775+0000][28952][info ][gc,marking  ] GC(2) Concurrent Mark From Roots
[2024-05-20T07:08:51.775+0000][28952][info ][gc,task     ] GC(2) Using 2 workers of 2 for marking
[2024-05-20T07:08:51.775+0000][28952][info ][gc,marking  ] GC(2) Concurrent Mark From Roots 0.248ms
[2024-05-20T07:08:51.775+0000][28952][info ][gc,marking  ] GC(2) Concurrent Preclean
[2024-05-20T07:08:51.775+0000][28952][info ][gc,marking  ] GC(2) Concurrent Preclean 0.013ms
[2024-05-20T07:08:51.775+0000][28952][info ][gc,start    ] GC(2) Pause Remark
[2024-05-20T07:08:51.779+0000][28952][info ][gc          ] GC(2) Pause Remark 15M->15M(3920M) 2.337ms
[2024-05-20T07:08:51.779+0000][28952][info ][gc,cpu      ] GC(2) User=0.00s Sys=0.00s Real=0.00s
[2024-05-20T07:08:51.779+0000][28952][info ][safepoint   ] Safepoint "G1PauseRemark", Time since last: 4205600 ns, Reaching safepoint: 3500 ns, Cleanup: 7800 ns, At safepoint: 2418900 ns, Total: 2430200 ns
[2024-05-20T07:08:51.779+0000][28952][info ][gc,marking  ] GC(2) Concurrent Mark 2.902ms
[2024-05-20T07:08:51.781+0000][28952][info ][gc,marking  ] GC(2) Concurrent Rebuild Remembered Sets and Scrub Regions
[2024-05-20T07:08:51.781+0000][28952][info ][gc,marking  ] GC(2) Concurrent Rebuild Remembered Sets and Scrub Regions 0.044ms
[2024-05-20T07:08:51.781+0000][28952][info ][gc,start    ] GC(2) Pause Cleanup
[2024-05-20T07:08:51.781+0000][28952][info ][gc          ] GC(2) Pause Cleanup 15M->15M(3920M) 0.032ms
[2024-05-20T07:08:51.781+0000][28952][info ][gc,cpu      ] GC(2) User=0.00s Sys=0.00s Real=0.00s
[2024-05-20T07:08:51.781+0000][28952][info ][safepoint   ] Safepoint "G1PauseCleanup", Time since last: 227000 ns, Reaching safepoint: 575900 ns, Cleanup: 3600 ns, At safepoint: 94600 ns, Total: 674100 ns
[2024-05-20T07:08:51.781+0000][28952][info ][gc,marking  ] GC(2) Concurrent Clear Claimed Marks
[2024-05-20T07:08:51.781+0000][28952][info ][gc,marking  ] GC(2) Concurrent Clear Claimed Marks 0.047ms
[2024-05-20T07:08:51.781+0000][28952][info ][gc,marking  ] GC(2) Concurrent Cleanup for Next Mark
[2024-05-20T07:08:51.783+0000][28952][info ][gc,marking  ] GC(2) Concurrent Cleanup for Next Mark 7.718ms
[2024-05-20T07:08:51.783+0000][28952][info ][gc          ] GC(2) Concurrent Mark Cycle 15.494ms
[2024-05-20T07:08:52.911+0000][28952][info ][safepoint   ] Safepoint "Cleanup", Time since last: 1131994300 ns, Reaching safepoint: 13600 ns, Cleanup: 62000 ns, At safepoint: 86900 ns, Total: 162500 ns
[2024-05-20T07:08:53.319+0000][28952][info ][gc,start    ] GC(3) Pause Young (Normal) (G1 Evacuation Pause)
[2024-05-20T07:08:53.319+0000][28952][info ][gc,task     ] GC(3) Using 8 workers of 8 for evacuation
[2024-05-20T07:08:53.319+0000][28952][debug][gc,age      ] GC(3) Desired survivor size 14680064 bytes, new threshold 15 (max threshold 15)
[2024-05-20T07:08:53.335+0000][28952][info ][gc,phases   ] GC(3)   Pre Evacuate Collection Set: 0.2ms
[2024-05-20T07:08:53.335+0000][28952][info ][gc,phases   ] GC(3)   Merge Heap Roots: 0.1ms
[2024-05-20T07:08:53.335+0000][28952][info ][gc,phases   ] GC(3)   Evacuate Collection Set: 9.4ms
[2024-05-20T07:08:53.335+0000][28952][info ][gc,phases   ] GC(3)   Post Evacuate Collection Set: 1.1ms
[2024-05-20T07:08:53.335+0000][28952][info ][gc,phases   ] GC(3)   Other: 0.1ms
[2024-05-20T07:08:53.335+0000][28952][trace][gc,age      ] GC(3) Age table with threshold 15 (max threshold 15)
[2024-05-20T07:08:53.335+0000][28952][trace][gc,age      ] GC(3) - age   1:    7873224 bytes,    7873224 total
[2024-05-20T07:08:53.335+0000][28952][trace][gc,age      ] GC(3) - age   2:    2191040 bytes,   10064264 total
[2024-05-20T07:08:53.335+0000][28952][trace][gc,age      ] GC(3) - age   3:   10123496 bytes,   20187760 total
[2024-05-20T07:08:53.335+0000][28952][info ][gc,heap     ] GC(3) Eden regions: 51->0(115)
[2024-05-20T07:08:53.335+0000][28952][info ][gc,heap     ] GC(3) Survivor regions: 4->6(7)
[2024-05-20T07:08:53.335+0000][28952][info ][gc,heap     ] GC(3) Old regions: 0->0
[2024-05-20T07:08:53.335+0000][28952][info ][gc,heap     ] GC(3) Humongous regions: 0->0
[2024-05-20T07:08:53.335+0000][28952][info ][gc,metaspace] GC(3) Metaspace: 27347K(28032K)->27347K(28032K) NonClass: 24282K(24640K)->24282K(24640K) Class: 3065K(3392K)->3065K(3392K)
[2024-05-20T07:08:53.335+0000][28952][info ][gc          ] GC(3) Pause Young (Normal) (G1 Evacuation Pause) 217M->21M(3920M) 11.265ms
[2024-05-20T07:08:53.335+0000][28952][info ][gc,cpu      ] GC(3) User=0.00s Sys=0.00s Real=0.02s
[2024-05-20T07:08:53.335+0000][28952][info ][safepoint   ] Safepoint "G1CollectForAllocation", Time since last: 418513700 ns, Reaching safepoint: 16200 ns, Cleanup: 52800 ns, At safepoint: 11393100 ns, Total: 11462100 ns
[2024-05-20T07:08:55.341+0000][28952][info ][safepoint   ] Safepoint "Cleanup", Time since last: 1997380400 ns, Reaching safepoint: 8700 ns, Cleanup: 109000 ns, At safepoint: 2000 ns, Total: 119700 ns
[2024-05-20T07:08:56.427+0000][28952][info ][gc,start    ] GC(4) Pause Young (Normal) (G1 Evacuation Pause)
[2024-05-20T07:08:56.427+0000][28952][info ][gc,task     ] GC(4) Using 8 workers of 8 for evacuation
[2024-05-20T07:08:56.427+0000][28952][debug][gc,age      ] GC(4) Desired survivor size 33554432 bytes, new threshold 15 (max threshold 15)
[2024-05-20T07:08:56.429+0000][28952][info ][gc,phases   ] GC(4)   Pre Evacuate Collection Set: 0.3ms
[2024-05-20T07:08:56.429+0000][28952][info ][gc,phases   ] GC(4)   Merge Heap Roots: 0.1ms
[2024-05-20T07:08:56.429+0000][28952][info ][gc,phases   ] GC(4)   Evacuate Collection Set: 8.7ms
[2024-05-20T07:08:56.429+0000][28952][info ][gc,phases   ] GC(4)   Post Evacuate Collection Set: 1.2ms
[2024-05-20T07:08:56.429+0000][28952][info ][gc,phases   ] GC(4)   Other: 0.1ms
[2024-05-20T07:08:56.429+0000][28952][trace][gc,age      ] GC(4) Age table with threshold 15 (max threshold 15)
[2024-05-20T07:08:56.429+0000][28952][trace][gc,age      ] GC(4) - age   1:    4982320 bytes,    4982320 total
[2024-05-20T07:08:56.429+0000][28952][trace][gc,age      ] GC(4) - age   2:    5735256 bytes,   10717576 total
[2024-05-20T07:08:56.429+0000][28952][trace][gc,age      ] GC(4) - age   3:    2190320 bytes,   12907896 total
[2024-05-20T07:08:56.429+0000][28952][trace][gc,age      ] GC(4) - age   4:   10123336 bytes,   23031232 total
[2024-05-20T07:08:56.429+0000][28952][info ][gc,heap     ] GC(4) Eden regions: 115->0(247)
[2024-05-20T07:08:56.429+0000][28952][info ][gc,heap     ] GC(4) Survivor regions: 6->6(16)
[2024-05-20T07:08:56.429+0000][28952][info ][gc,heap     ] GC(4) Old regions: 0->0
[2024-05-20T07:08:56.429+0000][28952][info ][gc,heap     ] GC(4) Humongous regions: 0->0
[2024-05-20T07:08:56.429+0000][28952][info ][gc,metaspace] GC(4) Metaspace: 28252K(28992K)->28252K(28992K) NonClass: 25076K(25472K)->25076K(25472K) Class: 3176K(3520K)->3176K(3520K)
[2024-05-20T07:08:56.429+0000][28952][info ][gc          ] GC(4) Pause Young (Normal) (G1 Evacuation Pause) 481M->24M(3920M) 10.629ms
[2024-05-20T07:08:56.429+0000][28952][info ][gc,cpu      ] GC(4) User=0.00s Sys=0.00s Real=0.00s
[2024-05-20T07:08:56.429+0000][28952][info ][safepoint   ] Safepoint "G1CollectForAllocation", Time since last: 1086570700 ns, Reaching safepoint: 5400 ns, Cleanup: 31200 ns, At safepoint: 10683800 ns, Total: 10720400 ns
[2024-05-20T07:08:57.445+0000][28952][info ][safepoint   ] Safepoint "Cleanup", Time since last: 1006387900 ns, Reaching safepoint: 6700 ns, Cleanup: 34300 ns, At safepoint: 2000 ns, Total: 43000 ns
[2024-05-20T07:08:58.619+0000][28952][info ][safepoint   ] Safepoint "Cleanup", Time since last: 1174359200 ns, Reaching safepoint: 6400 ns, Cleanup: 78800 ns, At safepoint: 1600 ns, Total: 86800 ns
[2024-05-20T07:08:59.634+0000][28952][info ][safepoint   ] Safepoint "Cleanup", Time since last: 1015001800 ns, Reaching safepoint: 128300 ns, Cleanup: 65900 ns, At safepoint: 10400 ns, Total: 204600 ns
[2024-05-20T07:09:00.007+0000][28952][info ][gc,start    ] GC(5) Pause Young (Concurrent Start) (Metadata GC Threshold)
[2024-05-20T07:09:00.007+0000][28952][info ][gc,task     ] GC(5) Using 8 workers of 8 for evacuation
[2024-05-20T07:09:00.007+0000][28952][debug][gc,age      ] GC(5) Desired survivor size 67108864 bytes, new threshold 15 (max threshold 15)
[2024-05-20T07:09:00.023+0000][28952][info ][gc,phases   ] GC(5)   Pre Evacuate Collection Set: 0.2ms
[2024-05-20T07:09:00.023+0000][28952][info ][gc,phases   ] GC(5)   Merge Heap Roots: 0.0ms
[2024-05-20T07:09:00.023+0000][28952][info ][gc,phases   ] GC(5)   Evacuate Collection Set: 10.9ms
[2024-05-20T07:09:00.023+0000][28952][info ][gc,phases   ] GC(5)   Post Evacuate Collection Set: 1.7ms
[2024-05-20T07:09:00.023+0000][28952][info ][gc,phases   ] GC(5)   Other: 0.2ms
[2024-05-20T07:09:00.023+0000][28952][trace][gc,age      ] GC(5) Age table with threshold 15 (max threshold 15)
[2024-05-20T07:09:00.023+0000][28952][trace][gc,age      ] GC(5) - age   1:    8239456 bytes,    8239456 total
[2024-05-20T07:09:00.023+0000][28952][trace][gc,age      ] GC(5) - age   2:    3463208 bytes,   11702664 total
[2024-05-20T07:09:00.023+0000][28952][trace][gc,age      ] GC(5) - age   3:    5729776 bytes,   17432440 total
[2024-05-20T07:09:00.023+0000][28952][trace][gc,age      ] GC(5) - age   4:    2188976 bytes,   19621416 total
[2024-05-20T07:09:00.023+0000][28952][trace][gc,age      ] GC(5) - age   5:   10116080 bytes,   29737496 total
[2024-05-20T07:09:00.023+0000][28952][info ][gc,heap     ] GC(5) Eden regions: 95->0(579)
[2024-05-20T07:09:00.023+0000][28952][info ][gc,heap     ] GC(5) Survivor regions: 6->9(32)
[2024-05-20T07:09:00.023+0000][28952][info ][gc,heap     ] GC(5) Old regions: 0->0
[2024-05-20T07:09:00.023+0000][28952][info ][gc,heap     ] GC(5) Humongous regions: 0->0
[2024-05-20T07:09:00.023+0000][28952][info ][gc,metaspace] GC(5) Metaspace: 35148K(35968K)->35148K(35968K) NonClass: 31183K(31616K)->31183K(31616K) Class: 3965K(4352K)->3965K(4352K)
[2024-05-20T07:09:00.023+0000][28952][info ][gc          ] GC(5) Pause Young (Concurrent Start) (Metadata GC Threshold) 404M->32M(3920M) 13.403ms
[2024-05-20T07:09:00.023+0000][28952][info ][gc          ] GC(6) Concurrent Mark Cycle
[2024-05-20T07:09:00.023+0000][28952][info ][gc,cpu      ] GC(5) User=0.06s Sys=0.00s Real=0.02s
[2024-05-20T07:09:00.023+0000][28952][info ][gc,marking  ] GC(6) Concurrent Scan Root Regions
[2024-05-20T07:09:00.023+0000][28952][info ][safepoint   ] Safepoint "CollectForMetadataAllocation", Time since last: 380596100 ns, Reaching safepoint: 4800 ns, Cleanup: 38400 ns, At safepoint: 13551100 ns, Total: 13594300 ns
[2024-05-20T07:09:00.023+0000][28952][info ][gc,marking  ] GC(6) Concurrent Scan Root Regions 5.496ms
[2024-05-20T07:09:00.023+0000][28952][info ][gc,marking  ] GC(6) Concurrent Mark
[2024-05-20T07:09:00.023+0000][28952][info ][gc,marking  ] GC(6) Concurrent Mark From Roots
[2024-05-20T07:09:00.023+0000][28952][info ][gc,task     ] GC(6) Using 2 workers of 2 for marking
[2024-05-20T07:09:00.023+0000][28952][info ][gc,marking  ] GC(6) Concurrent Mark From Roots 0.210ms
[2024-05-20T07:09:00.023+0000][28952][info ][gc,marking  ] GC(6) Concurrent Preclean
[2024-05-20T07:09:00.023+0000][28952][info ][gc,marking  ] GC(6) Concurrent Preclean 0.014ms
[2024-05-20T07:09:00.023+0000][28952][info ][gc,start    ] GC(6) Pause Remark
[2024-05-20T07:09:00.040+0000][28952][info ][gc          ] GC(6) Pause Remark 36M->36M(3920M) 5.580ms
[2024-05-20T07:09:00.040+0000][28952][info ][gc,cpu      ] GC(6) User=0.00s Sys=0.00s Real=0.02s
[2024-05-20T07:09:00.040+0000][28952][info ][safepoint   ] Safepoint "G1PauseRemark", Time since last: 5811300 ns, Reaching safepoint: 5700 ns, Cleanup: 4900 ns, At safepoint: 5699400 ns, Total: 5710000 ns
[2024-05-20T07:09:00.040+0000][28952][info ][gc,marking  ] GC(6) Concurrent Mark 6.039ms
[2024-05-20T07:09:00.040+0000][28952][info ][gc,marking  ] GC(6) Concurrent Rebuild Remembered Sets and Scrub Regions
[2024-05-20T07:09:00.040+0000][28952][info ][gc,marking  ] GC(6) Concurrent Rebuild Remembered Sets and Scrub Regions 0.067ms
[2024-05-20T07:09:00.040+0000][28952][info ][gc,start    ] GC(6) Pause Cleanup
[2024-05-20T07:09:00.040+0000][28952][info ][gc          ] GC(6) Pause Cleanup 36M->36M(3920M) 0.136ms
[2024-05-20T07:09:00.040+0000][28952][info ][gc,cpu      ] GC(6) User=0.00s Sys=0.00s Real=0.00s
[2024-05-20T07:09:00.040+0000][28952][info ][safepoint   ] Safepoint "G1PauseCleanup", Time since last: 138000 ns, Reaching safepoint: 3000 ns, Cleanup: 16400 ns, At safepoint: 190200 ns, Total: 209600 ns
[2024-05-20T07:09:00.040+0000][28952][info ][gc,marking  ] GC(6) Concurrent Clear Claimed Marks
[2024-05-20T07:09:00.040+0000][28952][info ][gc,marking  ] GC(6) Concurrent Clear Claimed Marks 0.071ms
[2024-05-20T07:09:00.040+0000][28952][info ][gc,marking  ] GC(6) Concurrent Cleanup for Next Mark
[2024-05-20T07:09:00.046+0000][28952][info ][gc,marking  ] GC(6) Concurrent Cleanup for Next Mark 10.134ms
[2024-05-20T07:09:00.046+0000][28952][info ][gc          ] GC(6) Concurrent Mark Cycle 22.309ms
[2024-05-20T07:09:01.048+0000][28952][info ][safepoint   ] Safepoint "Cleanup", Time since last: 1007193500 ns, Reaching safepoint: 42700 ns, Cleanup: 56900 ns, At safepoint: 10100 ns, Total: 109700 ns
[2024-05-20T07:09:02.048+0000][28952][info ][safepoint   ] Safepoint "Cleanup", Time since last: 1000721600 ns, Reaching safepoint: 6500 ns, Cleanup: 16200 ns, At safepoint: 1700 ns, Total: 24400 ns
[2024-05-20T07:09:03.051+0000][28952][info ][safepoint   ] Safepoint "Cleanup", Time since last: 1002061600 ns, Reaching safepoint: 9800 ns, Cleanup: 34000 ns, At safepoint: 2700 ns, Total: 46500 ns
[2024-05-20T07:09:04.066+0000][28952][info ][safepoint   ] Safepoint "Cleanup", Time since last: 1015392500 ns, Reaching safepoint: 11800 ns, Cleanup: 67500 ns, At safepoint: 2100 ns, Total: 81400 ns
[2024-05-20T07:09:05.068+0000][28952][info ][safepoint   ] Safepoint "Cleanup", Time since last: 1002349500 ns, Reaching safepoint: 7700 ns, Cleanup: 83300 ns, At safepoint: 1600 ns, Total: 92600 ns
[2024-05-20T07:09:06.045+0000][28952][info ][safepoint   ] Safepoint "ICBufferFull", Time since last: 977310800 ns, Reaching safepoint: 4300 ns, Cleanup: 82400 ns, At safepoint: 1500 ns, Total: 88200 ns
[2024-05-20T07:09:06.888+0000][28952][info ][gc,start    ] GC(7) Pause Young (Concurrent Start) (Metadata GC Threshold)
[2024-05-20T07:09:06.888+0000][28952][info ][gc,task     ] GC(7) Using 8 workers of 8 for evacuation
[2024-05-20T07:09:06.888+0000][28952][debug][gc,age      ] GC(7) Desired survivor size 155189248 bytes, new threshold 15 (max threshold 15)
[2024-05-20T07:09:06.905+0000][28952][info ][gc,phases   ] GC(7)   Pre Evacuate Collection Set: 0.6ms
[2024-05-20T07:09:06.905+0000][28952][info ][gc,phases   ] GC(7)   Merge Heap Roots: 0.1ms
[2024-05-20T07:09:06.905+0000][28952][info ][gc,phases   ] GC(7)   Evacuate Collection Set: 13.4ms
[2024-05-20T07:09:06.905+0000][28952][info ][gc,phases   ] GC(7)   Post Evacuate Collection Set: 3.1ms
[2024-05-20T07:09:06.905+0000][28952][info ][gc,phases   ] GC(7)   Other: 0.2ms
[2024-05-20T07:09:06.905+0000][28952][trace][gc,age      ] GC(7) Age table with threshold 15 (max threshold 15)
[2024-05-20T07:09:06.905+0000][28952][trace][gc,age      ] GC(7) - age   1:   10709912 bytes,   10709912 total
[2024-05-20T07:09:06.905+0000][28952][trace][gc,age      ] GC(7) - age   2:    8140536 bytes,   18850448 total
[2024-05-20T07:09:06.905+0000][28952][trace][gc,age      ] GC(7) - age   3:    3439632 bytes,   22290080 total
[2024-05-20T07:09:06.905+0000][28952][trace][gc,age      ] GC(7) - age   4:    5705488 bytes,   27995568 total
[2024-05-20T07:09:06.905+0000][28952][trace][gc,age      ] GC(7) - age   5:    2179504 bytes,   30175072 total
[2024-05-20T07:09:06.905+0000][28952][trace][gc,age      ] GC(7) - age   6:    9904000 bytes,   40079072 total
[2024-05-20T07:09:06.905+0000][28952][info ][gc,heap     ] GC(7) Eden regions: 205->0(288)
[2024-05-20T07:09:06.905+0000][28952][info ][gc,heap     ] GC(7) Survivor regions: 9->11(74)
[2024-05-20T07:09:06.905+0000][28952][info ][gc,heap     ] GC(7) Old regions: 0->0
[2024-05-20T07:09:06.905+0000][28952][info ][gc,heap     ] GC(7) Humongous regions: 0->0
[2024-05-20T07:09:06.905+0000][28952][info ][gc,metaspace] GC(7) Metaspace: 58852K(60096K)->58852K(60096K) NonClass: 51607K(52352K)->51607K(52352K) Class: 7244K(7744K)->7244K(7744K)
[2024-05-20T07:09:06.905+0000][28952][info ][gc          ] GC(7) Pause Young (Concurrent Start) (Metadata GC Threshold) 850M->41M(3920M) 17.882ms
[2024-05-20T07:09:06.905+0000][28952][info ][gc          ] GC(8) Concurrent Mark Cycle
[2024-05-20T07:09:06.905+0000][28952][info ][gc,cpu      ] GC(7) User=0.02s Sys=0.00s Real=0.02s
[2024-05-20T07:09:06.907+0000][28952][info ][gc,marking  ] GC(8) Concurrent Scan Root Regions
[2024-05-20T07:09:06.907+0000][28952][info ][safepoint   ] Safepoint "CollectForMetadataAllocation", Time since last: 842560100 ns, Reaching safepoint: 7300 ns, Cleanup: 123700 ns, At safepoint: 18066400 ns, Total: 18197400 ns
[2024-05-20T07:09:06.914+0000][28952][info ][gc,marking  ] GC(8) Concurrent Scan Root Regions 8.613ms
[2024-05-20T07:09:06.914+0000][28952][info ][gc,marking  ] GC(8) Concurrent Mark
[2024-05-20T07:09:06.914+0000][28952][info ][gc,marking  ] GC(8) Concurrent Mark From Roots
[2024-05-20T07:09:06.914+0000][28952][info ][gc,task     ] GC(8) Using 2 workers of 2 for marking
[2024-05-20T07:09:06.914+0000][28952][info ][gc,marking  ] GC(8) Concurrent Mark From Roots 0.175ms
[2024-05-20T07:09:06.914+0000][28952][info ][gc,marking  ] GC(8) Concurrent Preclean
[2024-05-20T07:09:06.914+0000][28952][info ][gc,marking  ] GC(8) Concurrent Preclean 0.009ms
[2024-05-20T07:09:06.914+0000][28952][info ][gc,start    ] GC(8) Pause Remark
[2024-05-20T07:09:06.921+0000][28952][info ][gc          ] GC(8) Pause Remark 47M->47M(3920M) 5.057ms
[2024-05-20T07:09:06.921+0000][28952][info ][gc,cpu      ] GC(8) User=0.00s Sys=0.00s Real=0.01s
[2024-05-20T07:09:06.921+0000][28952][info ][safepoint   ] Safepoint "G1PauseRemark", Time since last: 8813300 ns, Reaching safepoint: 3200 ns, Cleanup: 3400 ns, At safepoint: 5158300 ns, Total: 5164900 ns
[2024-05-20T07:09:06.921+0000][28952][info ][gc,marking  ] GC(8) Concurrent Mark 5.426ms
[2024-05-20T07:09:06.921+0000][28952][info ][gc,marking  ] GC(8) Concurrent Rebuild Remembered Sets and Scrub Regions
[2024-05-20T07:09:06.921+0000][28952][info ][gc,marking  ] GC(8) Concurrent Rebuild Remembered Sets and Scrub Regions 0.075ms
[2024-05-20T07:09:06.921+0000][28952][info ][gc,start    ] GC(8) Pause Cleanup
[2024-05-20T07:09:06.921+0000][28952][info ][gc          ] GC(8) Pause Cleanup 47M->47M(3920M) 0.038ms
[2024-05-20T07:09:06.921+0000][28952][info ][gc,cpu      ] GC(8) User=0.00s Sys=0.00s Real=0.00s
[2024-05-20T07:09:06.921+0000][28952][info ][safepoint   ] Safepoint "G1PauseCleanup", Time since last: 216700 ns, Reaching safepoint: 74700 ns, Cleanup: 17700 ns, At safepoint: 71300 ns, Total: 163700 ns
[2024-05-20T07:09:06.921+0000][28952][info ][gc,marking  ] GC(8) Concurrent Clear Claimed Marks
[2024-05-20T07:09:06.921+0000][28952][info ][gc,marking  ] GC(8) Concurrent Clear Claimed Marks 0.069ms
[2024-05-20T07:09:06.921+0000][28952][info ][gc,marking  ] GC(8) Concurrent Cleanup for Next Mark
[2024-05-20T07:09:06.930+0000][28952][info ][gc,marking  ] GC(8) Concurrent Cleanup for Next Mark 9.221ms
[2024-05-20T07:09:06.930+0000][28952][info ][gc          ] GC(8) Concurrent Mark Cycle 23.907ms
[2024-05-20T07:09:08.285+0000][28952][info ][safepoint   ] Safepoint "Cleanup", Time since last: 1364146200 ns, Reaching safepoint: 17100 ns, Cleanup: 89000 ns, At safepoint: 13400 ns, Total: 119500 ns
[2024-05-20T07:09:09.165+0000][28952][info ][safepoint   ] Safepoint "ICBufferFull", Time since last: 880714300 ns, Reaching safepoint: 4800 ns, Cleanup: 112500 ns, At safepoint: 1800 ns, Total: 119100 ns
[2024-05-20T07:09:10.167+0000][28952][info ][safepoint   ] Safepoint "Cleanup", Time since last: 1000229600 ns, Reaching safepoint: 6800 ns, Cleanup: 83300 ns, At safepoint: 2800 ns, Total: 92900 ns
[2024-05-20T07:09:10.801+0000][28952][info ][safepoint   ] Safepoint "ICBufferFull", Time since last: 635005600 ns, Reaching safepoint: 6800 ns, Cleanup: 120900 ns, At safepoint: 7000 ns, Total: 134700 ns
[2024-05-20T07:09:11.987+0000][28952][info ][safepoint   ] Safepoint "ICBufferFull", Time since last: 1186826400 ns, Reaching safepoint: 6200 ns, Cleanup: 94900 ns, At safepoint: 7500 ns, Total: 108600 ns
[2024-05-20T07:09:12.895+0000][28952][info ][gc,start    ] GC(9) Pause Young (Concurrent Start) (Metadata GC Threshold)
[2024-05-20T07:09:12.895+0000][28952][info ][gc,task     ] GC(9) Using 8 workers of 8 for evacuation
[2024-05-20T07:09:12.895+0000][28952][debug][gc,age      ] GC(9) Desired survivor size 79691776 bytes, new threshold 15 (max threshold 15)
[2024-05-20T07:09:12.927+0000][28952][info ][gc,phases   ] GC(9)   Pre Evacuate Collection Set: 0.3ms
[2024-05-20T07:09:12.927+0000][28952][info ][gc,phases   ] GC(9)   Merge Heap Roots: 0.1ms
[2024-05-20T07:09:12.927+0000][28952][info ][gc,phases   ] GC(9)   Evacuate Collection Set: 24.9ms
[2024-05-20T07:09:12.927+0000][28952][info ][gc,phases   ] GC(9)   Post Evacuate Collection Set: 2.5ms
[2024-05-20T07:09:12.927+0000][28952][info ][gc,phases   ] GC(9)   Other: 0.1ms
[2024-05-20T07:09:12.927+0000][28952][trace][gc,age      ] GC(9) Age table with threshold 15 (max threshold 15)
[2024-05-20T07:09:12.927+0000][28952][trace][gc,age      ] GC(9) - age   1:   19600888 bytes,   19600888 total
[2024-05-20T07:09:12.927+0000][28952][trace][gc,age      ] GC(9) - age   2:   10125520 bytes,   29726408 total
[2024-05-20T07:09:12.927+0000][28952][trace][gc,age      ] GC(9) - age   3:    8115888 bytes,   37842296 total
[2024-05-20T07:09:12.927+0000][28952][trace][gc,age      ] GC(9) - age   4:    3423608 bytes,   41265904 total
[2024-05-20T07:09:12.927+0000][28952][trace][gc,age      ] GC(9) - age   5:    5672512 bytes,   46938416 total
[2024-05-20T07:09:12.927+0000][28952][trace][gc,age      ] GC(9) - age   6:    2174264 bytes,   49112680 total
[2024-05-20T07:09:12.927+0000][28952][trace][gc,age      ] GC(9) - age   7:    9862880 bytes,   58975560 total
[2024-05-20T07:09:12.927+0000][28952][info ][gc,heap     ] GC(9) Eden regions: 210->0(359)
[2024-05-20T07:09:12.927+0000][28952][info ][gc,heap     ] GC(9) Survivor regions: 11->16(38)
[2024-05-20T07:09:12.927+0000][28952][info ][gc,heap     ] GC(9) Old regions: 0->0
[2024-05-20T07:09:12.927+0000][28952][info ][gc,heap     ] GC(9) Humongous regions: 0->0
[2024-05-20T07:09:12.927+0000][28952][info ][gc,metaspace] GC(9) Metaspace: 98578K(100416K)->98578K(100416K) NonClass: 85817K(86848K)->85817K(86848K) Class: 12760K(13568K)->12760K(13568K)
[2024-05-20T07:09:12.927+0000][28952][info ][gc          ] GC(9) Pause Young (Concurrent Start) (Metadata GC Threshold) 881M->61M(3920M) 28.362ms
[2024-05-20T07:09:12.927+0000][28952][info ][gc          ] GC(10) Concurrent Mark Cycle
[2024-05-20T07:09:12.927+0000][28952][info ][gc,cpu      ] GC(9) User=0.16s Sys=0.00s Real=0.03s
[2024-05-20T07:09:12.927+0000][28952][info ][gc,marking  ] GC(10) Concurrent Scan Root Regions
[2024-05-20T07:09:12.927+0000][28952][info ][safepoint   ] Safepoint "CollectForMetadataAllocation", Time since last: 915048400 ns, Reaching safepoint: 4400 ns, Cleanup: 96400 ns, At safepoint: 28478700 ns, Total: 28579500 ns
[2024-05-20T07:09:12.940+0000][28952][info ][gc,marking  ] GC(10) Concurrent Scan Root Regions 12.945ms
[2024-05-20T07:09:12.940+0000][28952][info ][gc,marking  ] GC(10) Concurrent Mark
[2024-05-20T07:09:12.940+0000][28952][info ][gc,marking  ] GC(10) Concurrent Mark From Roots
[2024-05-20T07:09:12.940+0000][28952][info ][gc,task     ] GC(10) Using 2 workers of 2 for marking
[2024-05-20T07:09:12.940+0000][28952][info ][gc,marking  ] GC(10) Concurrent Mark From Roots 0.211ms
[2024-05-20T07:09:12.940+0000][28952][info ][gc,marking  ] GC(10) Concurrent Preclean
[2024-05-20T07:09:12.940+0000][28952][info ][gc,marking  ] GC(10) Concurrent Preclean 0.010ms
[2024-05-20T07:09:12.940+0000][28952][info ][gc,start    ] GC(10) Pause Remark
[2024-05-20T07:09:12.949+0000][28952][info ][gc          ] GC(10) Pause Remark 66M->66M(3920M) 4.469ms
[2024-05-20T07:09:12.949+0000][28952][info ][gc,cpu      ] GC(10) User=0.00s Sys=0.00s Real=0.01s
[2024-05-20T07:09:12.949+0000][28952][info ][safepoint   ] Safepoint "G1PauseRemark", Time since last: 13216000 ns, Reaching safepoint: 201700 ns, Cleanup: 8500 ns, At safepoint: 4568700 ns, Total: 4778900 ns
[2024-05-20T07:09:12.949+0000][28952][info ][gc,marking  ] GC(10) Concurrent Mark 5.177ms
[2024-05-20T07:09:12.949+0000][28952][info ][gc,marking  ] GC(10) Concurrent Rebuild Remembered Sets and Scrub Regions
[2024-05-20T07:09:12.949+0000][28952][info ][gc,marking  ] GC(10) Concurrent Rebuild Remembered Sets and Scrub Regions 0.103ms
[2024-05-20T07:09:12.949+0000][28952][info ][gc,start    ] GC(10) Pause Cleanup
[2024-05-20T07:09:12.951+0000][28952][info ][gc          ] GC(10) Pause Cleanup 66M->66M(3920M) 0.041ms
[2024-05-20T07:09:12.951+0000][28952][info ][gc,cpu      ] GC(10) User=0.00s Sys=0.00s Real=0.00s
[2024-05-20T07:09:12.951+0000][28952][info ][safepoint   ] Safepoint "G1PauseCleanup", Time since last: 335800 ns, Reaching safepoint: 14400 ns, Cleanup: 13500 ns, At safepoint: 73500 ns, Total: 101400 ns
[2024-05-20T07:09:12.951+0000][28952][info ][gc,marking  ] GC(10) Concurrent Clear Claimed Marks
[2024-05-20T07:09:12.951+0000][28952][info ][gc,marking  ] GC(10) Concurrent Clear Claimed Marks 0.101ms
[2024-05-20T07:09:12.951+0000][28952][info ][gc,marking  ] GC(10) Concurrent Cleanup for Next Mark
[2024-05-20T07:09:12.958+0000][28952][info ][gc,marking  ] GC(10) Concurrent Cleanup for Next Mark 8.819ms
[2024-05-20T07:09:12.958+0000][28952][info ][gc          ] GC(10) Concurrent Mark Cycle 27.517ms
[2024-05-20T07:09:14.036+0000][28952][info ][safepoint   ] Safepoint "ICBufferFull", Time since last: 1090835200 ns, Reaching safepoint: 4600 ns, Cleanup: 81300 ns, At safepoint: 1100 ns, Total: 87000 ns
[2024-05-20T07:09:14.537+0000][28952][info ][safepoint   ] Safepoint "ICBufferFull", Time since last: 495211300 ns, Reaching safepoint: 4300 ns, Cleanup: 82600 ns, At safepoint: 1200 ns, Total: 88100 ns
[2024-05-20T07:09:15.120+0000][28952][info ][safepoint   ] Safepoint "ICBufferFull", Time since last: 583255100 ns, Reaching safepoint: 9800 ns, Cleanup: 92900 ns, At safepoint: 10500 ns, Total: 113200 ns
[2024-05-20T07:09:15.472+0000][28952][info ][safepoint   ] Safepoint "ICBufferFull", Time since last: 353580000 ns, Reaching safepoint: 16600 ns, Cleanup: 100400 ns, At safepoint: 38200 ns, Total: 155200 ns
[2024-05-20T07:09:16.484+0000][28952][info ][safepoint   ] Safepoint "Cleanup", Time since last: 1010143800 ns, Reaching safepoint: 25400 ns, Cleanup: 93000 ns, At safepoint: 6000 ns, Total: 124400 ns
[2024-05-20T07:09:19.515+0000][28952][info ][safepoint   ] Safepoint "Cleanup", Time since last: 3030618600 ns, Reaching safepoint: 23000 ns, Cleanup: 32900 ns, At safepoint: 4200 ns, Total: 60100 ns
[2024-05-20T07:09:20.529+0000][28952][info ][safepoint   ] Safepoint "Cleanup", Time since last: 1013981700 ns, Reaching safepoint: 24200 ns, Cleanup: 31600 ns, At safepoint: 5100 ns, Total: 60900 ns
[2024-05-20T07:09:22.544+0000][28952][info ][safepoint   ] Safepoint "Cleanup", Time since last: 2015548300 ns, Reaching safepoint: 20700 ns, Cleanup: 31900 ns, At safepoint: 3100 ns, Total: 55700 ns
[2024-05-20T07:09:23.728+0000][28952][info ][safepoint   ] Safepoint "Cleanup", Time since last: 1183276800 ns, Reaching safepoint: 22900 ns, Cleanup: 49900 ns, At safepoint: 4400 ns, Total: 77200 ns
[2024-05-20T07:09:28.756+0000][28952][info ][safepoint   ] Safepoint "Cleanup", Time since last: 5028125500 ns, Reaching safepoint: 31700 ns, Cleanup: 29900 ns, At safepoint: 5200 ns, Total: 66800 ns
[2024-05-20T07:09:29.767+0000][28952][info ][safepoint   ] Safepoint "Cleanup", Time since last: 1011220500 ns, Reaching safepoint: 24200 ns, Cleanup: 30300 ns, At safepoint: 4900 ns, Total: 59400 ns
[2024-05-20T07:09:30.770+0000][28952][info ][safepoint   ] Safepoint "Cleanup", Time since last: 1002371600 ns, Reaching safepoint: 26800 ns, Cleanup: 30200 ns, At safepoint: 5400 ns, Total: 62400 ns
[2024-05-20T07:09:45.108+0000][28952][info ][safepoint   ] Safepoint "Cleanup", Time since last: 14338738000 ns, Reaching safepoint: 116600 ns, Cleanup: 144000 ns, At safepoint: 3100 ns, Total: 263700 ns
[2024-05-20T07:09:46.121+0000][28952][info ][safepoint   ] Safepoint "Cleanup", Time since last: 1012033900 ns, Reaching safepoint: 99400 ns, Cleanup: 90900 ns, At safepoint: 5400 ns, Total: 195700 ns
[2024-05-20T07:09:48.131+0000][28952][info ][safepoint   ] Safepoint "Cleanup", Time since last: 2010191900 ns, Reaching safepoint: 21700 ns, Cleanup: 16700 ns, At safepoint: 2000 ns, Total: 40400 ns
[2024-05-20T07:09:49.132+0000][28952][info ][safepoint   ] Safepoint "Cleanup", Time since last: 1000733800 ns, Reaching safepoint: 122800 ns, Cleanup: 129500 ns, At safepoint: 20600 ns, Total: 272900 ns
[2024-05-20T07:09:54.148+0000][28952][info ][safepoint   ] Safepoint "Cleanup", Time since last: 5016064800 ns, Reaching safepoint: 21200 ns, Cleanup: 25100 ns, At safepoint: 2200 ns, Total: 48500 ns
[2024-05-20T07:09:56.160+0000][28952][info ][safepoint   ] Safepoint "Cleanup", Time since last: 2011350800 ns, Reaching safepoint: 62400 ns, Cleanup: 18900 ns, At safepoint: 3100 ns, Total: 84400 ns
[2024-05-20T07:09:58.163+0000][28952][info ][safepoint   ] Safepoint "Cleanup", Time since last: 2003533300 ns, Reaching safepoint: 36000 ns, Cleanup: 46100 ns, At safepoint: 10900 ns, Total: 93000 ns
[2024-05-20T07:09:59.164+0000][28952][info ][safepoint   ] Safepoint "Cleanup", Time since last: 1000868100 ns, Reaching safepoint: 25300 ns, Cleanup: 17200 ns, At safepoint: 2300 ns, Total: 44800 ns
[2024-05-20T07:10:00.178+0000][28952][info ][safepoint   ] Safepoint "Cleanup", Time since last: 1013688600 ns, Reaching safepoint: 20300 ns, Cleanup: 20500 ns, At safepoint: 4200 ns, Total: 45000 ns
[2024-05-20T07:10:06.211+0000][28952][info ][safepoint   ] Safepoint "Cleanup", Time since last: 6033103700 ns, Reaching safepoint: 23700 ns, Cleanup: 21900 ns, At safepoint: 3500 ns, Total: 49100 ns
[2024-05-20T07:10:13.262+0000][28952][info ][safepoint   ] Safepoint "Cleanup", Time since last: 7050343300 ns, Reaching safepoint: 24900 ns, Cleanup: 24800 ns, At safepoint: 3000 ns, Total: 52700 ns
[2024-05-20T07:10:15.288+0000][28952][info ][safepoint   ] Safepoint "Cleanup", Time since last: 2026729400 ns, Reaching safepoint: 16200 ns, Cleanup: 35300 ns, At safepoint: 2100 ns, Total: 53600 ns
[2024-05-20T07:10:18.306+0000][28952][info ][safepoint   ] Safepoint "Cleanup", Time since last: 3018044100 ns, Reaching safepoint: 15100 ns, Cleanup: 17800 ns, At safepoint: 2100 ns, Total: 35000 ns
[2024-05-20T07:10:23.338+0000][28952][info ][safepoint   ] Safepoint "Cleanup", Time since last: 5032002700 ns, Reaching safepoint: 20900 ns, Cleanup: 22800 ns, At safepoint: 2200 ns, Total: 45900 ns
[2024-05-20T07:10:39.483+0000][28952][info ][safepoint   ] Safepoint "Cleanup", Time since last: 16144425500 ns, Reaching safepoint: 25100 ns, Cleanup: 19500 ns, At safepoint: 2400 ns, Total: 47000 ns
[2024-05-20T07:10:40.484+0000][28952][info ][safepoint   ] Safepoint "Cleanup", Time since last: 1000962700 ns, Reaching safepoint: 16500 ns, Cleanup: 21100 ns, At safepoint: 2500 ns, Total: 40100 ns
[2024-05-20T07:10:45.509+0000][28952][info ][safepoint   ] Safepoint "Cleanup", Time since last: 5025452900 ns, Reaching safepoint: 22700 ns, Cleanup: 27700 ns, At safepoint: 4300 ns, Total: 54700 ns
[2024-05-20T07:11:01.657+0000][28952][info ][safepoint   ] Safepoint "Cleanup", Time since last: 16147902600 ns, Reaching safepoint: 36200 ns, Cleanup: 26600 ns, At safepoint: 5900 ns, Total: 68700 ns
[2024-05-20T07:11:15.795+0000][28952][info ][safepoint   ] Safepoint "Cleanup", Time since last: 14137053500 ns, Reaching safepoint: 20600 ns, Cleanup: 25200 ns, At safepoint: 5500 ns, Total: 51300 ns
[2024-05-20T07:11:20.854+0000][28952][info ][safepoint   ] Safepoint "Cleanup", Time since last: 5059044500 ns, Reaching safepoint: 21600 ns, Cleanup: 23900 ns, At safepoint: 4100 ns, Total: 49600 ns
[2024-05-20T07:11:23.874+0000][28952][info ][safepoint   ] Safepoint "Cleanup", Time since last: 3020716800 ns, Reaching safepoint: 17400 ns, Cleanup: 18300 ns, At safepoint: 3100 ns, Total: 38800 ns
[2024-05-20T07:11:39.995+0000][28952][info ][safepoint   ] Safepoint "Cleanup", Time since last: 16120825400 ns, Reaching safepoint: 20400 ns, Cleanup: 37000 ns, At safepoint: 3300 ns, Total: 60700 ns
[2024-05-20T07:12:03.157+0000][28952][info ][safepoint   ] Safepoint "Cleanup", Time since last: 23161772300 ns, Reaching safepoint: 15600 ns, Cleanup: 19800 ns, At safepoint: 2500 ns, Total: 37900 ns
[2024-05-20T07:12:05.163+0000][28952][info ][safepoint   ] Safepoint "Cleanup", Time since last: 2005493100 ns, Reaching safepoint: 17300 ns, Cleanup: 35700 ns, At safepoint: 3100 ns, Total: 56100 ns
[2024-05-20T07:12:15.225+0000][28952][info ][safepoint   ] Safepoint "Cleanup", Time since last: 10062034700 ns, Reaching safepoint: 21700 ns, Cleanup: 29600 ns, At safepoint: 5200 ns, Total: 56500 ns
[2024-05-20T07:12:18.253+0000][28952][info ][safepoint   ] Safepoint "Cleanup", Time since last: 3028385600 ns, Reaching safepoint: 24100 ns, Cleanup: 33000 ns, At safepoint: 4900 ns, Total: 62000 ns
[2024-05-20T07:12:45.501+0000][28952][info ][safepoint   ] Safepoint "Cleanup", Time since last: 27247720000 ns, Reaching safepoint: 24400 ns, Cleanup: 19900 ns, At safepoint: 4200 ns, Total: 48500 ns
[2024-05-20T07:13:13.696+0000][28952][info ][safepoint   ] Safepoint "Cleanup", Time since last: 28195067400 ns, Reaching safepoint: 25600 ns, Cleanup: 29800 ns, At safepoint: 3400 ns, Total: 58800 ns
[2024-05-20T07:13:26.786+0000][28952][info ][safepoint   ] Safepoint "Cleanup", Time since last: 13089523700 ns, Reaching safepoint: 13900 ns, Cleanup: 15200 ns, At safepoint: 2800 ns, Total: 31900 ns
[2024-05-20T07:13:36.849+0000][28952][info ][safepoint   ] Safepoint "Cleanup", Time since last: 10062978200 ns, Reaching safepoint: 24700 ns, Cleanup: 30800 ns, At safepoint: 4800 ns, Total: 60300 ns
[2024-05-20T07:13:45.886+0000][28952][info ][safepoint   ] Safepoint "Cleanup", Time since last: 9037299000 ns, Reaching safepoint: 21000 ns, Cleanup: 25300 ns, At safepoint: 4700 ns, Total: 51000 ns
[2024-05-20T07:14:12.054+0000][28952][info ][safepoint   ] Safepoint "Cleanup", Time since last: 26168030600 ns, Reaching safepoint: 32100 ns, Cleanup: 40300 ns, At safepoint: 7300 ns, Total: 79700 ns
[2024-05-20T07:14:15.069+0000][28952][info ][safepoint   ] Safepoint "Cleanup", Time since last: 3015199000 ns, Reaching safepoint: 19500 ns, Cleanup: 21700 ns, At safepoint: 3800 ns, Total: 45000 ns
[2024-05-20T07:14:45.332+0000][28952][info ][safepoint   ] Safepoint "Cleanup", Time since last: 30262332900 ns, Reaching safepoint: 29000 ns, Cleanup: 24400 ns, At safepoint: 4000 ns, Total: 57400 ns
[2024-05-20T07:15:42.803+0000][28952][info ][safepoint   ] Safepoint "Cleanup", Time since last: 57471027600 ns, Reaching safepoint: 22000 ns, Cleanup: 20100 ns, At safepoint: 2700 ns, Total: 44800 ns
[2024-05-20T07:16:16.016+0000][28952][info ][safepoint   ] Safepoint "Cleanup", Time since last: 33212855600 ns, Reaching safepoint: 29200 ns, Cleanup: 28200 ns, At safepoint: 5400 ns, Total: 62800 ns
[2024-05-20T07:16:45.209+0000][28952][info ][safepoint   ] Safepoint "Cleanup", Time since last: 29193246500 ns, Reaching safepoint: 26600 ns, Cleanup: 28600 ns, At safepoint: 4400 ns, Total: 59600 ns
[2024-05-20T07:17:15.450+0000][28952][info ][safepoint   ] Safepoint "Cleanup", Time since last: 30241094500 ns, Reaching safepoint: 26300 ns, Cleanup: 31200 ns, At safepoint: 7200 ns, Total: 64700 ns
[2024-05-20T07:17:51.719+0000][28952][info ][safepoint   ] Safepoint "Cleanup", Time since last: 36269213600 ns, Reaching safepoint: 17800 ns, Cleanup: 15500 ns, At safepoint: 3200 ns, Total: 36500 ns
[2024-05-20T07:17:56.756+0000][28952][info ][safepoint   ] Safepoint "Cleanup", Time since last: 5036623400 ns, Reaching safepoint: 22400 ns, Cleanup: 146300 ns, At safepoint: 3800 ns, Total: 172500 ns
[2024-05-20T07:18:12.823+0000][28952][info ][safepoint   ] Safepoint "Cleanup", Time since last: 16066356100 ns, Reaching safepoint: 20200 ns, Cleanup: 17900 ns, At safepoint: 2000 ns, Total: 40100 ns
[2024-05-20T07:18:15.850+0000][28952][info ][safepoint   ] Safepoint "Cleanup", Time since last: 3027708800 ns, Reaching safepoint: 22500 ns, Cleanup: 15200 ns, At safepoint: 1699 ns, Total: 39399 ns
[2024-05-20T07:18:24.915+0000][28952][info ][safepoint   ] Safepoint "Cleanup", Time since last: 9064141200 ns, Reaching safepoint: 48401 ns, Cleanup: 49999 ns, At safepoint: 5200 ns, Total: 103600 ns
[2024-05-20T07:18:37.022+0000][28952][info ][safepoint   ] Safepoint "Cleanup", Time since last: 12107230001 ns, Reaching safepoint: 24400 ns, Cleanup: 35400 ns, At safepoint: 5600 ns, Total: 65400 ns
[2024-05-20T07:19:20.304+0000][28952][info ][safepoint   ] Safepoint "Cleanup", Time since last: 43281457900 ns, Reaching safepoint: 23100 ns, Cleanup: 26100 ns, At safepoint: 3900 ns, Total: 53100 ns
[2024-05-20T07:21:02.222+0000][28952][info ][safepoint   ] Safepoint "Cleanup", Time since last: 101918687400 ns, Reaching safepoint: 24700 ns, Cleanup: 28900 ns, At safepoint: 5700 ns, Total: 59300 ns
[2024-05-20T07:21:04.230+0000][28952][info ][safepoint   ] Safepoint "Cleanup", Time since last: 2007566800 ns, Reaching safepoint: 27499 ns, Cleanup: 31000 ns, At safepoint: 16300 ns, Total: 74799 ns
[2024-05-20T07:23:16.195+0000][28952][info ][safepoint   ] Safepoint "Cleanup", Time since last: 131964765900 ns, Reaching safepoint: 102001 ns, Cleanup: 29100 ns, At safepoint: 4999 ns, Total: 136100 ns
[2024-05-20T07:24:15.648+0000][28952][info ][safepoint   ] Safepoint "Cleanup", Time since last: 59452780401 ns, Reaching safepoint: 19900 ns, Cleanup: 19100 ns, At safepoint: 3100 ns, Total: 42100 ns
[2024-05-20T07:24:45.859+0000][28952][info ][safepoint   ] Safepoint "Cleanup", Time since last: 30211932299 ns, Reaching safepoint: 22801 ns, Cleanup: 19500 ns, At safepoint: 12000 ns, Total: 54301 ns
[2024-05-20T07:24:56.966+0000][28952][info ][safepoint   ] Safepoint "Cleanup", Time since last: 11105911299 ns, Reaching safepoint: 17501 ns, Cleanup: 17700 ns, At safepoint: 9400 ns, Total: 44601 ns
[2024-05-20T07:24:57.979+0000][28952][info ][safepoint   ] Safepoint "Cleanup", Time since last: 1013829500 ns, Reaching safepoint: 55400 ns, Cleanup: 15600 ns, At safepoint: 10300 ns, Total: 81300 ns
[2024-05-20T07:25:00.999+0000][28952][info ][safepoint   ] Safepoint "Cleanup", Time since last: 3019403400 ns, Reaching safepoint: 21500 ns, Cleanup: 19699 ns, At safepoint: 8600 ns, Total: 49799 ns
[2024-05-20T07:25:05.027+0000][28952][info ][safepoint   ] Safepoint "Cleanup", Time since last: 4027927901 ns, Reaching safepoint: 31800 ns, Cleanup: 20700 ns, At safepoint: 2900 ns, Total: 55400 ns
[2024-05-20T07:25:13.105+0000][28952][info ][safepoint   ] Safepoint "Cleanup", Time since last: 8078187200 ns, Reaching safepoint: 61900 ns, Cleanup: 18300 ns, At safepoint: 11099 ns, Total: 91299 ns
[2024-05-20T07:25:15.125+0000][28952][info ][safepoint   ] Safepoint "Cleanup", Time since last: 2019844401 ns, Reaching safepoint: 80099 ns, Cleanup: 15901 ns, At safepoint: 10000 ns, Total: 106000 ns
[2024-05-20T07:25:45.355+0000][28952][info ][safepoint   ] Safepoint "Cleanup", Time since last: 30229522400 ns, Reaching safepoint: 26599 ns, Cleanup: 30901 ns, At safepoint: 5600 ns, Total: 63100 ns
[2024-05-20T07:25:46.366+0000][28952][info ][safepoint   ] Safepoint "Cleanup", Time since last: 1010872399 ns, Reaching safepoint: 28700 ns, Cleanup: 29401 ns, At safepoint: 5500 ns, Total: 63601 ns
[2024-05-20T07:25:55.452+0000][28952][info ][safepoint   ] Safepoint "Cleanup", Time since last: 9085800000 ns, Reaching safepoint: 61899 ns, Cleanup: 74600 ns, At safepoint: 11201 ns, Total: 147700 ns
[2024-05-20T07:26:12.604+0000][28952][info ][safepoint   ] Safepoint "Cleanup", Time since last: 17152726199 ns, Reaching safepoint: 33101 ns, Cleanup: 30800 ns, At safepoint: 5100 ns, Total: 69001 ns
[2024-05-20T07:26:15.643+0000][28952][info ][safepoint   ] Safepoint "Cleanup", Time since last: 3038705399 ns, Reaching safepoint: 19100 ns, Cleanup: 20201 ns, At safepoint: 3100 ns, Total: 42401 ns
[2024-05-20T07:26:45.830+0000][28952][info ][safepoint   ] Safepoint "Cleanup", Time since last: 30186844199 ns, Reaching safepoint: 42201 ns, Cleanup: 39300 ns, At safepoint: 3999 ns, Total: 85500 ns
[2024-05-20T07:26:54.880+0000][28952][info ][safepoint   ] Safepoint "Cleanup", Time since last: 9050019901 ns, Reaching safepoint: 19600 ns, Cleanup: 19600 ns, At safepoint: 2000 ns, Total: 41200 ns
[2024-05-20T07:27:16.082+0000][28952][info ][safepoint   ] Safepoint "Cleanup", Time since last: 21202127900 ns, Reaching safepoint: 20000 ns, Cleanup: 17200 ns, At safepoint: 9500 ns, Total: 46700 ns
[2024-05-20T07:27:37.195+0000][28952][info ][safepoint   ] Safepoint "Cleanup", Time since last: 21112663699 ns, Reaching safepoint: 25201 ns, Cleanup: 26600 ns, At safepoint: 4900 ns, Total: 56701 ns
[2024-05-20T07:27:45.227+0000][28952][info ][safepoint   ] Safepoint "Cleanup", Time since last: 8032128600 ns, Reaching safepoint: 19000 ns, Cleanup: 18200 ns, At safepoint: 2500 ns, Total: 39700 ns
[2024-05-20T07:28:13.360+0000][28952][info ][safepoint   ] Safepoint "Cleanup", Time since last: 28132887300 ns, Reaching safepoint: 26900 ns, Cleanup: 36099 ns, At safepoint: 5401 ns, Total: 68400 ns
[2024-05-20T07:28:25.442+0000][28952][info ][safepoint   ] Safepoint "Cleanup", Time since last: 12081706699 ns, Reaching safepoint: 89601 ns, Cleanup: 28799 ns, At safepoint: 4300 ns, Total: 122700 ns
[2024-05-20T07:28:45.573+0000][28952][info ][safepoint   ] Safepoint "Cleanup", Time since last: 20131170501 ns, Reaching safepoint: 37500 ns, Cleanup: 38399 ns, At safepoint: 4800 ns, Total: 80699 ns
[2024-05-20T07:29:35.093+0000][28952][info ][safepoint   ] Safepoint "Cleanup", Time since last: 49519744800 ns, Reaching safepoint: 21901 ns, Cleanup: 33700 ns, At safepoint: 3700 ns, Total: 59301 ns
[2024-05-20T07:30:37.456+0000][28952][info ][safepoint   ] Safepoint "Cleanup", Time since last: 62362613500 ns, Reaching safepoint: 63900 ns, Cleanup: 21300 ns, At safepoint: 4000 ns, Total: 89200 ns
[2024-05-20T07:31:10.720+0000][28952][info ][safepoint   ] Safepoint "Cleanup", Time since last: 33263859200 ns, Reaching safepoint: 30100 ns, Cleanup: 61200 ns, At safepoint: 23699 ns, Total: 114999 ns
[2024-05-20T07:31:45.941+0000][28952][info ][safepoint   ] Safepoint "Cleanup", Time since last: 35220889801 ns, Reaching safepoint: 36200 ns, Cleanup: 41600 ns, At safepoint: 4600 ns, Total: 82400 ns
[2024-05-20T07:32:16.145+0000][28952][info ][safepoint   ] Safepoint "Cleanup", Time since last: 30204174000 ns, Reaching safepoint: 31199 ns, Cleanup: 39100 ns, At safepoint: 8501 ns, Total: 78800 ns
[2024-05-20T07:32:46.347+0000][28952][info ][safepoint   ] Safepoint "Cleanup", Time since last: 30202583200 ns, Reaching safepoint: 26399 ns, Cleanup: 29600 ns, At safepoint: 4501 ns, Total: 60500 ns
[2024-05-20T07:33:33.628+0000][28952][info ][safepoint   ] Safepoint "Cleanup", Time since last: 47280402299 ns, Reaching safepoint: 30501 ns, Cleanup: 27700 ns, At safepoint: 4700 ns, Total: 62901 ns
[2024-05-20T07:34:11.844+0000][28952][info ][safepoint   ] Safepoint "Cleanup", Time since last: 38216148500 ns, Reaching safepoint: 20000 ns, Cleanup: 18300 ns, At safepoint: 2300 ns, Total: 40600 ns
[2024-05-20T07:34:15.872+0000][28952][info ][safepoint   ] Safepoint "Cleanup", Time since last: 4027542300 ns, Reaching safepoint: 21100 ns, Cleanup: 208199 ns, At safepoint: 6001 ns, Total: 235300 ns
[2024-05-20T07:36:46.147+0000][28952][info ][safepoint   ] Safepoint "Cleanup", Time since last: 150274572000 ns, Reaching safepoint: 35100 ns, Cleanup: 167300 ns, At safepoint: 26700 ns, Total: 229100 ns
[2024-05-20T07:37:16.376+0000][28952][info ][safepoint   ] Safepoint "Cleanup", Time since last: 30229674000 ns, Reaching safepoint: 31300 ns, Cleanup: 29900 ns, At safepoint: 5099 ns, Total: 66299 ns
[2024-05-20T07:37:46.564+0000][28952][info ][safepoint   ] Safepoint "Cleanup", Time since last: 30187067801 ns, Reaching safepoint: 29899 ns, Cleanup: 25300 ns, At safepoint: 2301 ns, Total: 57500 ns
[2024-05-20T07:38:15.800+0000][28952][info ][safepoint   ] Safepoint "Cleanup", Time since last: 29236317400 ns, Reaching safepoint: 30600 ns, Cleanup: 33200 ns, At safepoint: 6600 ns, Total: 70400 ns
[2024-05-20T07:39:16.191+0000][28952][info ][safepoint   ] Safepoint "Cleanup", Time since last: 60391235400 ns, Reaching safepoint: 26500 ns, Cleanup: 28200 ns, At safepoint: 4600 ns, Total: 59300 ns
[2024-05-20T07:39:17.206+0000][28952][info ][safepoint   ] Safepoint "Cleanup", Time since last: 1014455800 ns, Reaching safepoint: 27800 ns, Cleanup: 29800 ns, At safepoint: 6000 ns, Total: 63600 ns
[2024-05-20T07:40:15.708+0000][28952][info ][safepoint   ] Safepoint "Cleanup", Time since last: 58502159800 ns, Reaching safepoint: 28000 ns, Cleanup: 53400 ns, At safepoint: 5000 ns, Total: 86400 ns
[2024-05-20T07:40:20.749+0000][28952][info ][safepoint   ] Safepoint "Cleanup", Time since last: 5040805400 ns, Reaching safepoint: 49300 ns, Cleanup: 38900 ns, At safepoint: 3900 ns, Total: 92100 ns
[2024-05-20T07:40:45.905+0000][28952][info ][safepoint   ] Safepoint "Cleanup", Time since last: 25155812800 ns, Reaching safepoint: 33800 ns, Cleanup: 30800 ns, At safepoint: 5900 ns, Total: 70500 ns
[2024-05-20T07:41:19.159+0000][28952][info ][safepoint   ] Safepoint "Cleanup", Time since last: 33254434100 ns, Reaching safepoint: 28100 ns, Cleanup: 29600 ns, At safepoint: 5900 ns, Total: 63600 ns
[2024-05-20T07:42:16.577+0000][28952][info ][safepoint   ] Safepoint "Cleanup", Time since last: 57417567800 ns, Reaching safepoint: 57600 ns, Cleanup: 30500 ns, At safepoint: 4600 ns, Total: 92700 ns
[2024-05-20T07:43:46.122+0000][28952][info ][safepoint   ] Safepoint "Cleanup", Time since last: 89545455500 ns, Reaching safepoint: 27500 ns, Cleanup: 15800 ns, At safepoint: 2700 ns, Total: 46000 ns
[2024-05-20T07:45:44.963+0000][28952][info ][safepoint   ] Safepoint "Cleanup", Time since last: 118840758200 ns, Reaching safepoint: 34200 ns, Cleanup: 55500 ns, At safepoint: 5000 ns, Total: 94700 ns
[2024-05-20T07:46:04.161+0000][28952][info ][safepoint   ] Safepoint "Cleanup", Time since last: 19197803100 ns, Reaching safepoint: 23200 ns, Cleanup: 24100 ns, At safepoint: 3600 ns, Total: 50900 ns
[2024-05-20T07:46:16.250+0000][28952][info ][safepoint   ] Safepoint "Cleanup", Time since last: 12088890200 ns, Reaching safepoint: 25000 ns, Cleanup: 18700 ns, At safepoint: 2400 ns, Total: 46100 ns
[2024-05-20T07:48:46.368+0000][28952][info ][safepoint   ] Safepoint "Cleanup", Time since last: 150118059800 ns, Reaching safepoint: 24000 ns, Cleanup: 21700 ns, At safepoint: 2700 ns, Total: 48400 ns
[2024-05-20T07:49:40.762+0000][28952][info ][safepoint   ] Safepoint "Cleanup", Time since last: 54393957400 ns, Reaching safepoint: 30700 ns, Cleanup: 45000 ns, At safepoint: 4700 ns, Total: 80400 ns
[2024-05-20T07:49:50.811+0000][28952][info ][safepoint   ] Safepoint "Cleanup", Time since last: 10048783800 ns, Reaching safepoint: 22200 ns, Cleanup: 21300 ns, At safepoint: 4000 ns, Total: 47500 ns
[2024-05-20T07:50:15.924+0000][28952][info ][safepoint   ] Safepoint "Cleanup", Time since last: 25112941000 ns, Reaching safepoint: 28400 ns, Cleanup: 19500 ns, At safepoint: 13600 ns, Total: 61500 ns
[2024-05-20T07:50:24.997+0000][28952][info ][safepoint   ] Safepoint "Cleanup", Time since last: 9056982800 ns, Reaching safepoint: 15671600 ns, Cleanup: 27700 ns, At safepoint: 68200 ns, Total: 15767500 ns
[2024-05-20T07:50:26.009+0000][28952][info ][safepoint   ] Safepoint "Cleanup", Time since last: 1012468800 ns, Reaching safepoint: 28700 ns, Cleanup: 40900 ns, At safepoint: 6700 ns, Total: 76300 ns
[2024-05-20T07:50:46.229+0000][28952][info ][safepoint   ] Safepoint "Cleanup", Time since last: 20219943300 ns, Reaching safepoint: 29500 ns, Cleanup: 31300 ns, At safepoint: 5300 ns, Total: 66100 ns
[2024-05-20T07:50:47.245+0000][28952][info ][safepoint   ] Safepoint "Cleanup", Time since last: 1015490500 ns, Reaching safepoint: 28600 ns, Cleanup: 31900 ns, At safepoint: 4200 ns, Total: 64700 ns
[2024-05-20T07:51:03.401+0000][28952][info ][safepoint   ] Safepoint "Cleanup", Time since last: 16156090000 ns, Reaching safepoint: 421800 ns, Cleanup: 14200 ns, At safepoint: 13100 ns, Total: 449100 ns
[2024-05-20T07:52:15.004+0000][28952][info ][safepoint   ] Safepoint "Cleanup", Time since last: 71602229800 ns, Reaching safepoint: 31500 ns, Cleanup: 31600 ns, At safepoint: 6300 ns, Total: 69400 ns
[2024-05-20T07:52:31.116+0000][28952][info ][safepoint   ] Safepoint "Cleanup", Time since last: 16124809800 ns, Reaching safepoint: 7900 ns, Cleanup: 646100 ns, At safepoint: 5900 ns, Total: 659900 ns
[2024-05-20T07:52:33.137+0000][28952][info ][safepoint   ] Safepoint "Cleanup", Time since last: 2008020500 ns, Reaching safepoint: 45600 ns, Cleanup: 106600 ns, At safepoint: 7900 ns, Total: 160100 ns
[2024-05-20T07:52:46.111+0000][28952][info ][safepoint   ] Safepoint "Cleanup", Time since last: 12973331200 ns, Reaching safepoint: 24800 ns, Cleanup: 27100 ns, At safepoint: 21300 ns, Total: 73200 ns
[2024-05-20T07:53:02.240+0000][28952][info ][safepoint   ] Safepoint "Cleanup", Time since last: 16129451300 ns, Reaching safepoint: 24300 ns, Cleanup: 26500 ns, At safepoint: 4500 ns, Total: 55300 ns
[2024-05-20T07:53:13.327+0000][28952][info ][safepoint   ] Safepoint "Cleanup", Time since last: 11086471800 ns, Reaching safepoint: 27300 ns, Cleanup: 28100 ns, At safepoint: 24300 ns, Total: 79700 ns
[2024-05-20T07:53:45.558+0000][28952][info ][safepoint   ] Safepoint "Cleanup", Time since last: 32230763000 ns, Reaching safepoint: 16400 ns, Cleanup: 16300 ns, At safepoint: 1800 ns, Total: 34500 ns
[2024-05-20T07:53:46.563+0000][28952][info ][safepoint   ] Safepoint "Cleanup", Time since last: 1005461700 ns, Reaching safepoint: 15100 ns, Cleanup: 16600 ns, At safepoint: 2400 ns, Total: 34100 ns
[2024-05-20T07:54:06.709+0000][28952][info ][safepoint   ] Safepoint "Cleanup", Time since last: 20145579300 ns, Reaching safepoint: 29000 ns, Cleanup: 29200 ns, At safepoint: 6500 ns, Total: 64700 ns
[2024-05-20T07:54:11.739+0000][28952][info ][safepoint   ] Safepoint "Cleanup", Time since last: 5030270400 ns, Reaching safepoint: 27300 ns, Cleanup: 31200 ns, At safepoint: 5400 ns, Total: 63900 ns
[2024-05-20T07:54:21.828+0000][28952][info ][safepoint   ] Safepoint "Cleanup", Time since last: 10088594600 ns, Reaching safepoint: 18700 ns, Cleanup: 16600 ns, At safepoint: 2000 ns, Total: 37300 ns
[2024-05-20T07:54:27.880+0000][28952][info ][safepoint   ] Safepoint "Cleanup", Time since last: 6051933400 ns, Reaching safepoint: 35800 ns, Cleanup: 34100 ns, At safepoint: 6900 ns, Total: 76800 ns
[2024-05-20T07:54:48.101+0000][28952][info ][safepoint   ] Safepoint "Cleanup", Time since last: 20220842500 ns, Reaching safepoint: 24300 ns, Cleanup: 23500 ns, At safepoint: 3300 ns, Total: 51100 ns
[2024-05-20T07:55:48.779+0000][28952][info ][safepoint   ] Safepoint "Cleanup", Time since last: 60678472900 ns, Reaching safepoint: 38000 ns, Cleanup: 34800 ns, At safepoint: 6000 ns, Total: 78800 ns
[2024-05-20T07:56:30.227+0000][28952][info ][safepoint   ] Safepoint "Cleanup", Time since last: 41447228500 ns, Reaching safepoint: 15100 ns, Cleanup: 16000 ns, At safepoint: 2500 ns, Total: 33600 ns
[2024-05-20T07:57:13.548+0000][28952][info ][safepoint   ] Safepoint "Cleanup", Time since last: 43320977400 ns, Reaching safepoint: 28000 ns, Cleanup: 46700 ns, At safepoint: 6100 ns, Total: 80800 ns
[2024-05-20T08:00:16.939+0000][28952][info ][safepoint   ] Safepoint "Cleanup", Time since last: 183391518500 ns, Reaching safepoint: 25000 ns, Cleanup: 21200 ns, At safepoint: 3000 ns, Total: 49200 ns
[2024-05-20T08:01:16.322+0000][28952][info ][safepoint   ] Safepoint "Cleanup", Time since last: 59382463700 ns, Reaching safepoint: 23200 ns, Cleanup: 18200 ns, At safepoint: 21600 ns, Total: 63000 ns
[2024-05-20T08:01:33.494+0000][28952][info ][safepoint   ] Safepoint "Cleanup", Time since last: 17172754400 ns, Reaching safepoint: 35700 ns, Cleanup: 48000 ns, At safepoint: 6000 ns, Total: 89700 ns
[2024-05-20T08:01:34.495+0000][28952][info ][safepoint   ] Safepoint "Cleanup", Time since last: 1000653200 ns, Reaching safepoint: 31100 ns, Cleanup: 32900 ns, At safepoint: 6300 ns, Total: 70300 ns
[2024-05-20T08:01:38.518+0000][28952][info ][safepoint   ] Safepoint "Cleanup", Time since last: 4022765000 ns, Reaching safepoint: 24400 ns, Cleanup: 22700 ns, At safepoint: 4500 ns, Total: 51600 ns
[2024-05-20T08:01:39.531+0000][28952][info ][safepoint   ] Safepoint "Cleanup", Time since last: 1013005500 ns, Reaching safepoint: 28800 ns, Cleanup: 36800 ns, At safepoint: 4700 ns, Total: 70300 ns
[2024-05-20T08:01:46.568+0000][28952][info ][safepoint   ] Safepoint "Cleanup", Time since last: 7036335100 ns, Reaching safepoint: 20900 ns, Cleanup: 21900 ns, At safepoint: 2500 ns, Total: 45300 ns
[2024-05-20T08:03:16.195+0000][28952][info ][safepoint   ] Safepoint "Cleanup", Time since last: 89627328600 ns, Reaching safepoint: 27300 ns, Cleanup: 18200 ns, At safepoint: 3800 ns, Total: 49300 ns
[2024-05-20T08:03:59.593+0000][28952][info ][safepoint   ] Safepoint "Cleanup", Time since last: 43398523500 ns, Reaching safepoint: 18500 ns, Cleanup: 23300 ns, At safepoint: 2900 ns, Total: 44700 ns
[2024-05-20T08:04:16.767+0000][28952][info ][safepoint   ] Safepoint "Cleanup", Time since last: 17173894300 ns, Reaching safepoint: 30600 ns, Cleanup: 29900 ns, At safepoint: 6200 ns, Total: 66700 ns
[2024-05-20T08:04:48.119+0000][28952][info ][safepoint   ] Safepoint "Cleanup", Time since last: 31351921700 ns, Reaching safepoint: 26600 ns, Cleanup: 49000 ns, At safepoint: 4500 ns, Total: 80100 ns
[2024-05-20T08:05:16.358+0000][28952][info ][safepoint   ] Safepoint "Cleanup", Time since last: 28238260400 ns, Reaching safepoint: 32300 ns, Cleanup: 32900 ns, At safepoint: 34100 ns, Total: 99300 ns
[2024-05-20T08:05:46.662+0000][28952][info ][safepoint   ] Safepoint "Cleanup", Time since last: 30303991100 ns, Reaching safepoint: 29000 ns, Cleanup: 29100 ns, At safepoint: 5200 ns, Total: 63300 ns
[2024-05-20T08:07:16.330+0000][28952][info ][safepoint   ] Safepoint "Cleanup", Time since last: 89668133100 ns, Reaching safepoint: 33400 ns, Cleanup: 29700 ns, At safepoint: 6600 ns, Total: 69700 ns
[2024-05-20T08:07:46.437+0000][28952][info ][safepoint   ] Safepoint "Cleanup", Time since last: 30106783100 ns, Reaching safepoint: 27500 ns, Cleanup: 27200 ns, At safepoint: 4800 ns, Total: 59500 ns
[2024-05-20T08:08:16.629+0000][28952][info ][safepoint   ] Safepoint "Cleanup", Time since last: 30192419600 ns, Reaching safepoint: 21200 ns, Cleanup: 17500 ns, At safepoint: 3400 ns, Total: 42100 ns
[2024-05-20T08:09:47.277+0000][28952][info ][safepoint   ] Safepoint "Cleanup", Time since last: 90647822800 ns, Reaching safepoint: 51500 ns, Cleanup: 29700 ns, At safepoint: 8000 ns, Total: 89200 ns
[2024-05-20T08:11:11.909+0000][28952][info ][safepoint   ] Safepoint "Cleanup", Time since last: 84631638500 ns, Reaching safepoint: 61500 ns, Cleanup: 31100 ns, At safepoint: 5200 ns, Total: 97800 ns
[2024-05-20T08:11:47.050+0000][28952][info ][safepoint   ] Safepoint "Cleanup", Time since last: 35140578400 ns, Reaching safepoint: 60700 ns, Cleanup: 26900 ns, At safepoint: 5200 ns, Total: 92800 ns
[2024-05-20T08:11:52.068+0000][28952][info ][safepoint   ] Safepoint "Cleanup", Time since last: 5018338800 ns, Reaching safepoint: 29300 ns, Cleanup: 28200 ns, At safepoint: 6300 ns, Total: 63800 ns
[2024-05-20T08:11:57.087+0000][28952][info ][safepoint   ] Safepoint "Cleanup", Time since last: 5019175200 ns, Reaching safepoint: 29400 ns, Cleanup: 27700 ns, At safepoint: 5500 ns, Total: 62600 ns
[2024-05-20T08:12:17.184+0000][28952][info ][safepoint   ] Safepoint "Cleanup", Time since last: 20097073000 ns, Reaching safepoint: 27000 ns, Cleanup: 34100 ns, At safepoint: 5500 ns, Total: 66600 ns
[2024-05-20T08:12:46.449+0000][28952][info ][safepoint   ] Safepoint "Cleanup", Time since last: 29264211200 ns, Reaching safepoint: 30400 ns, Cleanup: 30600 ns, At safepoint: 7300 ns, Total: 68300 ns
[2024-05-20T08:12:48.459+0000][28952][info ][safepoint   ] Safepoint "Cleanup", Time since last: 2010560000 ns, Reaching safepoint: 19400 ns, Cleanup: 27000 ns, At safepoint: 2900 ns, Total: 49300 ns
[2024-05-20T08:12:57.534+0000][28952][info ][safepoint   ] Safepoint "Cleanup", Time since last: 9074802000 ns, Reaching safepoint: 76000 ns, Cleanup: 33700 ns, At safepoint: 9000 ns, Total: 118700 ns
[2024-05-20T08:13:27.802+0000][28952][info ][safepoint   ] Safepoint "Cleanup", Time since last: 30267956600 ns, Reaching safepoint: 25900 ns, Cleanup: 23600 ns, At safepoint: 2700 ns, Total: 52200 ns
[2024-05-20T08:14:17.139+0000][28952][info ][safepoint   ] Safepoint "Cleanup", Time since last: 49336861000 ns, Reaching safepoint: 35400 ns, Cleanup: 19700 ns, At safepoint: 3100 ns, Total: 58200 ns
[2024-05-20T08:15:46.743+0000][28952][info ][safepoint   ] Safepoint "Cleanup", Time since last: 89603629200 ns, Reaching safepoint: 25100 ns, Cleanup: 22300 ns, At safepoint: 2100 ns, Total: 49500 ns
[2024-05-20T08:20:16.694+0000][28952][info ][safepoint   ] Safepoint "Cleanup", Time since last: 269950684600 ns, Reaching safepoint: 32300 ns, Cleanup: 31700 ns, At safepoint: 7500 ns, Total: 71500 ns
[2024-05-20T08:20:46.986+0000][28952][info ][safepoint   ] Safepoint "Cleanup", Time since last: 30291941600 ns, Reaching safepoint: 43400 ns, Cleanup: 29100 ns, At safepoint: 6800 ns, Total: 79300 ns
[2024-05-20T08:21:15.221+0000][28952][info ][safepoint   ] Safepoint "Cleanup", Time since last: 28235405500 ns, Reaching safepoint: 59900 ns, Cleanup: 24300 ns, At safepoint: 5600 ns, Total: 89800 ns
[2024-05-20T08:21:17.224+0000][28952][info ][safepoint   ] Safepoint "Cleanup", Time since last: 2003034800 ns, Reaching safepoint: 30900 ns, Cleanup: 44700 ns, At safepoint: 13800 ns, Total: 89400 ns
[2024-05-20T08:23:15.087+0000][28952][info ][safepoint   ] Safepoint "Cleanup", Time since last: 117862859900 ns, Reaching safepoint: 51200 ns, Cleanup: 26700 ns, At safepoint: 6100 ns, Total: 84000 ns
[2024-05-20T08:23:17.089+0000][28952][info ][safepoint   ] Safepoint "Cleanup", Time since last: 2001336200 ns, Reaching safepoint: 28000 ns, Cleanup: 27900 ns, At safepoint: 5300 ns, Total: 61200 ns
[2024-05-20T08:23:45.254+0000][28952][info ][safepoint   ] Safepoint "Cleanup", Time since last: 28165369700 ns, Reaching safepoint: 23400 ns, Cleanup: 20200 ns, At safepoint: 2400 ns, Total: 46000 ns
[2024-05-20T08:23:47.268+0000][28952][info ][safepoint   ] Safepoint "Cleanup", Time since last: 2014258400 ns, Reaching safepoint: 42500 ns, Cleanup: 25700 ns, At safepoint: 2400 ns, Total: 70600 ns
[2024-05-20T08:25:14.833+0000][28952][info ][safepoint   ] Safepoint "Cleanup", Time since last: 87564669900 ns, Reaching safepoint: 28800 ns, Cleanup: 27400 ns, At safepoint: 7500 ns, Total: 63700 ns
[2024-05-20T08:27:17.475+0000][28952][info ][safepoint   ] Safepoint "Cleanup", Time since last: 122642177400 ns, Reaching safepoint: 34100 ns, Cleanup: 32300 ns, At safepoint: 6000 ns, Total: 72400 ns
[2024-05-20T08:31:25.024+0000][28952][info ][safepoint   ] Safepoint "Cleanup", Time since last: 247548852600 ns, Reaching safepoint: 39200 ns, Cleanup: 32300 ns, At safepoint: 6600 ns, Total: 78100 ns
[2024-05-20T08:32:36.559+0000][28952][info ][safepoint   ] Safepoint "Cleanup", Time since last: 71534844100 ns, Reaching safepoint: 60100 ns, Cleanup: 29600 ns, At safepoint: 9600 ns, Total: 99300 ns
[2024-05-20T08:36:47.404+0000][28952][info ][safepoint   ] Safepoint "Cleanup", Time since last: 250844479100 ns, Reaching safepoint: 35400 ns, Cleanup: 41300 ns, At safepoint: 3600 ns, Total: 80300 ns
[2024-05-20T08:38:47.432+0000][28952][info ][safepoint   ] Safepoint "Cleanup", Time since last: 120027884800 ns, Reaching safepoint: 31600 ns, Cleanup: 30700 ns, At safepoint: 5800 ns, Total: 68100 ns
[2024-05-20T08:39:07.577+0000][28952][info ][safepoint   ] Safepoint "Cleanup", Time since last: 20145253500 ns, Reaching safepoint: 113100 ns, Cleanup: 470500 ns, At safepoint: 16100 ns, Total: 599700 ns
[2024-05-20T08:39:14.761+0000][28952][info ][safepoint   ] Safepoint "Cleanup", Time since last: 7183040700 ns, Reaching safepoint: 32900 ns, Cleanup: 29200 ns, At safepoint: 3900 ns, Total: 66000 ns
[2024-05-20T08:55:38.745+0000][28952][info ][safepoint   ] Safepoint "Cleanup", Time since last: 983984299100 ns, Reaching safepoint: 51600 ns, Cleanup: 32900 ns, At safepoint: 2900 ns, Total: 87400 ns
[2024-05-20T08:58:05.854+0000][28952][info ][safepoint   ] Safepoint "Cleanup", Time since last: 147108030300 ns, Reaching safepoint: 45600 ns, Cleanup: 21300 ns, At safepoint: 1179700 ns, Total: 1246600 ns
[2024-05-20T08:59:38.789+0000][28952][info ][safepoint   ] Safepoint "Cleanup", Time since last: 92934593300 ns, Reaching safepoint: 20900 ns, Cleanup: 26500 ns, At safepoint: 2900 ns, Total: 50300 ns
[2024-05-20T09:00:39.238+0000][28952][info ][safepoint   ] Safepoint "Cleanup", Time since last: 60448575500 ns, Reaching safepoint: 30300 ns, Cleanup: 30100 ns, At safepoint: 6600 ns, Total: 67000 ns
[2024-05-20T09:03:09.261+0000][28952][info ][safepoint   ] Safepoint "Cleanup", Time since last: 150023904700 ns, Reaching safepoint: 208100 ns, Cleanup: 29700 ns, At safepoint: 41900 ns, Total: 279700 ns
[2024-05-20T09:03:50.565+0000][28952][info ][safepoint   ] Safepoint "Cleanup", Time since last: 41303509000 ns, Reaching safepoint: 54100 ns, Cleanup: 23300 ns, At safepoint: 4700 ns, Total: 82100 ns
[2024-05-20T09:07:09.100+0000][28952][info ][safepoint   ] Safepoint "Cleanup", Time since last: 198534650300 ns, Reaching safepoint: 41100 ns, Cleanup: 31500 ns, At safepoint: 7800 ns, Total: 80400 ns
[2024-05-20T09:07:10.115+0000][28952][info ][safepoint   ] Safepoint "Cleanup", Time since last: 1014578000 ns, Reaching safepoint: 25900 ns, Cleanup: 26500 ns, At safepoint: 4300 ns, Total: 56700 ns
[2024-05-20T09:08:02.484+0000][28952][info ][safepoint   ] Safepoint "Cleanup", Time since last: 52369359500 ns, Reaching safepoint: 27500 ns, Cleanup: 32600 ns, At safepoint: 3900 ns, Total: 64000 ns
[2024-05-20T09:09:39.188+0000][28952][info ][safepoint   ] Safepoint "Cleanup", Time since last: 96703518000 ns, Reaching safepoint: 36000 ns, Cleanup: 30300 ns, At safepoint: 25300 ns, Total: 91600 ns
[2024-05-20T09:10:21.505+0000][28952][info ][safepoint   ] Safepoint "Cleanup", Time since last: 42317484800 ns, Reaching safepoint: 39800 ns, Cleanup: 29900 ns, At safepoint: 4500 ns, Total: 74200 ns
[2024-05-20T09:14:09.007+0000][28952][info ][safepoint   ] Safepoint "Cleanup", Time since last: 227502221800 ns, Reaching safepoint: 34500 ns, Cleanup: 25600 ns, At safepoint: 6300 ns, Total: 66400 ns
[2024-05-20T09:14:39.241+0000][28952][info ][safepoint   ] Safepoint "Cleanup", Time since last: 30233718700 ns, Reaching safepoint: 29300 ns, Cleanup: 28400 ns, At safepoint: 5400 ns, Total: 63100 ns
[2024-05-20T09:17:39.390+0000][28952][info ][safepoint   ] Safepoint "Cleanup", Time since last: 180148688900 ns, Reaching safepoint: 38000 ns, Cleanup: 45000 ns, At safepoint: 6100 ns, Total: 89100 ns
[2024-05-20T09:18:39.659+0000][28952][info ][safepoint   ] Safepoint "Cleanup", Time since last: 60268497200 ns, Reaching safepoint: 34900 ns, Cleanup: 38500 ns, At safepoint: 5400 ns, Total: 78800 ns
[2024-05-20T09:19:15.898+0000][28952][info ][safepoint   ] Safepoint "Cleanup", Time since last: 36239034600 ns, Reaching safepoint: 29700 ns, Cleanup: 29000 ns, At safepoint: 7100 ns, Total: 65800 ns
[2024-05-20T09:20:09.298+0000][28952][info ][safepoint   ] Safepoint "Cleanup", Time since last: 53400387400 ns, Reaching safepoint: 33900 ns, Cleanup: 25400 ns, At safepoint: 5300 ns, Total: 64600 ns
[2024-05-20T09:21:09.909+0000][28952][info ][safepoint   ] Safepoint "Cleanup", Time since last: 60610788500 ns, Reaching safepoint: 28400 ns, Cleanup: 28300 ns, At safepoint: 5100 ns, Total: 61800 ns
[2024-05-20T09:21:30.121+0000][28952][info ][safepoint   ] Safepoint "Cleanup", Time since last: 20212144300 ns, Reaching safepoint: 26700 ns, Cleanup: 27900 ns, At safepoint: 6100 ns, Total: 60700 ns
[2024-05-20T09:23:09.804+0000][28952][info ][safepoint   ] Safepoint "Cleanup", Time since last: 99682084900 ns, Reaching safepoint: 30500 ns, Cleanup: 190100 ns, At safepoint: 15900 ns, Total: 236500 ns
[2024-05-20T09:24:16.276+0000][28952][info ][safepoint   ] Safepoint "Cleanup", Time since last: 66471774000 ns, Reaching safepoint: 40300 ns, Cleanup: 31900 ns, At safepoint: 9300 ns, Total: 81500 ns
[2024-05-20T09:24:39.410+0000][28952][info ][safepoint   ] Safepoint "Cleanup", Time since last: 23135211300 ns, Reaching safepoint: 28300 ns, Cleanup: 26500 ns, At safepoint: 4800 ns, Total: 59600 ns
[2024-05-20T09:25:30.730+0000][28952][info ][safepoint   ] Safepoint "Cleanup", Time since last: 51318934000 ns, Reaching safepoint: 518900 ns, Cleanup: 25800 ns, At safepoint: 11300 ns, Total: 556000 ns
[2024-05-20T09:25:31.742+0000][28952][info ][safepoint   ] Safepoint "Cleanup", Time since last: 1011335700 ns, Reaching safepoint: 24700 ns, Cleanup: 52200 ns, At safepoint: 3900 ns, Total: 80800 ns
[2024-05-20T09:27:39.641+0000][28952][info ][safepoint   ] Safepoint "Cleanup", Time since last: 127899042000 ns, Reaching safepoint: 51700 ns, Cleanup: 35000 ns, At safepoint: 2600 ns, Total: 89300 ns
[2024-05-20T09:27:48.704+0000][28952][info ][safepoint   ] Safepoint "Cleanup", Time since last: 9062833900 ns, Reaching safepoint: 14900 ns, Cleanup: 25300 ns, At safepoint: 3200 ns, Total: 43400 ns
[2024-05-20T09:27:51.749+0000][28952][info ][safepoint   ] Safepoint "Cleanup", Time since last: 3045423400 ns, Reaching safepoint: 46500 ns, Cleanup: 24800 ns, At safepoint: 2300 ns, Total: 73600 ns
[2024-05-20T09:27:52.751+0000][28952][info ][safepoint   ] Safepoint "Cleanup", Time since last: 1001766300 ns, Reaching safepoint: 18400 ns, Cleanup: 17400 ns, At safepoint: 2600 ns, Total: 38400 ns
[2024-05-20T09:27:53.758+0000][28952][info ][safepoint   ] Safepoint "Cleanup", Time since last: 1006856800 ns, Reaching safepoint: 27000 ns, Cleanup: 22600 ns, At safepoint: 3400 ns, Total: 53000 ns
[2024-05-20T09:28:09.895+0000][28952][info ][safepoint   ] Safepoint "Cleanup", Time since last: 16136952500 ns, Reaching safepoint: 24100 ns, Cleanup: 27500 ns, At safepoint: 3600 ns, Total: 55200 ns
[2024-05-20T09:29:09.290+0000][28952][info ][safepoint   ] Safepoint "Cleanup", Time since last: 59395425100 ns, Reaching safepoint: 32400 ns, Cleanup: 26000 ns, At safepoint: 4200 ns, Total: 62600 ns
[2024-05-20T09:30:09.833+0000][28952][info ][safepoint   ] Safepoint "Cleanup", Time since last: 60547058900 ns, Reaching safepoint: 42000 ns, Cleanup: 17500 ns, At safepoint: 4800 ns, Total: 64300 ns
[2024-05-20T09:31:39.383+0000][28952][info ][safepoint   ] Safepoint "Cleanup", Time since last: 89545131900 ns, Reaching safepoint: 32200 ns, Cleanup: 36900 ns, At safepoint: 4700 ns, Total: 73800 ns
[2024-05-20T09:32:09.578+0000][28952][info ][safepoint   ] Safepoint "Cleanup", Time since last: 30194562200 ns, Reaching safepoint: 34900 ns, Cleanup: 30200 ns, At safepoint: 6300 ns, Total: 71400 ns
[2024-05-20T09:32:37.715+0000][28952][info ][safepoint   ] Safepoint "Cleanup", Time since last: 28137143500 ns, Reaching safepoint: 27300 ns, Cleanup: 54000 ns, At safepoint: 5500 ns, Total: 86800 ns
[2024-05-20T09:32:39.725+0000][28952][info ][safepoint   ] Safepoint "Cleanup", Time since last: 2010395100 ns, Reaching safepoint: 30100 ns, Cleanup: 32800 ns, At safepoint: 5300 ns, Total: 68200 ns
[2024-05-20T09:32:41.733+0000][28952][info ][safepoint   ] Safepoint "Cleanup", Time since last: 2007896300 ns, Reaching safepoint: 31300 ns, Cleanup: 29800 ns, At safepoint: 4800 ns, Total: 65900 ns
[2024-05-20T09:33:09.847+0000][28952][info ][safepoint   ] Safepoint "Cleanup", Time since last: 28113988000 ns, Reaching safepoint: 32300 ns, Cleanup: 65700 ns, At safepoint: 94500 ns, Total: 192500 ns
[2024-05-20T09:35:09.600+0000][28952][info ][safepoint   ] Safepoint "Cleanup", Time since last: 119753257500 ns, Reaching safepoint: 35400 ns, Cleanup: 44200 ns, At safepoint: 7100 ns, Total: 86700 ns
[2024-05-20T09:35:39.748+0000][28952][info ][safepoint   ] Safepoint "Cleanup", Time since last: 30147347600 ns, Reaching safepoint: 29500 ns, Cleanup: 29300 ns, At safepoint: 5400 ns, Total: 64200 ns
[2024-05-20T09:36:00.885+0000][28952][info ][safepoint   ] Safepoint "Cleanup", Time since last: 21136880100 ns, Reaching safepoint: 26800 ns, Cleanup: 27000 ns, At safepoint: 4200 ns, Total: 58000 ns
[2024-05-20T09:37:06.314+0000][28952][info ][safepoint   ] Safepoint "Cleanup", Time since last: 65428904200 ns, Reaching safepoint: 135000 ns, Cleanup: 35000 ns, At safepoint: 2300 ns, Total: 172300 ns
[2024-05-20T09:37:17.439+0000][28952][info ][safepoint   ] Safepoint "Cleanup", Time since last: 11124962900 ns, Reaching safepoint: 30800 ns, Cleanup: 30600 ns, At safepoint: 5400 ns, Total: 66800 ns
[2024-05-20T09:37:39.646+0000][28952][info ][safepoint   ] Safepoint "Cleanup", Time since last: 22206462100 ns, Reaching safepoint: 32100 ns, Cleanup: 29800 ns, At safepoint: 7500 ns, Total: 69400 ns
[2024-05-20T09:39:16.101+0000][28952][info ][safepoint   ] Safepoint "Cleanup", Time since last: 96455187900 ns, Reaching safepoint: 35000 ns, Cleanup: 20400 ns, At safepoint: 2900 ns, Total: 58300 ns
[2024-05-20T09:39:27.161+0000][28952][info ][safepoint   ] Safepoint "Cleanup", Time since last: 11060342700 ns, Reaching safepoint: 28100 ns, Cleanup: 31800 ns, At safepoint: 5000 ns, Total: 64900 ns
[2024-05-20T09:40:27.515+0000][28952][info ][safepoint   ] Safepoint "Cleanup", Time since last: 60353464400 ns, Reaching safepoint: 18400 ns, Cleanup: 23500 ns, At safepoint: 4400 ns, Total: 46300 ns
[2024-05-20T09:40:38.608+0000][28952][info ][safepoint   ] Safepoint "Cleanup", Time since last: 11092645200 ns, Reaching safepoint: 293200 ns, Cleanup: 21200 ns, At safepoint: 362100 ns, Total: 676500 ns
[2024-05-20T09:40:39.610+0000][28952][info ][safepoint   ] Safepoint "Cleanup", Time since last: 1002242600 ns, Reaching safepoint: 31100 ns, Cleanup: 30700 ns, At safepoint: 5900 ns, Total: 67700 ns
[2024-05-20T09:40:41.614+0000][28952][info ][safepoint   ] Safepoint "Cleanup", Time since last: 2003640200 ns, Reaching safepoint: 837400 ns, Cleanup: 42800 ns, At safepoint: 98300 ns, Total: 978500 ns
[2024-05-20T09:40:42.669+0000][28952][info ][safepoint   ] Safepoint "Cleanup", Time since last: 1006252700 ns, Reaching safepoint: 47453600 ns, Cleanup: 25600 ns, At safepoint: 13300 ns, Total: 47492500 ns
[2024-05-20T09:40:43.889+0000][28952][info ][safepoint   ] Safepoint "Cleanup", Time since last: 1219814700 ns, Reaching safepoint: 13700 ns, Cleanup: 26200 ns, At safepoint: 3200 ns, Total: 43100 ns
