[2024-05-20T15:20:06.316+0000][24100][info][gc,init] CardTable entry size: 512
[2024-05-20T15:20:06.316+0000][24100][info][gc     ] Using G1
[2024-05-20T15:20:06.347+0000][24100][info][gc,init] Version: 21.0.2+13-58 (release)
[2024-05-20T15:20:06.347+0000][24100][info][gc,init] CPUs: 8 total, 8 available
[2024-05-20T15:20:06.347+0000][24100][info][gc,init] Memory: 7834M
[2024-05-20T15:20:06.347+0000][24100][info][gc,init] Large Page Support: Disabled
[2024-05-20T15:20:06.347+0000][24100][info][gc,init] NUMA Support: Disabled
[2024-05-20T15:20:06.347+0000][24100][info][gc,init] Compressed Oops: Enabled (Zero based)
[2024-05-20T15:20:06.347+0000][24100][info][gc,init] Heap Region Size: 2M
[2024-05-20T15:20:06.347+0000][24100][info][gc,init] Heap Min Capacity: 3918M
[2024-05-20T15:20:06.347+0000][24100][info][gc,init] Heap Initial Capacity: 3918M
[2024-05-20T15:20:06.347+0000][24100][info][gc,init] Heap Max Capacity: 3918M
[2024-05-20T15:20:06.347+0000][24100][info][gc,init] Pre-touch: Disabled
[2024-05-20T15:20:06.347+0000][24100][info][gc,init] Parallel Workers: 8
[2024-05-20T15:20:06.347+0000][24100][info][gc,init] Concurrent Workers: 2
[2024-05-20T15:20:06.347+0000][24100][info][gc,init] Concurrent Refinement Workers: 8
[2024-05-20T15:20:06.347+0000][24100][info][gc,init] Periodic GC: Disabled
[2024-05-20T15:20:06.360+0000][24100][info][gc,metaspace] CDS archive(s) mapped at: [0x0000027a4c000000-0x0000027a4cc90000-0x0000027a4cc90000), size 13172736, SharedBaseAddress: 0x0000027a4c000000, ArchiveRelocationMode: 1.
[2024-05-20T15:20:06.360+0000][24100][info][gc,metaspace] Compressed class space mapped at: 0x0000027a4d000000-0x0000027a8d000000, reserved size: 1073741824
[2024-05-20T15:20:06.360+0000][24100][info][gc,metaspace] Narrow klass base: 0x0000027a4c000000, Narrow klass shift: 0, Narrow klass range: 0x100000000
[2024-05-20T15:20:06.427+0000][24100][info][gc,heap,exit] Heap
[2024-05-20T15:20:06.427+0000][24100][info][gc,heap,exit]  garbage-first heap   total 4012032K, used 6144K [0x000000070b200000, 0x0000000800000000)
[2024-05-20T15:20:06.427+0000][24100][info][gc,heap,exit]   region size 2048K, 3 young (6144K), 0 survivors (0K)
[2024-05-20T15:20:06.427+0000][24100][info][gc,heap,exit]  Metaspace       used 210K, committed 448K, reserved 1114112K
[2024-05-20T15:20:06.427+0000][24100][info][gc,heap,exit]   class space    used 6K, committed 128K, reserved 1048576K
