[2024-06-10T02:37:21.501+0000][14976][info][gc,init] CardTable entry size: 512
[2024-06-10T02:37:21.501+0000][14976][info][gc     ] Using G1
[2024-06-10T02:37:23.774+0000][14976][info][gc,init] Version: 21.0.2+13-58 (release)
[2024-06-10T02:37:23.774+0000][14976][info][gc,init] CPUs: 8 total, 8 available
[2024-06-10T02:37:23.774+0000][14976][info][gc,init] Memory: 7834M
[2024-06-10T02:37:23.774+0000][14976][info][gc,init] Large Page Support: Disabled
[2024-06-10T02:37:23.774+0000][14976][info][gc,init] NUMA Support: Disabled
[2024-06-10T02:37:23.774+0000][14976][info][gc,init] Compressed Oops: Enabled (Zero based)
[2024-06-10T02:37:23.774+0000][14976][info][gc,init] Heap Region Size: 4M
[2024-06-10T02:37:23.774+0000][14976][info][gc,init] Heap Min Capacity: 3920M
[2024-06-10T02:37:23.774+0000][14976][info][gc,init] Heap Initial Capacity: 3920M
[2024-06-10T02:37:23.774+0000][14976][info][gc,init] Heap Max Capacity: 3920M
[2024-06-10T02:37:23.774+0000][14976][info][gc,init] Pre-touch: Enabled
[2024-06-10T02:37:23.774+0000][14976][info][gc,init] Parallel Workers: 8
[2024-06-10T02:37:23.774+0000][14976][info][gc,init] Concurrent Workers: 2
[2024-06-10T02:37:23.774+0000][14976][info][gc,init] Concurrent Refinement Workers: 8
[2024-06-10T02:37:23.774+0000][14976][info][gc,init] Periodic GC: Disabled
[2024-06-10T02:37:23.804+0000][14976][info][gc,metaspace] CDS archive(s) mapped at: [0x0000014ca0000000-0x0000014ca0c90000-0x0000014ca0c90000), size 13172736, SharedBaseAddress: 0x0000014ca0000000, ArchiveRelocationMode: 1.
[2024-06-10T02:37:23.804+0000][14976][info][gc,metaspace] Compressed class space mapped at: 0x0000014ca1000000-0x0000014ce1000000, reserved size: 1073741824
[2024-06-10T02:37:23.804+0000][14976][info][gc,metaspace] Narrow klass base: 0x0000014ca0000000, Narrow klass shift: 0, Narrow klass range: 0x100000000
[2024-06-10T02:37:24.376+0000][14976][info][safepoint   ] Safepoint "ICBufferFull", Time since last: 577301000 ns, Reaching safepoint: 13600 ns, Cleanup: 56300 ns, At safepoint: 1000 ns, Total: 70900 ns
[2024-06-10T02:37:24.677+0000][14976][info][safepoint   ] Safepoint "ICBufferFull", Time since last: 292204900 ns, Reaching safepoint: 3600 ns, Cleanup: 91900 ns, At safepoint: 61200 ns, Total: 156700 ns
[2024-06-10T02:37:25.003+0000][14976][info][safepoint   ] Safepoint "ICBufferFull", Time since last: 325843500 ns, Reaching safepoint: 4100 ns, Cleanup: 91700 ns, At safepoint: 43300 ns, Total: 139100 ns
[2024-06-10T02:37:26.581+0000][14976][info][safepoint   ] Safepoint "Cleanup", Time since last: 1576629200 ns, Reaching safepoint: 2000 ns, Cleanup: 60900 ns, At safepoint: 7400 ns, Total: 70300 ns
[2024-06-10T02:37:26.793+0000][14976][info][safepoint   ] Safepoint "ICBufferFull", Time since last: 213069000 ns, Reaching safepoint: 4200 ns, Cleanup: 92400 ns, At safepoint: 16000 ns, Total: 112600 ns
[2024-06-10T02:37:27.790+0000][14976][info][safepoint   ] Safepoint "ICBufferFull", Time since last: 1006138100 ns, Reaching safepoint: 3500 ns, Cleanup: 79300 ns, At safepoint: 1600 ns, Total: 84400 ns
[2024-06-10T02:37:28.490+0000][14976][info][gc,start    ] GC(0) Pause Young (Normal) (G1 Evacuation Pause)
[2024-06-10T02:37:28.493+0000][14976][info][gc,task     ] GC(0) Using 8 workers of 8 for evacuation
[2024-06-10T02:37:28.493+0000][14976][debug][gc,age      ] GC(0) Desired survivor size 14680064 bytes, new threshold 15 (max threshold 15)
[2024-06-10T02:37:28.500+0000][14976][info ][gc,phases   ] GC(0)   Pre Evacuate Collection Set: 0.1ms
[2024-06-10T02:37:28.500+0000][14976][info ][gc,phases   ] GC(0)   Merge Heap Roots: 0.1ms
[2024-06-10T02:37:28.500+0000][14976][info ][gc,phases   ] GC(0)   Evacuate Collection Set: 6.0ms
[2024-06-10T02:37:28.500+0000][14976][info ][gc,phases   ] GC(0)   Post Evacuate Collection Set: 1.1ms
[2024-06-10T02:37:28.500+0000][14976][info ][gc,phases   ] GC(0)   Other: 0.5ms
[2024-06-10T02:37:28.500+0000][14976][trace][gc,age      ] GC(0) Age table with threshold 15 (max threshold 15)
[2024-06-10T02:37:28.500+0000][14976][trace][gc,age      ] GC(0) - age   1:   11045240 bytes,   11045240 total
[2024-06-10T02:37:28.500+0000][14976][info ][gc,heap     ] GC(0) Eden regions: 49->0(46)
[2024-06-10T02:37:28.500+0000][14976][info ][gc,heap     ] GC(0) Survivor regions: 0->3(7)
[2024-06-10T02:37:28.500+0000][14976][info ][gc,heap     ] GC(0) Old regions: 0->0
[2024-06-10T02:37:28.500+0000][14976][info ][gc,heap     ] GC(0) Humongous regions: 0->0
[2024-06-10T02:37:28.500+0000][14976][info ][gc,metaspace] GC(0) Metaspace: 19835K(20352K)->19835K(20352K) NonClass: 17690K(17984K)->17690K(17984K) Class: 2145K(2368K)->2145K(2368K)
[2024-06-10T02:37:28.500+0000][14976][info ][gc          ] GC(0) Pause Young (Normal) (G1 Evacuation Pause) 196M->11M(3920M) 8.571ms
[2024-06-10T02:37:28.500+0000][14976][info ][gc,cpu      ] GC(0) User=0.00s Sys=0.00s Real=0.01s
[2024-06-10T02:37:28.500+0000][14976][info ][safepoint   ] Safepoint "G1CollectForAllocation", Time since last: 691298400 ns, Reaching safepoint: 2500 ns, Cleanup: 77900 ns, At safepoint: 8624400 ns, Total: 8704800 ns
[2024-06-10T02:37:29.761+0000][14976][info ][safepoint   ] Safepoint "Cleanup", Time since last: 1260675300 ns, Reaching safepoint: 7000 ns, Cleanup: 83900 ns, At safepoint: 1600 ns, Total: 92500 ns
[2024-06-10T02:37:29.903+0000][14976][info ][gc,start    ] GC(1) Pause Young (Concurrent Start) (Metadata GC Threshold)
[2024-06-10T02:37:29.903+0000][14976][info ][gc,task     ] GC(1) Using 8 workers of 8 for evacuation
[2024-06-10T02:37:29.903+0000][14976][debug][gc,age      ] GC(1) Desired survivor size 14680064 bytes, new threshold 15 (max threshold 15)
[2024-06-10T02:37:29.903+0000][14976][info ][gc,phases   ] GC(1)   Pre Evacuate Collection Set: 0.3ms
[2024-06-10T02:37:29.903+0000][14976][info ][gc,phases   ] GC(1)   Merge Heap Roots: 0.0ms
[2024-06-10T02:37:29.903+0000][14976][info ][gc,phases   ] GC(1)   Evacuate Collection Set: 10.0ms
[2024-06-10T02:37:29.903+0000][14976][info ][gc,phases   ] GC(1)   Post Evacuate Collection Set: 1.2ms
[2024-06-10T02:37:29.903+0000][14976][info ][gc,phases   ] GC(1)   Other: 0.1ms
[2024-06-10T02:37:29.903+0000][14976][trace][gc,age      ] GC(1) Age table with threshold 15 (max threshold 15)
[2024-06-10T02:37:29.903+0000][14976][trace][gc,age      ] GC(1) - age   1:    2258024 bytes,    2258024 total
[2024-06-10T02:37:29.903+0000][14976][trace][gc,age      ] GC(1) - age   2:   10168272 bytes,   12426296 total
[2024-06-10T02:37:29.903+0000][14976][info ][gc,heap     ] GC(1) Eden regions: 32->0(50)
[2024-06-10T02:37:29.903+0000][14976][info ][gc,heap     ] GC(1) Survivor regions: 3->4(7)
[2024-06-10T02:37:29.903+0000][14976][info ][gc,heap     ] GC(1) Old regions: 0->0
[2024-06-10T02:37:29.903+0000][14976][info ][gc,heap     ] GC(1) Humongous regions: 0->0
[2024-06-10T02:37:29.903+0000][14976][info ][gc,metaspace] GC(1) Metaspace: 21007K(21504K)->21007K(21504K) NonClass: 18749K(19008K)->18749K(19008K) Class: 2258K(2496K)->2258K(2496K)
[2024-06-10T02:37:29.903+0000][14976][info ][gc          ] GC(1) Pause Young (Concurrent Start) (Metadata GC Threshold) 137M->13M(3920M) 12.299ms
[2024-06-10T02:37:29.903+0000][14976][info ][gc          ] GC(2) Concurrent Mark Cycle
[2024-06-10T02:37:29.903+0000][14976][info ][gc,cpu      ] GC(1) User=0.00s Sys=0.00s Real=0.00s
[2024-06-10T02:37:29.903+0000][14976][info ][gc,marking  ] GC(2) Concurrent Scan Root Regions
[2024-06-10T02:37:29.903+0000][14976][info ][safepoint   ] Safepoint "CollectForMetadataAllocation", Time since last: 142038000 ns, Reaching safepoint: 4700 ns, Cleanup: 14200 ns, At safepoint: 12544900 ns, Total: 12563800 ns
[2024-06-10T02:37:29.919+0000][14976][info ][gc,marking  ] GC(2) Concurrent Scan Root Regions 5.068ms
[2024-06-10T02:37:29.919+0000][14976][info ][gc,marking  ] GC(2) Concurrent Mark
[2024-06-10T02:37:29.919+0000][14976][info ][gc,marking  ] GC(2) Concurrent Mark From Roots
[2024-06-10T02:37:29.919+0000][14976][info ][gc,task     ] GC(2) Using 2 workers of 2 for marking
[2024-06-10T02:37:29.919+0000][14976][info ][gc,marking  ] GC(2) Concurrent Mark From Roots 0.252ms
[2024-06-10T02:37:29.919+0000][14976][info ][gc,marking  ] GC(2) Concurrent Preclean
[2024-06-10T02:37:29.919+0000][14976][info ][gc,marking  ] GC(2) Concurrent Preclean 0.062ms
[2024-06-10T02:37:29.935+0000][14976][info ][gc,start    ] GC(2) Pause Remark
[2024-06-10T02:37:29.935+0000][14976][info ][gc          ] GC(2) Pause Remark 15M->15M(3920M) 2.875ms
[2024-06-10T02:37:29.935+0000][14976][info ][gc,cpu      ] GC(2) User=0.00s Sys=0.00s Real=0.00s
[2024-06-10T02:37:29.935+0000][14976][info ][safepoint   ] Safepoint "G1PauseRemark", Time since last: 5416900 ns, Reaching safepoint: 13173100 ns, Cleanup: 18000 ns, At safepoint: 3044900 ns, Total: 16236000 ns
[2024-06-10T02:37:29.935+0000][14976][info ][gc,marking  ] GC(2) Concurrent Mark 16.653ms
[2024-06-10T02:37:29.935+0000][14976][info ][gc,marking  ] GC(2) Concurrent Rebuild Remembered Sets and Scrub Regions
[2024-06-10T02:37:29.935+0000][14976][info ][gc,marking  ] GC(2) Concurrent Rebuild Remembered Sets and Scrub Regions 0.049ms
[2024-06-10T02:37:29.935+0000][14976][info ][gc,start    ] GC(2) Pause Cleanup
[2024-06-10T02:37:29.935+0000][14976][info ][gc          ] GC(2) Pause Cleanup 15M->15M(3920M) 0.029ms
[2024-06-10T02:37:29.935+0000][14976][info ][gc,cpu      ] GC(2) User=0.00s Sys=0.00s Real=0.00s
[2024-06-10T02:37:29.935+0000][14976][info ][safepoint   ] Safepoint "G1PauseCleanup", Time since last: 141100 ns, Reaching safepoint: 12900 ns, Cleanup: 2600 ns, At safepoint: 69600 ns, Total: 85100 ns
[2024-06-10T02:37:29.935+0000][14976][info ][gc,marking  ] GC(2) Concurrent Clear Claimed Marks
[2024-06-10T02:37:29.935+0000][14976][info ][gc,marking  ] GC(2) Concurrent Clear Claimed Marks 0.056ms
[2024-06-10T02:37:29.935+0000][14976][info ][gc,marking  ] GC(2) Concurrent Cleanup for Next Mark
[2024-06-10T02:37:29.935+0000][14976][info ][gc,marking  ] GC(2) Concurrent Cleanup for Next Mark 7.069ms
[2024-06-10T02:37:29.935+0000][14976][info ][gc          ] GC(2) Concurrent Mark Cycle 29.325ms
[2024-06-10T02:37:31.274+0000][14976][info ][safepoint   ] Safepoint "Cleanup", Time since last: 1335630600 ns, Reaching safepoint: 33000 ns, Cleanup: 197900 ns, At safepoint: 15400 ns, Total: 246300 ns
[2024-06-10T02:37:32.941+0000][14976][info ][gc,start    ] GC(3) Pause Young (Normal) (G1 Evacuation Pause)
[2024-06-10T02:37:32.941+0000][14976][info ][gc,task     ] GC(3) Using 8 workers of 8 for evacuation
[2024-06-10T02:37:32.941+0000][14976][debug][gc,age      ] GC(3) Desired survivor size 14680064 bytes, new threshold 15 (max threshold 15)
[2024-06-10T02:37:32.974+0000][14976][info ][gc,phases   ] GC(3)   Pre Evacuate Collection Set: 0.4ms
[2024-06-10T02:37:32.974+0000][14976][info ][gc,phases   ] GC(3)   Merge Heap Roots: 0.1ms
[2024-06-10T02:37:32.974+0000][14976][info ][gc,phases   ] GC(3)   Evacuate Collection Set: 21.2ms
[2024-06-10T02:37:32.974+0000][14976][info ][gc,phases   ] GC(3)   Post Evacuate Collection Set: 1.6ms
[2024-06-10T02:37:32.974+0000][14976][info ][gc,phases   ] GC(3)   Other: 0.1ms
[2024-06-10T02:37:32.974+0000][14976][trace][gc,age      ] GC(3) Age table with threshold 15 (max threshold 15)
[2024-06-10T02:37:32.974+0000][14976][trace][gc,age      ] GC(3) - age   1:    6888952 bytes,    6888952 total
[2024-06-10T02:37:32.974+0000][14976][trace][gc,age      ] GC(3) - age   2:    2160200 bytes,    9049152 total
[2024-06-10T02:37:32.974+0000][14976][trace][gc,age      ] GC(3) - age   3:   10162944 bytes,   19212096 total
[2024-06-10T02:37:32.974+0000][14976][info ][gc,heap     ] GC(3) Eden regions: 50->0(96)
[2024-06-10T02:37:32.974+0000][14976][info ][gc,heap     ] GC(3) Survivor regions: 4->5(7)
[2024-06-10T02:37:32.974+0000][14976][info ][gc,heap     ] GC(3) Old regions: 0->0
[2024-06-10T02:37:32.974+0000][14976][info ][gc,heap     ] GC(3) Humongous regions: 0->0
[2024-06-10T02:37:32.974+0000][14976][info ][gc,metaspace] GC(3) Metaspace: 27424K(28096K)->27424K(28096K) NonClass: 24345K(24704K)->24345K(24704K) Class: 3079K(3392K)->3079K(3392K)
[2024-06-10T02:37:32.974+0000][14976][info ][gc          ] GC(3) Pause Young (Normal) (G1 Evacuation Pause) 213M->19M(3920M) 23.932ms
[2024-06-10T02:37:32.974+0000][14976][info ][gc,cpu      ] GC(3) User=0.05s Sys=0.02s Real=0.03s
[2024-06-10T02:37:32.974+0000][14976][info ][safepoint   ] Safepoint "G1CollectForAllocation", Time since last: 1677415900 ns, Reaching safepoint: 7400 ns, Cleanup: 165300 ns, At safepoint: 24063000 ns, Total: 24235700 ns
[2024-06-10T02:37:33.980+0000][14976][info ][safepoint   ] Safepoint "Cleanup", Time since last: 1004157600 ns, Reaching safepoint: 16400 ns, Cleanup: 88700 ns, At safepoint: 3400 ns, Total: 108500 ns
[2024-06-10T02:37:34.988+0000][14976][info ][safepoint   ] Safepoint "Cleanup", Time since last: 1008310800 ns, Reaching safepoint: 15100 ns, Cleanup: 77400 ns, At safepoint: 4600 ns, Total: 97100 ns
[2024-06-10T02:37:35.995+0000][14976][info ][safepoint   ] Safepoint "Cleanup", Time since last: 1006885800 ns, Reaching safepoint: 12800 ns, Cleanup: 44000 ns, At safepoint: 4000 ns, Total: 60800 ns
[2024-06-10T02:37:37.709+0000][14976][info ][safepoint   ] Safepoint "Cleanup", Time since last: 1717192300 ns, Reaching safepoint: 3000 ns, Cleanup: 28600 ns, At safepoint: 14300 ns, Total: 45900 ns
[2024-06-10T02:37:38.715+0000][14976][info ][safepoint   ] Safepoint "Cleanup", Time since last: 1002520300 ns, Reaching safepoint: 16100 ns, Cleanup: 32700 ns, At safepoint: 1900 ns, Total: 50700 ns
[2024-06-10T02:37:39.281+0000][14976][info ][gc,start    ] GC(4) Pause Young (Normal) (G1 Evacuation Pause)
[2024-06-10T02:37:39.281+0000][14976][info ][gc,task     ] GC(4) Using 8 workers of 8 for evacuation
[2024-06-10T02:37:39.281+0000][14976][debug][gc,age      ] GC(4) Desired survivor size 27262976 bytes, new threshold 15 (max threshold 15)
[2024-06-10T02:37:39.313+0000][14976][info ][gc,phases   ] GC(4)   Pre Evacuate Collection Set: 0.5ms
[2024-06-10T02:37:39.313+0000][14976][info ][gc,phases   ] GC(4)   Merge Heap Roots: 0.2ms
[2024-06-10T02:37:39.313+0000][14976][info ][gc,phases   ] GC(4)   Evacuate Collection Set: 22.4ms
[2024-06-10T02:37:39.313+0000][14976][info ][gc,phases   ] GC(4)   Post Evacuate Collection Set: 2.3ms
[2024-06-10T02:37:39.313+0000][14976][info ][gc,phases   ] GC(4)   Other: 0.3ms
[2024-06-10T02:37:39.313+0000][14976][trace][gc,age      ] GC(4) Age table with threshold 15 (max threshold 15)
[2024-06-10T02:37:39.313+0000][14976][trace][gc,age      ] GC(4) - age   1:    3283920 bytes,    3283920 total
[2024-06-10T02:37:39.313+0000][14976][trace][gc,age      ] GC(4) - age   2:    6008168 bytes,    9292088 total
[2024-06-10T02:37:39.313+0000][14976][trace][gc,age      ] GC(4) - age   3:    2159320 bytes,   11451408 total
[2024-06-10T02:37:39.313+0000][14976][trace][gc,age      ] GC(4) - age   4:   10162816 bytes,   21614224 total
[2024-06-10T02:37:39.313+0000][14976][info ][gc,heap     ] GC(4) Eden regions: 96->0(582)
[2024-06-10T02:37:39.313+0000][14976][info ][gc,heap     ] GC(4) Survivor regions: 5->6(13)
[2024-06-10T02:37:39.313+0000][14976][info ][gc,heap     ] GC(4) Old regions: 0->0
[2024-06-10T02:37:39.313+0000][14976][info ][gc,heap     ] GC(4) Humongous regions: 0->0
[2024-06-10T02:37:39.313+0000][14976][info ][gc,metaspace] GC(4) Metaspace: 28236K(28992K)->28236K(28992K) NonClass: 25059K(25472K)->25059K(25472K) Class: 3176K(3520K)->3176K(3520K)
[2024-06-10T02:37:39.313+0000][14976][info ][gc          ] GC(4) Pause Young (Normal) (G1 Evacuation Pause) 403M->22M(3920M) 26.575ms
[2024-06-10T02:37:39.313+0000][14976][info ][gc,cpu      ] GC(4) User=0.02s Sys=0.00s Real=0.03s
[2024-06-10T02:37:39.313+0000][14976][info ][safepoint   ] Safepoint "G1CollectForAllocation", Time since last: 577964500 ns, Reaching safepoint: 8100 ns, Cleanup: 27100 ns, At safepoint: 26725400 ns, Total: 26760600 ns
[2024-06-10T02:37:41.326+0000][14976][info ][safepoint   ] Safepoint "Cleanup", Time since last: 2006256600 ns, Reaching safepoint: 11100 ns, Cleanup: 67800 ns, At safepoint: 4700 ns, Total: 83600 ns
[2024-06-10T02:37:43.087+0000][14976][info ][safepoint   ] Safepoint "Cleanup", Time since last: 1760832900 ns, Reaching safepoint: 9500 ns, Cleanup: 142800 ns, At safepoint: 4000 ns, Total: 156300 ns
[2024-06-10T02:37:44.093+0000][14976][info ][safepoint   ] Safepoint "Cleanup", Time since last: 1006166700 ns, Reaching safepoint: 8400 ns, Cleanup: 27500 ns, At safepoint: 2200 ns, Total: 38100 ns
[2024-06-10T02:37:45.100+0000][14976][info ][safepoint   ] Safepoint "Cleanup", Time since last: 1007406400 ns, Reaching safepoint: 10300 ns, Cleanup: 31500 ns, At safepoint: 4500 ns, Total: 46300 ns
[2024-06-10T02:37:46.108+0000][14976][info ][safepoint   ] Safepoint "Cleanup", Time since last: 1007530500 ns, Reaching safepoint: 12300 ns, Cleanup: 49800 ns, At safepoint: 16400 ns, Total: 78500 ns
[2024-06-10T02:37:47.115+0000][14976][info ][safepoint   ] Safepoint "Cleanup", Time since last: 1006430400 ns, Reaching safepoint: 29800 ns, Cleanup: 118600 ns, At safepoint: 85200 ns, Total: 233600 ns
[2024-06-10T02:37:47.131+0000][14976][info ][gc,start    ] GC(5) Pause Young (Concurrent Start) (Metadata GC Threshold)
[2024-06-10T02:37:47.131+0000][14976][info ][gc,task     ] GC(5) Using 8 workers of 8 for evacuation
[2024-06-10T02:37:47.131+0000][14976][debug][gc,age      ] GC(5) Desired survivor size 155189248 bytes, new threshold 15 (max threshold 15)
[2024-06-10T02:37:47.162+0000][14976][info ][gc,phases   ] GC(5)   Pre Evacuate Collection Set: 0.4ms
[2024-06-10T02:37:47.162+0000][14976][info ][gc,phases   ] GC(5)   Merge Heap Roots: 0.1ms
[2024-06-10T02:37:47.162+0000][14976][info ][gc,phases   ] GC(5)   Evacuate Collection Set: 20.9ms
[2024-06-10T02:37:47.162+0000][14976][info ][gc,phases   ] GC(5)   Post Evacuate Collection Set: 2.0ms
[2024-06-10T02:37:47.162+0000][14976][info ][gc,phases   ] GC(5)   Other: 0.2ms
[2024-06-10T02:37:47.162+0000][14976][trace][gc,age      ] GC(5) Age table with threshold 15 (max threshold 15)
[2024-06-10T02:37:47.162+0000][14976][trace][gc,age      ] GC(5) - age   1:    8343880 bytes,    8343880 total
[2024-06-10T02:37:47.162+0000][14976][trace][gc,age      ] GC(5) - age   2:    3084288 bytes,   11428168 total
[2024-06-10T02:37:47.162+0000][14976][trace][gc,age      ] GC(5) - age   3:    6002656 bytes,   17430824 total
[2024-06-10T02:37:47.162+0000][14976][trace][gc,age      ] GC(5) - age   4:    2157976 bytes,   19588800 total
[2024-06-10T02:37:47.162+0000][14976][trace][gc,age      ] GC(5) - age   5:   10155560 bytes,   29744360 total
[2024-06-10T02:37:47.162+0000][14976][info ][gc,heap     ] GC(5) Eden regions: 95->0(580)
[2024-06-10T02:37:47.162+0000][14976][info ][gc,heap     ] GC(5) Survivor regions: 6->8(74)
[2024-06-10T02:37:47.162+0000][14976][info ][gc,heap     ] GC(5) Old regions: 0->0
[2024-06-10T02:37:47.162+0000][14976][info ][gc,heap     ] GC(5) Humongous regions: 0->0
[2024-06-10T02:37:47.162+0000][14976][info ][gc,metaspace] GC(5) Metaspace: 35308K(36096K)->35308K(36096K) NonClass: 31317K(31744K)->31317K(31744K) Class: 3990K(4352K)->3990K(4352K)
[2024-06-10T02:37:47.162+0000][14976][info ][gc          ] GC(5) Pause Young (Concurrent Start) (Metadata GC Threshold) 402M->31M(3920M) 24.282ms
[2024-06-10T02:37:47.162+0000][14976][info ][gc,cpu      ] GC(5) User=0.02s Sys=0.00s Real=0.03s
[2024-06-10T02:37:47.162+0000][14976][info ][gc          ] GC(6) Concurrent Mark Cycle
[2024-06-10T02:37:47.163+0000][14976][info ][gc,marking  ] GC(6) Concurrent Scan Root Regions
[2024-06-10T02:37:47.163+0000][14976][info ][safepoint   ] Safepoint "CollectForMetadataAllocation", Time since last: 23728000 ns, Reaching safepoint: 7800 ns, Cleanup: 7200 ns, At safepoint: 24504400 ns, Total: 24519400 ns
[2024-06-10T02:37:47.164+0000][14976][info ][gc,marking  ] GC(6) Concurrent Scan Root Regions 9.229ms
[2024-06-10T02:37:47.164+0000][14976][info ][gc,marking  ] GC(6) Concurrent Mark
[2024-06-10T02:37:47.164+0000][14976][info ][gc,marking  ] GC(6) Concurrent Mark From Roots
[2024-06-10T02:37:47.164+0000][14976][info ][gc,task     ] GC(6) Using 2 workers of 2 for marking
[2024-06-10T02:37:47.164+0000][14976][info ][gc,marking  ] GC(6) Concurrent Mark From Roots 0.262ms
[2024-06-10T02:37:47.164+0000][14976][info ][gc,marking  ] GC(6) Concurrent Preclean
[2024-06-10T02:37:47.164+0000][14976][info ][gc,marking  ] GC(6) Concurrent Preclean 0.041ms
[2024-06-10T02:37:47.164+0000][14976][info ][gc,start    ] GC(6) Pause Remark
[2024-06-10T02:37:47.178+0000][14976][info ][gc          ] GC(6) Pause Remark 35M->35M(3920M) 7.973ms
[2024-06-10T02:37:47.178+0000][14976][info ][gc,cpu      ] GC(6) User=0.00s Sys=0.00s Real=0.01s
[2024-06-10T02:37:47.178+0000][14976][info ][safepoint   ] Safepoint "G1PauseRemark", Time since last: 9705400 ns, Reaching safepoint: 88500 ns, Cleanup: 8500 ns, At safepoint: 8145100 ns, Total: 8242100 ns
[2024-06-10T02:37:47.178+0000][14976][info ][gc,marking  ] GC(6) Concurrent Mark 8.724ms
[2024-06-10T02:37:47.178+0000][14976][info ][gc,marking  ] GC(6) Concurrent Rebuild Remembered Sets and Scrub Regions
[2024-06-10T02:37:47.178+0000][14976][info ][gc,marking  ] GC(6) Concurrent Rebuild Remembered Sets and Scrub Regions 0.128ms
[2024-06-10T02:37:47.178+0000][14976][info ][gc,start    ] GC(6) Pause Cleanup
[2024-06-10T02:37:47.178+0000][14976][info ][gc          ] GC(6) Pause Cleanup 35M->35M(3920M) 0.052ms
[2024-06-10T02:37:47.178+0000][14976][info ][gc,cpu      ] GC(6) User=0.00s Sys=0.00s Real=0.00s
[2024-06-10T02:37:47.178+0000][14976][info ][safepoint   ] Safepoint "G1PauseCleanup", Time since last: 326200 ns, Reaching safepoint: 46100 ns, Cleanup: 18200 ns, At safepoint: 121200 ns, Total: 185500 ns
[2024-06-10T02:37:47.178+0000][14976][info ][gc,marking  ] GC(6) Concurrent Clear Claimed Marks
[2024-06-10T02:37:47.178+0000][14976][info ][gc,marking  ] GC(6) Concurrent Clear Claimed Marks 0.062ms
[2024-06-10T02:37:47.178+0000][14976][info ][gc,marking  ] GC(6) Concurrent Cleanup for Next Mark
[2024-06-10T02:37:47.184+0000][14976][info ][gc,marking  ] GC(6) Concurrent Cleanup for Next Mark 10.743ms
[2024-06-10T02:37:47.184+0000][14976][info ][gc          ] GC(6) Concurrent Mark Cycle 29.904ms
[2024-06-10T02:37:48.185+0000][14976][info ][safepoint   ] Safepoint "Cleanup", Time since last: 1003046200 ns, Reaching safepoint: 81800 ns, Cleanup: 85200 ns, At safepoint: 23100 ns, Total: 190100 ns
[2024-06-10T02:37:49.193+0000][14976][info ][safepoint   ] Safepoint "Cleanup", Time since last: 1008108500 ns, Reaching safepoint: 157400 ns, Cleanup: 75200 ns, At safepoint: 17500 ns, Total: 250100 ns
[2024-06-10T02:37:50.204+0000][14976][info ][safepoint   ] Safepoint "Cleanup", Time since last: 1010664300 ns, Reaching safepoint: 7600 ns, Cleanup: 15500 ns, At safepoint: 2200 ns, Total: 25300 ns
[2024-06-10T02:37:51.211+0000][14976][info ][safepoint   ] Safepoint "Cleanup", Time since last: 1006999100 ns, Reaching safepoint: 19100 ns, Cleanup: 33600 ns, At safepoint: 3000 ns, Total: 55700 ns
[2024-06-10T02:37:52.222+0000][14976][info ][safepoint   ] Safepoint "Cleanup", Time since last: 1010681000 ns, Reaching safepoint: 34700 ns, Cleanup: 30600 ns, At safepoint: 19400 ns, Total: 84700 ns
[2024-06-10T02:37:53.222+0000][14976][info ][safepoint   ] Safepoint "Cleanup", Time since last: 1000623900 ns, Reaching safepoint: 798500 ns, Cleanup: 31300 ns, At safepoint: 106600 ns, Total: 936400 ns
[2024-06-10T02:37:54.229+0000][14976][info ][safepoint   ] Safepoint "Cleanup", Time since last: 1005525900 ns, Reaching safepoint: 8300 ns, Cleanup: 80400 ns, At safepoint: 2800 ns, Total: 91500 ns
[2024-06-10T02:37:55.238+0000][14976][info ][safepoint   ] Safepoint "Cleanup", Time since last: 1009469300 ns, Reaching safepoint: 169000 ns, Cleanup: 85200 ns, At safepoint: 10900 ns, Total: 265100 ns
[2024-06-10T02:37:56.244+0000][14976][info ][safepoint   ] Safepoint "Cleanup", Time since last: 1005578800 ns, Reaching safepoint: 141800 ns, Cleanup: 105800 ns, At safepoint: 11100 ns, Total: 258700 ns
[2024-06-10T02:37:57.963+0000][14976][info ][safepoint   ] Safepoint "Cleanup", Time since last: 1718502000 ns, Reaching safepoint: 6100 ns, Cleanup: 136500 ns, At safepoint: 23400 ns, Total: 166000 ns
[2024-06-10T02:37:57.994+0000][14976][info ][gc,start    ] GC(7) Pause Young (Concurrent Start) (Metadata GC Threshold)
[2024-06-10T02:37:57.994+0000][14976][info ][gc,task     ] GC(7) Using 8 workers of 8 for evacuation
[2024-06-10T02:37:57.994+0000][14976][debug][gc,age      ] GC(7) Desired survivor size 155189248 bytes, new threshold 15 (max threshold 15)
[2024-06-10T02:37:58.041+0000][14976][info ][gc,phases   ] GC(7)   Pre Evacuate Collection Set: 0.5ms
[2024-06-10T02:37:58.041+0000][14976][info ][gc,phases   ] GC(7)   Merge Heap Roots: 0.1ms
[2024-06-10T02:37:58.041+0000][14976][info ][gc,phases   ] GC(7)   Evacuate Collection Set: 41.0ms
[2024-06-10T02:37:58.041+0000][14976][info ][gc,phases   ] GC(7)   Post Evacuate Collection Set: 2.9ms
[2024-06-10T02:37:58.041+0000][14976][info ][gc,phases   ] GC(7)   Other: 0.3ms
[2024-06-10T02:37:58.041+0000][14976][trace][gc,age      ] GC(7) Age table with threshold 15 (max threshold 15)
[2024-06-10T02:37:58.041+0000][14976][trace][gc,age      ] GC(7) - age   1:   10709936 bytes,   10709936 total
[2024-06-10T02:37:58.041+0000][14976][trace][gc,age      ] GC(7) - age   2:    8262728 bytes,   18972664 total
[2024-06-10T02:37:58.041+0000][14976][trace][gc,age      ] GC(7) - age   3:    3063360 bytes,   22036024 total
[2024-06-10T02:37:58.041+0000][14976][trace][gc,age      ] GC(7) - age   4:    5976952 bytes,   28012976 total
[2024-06-10T02:37:58.041+0000][14976][trace][gc,age      ] GC(7) - age   5:    2148632 bytes,   30161608 total
[2024-06-10T02:37:58.041+0000][14976][trace][gc,age      ] GC(7) - age   6:    9944088 bytes,   40105696 total
[2024-06-10T02:37:58.041+0000][14976][info ][gc,heap     ] GC(7) Eden regions: 191->0(260)
[2024-06-10T02:37:58.041+0000][14976][info ][gc,heap     ] GC(7) Survivor regions: 8->11(74)
[2024-06-10T02:37:58.041+0000][14976][info ][gc,heap     ] GC(7) Old regions: 0->0
[2024-06-10T02:37:58.041+0000][14976][info ][gc,heap     ] GC(7) Humongous regions: 0->0
[2024-06-10T02:37:58.041+0000][14976][info ][gc,metaspace] GC(7) Metaspace: 59067K(60288K)->59067K(60288K) NonClass: 51783K(52480K)->51783K(52480K) Class: 7284K(7808K)->7284K(7808K)
[2024-06-10T02:37:58.041+0000][14976][info ][gc          ] GC(7) Pause Young (Concurrent Start) (Metadata GC Threshold) 795M->43M(3920M) 45.418ms
[2024-06-10T02:37:58.041+0000][14976][info ][gc,cpu      ] GC(7) User=0.09s Sys=0.00s Real=0.05s
[2024-06-10T02:37:58.041+0000][14976][info ][gc          ] GC(8) Concurrent Mark Cycle
[2024-06-10T02:37:58.041+0000][14976][info ][gc,marking  ] GC(8) Concurrent Scan Root Regions
[2024-06-10T02:37:58.041+0000][14976][info ][safepoint   ] Safepoint "CollectForMetadataAllocation", Time since last: 36171000 ns, Reaching safepoint: 6500 ns, Cleanup: 5900 ns, At safepoint: 45633200 ns, Total: 45645600 ns
[2024-06-10T02:37:58.052+0000][14976][info ][gc,marking  ] GC(8) Concurrent Scan Root Regions 21.954ms
[2024-06-10T02:37:58.052+0000][14976][info ][gc,marking  ] GC(8) Concurrent Mark
[2024-06-10T02:37:58.052+0000][14976][info ][gc,marking  ] GC(8) Concurrent Mark From Roots
[2024-06-10T02:37:58.052+0000][14976][info ][gc,task     ] GC(8) Using 2 workers of 2 for marking
[2024-06-10T02:37:58.052+0000][14976][info ][gc,marking  ] GC(8) Concurrent Mark From Roots 0.372ms
[2024-06-10T02:37:58.052+0000][14976][info ][gc,marking  ] GC(8) Concurrent Preclean
[2024-06-10T02:37:58.052+0000][14976][info ][gc,marking  ] GC(8) Concurrent Preclean 0.026ms
[2024-06-10T02:37:58.052+0000][14976][info ][gc,start    ] GC(8) Pause Remark
[2024-06-10T02:37:58.068+0000][14976][info ][gc          ] GC(8) Pause Remark 49M->49M(3920M) 5.629ms
[2024-06-10T02:37:58.068+0000][14976][info ][gc,cpu      ] GC(8) User=0.00s Sys=0.00s Real=0.02s
[2024-06-10T02:37:58.068+0000][14976][info ][safepoint   ] Safepoint "G1PauseRemark", Time since last: 22593300 ns, Reaching safepoint: 4500 ns, Cleanup: 4600 ns, At safepoint: 5808700 ns, Total: 5817800 ns
[2024-06-10T02:37:58.068+0000][14976][info ][gc,marking  ] GC(8) Concurrent Mark 6.462ms
[2024-06-10T02:37:58.068+0000][14976][info ][gc,marking  ] GC(8) Concurrent Rebuild Remembered Sets and Scrub Regions
[2024-06-10T02:37:58.068+0000][14976][info ][gc,marking  ] GC(8) Concurrent Rebuild Remembered Sets and Scrub Regions 0.143ms
[2024-06-10T02:37:58.068+0000][14976][info ][gc,start    ] GC(8) Pause Cleanup
[2024-06-10T02:37:58.068+0000][14976][info ][gc          ] GC(8) Pause Cleanup 49M->49M(3920M) 0.059ms
[2024-06-10T02:37:58.068+0000][14976][info ][gc,cpu      ] GC(8) User=0.00s Sys=0.00s Real=0.00s
[2024-06-10T02:37:58.068+0000][14976][info ][safepoint   ] Safepoint "G1PauseCleanup", Time since last: 418600 ns, Reaching safepoint: 4600 ns, Cleanup: 69800 ns, At safepoint: 149300 ns, Total: 223700 ns
[2024-06-10T02:37:58.068+0000][14976][info ][gc,marking  ] GC(8) Concurrent Clear Claimed Marks
[2024-06-10T02:37:58.068+0000][14976][info ][gc,marking  ] GC(8) Concurrent Clear Claimed Marks 0.122ms
[2024-06-10T02:37:58.068+0000][14976][info ][gc,marking  ] GC(8) Concurrent Cleanup for Next Mark
[2024-06-10T02:37:58.083+0000][14976][info ][gc,marking  ] GC(8) Concurrent Cleanup for Next Mark 12.121ms
[2024-06-10T02:37:58.083+0000][14976][info ][gc          ] GC(8) Concurrent Mark Cycle 41.638ms
[2024-06-10T02:37:59.883+0000][14976][info ][safepoint   ] Safepoint "Cleanup", Time since last: 1808980400 ns, Reaching safepoint: 24700 ns, Cleanup: 174100 ns, At safepoint: 17900 ns, Total: 216700 ns
[2024-06-10T02:38:00.907+0000][14976][info ][safepoint   ] Safepoint "Cleanup", Time since last: 1007962900 ns, Reaching safepoint: 15655500 ns, Cleanup: 57800 ns, At safepoint: 20300 ns, Total: 15733600 ns
[2024-06-10T02:38:01.913+0000][14976][info ][safepoint   ] Safepoint "Cleanup", Time since last: 1006556500 ns, Reaching safepoint: 118200 ns, Cleanup: 49200 ns, At safepoint: 14200 ns, Total: 181600 ns
[2024-06-10T02:38:02.983+0000][14976][info ][safepoint   ] Safepoint "ICBufferFull", Time since last: 1083717700 ns, Reaching safepoint: 4800 ns, Cleanup: 154100 ns, At safepoint: 2200 ns, Total: 161100 ns
[2024-06-10T02:38:04.998+0000][14976][info ][safepoint   ] Safepoint "Cleanup", Time since last: 2000633400 ns, Reaching safepoint: 55100 ns, Cleanup: 79300 ns, At safepoint: 23900 ns, Total: 158300 ns
[2024-06-10T02:38:06.142+0000][14976][info ][safepoint   ] Safepoint "Cleanup", Time since last: 1144473900 ns, Reaching safepoint: 15900 ns, Cleanup: 222600 ns, At safepoint: 11000 ns, Total: 249500 ns
[2024-06-10T02:38:07.154+0000][14976][info ][safepoint   ] Safepoint "Cleanup", Time since last: 1010579300 ns, Reaching safepoint: 6800 ns, Cleanup: 144300 ns, At safepoint: 14700 ns, Total: 165800 ns
[2024-06-10T02:38:08.559+0000][14976][info ][safepoint   ] Safepoint "ICBufferFull", Time since last: 1413915900 ns, Reaching safepoint: 6300 ns, Cleanup: 144000 ns, At safepoint: 1800 ns, Total: 152100 ns
[2024-06-10T02:38:09.775+0000][14976][info ][safepoint   ] Safepoint "Cleanup", Time since last: 1212333700 ns, Reaching safepoint: 4500 ns, Cleanup: 41300 ns, At safepoint: 14400 ns, Total: 60200 ns
[2024-06-10T02:38:10.433+0000][14976][info ][gc,start    ] GC(9) Pause Young (Concurrent Start) (Metadata GC Threshold)
[2024-06-10T02:38:10.433+0000][14976][info ][gc,task     ] GC(9) Using 8 workers of 8 for evacuation
[2024-06-10T02:38:10.433+0000][14976][debug][gc,age      ] GC(9) Desired survivor size 71303168 bytes, new threshold 15 (max threshold 15)
[2024-06-10T02:38:10.513+0000][14976][info ][gc,phases   ] GC(9)   Pre Evacuate Collection Set: 0.4ms
[2024-06-10T02:38:10.513+0000][14976][info ][gc,phases   ] GC(9)   Merge Heap Roots: 0.1ms
[2024-06-10T02:38:10.513+0000][14976][info ][gc,phases   ] GC(9)   Evacuate Collection Set: 73.8ms
[2024-06-10T02:38:10.513+0000][14976][info ][gc,phases   ] GC(9)   Post Evacuate Collection Set: 4.1ms
[2024-06-10T02:38:10.513+0000][14976][info ][gc,phases   ] GC(9)   Other: 0.2ms
[2024-06-10T02:38:10.513+0000][14976][trace][gc,age      ] GC(9) Age table with threshold 15 (max threshold 15)
[2024-06-10T02:38:10.513+0000][14976][trace][gc,age      ] GC(9) - age   1:   19863400 bytes,   19863400 total
[2024-06-10T02:38:10.513+0000][14976][trace][gc,age      ] GC(9) - age   2:   10124512 bytes,   29987912 total
[2024-06-10T02:38:10.513+0000][14976][trace][gc,age      ] GC(9) - age   3:    8236672 bytes,   38224584 total
[2024-06-10T02:38:10.513+0000][14976][trace][gc,age      ] GC(9) - age   4:    3049248 bytes,   41273832 total
[2024-06-10T02:38:10.513+0000][14976][trace][gc,age      ] GC(9) - age   5:    5943664 bytes,   47217496 total
[2024-06-10T02:38:10.513+0000][14976][trace][gc,age      ] GC(9) - age   6:    2143872 bytes,   49361368 total
[2024-06-10T02:38:10.513+0000][14976][trace][gc,age      ] GC(9) - age   7:    9901544 bytes,   59262912 total
[2024-06-10T02:38:10.513+0000][14976][info ][gc,heap     ] GC(9) Eden regions: 208->0(241)
[2024-06-10T02:38:10.513+0000][14976][info ][gc,heap     ] GC(9) Survivor regions: 11->16(34)
[2024-06-10T02:38:10.513+0000][14976][info ][gc,heap     ] GC(9) Old regions: 0->0
[2024-06-10T02:38:10.513+0000][14976][info ][gc,heap     ] GC(9) Humongous regions: 0->0
[2024-06-10T02:38:10.513+0000][14976][info ][gc,metaspace] GC(9) Metaspace: 99030K(100928K)->99030K(100928K) NonClass: 86216K(87296K)->86216K(87296K) Class: 12813K(13632K)->12813K(13632K)
[2024-06-10T02:38:10.513+0000][14976][info ][gc          ] GC(9) Pause Young (Concurrent Start) (Metadata GC Threshold) 873M->61M(3920M) 79.256ms
[2024-06-10T02:38:10.513+0000][14976][info ][gc          ] GC(10) Concurrent Mark Cycle
[2024-06-10T02:38:10.513+0000][14976][info ][gc,cpu      ] GC(9) User=0.28s Sys=0.02s Real=0.08s
[2024-06-10T02:38:10.513+0000][14976][info ][gc,marking  ] GC(10) Concurrent Scan Root Regions
[2024-06-10T02:38:10.513+0000][14976][info ][safepoint   ] Safepoint "CollectForMetadataAllocation", Time since last: 662294000 ns, Reaching safepoint: 7500 ns, Cleanup: 104500 ns, At safepoint: 79527300 ns, Total: 79639300 ns
[2024-06-10T02:38:10.559+0000][14976][info ][gc,marking  ] GC(10) Concurrent Scan Root Regions 38.012ms
[2024-06-10T02:38:10.559+0000][14976][info ][gc,marking  ] GC(10) Concurrent Mark
[2024-06-10T02:38:10.559+0000][14976][info ][gc,marking  ] GC(10) Concurrent Mark From Roots
[2024-06-10T02:38:10.559+0000][14976][info ][gc,task     ] GC(10) Using 2 workers of 2 for marking
[2024-06-10T02:38:10.559+0000][14976][info ][gc,marking  ] GC(10) Concurrent Mark From Roots 0.346ms
[2024-06-10T02:38:10.559+0000][14976][info ][gc,marking  ] GC(10) Concurrent Preclean
[2024-06-10T02:38:10.559+0000][14976][info ][gc,marking  ] GC(10) Concurrent Preclean 0.047ms
[2024-06-10T02:38:10.559+0000][14976][info ][gc,start    ] GC(10) Pause Remark
[2024-06-10T02:38:10.559+0000][14976][info ][gc          ] GC(10) Pause Remark 67M->67M(3920M) 8.671ms
[2024-06-10T02:38:10.559+0000][14976][info ][gc,cpu      ] GC(10) User=0.00s Sys=0.00s Real=0.00s
[2024-06-10T02:38:10.559+0000][14976][info ][safepoint   ] Safepoint "G1PauseRemark", Time since last: 38863600 ns, Reaching safepoint: 52500 ns, Cleanup: 16300 ns, At safepoint: 8944300 ns, Total: 9013100 ns
[2024-06-10T02:38:10.559+0000][14976][info ][gc,marking  ] GC(10) Concurrent Mark 9.650ms
[2024-06-10T02:38:10.559+0000][14976][info ][gc,marking  ] GC(10) Concurrent Rebuild Remembered Sets and Scrub Regions
[2024-06-10T02:38:10.559+0000][14976][info ][gc,marking  ] GC(10) Concurrent Rebuild Remembered Sets and Scrub Regions 0.096ms
[2024-06-10T02:38:10.559+0000][14976][info ][gc,start    ] GC(10) Pause Cleanup
[2024-06-10T02:38:10.559+0000][14976][info ][gc          ] GC(10) Pause Cleanup 67M->67M(3920M) 0.051ms
[2024-06-10T02:38:10.559+0000][14976][info ][gc,cpu      ] GC(10) User=0.00s Sys=0.00s Real=0.00s
[2024-06-10T02:38:10.559+0000][14976][info ][safepoint   ] Safepoint "G1PauseCleanup", Time since last: 320300 ns, Reaching safepoint: 15100 ns, Cleanup: 20300 ns, At safepoint: 169100 ns, Total: 204500 ns
[2024-06-10T02:38:10.559+0000][14976][info ][gc,marking  ] GC(10) Concurrent Clear Claimed Marks
[2024-06-10T02:38:10.559+0000][14976][info ][gc,marking  ] GC(10) Concurrent Clear Claimed Marks 0.144ms
[2024-06-10T02:38:10.559+0000][14976][info ][gc,marking  ] GC(10) Concurrent Cleanup for Next Mark
[2024-06-10T02:38:10.577+0000][14976][info ][gc,marking  ] GC(10) Concurrent Cleanup for Next Mark 8.970ms
[2024-06-10T02:38:10.577+0000][14976][info ][gc          ] GC(10) Concurrent Mark Cycle 57.955ms
[2024-06-10T02:38:12.340+0000][14976][info ][safepoint   ] Safepoint "Cleanup", Time since last: 1769398600 ns, Reaching safepoint: 43700 ns, Cleanup: 357700 ns, At safepoint: 25500 ns, Total: 426900 ns
[2024-06-10T02:38:13.350+0000][14976][info ][safepoint   ] Safepoint "Cleanup", Time since last: 1009339700 ns, Reaching safepoint: 63800 ns, Cleanup: 67900 ns, At safepoint: 34300 ns, Total: 166000 ns
[2024-06-10T02:38:14.217+0000][14976][info ][safepoint   ] Safepoint "ICBufferFull", Time since last: 868655800 ns, Reaching safepoint: 17700 ns, Cleanup: 178900 ns, At safepoint: 26000 ns, Total: 222600 ns
[2024-06-10T02:38:15.264+0000][14976][info ][safepoint   ] Safepoint "ICBufferFull", Time since last: 1048169200 ns, Reaching safepoint: 9400 ns, Cleanup: 149300 ns, At safepoint: 23300 ns, Total: 182000 ns
[2024-06-10T02:38:16.432+0000][14976][info ][safepoint   ] Safepoint "ICBufferFull", Time since last: 1168526600 ns, Reaching safepoint: 16600 ns, Cleanup: 218400 ns, At safepoint: 16500 ns, Total: 251500 ns
[2024-06-10T02:38:17.869+0000][14976][info ][safepoint   ] Safepoint "Cleanup", Time since last: 1432947600 ns, Reaching safepoint: 24300 ns, Cleanup: 165000 ns, At safepoint: 5500 ns, Total: 194800 ns
[2024-06-10T02:38:18.872+0000][14976][info ][safepoint   ] Safepoint "Cleanup", Time since last: 1003435000 ns, Reaching safepoint: 22900 ns, Cleanup: 28600 ns, At safepoint: 4600 ns, Total: 56100 ns
[2024-06-10T02:38:20.888+0000][14976][info ][safepoint   ] Safepoint "Cleanup", Time since last: 2014987200 ns, Reaching safepoint: 22800 ns, Cleanup: 34100 ns, At safepoint: 4200 ns, Total: 61100 ns
[2024-06-10T02:38:22.641+0000][14976][info ][safepoint   ] Safepoint "Cleanup", Time since last: 1753034700 ns, Reaching safepoint: 22100 ns, Cleanup: 25300 ns, At safepoint: 4000 ns, Total: 51400 ns
[2024-06-10T02:38:23.642+0000][14976][info ][safepoint   ] Safepoint "Cleanup", Time since last: 1001138500 ns, Reaching safepoint: 23000 ns, Cleanup: 26700 ns, At safepoint: 4200 ns, Total: 53900 ns
[2024-06-10T02:38:28.696+0000][14976][info ][safepoint   ] Safepoint "Cleanup", Time since last: 5054586000 ns, Reaching safepoint: 23700 ns, Cleanup: 25100 ns, At safepoint: 4500 ns, Total: 53300 ns
[2024-06-10T02:38:29.698+0000][14976][info ][safepoint   ] Safepoint "Cleanup", Time since last: 1001570200 ns, Reaching safepoint: 23200 ns, Cleanup: 25300 ns, At safepoint: 4500 ns, Total: 53000 ns
[2024-06-10T02:38:30.704+0000][14976][info ][safepoint   ] Safepoint "Cleanup", Time since last: 1005885600 ns, Reaching safepoint: 23900 ns, Cleanup: 27200 ns, At safepoint: 4300 ns, Total: 55400 ns
[2024-06-10T02:38:32.722+0000][14976][info ][safepoint   ] Safepoint "Cleanup", Time since last: 2017987700 ns, Reaching safepoint: 26300 ns, Cleanup: 24900 ns, At safepoint: 4000 ns, Total: 55200 ns
[2024-06-10T02:38:35.738+0000][14976][info ][safepoint   ] Safepoint "Cleanup", Time since last: 3016286100 ns, Reaching safepoint: 16400 ns, Cleanup: 20800 ns, At safepoint: 3500 ns, Total: 40700 ns
[2024-06-10T02:38:38.745+0000][14976][info ][safepoint   ] Safepoint "Cleanup", Time since last: 3006196800 ns, Reaching safepoint: 27800 ns, Cleanup: 24900 ns, At safepoint: 5100 ns, Total: 57800 ns
[2024-06-10T02:38:42.751+0000][14976][info ][safepoint   ] Safepoint "Cleanup", Time since last: 4006418100 ns, Reaching safepoint: 24600 ns, Cleanup: 25400 ns, At safepoint: 4300 ns, Total: 54300 ns
[2024-06-10T02:38:43.753+0000][14976][info ][safepoint   ] Safepoint "Cleanup", Time since last: 1001511200 ns, Reaching safepoint: 23200 ns, Cleanup: 28600 ns, At safepoint: 4900 ns, Total: 56700 ns
[2024-06-10T02:38:44.768+0000][14976][info ][safepoint   ] Safepoint "Cleanup", Time since last: 1015411700 ns, Reaching safepoint: 21800 ns, Cleanup: 31700 ns, At safepoint: 4900 ns, Total: 58400 ns
[2024-06-10T02:38:45.771+0000][14976][info ][safepoint   ] Safepoint "Cleanup", Time since last: 1002289600 ns, Reaching safepoint: 22200 ns, Cleanup: 50800 ns, At safepoint: 5100 ns, Total: 78100 ns
[2024-06-10T02:38:46.773+0000][14976][info ][safepoint   ] Safepoint "Cleanup", Time since last: 1002785100 ns, Reaching safepoint: 29200 ns, Cleanup: 47300 ns, At safepoint: 4400 ns, Total: 80900 ns
[2024-06-10T02:39:00.876+0000][14976][info ][safepoint   ] Safepoint "Cleanup", Time since last: 14103036100 ns, Reaching safepoint: 34300 ns, Cleanup: 22100 ns, At safepoint: 4000 ns, Total: 60400 ns
[2024-06-10T02:39:01.887+0000][14976][info ][safepoint   ] Safepoint "Cleanup", Time since last: 1011457400 ns, Reaching safepoint: 16400 ns, Cleanup: 21100 ns, At safepoint: 3400 ns, Total: 40900 ns
[2024-06-10T02:39:03.911+0000][14976][info ][safepoint   ] Safepoint "Cleanup", Time since last: 2023203500 ns, Reaching safepoint: 22600 ns, Cleanup: 21100 ns, At safepoint: 3800 ns, Total: 47500 ns
[2024-06-10T02:39:10.984+0000][14976][info ][safepoint   ] Safepoint "Cleanup", Time since last: 7073179600 ns, Reaching safepoint: 28000 ns, Cleanup: 51400 ns, At safepoint: 6900 ns, Total: 86300 ns
[2024-06-10T02:39:15.023+0000][14976][info ][safepoint   ] Safepoint "Cleanup", Time since last: 4038067000 ns, Reaching safepoint: 27000 ns, Cleanup: 43000 ns, At safepoint: 4400 ns, Total: 74400 ns
[2024-06-10T02:39:30.908+0000][14976][info ][safepoint   ] Safepoint "Cleanup", Time since last: 15884853500 ns, Reaching safepoint: 24000 ns, Cleanup: 27800 ns, At safepoint: 5700 ns, Total: 57500 ns
[2024-06-10T02:39:35.952+0000][14976][info ][safepoint   ] Safepoint "Cleanup", Time since last: 5044921300 ns, Reaching safepoint: 23000 ns, Cleanup: 31600 ns, At safepoint: 4900 ns, Total: 59500 ns
[2024-06-10T02:39:36.966+0000][14976][info ][safepoint   ] Safepoint "Cleanup", Time since last: 1013380600 ns, Reaching safepoint: 24500 ns, Cleanup: 30800 ns, At safepoint: 5000 ns, Total: 60300 ns
[2024-06-10T02:39:41.007+0000][14976][info ][safepoint   ] Safepoint "Cleanup", Time since last: 4040536300 ns, Reaching safepoint: 19100 ns, Cleanup: 20200 ns, At safepoint: 3500 ns, Total: 42800 ns
[2024-06-10T02:39:42.019+0000][14976][info ][safepoint   ] Safepoint "Cleanup", Time since last: 1012264600 ns, Reaching safepoint: 21000 ns, Cleanup: 22400 ns, At safepoint: 3700 ns, Total: 47100 ns
[2024-06-10T02:39:44.035+0000][14976][info ][safepoint   ] Safepoint "Cleanup", Time since last: 2015618300 ns, Reaching safepoint: 21900 ns, Cleanup: 27200 ns, At safepoint: 4500 ns, Total: 53600 ns
[2024-06-10T02:39:45.047+0000][14976][info ][safepoint   ] Safepoint "Cleanup", Time since last: 1012564800 ns, Reaching safepoint: 23300 ns, Cleanup: 95100 ns, At safepoint: 3700 ns, Total: 122100 ns
[2024-06-10T02:39:51.128+0000][14976][info ][safepoint   ] Safepoint "Cleanup", Time since last: 6080495700 ns, Reaching safepoint: 45500 ns, Cleanup: 39500 ns, At safepoint: 5100 ns, Total: 90100 ns
[2024-06-10T02:39:53.152+0000][14976][info ][safepoint   ] Safepoint "Cleanup", Time since last: 2023789700 ns, Reaching safepoint: 15500 ns, Cleanup: 29200 ns, At safepoint: 4200 ns, Total: 48900 ns
[2024-06-10T02:40:15.413+0000][14976][info ][safepoint   ] Safepoint "Cleanup", Time since last: 22261646000 ns, Reaching safepoint: 24800 ns, Cleanup: 29200 ns, At safepoint: 4600 ns, Total: 58600 ns
[2024-06-10T02:40:16.425+0000][14976][info ][safepoint   ] Safepoint "Cleanup", Time since last: 1012036100 ns, Reaching safepoint: 23900 ns, Cleanup: 27200 ns, At safepoint: 4100 ns, Total: 55200 ns
[2024-06-10T02:40:17.438+0000][14976][info ][safepoint   ] Safepoint "Cleanup", Time since last: 1012650500 ns, Reaching safepoint: 23200 ns, Cleanup: 61300 ns, At safepoint: 6900 ns, Total: 91400 ns
[2024-06-10T02:40:18.448+0000][14976][info ][safepoint   ] Safepoint "Cleanup", Time since last: 1009718500 ns, Reaching safepoint: 26800 ns, Cleanup: 25300 ns, At safepoint: 4100 ns, Total: 56200 ns
[2024-06-10T02:40:19.460+0000][14976][info ][safepoint   ] Safepoint "Cleanup", Time since last: 1012015900 ns, Reaching safepoint: 25800 ns, Cleanup: 32500 ns, At safepoint: 5000 ns, Total: 63300 ns
[2024-06-10T02:40:20.475+0000][14976][info ][safepoint   ] Safepoint "Cleanup", Time since last: 1014974500 ns, Reaching safepoint: 24000 ns, Cleanup: 28400 ns, At safepoint: 4500 ns, Total: 56900 ns
[2024-06-10T02:40:21.487+0000][14976][info ][safepoint   ] Safepoint "Cleanup", Time since last: 1012390600 ns, Reaching safepoint: 24300 ns, Cleanup: 48200 ns, At safepoint: 7000 ns, Total: 79500 ns
[2024-06-10T02:40:26.883+0000][14976][info ][safepoint   ] Safepoint "Cleanup", Time since last: 5395514400 ns, Reaching safepoint: 24800 ns, Cleanup: 29000 ns, At safepoint: 4100 ns, Total: 57900 ns
[2024-06-10T02:40:27.896+0000][14976][info ][safepoint   ] Safepoint "Cleanup", Time since last: 1012801800 ns, Reaching safepoint: 19900 ns, Cleanup: 27600 ns, At safepoint: 26300 ns, Total: 73800 ns
[2024-06-10T02:40:28.906+0000][14976][info ][safepoint   ] Safepoint "Cleanup", Time since last: 1010031100 ns, Reaching safepoint: 21000 ns, Cleanup: 27800 ns, At safepoint: 14700 ns, Total: 63500 ns
[2024-06-10T02:40:39.017+0000][14976][info ][safepoint   ] Safepoint "Cleanup", Time since last: 10111457800 ns, Reaching safepoint: 17500 ns, Cleanup: 36300 ns, At safepoint: 119500 ns, Total: 173300 ns
[2024-06-10T02:40:44.080+0000][14976][info ][safepoint   ] Safepoint "Cleanup", Time since last: 5062795500 ns, Reaching safepoint: 22700 ns, Cleanup: 24700 ns, At safepoint: 4500 ns, Total: 51900 ns
[2024-06-10T02:40:45.095+0000][14976][info ][safepoint   ] Safepoint "Cleanup", Time since last: 1014314500 ns, Reaching safepoint: 98000 ns, Cleanup: 26100 ns, At safepoint: 103800 ns, Total: 227900 ns
[2024-06-10T02:40:47.117+0000][14976][info ][safepoint   ] Safepoint "Cleanup", Time since last: 2021729700 ns, Reaching safepoint: 35200 ns, Cleanup: 24600 ns, At safepoint: 5000 ns, Total: 64800 ns
[2024-06-10T02:41:15.441+0000][14976][info ][safepoint   ] Safepoint "Cleanup", Time since last: 28324214200 ns, Reaching safepoint: 24000 ns, Cleanup: 29000 ns, At safepoint: 4200 ns, Total: 57200 ns
[2024-06-10T02:41:17.465+0000][14976][info ][safepoint   ] Safepoint "Cleanup", Time since last: 2024261400 ns, Reaching safepoint: 22300 ns, Cleanup: 27400 ns, At safepoint: 3900 ns, Total: 53600 ns
[2024-06-10T02:41:19.480+0000][14976][info ][safepoint   ] Safepoint "Cleanup", Time since last: 2014159200 ns, Reaching safepoint: 22700 ns, Cleanup: 25300 ns, At safepoint: 4500 ns, Total: 52500 ns
[2024-06-10T02:41:32.637+0000][14976][info ][safepoint   ] Safepoint "Cleanup", Time since last: 13157416000 ns, Reaching safepoint: 23900 ns, Cleanup: 33100 ns, At safepoint: 4300 ns, Total: 61300 ns
[2024-06-10T02:41:45.733+0000][14976][info ][safepoint   ] Safepoint "Cleanup", Time since last: 13095800500 ns, Reaching safepoint: 46800 ns, Cleanup: 25500 ns, At safepoint: 6200 ns, Total: 78500 ns
[2024-06-10T02:42:01.808+0000][14976][info ][safepoint   ] Safepoint "Cleanup", Time since last: 16075358600 ns, Reaching safepoint: 32800 ns, Cleanup: 19300 ns, At safepoint: 14600 ns, Total: 66700 ns
[2024-06-10T02:42:32.011+0000][14976][info ][safepoint   ] Safepoint "Cleanup", Time since last: 30202970400 ns, Reaching safepoint: 23600 ns, Cleanup: 28900 ns, At safepoint: 4800 ns, Total: 57300 ns
[2024-06-10T02:42:37.067+0000][14976][info ][safepoint   ] Safepoint "Cleanup", Time since last: 5055010000 ns, Reaching safepoint: 21900 ns, Cleanup: 27600 ns, At safepoint: 4200 ns, Total: 53700 ns
[2024-06-10T02:42:45.155+0000][14976][info ][safepoint   ] Safepoint "Cleanup", Time since last: 8088163800 ns, Reaching safepoint: 45500 ns, Cleanup: 23300 ns, At safepoint: 3500 ns, Total: 72300 ns
[2024-06-10T02:43:17.489+0000][14976][info ][safepoint   ] Safepoint "Cleanup", Time since last: 32334071000 ns, Reaching safepoint: 25600 ns, Cleanup: 17700 ns, At safepoint: 3200 ns, Total: 46500 ns
[2024-06-10T02:43:21.518+0000][14976][info ][safepoint   ] Safepoint "Cleanup", Time since last: 4028975600 ns, Reaching safepoint: 21000 ns, Cleanup: 25800 ns, At safepoint: 2500 ns, Total: 49300 ns
[2024-06-10T02:43:22.941+0000][14976][info ][safepoint   ] Safepoint "Cleanup", Time since last: 1423432400 ns, Reaching safepoint: 21100 ns, Cleanup: 42600 ns, At safepoint: 3600 ns, Total: 67300 ns
[2024-06-10T02:43:23.949+0000][14976][info ][safepoint   ] Safepoint "Cleanup", Time since last: 1007670000 ns, Reaching safepoint: 23300 ns, Cleanup: 34400 ns, At safepoint: 10200 ns, Total: 67900 ns
[2024-06-10T02:43:45.175+0000][14976][info ][safepoint   ] Safepoint "Cleanup", Time since last: 21225910100 ns, Reaching safepoint: 22400 ns, Cleanup: 27900 ns, At safepoint: 4100 ns, Total: 54400 ns
[2024-06-10T02:43:47.202+0000][14976][info ][safepoint   ] Safepoint "Cleanup", Time since last: 2026580900 ns, Reaching safepoint: 24600 ns, Cleanup: 29900 ns, At safepoint: 4100 ns, Total: 58600 ns
[2024-06-10T02:43:58.334+0000][14976][info ][safepoint   ] Safepoint "Cleanup", Time since last: 11132080700 ns, Reaching safepoint: 25200 ns, Cleanup: 26900 ns, At safepoint: 4500 ns, Total: 56600 ns
[2024-06-10T02:44:01.373+0000][14976][info ][safepoint   ] Safepoint "Cleanup", Time since last: 3039288100 ns, Reaching safepoint: 24500 ns, Cleanup: 29700 ns, At safepoint: 5600 ns, Total: 59800 ns
[2024-06-10T02:44:10.464+0000][14976][info ][safepoint   ] Safepoint "Cleanup", Time since last: 9091076600 ns, Reaching safepoint: 16700 ns, Cleanup: 15000 ns, At safepoint: 1900 ns, Total: 33600 ns
[2024-06-10T02:44:13.479+0000][14976][info ][safepoint   ] Safepoint "Cleanup", Time since last: 3014962400 ns, Reaching safepoint: 23300 ns, Cleanup: 29300 ns, At safepoint: 4200 ns, Total: 56800 ns
[2024-06-10T02:44:37.193+0000][14976][info ][safepoint   ] Safepoint "Cleanup", Time since last: 23713192200 ns, Reaching safepoint: 24300 ns, Cleanup: 27000 ns, At safepoint: 4400 ns, Total: 55700 ns
[2024-06-10T02:44:47.236+0000][14976][info ][safepoint   ] Safepoint "Cleanup", Time since last: 10044050900 ns, Reaching safepoint: 25000 ns, Cleanup: 30200 ns, At safepoint: 3800 ns, Total: 59000 ns
[2024-06-10T02:45:21.526+0000][14976][info ][safepoint   ] Safepoint "Cleanup", Time since last: 34289519100 ns, Reaching safepoint: 25100 ns, Cleanup: 26000 ns, At safepoint: 4100 ns, Total: 55200 ns
[2024-06-10T02:45:56.483+0000][14976][info ][safepoint   ] Safepoint "Cleanup", Time since last: 34956822300 ns, Reaching safepoint: 31800 ns, Cleanup: 27200 ns, At safepoint: 5000 ns, Total: 64000 ns
[2024-06-10T02:47:16.644+0000][14976][info ][safepoint   ] Safepoint "Cleanup", Time since last: 80160674400 ns, Reaching safepoint: 33300 ns, Cleanup: 27400 ns, At safepoint: 6300 ns, Total: 67000 ns
[2024-06-10T02:47:17.659+0000][14976][info ][safepoint   ] Safepoint "Cleanup", Time since last: 1014726200 ns, Reaching safepoint: 24200 ns, Cleanup: 45800 ns, At safepoint: 5600 ns, Total: 75600 ns
[2024-06-10T02:48:15.856+0000][14976][info ][safepoint   ] Safepoint "Cleanup", Time since last: 58197190200 ns, Reaching safepoint: 25200 ns, Cleanup: 24800 ns, At safepoint: 4300 ns, Total: 54300 ns
[2024-06-10T02:48:16.872+0000][14976][info ][safepoint   ] Safepoint "Cleanup", Time since last: 1015937900 ns, Reaching safepoint: 111000 ns, Cleanup: 93900 ns, At safepoint: 14600 ns, Total: 219500 ns
[2024-06-10T02:48:46.717+0000][14976][info ][safepoint   ] Safepoint "Cleanup", Time since last: 29844568600 ns, Reaching safepoint: 27200 ns, Cleanup: 27700 ns, At safepoint: 5500 ns, Total: 60400 ns
[2024-06-10T02:49:42.859+0000][14976][info ][safepoint   ] Safepoint "Cleanup", Time since last: 56141830200 ns, Reaching safepoint: 28600 ns, Cleanup: 29000 ns, At safepoint: 4800 ns, Total: 62400 ns
[2024-06-10T02:49:44.880+0000][14976][info ][safepoint   ] Safepoint "Cleanup", Time since last: 2021798100 ns, Reaching safepoint: 33700 ns, Cleanup: 26400 ns, At safepoint: 4000 ns, Total: 64100 ns
[2024-06-10T02:49:45.884+0000][14976][info ][safepoint   ] Safepoint "Cleanup", Time since last: 1003066100 ns, Reaching safepoint: 26500 ns, Cleanup: 28200 ns, At safepoint: 5400 ns, Total: 60100 ns
[2024-06-10T02:50:16.069+0000][14976][info ][safepoint   ] Safepoint "Cleanup", Time since last: 30184865000 ns, Reaching safepoint: 20800 ns, Cleanup: 133000 ns, At safepoint: 8600 ns, Total: 162400 ns
[2024-06-10T02:50:54.161+0000][14976][info ][safepoint   ] Safepoint "Cleanup", Time since last: 38092268600 ns, Reaching safepoint: 27200 ns, Cleanup: 27400 ns, At safepoint: 4900 ns, Total: 59500 ns
[2024-06-10T02:51:10.268+0000][14976][info ][safepoint   ] Safepoint "Cleanup", Time since last: 16106955200 ns, Reaching safepoint: 24300 ns, Cleanup: 24200 ns, At safepoint: 4100 ns, Total: 52600 ns
[2024-06-10T02:51:14.289+0000][14976][info ][safepoint   ] Safepoint "Cleanup", Time since last: 4020813300 ns, Reaching safepoint: 698600 ns, Cleanup: 23100 ns, At safepoint: 59200 ns, Total: 780900 ns
[2024-06-10T02:51:15.299+0000][14976][info ][safepoint   ] Safepoint "Cleanup", Time since last: 1008878600 ns, Reaching safepoint: 28000 ns, Cleanup: 34500 ns, At safepoint: 5800 ns, Total: 68300 ns
[2024-06-10T02:51:46.160+0000][14976][info ][safepoint   ] Safepoint "Cleanup", Time since last: 30861316100 ns, Reaching safepoint: 29500 ns, Cleanup: 37500 ns, At safepoint: 5100 ns, Total: 72100 ns
[2024-06-10T02:51:47.165+0000][14976][info ][safepoint   ] Safepoint "Cleanup", Time since last: 1004948600 ns, Reaching safepoint: 28000 ns, Cleanup: 37400 ns, At safepoint: 6100 ns, Total: 71500 ns
[2024-06-10T02:51:54.188+0000][14976][info ][safepoint   ] Safepoint "Cleanup", Time since last: 7022644400 ns, Reaching safepoint: 27000 ns, Cleanup: 27400 ns, At safepoint: 6800 ns, Total: 61200 ns
[2024-06-10T02:52:15.366+0000][14976][info ][safepoint   ] Safepoint "Cleanup", Time since last: 21178403600 ns, Reaching safepoint: 76800 ns, Cleanup: 28800 ns, At safepoint: 5400 ns, Total: 111000 ns
[2024-06-10T02:52:45.368+0000][14976][info ][safepoint   ] Safepoint "Cleanup", Time since last: 30001472400 ns, Reaching safepoint: 25500 ns, Cleanup: 49500 ns, At safepoint: 8100 ns, Total: 83100 ns
[2024-06-10T02:53:15.514+0000][14976][info ][safepoint   ] Safepoint "Cleanup", Time since last: 30146013600 ns, Reaching safepoint: 28100 ns, Cleanup: 63500 ns, At safepoint: 6200 ns, Total: 97800 ns
[2024-06-10T02:53:17.520+0000][14976][info ][safepoint   ] Safepoint "Cleanup", Time since last: 2005718500 ns, Reaching safepoint: 21600 ns, Cleanup: 29800 ns, At safepoint: 5300 ns, Total: 56700 ns
[2024-06-10T02:53:24.425+0000][14976][info ][safepoint   ] Safepoint "Cleanup", Time since last: 6905098200 ns, Reaching safepoint: 21100 ns, Cleanup: 22800 ns, At safepoint: 3000 ns, Total: 46900 ns
[2024-06-10T02:53:45.574+0000][14976][info ][safepoint   ] Safepoint "Cleanup", Time since last: 21148761900 ns, Reaching safepoint: 26500 ns, Cleanup: 32100 ns, At safepoint: 4900 ns, Total: 63500 ns
[2024-06-10T02:54:07.730+0000][14976][info ][safepoint   ] Safepoint "Cleanup", Time since last: 22156145200 ns, Reaching safepoint: 137200 ns, Cleanup: 25500 ns, At safepoint: 4900 ns, Total: 167600 ns
[2024-06-10T02:54:12.756+0000][14976][info ][safepoint   ] Safepoint "Cleanup", Time since last: 5026143700 ns, Reaching safepoint: 17200 ns, Cleanup: 20700 ns, At safepoint: 3500 ns, Total: 41400 ns
[2024-06-10T02:54:57.842+0000][14976][info ][safepoint   ] Safepoint "Cleanup", Time since last: 45086212500 ns, Reaching safepoint: 19600 ns, Cleanup: 19200 ns, At safepoint: 4600 ns, Total: 43400 ns
[2024-06-10T02:55:45.793+0000][14976][info ][safepoint   ] Safepoint "Cleanup", Time since last: 47950958400 ns, Reaching safepoint: 21000 ns, Cleanup: 19800 ns, At safepoint: 3000 ns, Total: 43800 ns
[2024-06-10T02:56:10.950+0000][14976][info ][safepoint   ] Safepoint "Cleanup", Time since last: 25157131100 ns, Reaching safepoint: 26000 ns, Cleanup: 32100 ns, At safepoint: 5100 ns, Total: 63200 ns
[2024-06-10T02:56:16.988+0000][14976][info ][safepoint   ] Safepoint "Cleanup", Time since last: 6037117500 ns, Reaching safepoint: 23500 ns, Cleanup: 361700 ns, At safepoint: 4000 ns, Total: 389200 ns
[2024-06-10T02:56:45.898+0000][14976][info ][safepoint   ] Safepoint "Cleanup", Time since last: 28909796600 ns, Reaching safepoint: 31000 ns, Cleanup: 30200 ns, At safepoint: 4300 ns, Total: 65500 ns
[2024-06-10T02:57:54.979+0000][14976][info ][safepoint   ] Safepoint "Cleanup", Time since last: 69080857800 ns, Reaching safepoint: 30400 ns, Cleanup: 25600 ns, At safepoint: 4800 ns, Total: 60800 ns
[2024-06-10T02:58:16.114+0000][14976][info ][safepoint   ] Safepoint "Cleanup", Time since last: 21134718300 ns, Reaching safepoint: 25900 ns, Cleanup: 29000 ns, At safepoint: 6400 ns, Total: 61300 ns
[2024-06-10T02:58:35.026+0000][14976][info ][safepoint   ] Safepoint "Cleanup", Time since last: 18912393300 ns, Reaching safepoint: 31600 ns, Cleanup: 27100 ns, At safepoint: 5000 ns, Total: 63700 ns
[2024-06-10T02:59:16.278+0000][14976][info ][safepoint   ] Safepoint "Cleanup", Time since last: 41252153800 ns, Reaching safepoint: 28000 ns, Cleanup: 27900 ns, At safepoint: 5100 ns, Total: 61000 ns
[2024-06-10T02:59:46.207+0000][14976][info ][safepoint   ] Safepoint "Cleanup", Time since last: 29928277800 ns, Reaching safepoint: 21300 ns, Cleanup: 26500 ns, At safepoint: 5000 ns, Total: 52800 ns
[2024-06-10T02:59:47.210+0000][14976][info ][safepoint   ] Safepoint "Cleanup", Time since last: 1003454200 ns, Reaching safepoint: 27800 ns, Cleanup: 30600 ns, At safepoint: 4800 ns, Total: 63200 ns
[2024-06-10T03:00:13.372+0000][14976][info ][safepoint   ] Safepoint "Cleanup", Time since last: 26161821600 ns, Reaching safepoint: 40300 ns, Cleanup: 50600 ns, At safepoint: 5400 ns, Total: 96300 ns
[2024-06-10T03:00:16.391+0000][14976][info ][safepoint   ] Safepoint "Cleanup", Time since last: 3018839200 ns, Reaching safepoint: 19900 ns, Cleanup: 23000 ns, At safepoint: 4300 ns, Total: 47200 ns
[2024-06-10T03:00:54.234+0000][14976][info ][safepoint   ] Safepoint "Cleanup", Time since last: 37843005400 ns, Reaching safepoint: 29400 ns, Cleanup: 266600 ns, At safepoint: 4800 ns, Total: 300800 ns
[2024-06-10T03:01:37.252+0000][14976][info ][safepoint   ] Safepoint "Cleanup", Time since last: 43017411400 ns, Reaching safepoint: 50300 ns, Cleanup: 29600 ns, At safepoint: 15900 ns, Total: 95800 ns
[2024-06-10T03:01:38.284+0000][14976][info ][safepoint   ] Safepoint "Cleanup", Time since last: 1003828900 ns, Reaching safepoint: 27963800 ns, Cleanup: 42300 ns, At safepoint: 37900 ns, Total: 28044000 ns
[2024-06-10T03:01:39.299+0000][14976][info ][safepoint   ] Safepoint "Cleanup", Time since last: 1006398300 ns, Reaching safepoint: 8409100 ns, Cleanup: 70400 ns, At safepoint: 53400 ns, Total: 8532900 ns
[2024-06-10T03:01:40.345+0000][14976][info ][safepoint   ] Safepoint "Cleanup", Time since last: 1047267200 ns, Reaching safepoint: 4500 ns, Cleanup: 14800 ns, At safepoint: 10500 ns, Total: 29800 ns
[2024-06-10T03:01:41.348+0000][14976][info ][safepoint   ] Safepoint "Cleanup", Time since last: 1001909800 ns, Reaching safepoint: 76400 ns, Cleanup: 48600 ns, At safepoint: 93300 ns, Total: 218300 ns
[2024-06-10T03:01:42.938+0000][14976][info ][safepoint   ] Safepoint "ICBufferFull", Time since last: 1590248500 ns, Reaching safepoint: 176800 ns, Cleanup: 151000 ns, At safepoint: 24100 ns, Total: 351900 ns
[2024-06-10T03:01:43.950+0000][14976][info ][safepoint   ] Safepoint "Cleanup", Time since last: 1010844300 ns, Reaching safepoint: 25400 ns, Cleanup: 55800 ns, At safepoint: 20200 ns, Total: 101400 ns
[2024-06-10T03:01:44.955+0000][14976][info ][safepoint   ] Safepoint "Cleanup", Time since last: 1005790700 ns, Reaching safepoint: 30000 ns, Cleanup: 23300 ns, At safepoint: 4800 ns, Total: 58100 ns
[2024-06-10T03:01:45.963+0000][14976][info ][safepoint   ] Safepoint "Cleanup", Time since last: 1007559500 ns, Reaching safepoint: 27300 ns, Cleanup: 23800 ns, At safepoint: 4200 ns, Total: 55300 ns
[2024-06-10T03:01:47.964+0000][14976][info ][safepoint   ] Safepoint "Cleanup", Time since last: 2000600000 ns, Reaching safepoint: 21900 ns, Cleanup: 22400 ns, At safepoint: 3800 ns, Total: 48100 ns
[2024-06-10T03:02:11.109+0000][14976][info ][safepoint   ] Safepoint "Cleanup", Time since last: 23144936300 ns, Reaching safepoint: 28700 ns, Cleanup: 22700 ns, At safepoint: 19000 ns, Total: 70400 ns
[2024-06-10T03:02:13.119+0000][14976][info ][safepoint   ] Safepoint "Cleanup", Time since last: 2009794200 ns, Reaching safepoint: 19400 ns, Cleanup: 18300 ns, At safepoint: 2700 ns, Total: 40400 ns
[2024-06-10T03:02:17.134+0000][14976][info ][safepoint   ] Safepoint "Cleanup", Time since last: 4015046800 ns, Reaching safepoint: 22700 ns, Cleanup: 20500 ns, At safepoint: 3900 ns, Total: 47100 ns
[2024-06-10T03:02:47.308+0000][14976][info ][safepoint   ] Safepoint "Cleanup", Time since last: 30173935500 ns, Reaching safepoint: 31100 ns, Cleanup: 26500 ns, At safepoint: 53600 ns, Total: 111200 ns
[2024-06-10T03:03:15.514+0000][14976][info ][safepoint   ] Safepoint "Cleanup", Time since last: 28205980200 ns, Reaching safepoint: 27300 ns, Cleanup: 21400 ns, At safepoint: 12000 ns, Total: 60700 ns
[2024-06-10T03:04:15.912+0000][14976][info ][safepoint   ] Safepoint "Cleanup", Time since last: 60397819100 ns, Reaching safepoint: 41700 ns, Cleanup: 28800 ns, At safepoint: 10600 ns, Total: 81100 ns
[2024-06-10T03:04:17.914+0000][14976][info ][safepoint   ] Safepoint "Cleanup", Time since last: 2002172300 ns, Reaching safepoint: 29400 ns, Cleanup: 18400 ns, At safepoint: 2200 ns, Total: 50000 ns
[2024-06-10T03:04:25.974+0000][14976][info ][safepoint   ] Safepoint "Cleanup", Time since last: 8060017800 ns, Reaching safepoint: 26600 ns, Cleanup: 28400 ns, At safepoint: 4500 ns, Total: 59500 ns
[2024-06-10T03:04:46.099+0000][14976][info ][safepoint   ] Safepoint "Cleanup", Time since last: 20125562000 ns, Reaching safepoint: 37300 ns, Cleanup: 29200 ns, At safepoint: 4500 ns, Total: 71000 ns
[2024-06-10T03:05:36.441+0000][14976][info ][safepoint   ] Safepoint "Cleanup", Time since last: 50341440900 ns, Reaching safepoint: 32400 ns, Cleanup: 26400 ns, At safepoint: 135400 ns, Total: 194200 ns
[2024-06-10T03:05:38.451+0000][14976][info ][safepoint   ] Safepoint "Cleanup", Time since last: 2010048300 ns, Reaching safepoint: 24500 ns, Cleanup: 43900 ns, At safepoint: 90200 ns, Total: 158600 ns
[2024-06-10T03:05:46.500+0000][14976][info ][safepoint   ] Safepoint "Cleanup", Time since last: 8048820900 ns, Reaching safepoint: 328000 ns, Cleanup: 22400 ns, At safepoint: 3900 ns, Total: 354300 ns
[2024-06-10T03:05:47.509+0000][14976][info ][safepoint   ] Safepoint "Cleanup", Time since last: 1008621300 ns, Reaching safepoint: 22100 ns, Cleanup: 25500 ns, At safepoint: 11500 ns, Total: 59100 ns
[2024-06-10T03:05:48.518+0000][14976][info ][safepoint   ] Safepoint "Cleanup", Time since last: 1008945500 ns, Reaching safepoint: 30700 ns, Cleanup: 498000 ns, At safepoint: 10200 ns, Total: 538900 ns
[2024-06-10T03:06:15.730+0000][14976][info ][safepoint   ] Safepoint "Cleanup", Time since last: 27211334000 ns, Reaching safepoint: 24500 ns, Cleanup: 18100 ns, At safepoint: 2700 ns, Total: 45300 ns
[2024-06-10T03:06:47.015+0000][14976][info ][safepoint   ] Safepoint "Cleanup", Time since last: 31284882700 ns, Reaching safepoint: 27100 ns, Cleanup: 25800 ns, At safepoint: 5800 ns, Total: 58700 ns
[2024-06-10T03:07:16.198+0000][14976][info ][safepoint   ] Safepoint "Cleanup", Time since last: 29183158000 ns, Reaching safepoint: 29700 ns, Cleanup: 26400 ns, At safepoint: 3900 ns, Total: 60000 ns
[2024-06-10T03:07:29.048+0000][14976][info ][safepoint   ] Safepoint "Cleanup", Time since last: 12849480100 ns, Reaching safepoint: 26900 ns, Cleanup: 24200 ns, At safepoint: 4300 ns, Total: 55400 ns
[2024-06-10T03:08:16.301+0000][14976][info ][safepoint   ] Safepoint "Cleanup", Time since last: 47252813700 ns, Reaching safepoint: 27000 ns, Cleanup: 22500 ns, At safepoint: 3800 ns, Total: 53300 ns
[2024-06-10T03:08:25.193+0000][14976][info ][safepoint   ] Safepoint "Cleanup", Time since last: 8892374900 ns, Reaching safepoint: 8400 ns, Cleanup: 11800 ns, At safepoint: 10100 ns, Total: 30300 ns
[2024-06-10T03:08:46.269+0000][14976][info ][safepoint   ] Safepoint "Cleanup", Time since last: 21075674500 ns, Reaching safepoint: 20500 ns, Cleanup: 16000 ns, At safepoint: 2100 ns, Total: 38600 ns
[2024-06-10T03:09:19.457+0000][14976][info ][safepoint   ] Safepoint "Cleanup", Time since last: 33187878700 ns, Reaching safepoint: 68000 ns, Cleanup: 33800 ns, At safepoint: 7400 ns, Total: 109200 ns
[2024-06-10T03:10:13.560+0000][14976][info ][safepoint   ] Safepoint "Cleanup", Time since last: 54102807400 ns, Reaching safepoint: 26700 ns, Cleanup: 20500 ns, At safepoint: 4400 ns, Total: 51600 ns
[2024-06-10T03:10:47.551+0000][14976][info ][safepoint   ] Safepoint "Cleanup", Time since last: 33991591500 ns, Reaching safepoint: 53400 ns, Cleanup: 27100 ns, At safepoint: 6200 ns, Total: 86700 ns
[2024-06-10T03:10:58.630+0000][14976][info ][safepoint   ] Safepoint "Cleanup", Time since last: 11078374600 ns, Reaching safepoint: 30100 ns, Cleanup: 25500 ns, At safepoint: 6400 ns, Total: 62000 ns
[2024-06-10T03:14:17.552+0000][14976][info ][safepoint   ] Safepoint "Cleanup", Time since last: 198921958500 ns, Reaching safepoint: 51500 ns, Cleanup: 31300 ns, At safepoint: 9300 ns, Total: 92100 ns
[2024-06-10T03:14:44.755+0000][14976][info ][safepoint   ] Safepoint "Cleanup", Time since last: 27203257900 ns, Reaching safepoint: 53400 ns, Cleanup: 24800 ns, At safepoint: 4900 ns, Total: 83100 ns
[2024-06-10T03:14:45.771+0000][14976][info ][safepoint   ] Safepoint "Cleanup", Time since last: 1015646800 ns, Reaching safepoint: 27300 ns, Cleanup: 842100 ns, At safepoint: 9900 ns, Total: 879300 ns
[2024-06-10T03:15:56.316+0000][14976][info ][safepoint   ] Safepoint "Cleanup", Time since last: 70544451500 ns, Reaching safepoint: 46300 ns, Cleanup: 30400 ns, At safepoint: 6000 ns, Total: 82700 ns
[2024-06-10T03:16:55.725+0000][14976][info ][safepoint   ] Safepoint "Cleanup", Time since last: 59409126300 ns, Reaching safepoint: 44800 ns, Cleanup: 34700 ns, At safepoint: 7000 ns, Total: 86500 ns
[2024-06-10T03:17:13.885+0000][14976][info ][safepoint   ] Safepoint "Cleanup", Time since last: 18143304500 ns, Reaching safepoint: 16194200 ns, Cleanup: 62300 ns, At safepoint: 39800 ns, Total: 16296300 ns
[2024-06-10T03:17:14.892+0000][14976][info ][safepoint   ] Safepoint "Cleanup", Time since last: 1005965100 ns, Reaching safepoint: 24300 ns, Cleanup: 441700 ns, At safepoint: 6900 ns, Total: 472900 ns
[2024-06-10T03:17:31.005+0000][14976][info ][safepoint   ] Safepoint "Cleanup", Time since last: 16113883700 ns, Reaching safepoint: 63200 ns, Cleanup: 30900 ns, At safepoint: 6200 ns, Total: 100300 ns
[2024-06-10T03:17:35.034+0000][14976][info ][safepoint   ] Safepoint "Cleanup", Time since last: 4028240400 ns, Reaching safepoint: 38400 ns, Cleanup: 21500 ns, At safepoint: 4700 ns, Total: 64600 ns
[2024-06-10T03:20:36.261+0000][14976][info ][safepoint   ] Safepoint "Cleanup", Time since last: 181226830400 ns, Reaching safepoint: 65700 ns, Cleanup: 26200 ns, At safepoint: 6700 ns, Total: 98600 ns
[2024-06-10T03:20:54.378+0000][14976][info ][safepoint   ] Safepoint "Cleanup", Time since last: 18117804100 ns, Reaching safepoint: 58200 ns, Cleanup: 27400 ns, At safepoint: 7400 ns, Total: 93000 ns
[2024-06-10T03:21:14.495+0000][14976][info ][safepoint   ] Safepoint "Cleanup", Time since last: 20116321600 ns, Reaching safepoint: 65000 ns, Cleanup: 29100 ns, At safepoint: 6400 ns, Total: 100500 ns
[2024-06-10T03:21:16.497+0000][14976][info ][safepoint   ] Safepoint "Cleanup", Time since last: 2001869800 ns, Reaching safepoint: 31200 ns, Cleanup: 34700 ns, At safepoint: 4600 ns, Total: 70500 ns
[2024-06-10T03:21:17.511+0000][14976][info ][safepoint   ] Safepoint "Cleanup", Time since last: 1014416200 ns, Reaching safepoint: 31500 ns, Cleanup: 50700 ns, At safepoint: 5100 ns, Total: 87300 ns
[2024-06-10T03:21:46.744+0000][14976][info ][safepoint   ] Safepoint "Cleanup", Time since last: 29232614800 ns, Reaching safepoint: 32900 ns, Cleanup: 32600 ns, At safepoint: 5900 ns, Total: 71400 ns
[2024-06-10T03:21:47.755+0000][14976][info ][safepoint   ] Safepoint "Cleanup", Time since last: 1011410000 ns, Reaching safepoint: 30800 ns, Cleanup: 26600 ns, At safepoint: 4800 ns, Total: 62200 ns
[2024-06-10T03:22:15.943+0000][14976][info ][safepoint   ] Safepoint "Cleanup", Time since last: 28187835000 ns, Reaching safepoint: 36400 ns, Cleanup: 21900 ns, At safepoint: 3300 ns, Total: 61600 ns
[2024-06-10T03:23:15.458+0000][14976][info ][safepoint   ] Safepoint "Cleanup", Time since last: 59514310600 ns, Reaching safepoint: 37800 ns, Cleanup: 47100 ns, At safepoint: 5600 ns, Total: 90500 ns
[2024-06-10T03:23:16.461+0000][14976][info ][safepoint   ] Safepoint "Cleanup", Time since last: 1002796100 ns, Reaching safepoint: 29400 ns, Cleanup: 27400 ns, At safepoint: 5100 ns, Total: 61900 ns
[2024-06-10T03:24:21.893+0000][14976][info ][safepoint   ] Safepoint "Cleanup", Time since last: 65431976800 ns, Reaching safepoint: 53200 ns, Cleanup: 20000 ns, At safepoint: 3600 ns, Total: 76800 ns
[2024-06-10T03:24:42.042+0000][14976][info ][safepoint   ] Safepoint "Cleanup", Time since last: 20148938000 ns, Reaching safepoint: 70400 ns, Cleanup: 31700 ns, At safepoint: 6900 ns, Total: 109000 ns
[2024-06-10T03:24:46.076+0000][14976][info ][safepoint   ] Safepoint "Cleanup", Time since last: 4033947100 ns, Reaching safepoint: 58300 ns, Cleanup: 24200 ns, At safepoint: 2700 ns, Total: 85200 ns
[2024-06-10T03:26:46.975+0000][14976][info ][safepoint   ] Safepoint "Cleanup", Time since last: 120899303600 ns, Reaching safepoint: 42100 ns, Cleanup: 71000 ns, At safepoint: 8900 ns, Total: 122000 ns
[2024-06-10T03:27:13.168+0000][14976][info ][safepoint   ] Safepoint "Cleanup", Time since last: 26192810900 ns, Reaching safepoint: 32500 ns, Cleanup: 26900 ns, At safepoint: 4900 ns, Total: 64300 ns
[2024-06-10T03:31:53.301+0000][14976][info ][safepoint   ] Safepoint "Cleanup", Time since last: 280133212700 ns, Reaching safepoint: 236300 ns, Cleanup: 43800 ns, At safepoint: 6900 ns, Total: 287000 ns
[2024-06-10T03:33:07.844+0000][14976][info ][safepoint   ] Safepoint "Cleanup", Time since last: 74541718800 ns, Reaching safepoint: 34700 ns, Cleanup: 557900 ns, At safepoint: 14000 ns, Total: 606600 ns
[2024-06-10T03:33:15.907+0000][14976][info ][safepoint   ] Safepoint "Cleanup", Time since last: 8063446200 ns, Reaching safepoint: 45100 ns, Cleanup: 23800 ns, At safepoint: 3500 ns, Total: 72400 ns
[2024-06-10T03:33:16.923+0000][14976][info ][safepoint   ] Safepoint "Cleanup", Time since last: 1015498600 ns, Reaching safepoint: 20700 ns, Cleanup: 16500 ns, At safepoint: 2700 ns, Total: 39900 ns
[2024-06-10T03:34:18.306+0000][14976][info ][safepoint   ] Safepoint "Cleanup", Time since last: 61382852800 ns, Reaching safepoint: 87000 ns, Cleanup: 30200 ns, At safepoint: 7500 ns, Total: 124700 ns
[2024-06-10T03:35:17.725+0000][14976][info ][safepoint   ] Safepoint "Cleanup", Time since last: 59419103300 ns, Reaching safepoint: 39800 ns, Cleanup: 21200 ns, At safepoint: 4400 ns, Total: 65400 ns
[2024-06-10T03:35:46.949+0000][14976][info ][safepoint   ] Safepoint "Cleanup", Time since last: 29224011500 ns, Reaching safepoint: 22100 ns, Cleanup: 18600 ns, At safepoint: 2900 ns, Total: 43600 ns
[2024-06-10T03:36:18.151+0000][14976][info ][safepoint   ] Safepoint "Cleanup", Time since last: 31202095400 ns, Reaching safepoint: 40500 ns, Cleanup: 37600 ns, At safepoint: 5000 ns, Total: 83100 ns
[2024-06-10T03:36:45.325+0000][14976][info ][safepoint   ] Safepoint "Cleanup", Time since last: 27173230600 ns, Reaching safepoint: 29100 ns, Cleanup: 141700 ns, At safepoint: 4300 ns, Total: 175100 ns
[2024-06-10T03:36:46.331+0000][14976][info ][safepoint   ] Safepoint "Cleanup", Time since last: 1005701200 ns, Reaching safepoint: 33500 ns, Cleanup: 30200 ns, At safepoint: 6600 ns, Total: 70300 ns
[2024-06-10T03:38:16.914+0000][14976][info ][safepoint   ] Safepoint "Cleanup", Time since last: 90583274000 ns, Reaching safepoint: 327800 ns, Cleanup: 29500 ns, At safepoint: 12300 ns, Total: 369600 ns
[2024-06-10T03:39:16.346+0000][14976][info ][safepoint   ] Safepoint "Cleanup", Time since last: 59431955600 ns, Reaching safepoint: 34300 ns, Cleanup: 98300 ns, At safepoint: 12200 ns, Total: 144800 ns
[2024-06-10T03:39:22.378+0000][14976][info ][safepoint   ] Safepoint "Cleanup", Time since last: 6031373700 ns, Reaching safepoint: 33400 ns, Cleanup: 189200 ns, At safepoint: 6400 ns, Total: 229000 ns
[2024-06-10T03:40:48.013+0000][14976][info ][safepoint   ] Safepoint "Cleanup", Time since last: 85634995200 ns, Reaching safepoint: 44200 ns, Cleanup: 19000 ns, At safepoint: 4000 ns, Total: 67200 ns
[2024-06-10T03:41:17.209+0000][14976][info ][safepoint   ] Safepoint "Cleanup", Time since last: 29195441800 ns, Reaching safepoint: 44900 ns, Cleanup: 29100 ns, At safepoint: 4300 ns, Total: 78300 ns
[2024-06-10T03:41:18.214+0000][14976][info ][safepoint   ] Safepoint "Cleanup", Time since last: 1005097100 ns, Reaching safepoint: 31100 ns, Cleanup: 28400 ns, At safepoint: 5600 ns, Total: 65100 ns
[2024-06-10T03:41:42.374+0000][14976][info ][safepoint   ] Safepoint "Cleanup", Time since last: 24160843100 ns, Reaching safepoint: 31000 ns, Cleanup: 25700 ns, At safepoint: 5300 ns, Total: 62000 ns
[2024-06-10T03:41:46.391+0000][14976][info ][safepoint   ] Safepoint "Cleanup", Time since last: 4016494900 ns, Reaching safepoint: 20900 ns, Cleanup: 22500 ns, At safepoint: 3400 ns, Total: 46800 ns
[2024-06-10T03:42:01.487+0000][14976][info ][safepoint   ] Safepoint "Cleanup", Time since last: 15095745600 ns, Reaching safepoint: 31500 ns, Cleanup: 45400 ns, At safepoint: 16000 ns, Total: 92900 ns
[2024-06-10T03:42:16.594+0000][14976][info ][safepoint   ] Safepoint "Cleanup", Time since last: 15106714900 ns, Reaching safepoint: 22500 ns, Cleanup: 102300 ns, At safepoint: 16100 ns, Total: 140900 ns
[2024-06-10T03:42:26.667+0000][14976][info ][safepoint   ] Safepoint "Cleanup", Time since last: 10072827600 ns, Reaching safepoint: 26600 ns, Cleanup: 22000 ns, At safepoint: 15100 ns, Total: 63700 ns
[2024-06-10T03:43:17.058+0000][14976][info ][safepoint   ] Safepoint "Cleanup", Time since last: 50391700200 ns, Reaching safepoint: 1123400 ns, Cleanup: 22500 ns, At safepoint: 35300 ns, Total: 1181200 ns
[2024-06-10T03:45:17.945+0000][14976][info ][safepoint   ] Safepoint "Cleanup", Time since last: 120885650800 ns, Reaching safepoint: 76700 ns, Cleanup: 33400 ns, At safepoint: 7500 ns, Total: 117600 ns
[2024-06-10T03:45:47.163+0000][14976][info ][safepoint   ] Safepoint "Cleanup", Time since last: 29217428300 ns, Reaching safepoint: 68900 ns, Cleanup: 683100 ns, At safepoint: 16100 ns, Total: 768100 ns
[2024-06-10T03:46:58.775+0000][14976][info ][safepoint   ] Safepoint "Cleanup", Time since last: 71606158700 ns, Reaching safepoint: 4673100 ns, Cleanup: 43700 ns, At safepoint: 59400 ns, Total: 4776200 ns
[2024-06-10T03:46:59.775+0000][14976][info ][safepoint   ] Safepoint "Cleanup", Time since last: 1000715900 ns, Reaching safepoint: 61500 ns, Cleanup: 495500 ns, At safepoint: 7800 ns, Total: 564800 ns
[2024-06-10T03:48:44.082+0000][14976][info ][safepoint   ] Safepoint "Cleanup", Time since last: 104305749100 ns, Reaching safepoint: 310800 ns, Cleanup: 28100 ns, At safepoint: 54300 ns, Total: 393200 ns
[2024-06-10T03:48:45.086+0000][14976][info ][safepoint   ] Safepoint "Cleanup", Time since last: 1003741500 ns, Reaching safepoint: 36000 ns, Cleanup: 533200 ns, At safepoint: 10100 ns, Total: 579300 ns
[2024-06-10T03:48:47.089+0000][14976][info ][safepoint   ] Safepoint "Cleanup", Time since last: 2002460400 ns, Reaching safepoint: 67600 ns, Cleanup: 27700 ns, At safepoint: 7200 ns, Total: 102500 ns
[2024-06-10T03:49:42.442+0000][14976][info ][safepoint   ] Safepoint "Cleanup", Time since last: 55353471100 ns, Reaching safepoint: 54000 ns, Cleanup: 43000 ns, At safepoint: 9400 ns, Total: 106400 ns
[2024-06-10T03:50:40.781+0000][14976][info ][safepoint   ] Safepoint "Cleanup", Time since last: 58338255300 ns, Reaching safepoint: 195100 ns, Cleanup: 51000 ns, At safepoint: 4400 ns, Total: 250500 ns
[2024-06-10T03:50:45.798+0000][14976][info ][safepoint   ] Safepoint "Cleanup", Time since last: 5016597100 ns, Reaching safepoint: 24100 ns, Cleanup: 56400 ns, At safepoint: 2400 ns, Total: 82900 ns
[2024-06-10T03:50:46.812+0000][14976][info ][safepoint   ] Safepoint "Cleanup", Time since last: 1014641100 ns, Reaching safepoint: 45500 ns, Cleanup: 26300 ns, At safepoint: 12100 ns, Total: 83900 ns
[2024-06-10T03:51:10.985+0000][14976][info ][safepoint   ] Safepoint "Cleanup", Time since last: 24172610100 ns, Reaching safepoint: 39700 ns, Cleanup: 18000 ns, At safepoint: 4100 ns, Total: 61800 ns
[2024-06-10T03:51:30.070+0000][14976][info ][safepoint   ] Safepoint "Cleanup", Time since last: 19085299300 ns, Reaching safepoint: 97200 ns, Cleanup: 843200 ns, At safepoint: 14700 ns, Total: 955100 ns
[2024-06-10T03:51:41.166+0000][14976][info ][safepoint   ] Safepoint "Cleanup", Time since last: 11094967500 ns, Reaching safepoint: 18800 ns, Cleanup: 60500 ns, At safepoint: 2800 ns, Total: 82100 ns
[2024-06-10T03:52:14.393+0000][14976][info ][safepoint   ] Safepoint "Cleanup", Time since last: 33226898500 ns, Reaching safepoint: 44500 ns, Cleanup: 15700 ns, At safepoint: 3600 ns, Total: 63800 ns
[2024-06-10T03:52:30.458+0000][14976][info ][safepoint   ] Safepoint "Cleanup", Time since last: 16065016400 ns, Reaching safepoint: 73100 ns, Cleanup: 30600 ns, At safepoint: 7100 ns, Total: 110800 ns
[2024-06-10T03:53:09.684+0000][14976][info ][safepoint   ] Safepoint "Cleanup", Time since last: 39209916300 ns, Reaching safepoint: 15777200 ns, Cleanup: 31600 ns, At safepoint: 24600 ns, Total: 15833400 ns
[2024-06-10T03:53:10.690+0000][14976][info ][safepoint   ] Safepoint "Cleanup", Time since last: 1006015800 ns, Reaching safepoint: 49700 ns, Cleanup: 106900 ns, At safepoint: 5800 ns, Total: 162400 ns
[2024-06-10T03:53:16.741+0000][14976][info ][safepoint   ] Safepoint "Cleanup", Time since last: 6050163400 ns, Reaching safepoint: 30900 ns, Cleanup: 32100 ns, At safepoint: 5300 ns, Total: 68300 ns
[2024-06-10T03:53:47.940+0000][14976][info ][safepoint   ] Safepoint "Cleanup", Time since last: 31199115100 ns, Reaching safepoint: 25400 ns, Cleanup: 25200 ns, At safepoint: 2900 ns, Total: 53500 ns
[2024-06-10T03:55:46.768+0000][14976][info ][safepoint   ] Safepoint "Cleanup", Time since last: 118828410900 ns, Reaching safepoint: 42500 ns, Cleanup: 17100 ns, At safepoint: 2300 ns, Total: 61900 ns
[2024-06-10T03:56:16.915+0000][14976][info ][safepoint   ] Safepoint "Cleanup", Time since last: 30146842000 ns, Reaching safepoint: 143100 ns, Cleanup: 82000 ns, At safepoint: 7700 ns, Total: 232800 ns
[2024-06-10T03:56:54.182+0000][14976][info ][safepoint   ] Safepoint "Cleanup", Time since last: 37267056600 ns, Reaching safepoint: 27500 ns, Cleanup: 48500 ns, At safepoint: 4900 ns, Total: 80900 ns
[2024-06-10T03:57:17.369+0000][14976][info ][safepoint   ] Safepoint "Cleanup", Time since last: 23186937700 ns, Reaching safepoint: 71800 ns, Cleanup: 36600 ns, At safepoint: 8900 ns, Total: 117300 ns
[2024-06-10T03:58:48.106+0000][14976][info ][safepoint   ] Safepoint "Cleanup", Time since last: 90736845000 ns, Reaching safepoint: 30600 ns, Cleanup: 179400 ns, At safepoint: 5200 ns, Total: 215200 ns
[2024-06-10T03:59:17.332+0000][14976][info ][safepoint   ] Safepoint "Cleanup", Time since last: 29225301900 ns, Reaching safepoint: 51100 ns, Cleanup: 25900 ns, At safepoint: 7500 ns, Total: 84500 ns
[2024-06-10T04:01:20.062+0000][14976][info ][safepoint   ] Safepoint "Cleanup", Time since last: 122730390800 ns, Reaching safepoint: 403600 ns, Cleanup: 54100 ns, At safepoint: 69000 ns, Total: 526700 ns
[2024-06-10T04:01:21.075+0000][14976][info ][safepoint   ] Safepoint "Cleanup", Time since last: 1012292300 ns, Reaching safepoint: 22600 ns, Cleanup: 21200 ns, At safepoint: 2100 ns, Total: 45900 ns
[2024-06-10T04:03:47.828+0000][14976][info ][safepoint   ] Safepoint "Cleanup", Time since last: 146752222800 ns, Reaching safepoint: 184600 ns, Cleanup: 35900 ns, At safepoint: 8700 ns, Total: 229200 ns
[2024-06-10T04:04:17.026+0000][14976][info ][safepoint   ] Safepoint "Cleanup", Time since last: 29198519100 ns, Reaching safepoint: 33100 ns, Cleanup: 19500 ns, At safepoint: 2800 ns, Total: 55400 ns
[2024-06-10T04:06:15.899+0000][14976][info ][safepoint   ] Safepoint "Cleanup", Time since last: 118873172500 ns, Reaching safepoint: 128000 ns, Cleanup: 54300 ns, At safepoint: 23100 ns, Total: 205400 ns
[2024-06-10T04:06:26.975+0000][14976][info ][safepoint   ] Safepoint "Cleanup", Time since last: 11075835600 ns, Reaching safepoint: 39700 ns, Cleanup: 187400 ns, At safepoint: 10000 ns, Total: 237100 ns
[2024-06-10T04:08:03.649+0000][14976][info ][safepoint   ] Safepoint "Cleanup", Time since last: 96673334200 ns, Reaching safepoint: 87700 ns, Cleanup: 32400 ns, At safepoint: 50500 ns, Total: 170600 ns
[2024-06-10T04:10:17.611+0000][14976][info ][safepoint   ] Safepoint "Cleanup", Time since last: 133961949900 ns, Reaching safepoint: 61200 ns, Cleanup: 26100 ns, At safepoint: 6200 ns, Total: 93500 ns
[2024-06-10T04:10:31.861+0000][14976][info ][safepoint   ] Safepoint "Cleanup", Time since last: 14091621500 ns, Reaching safepoint: 157979200 ns, Cleanup: 58300 ns, At safepoint: 615500 ns, Total: 158653000 ns
[2024-06-10T04:12:17.584+0000][14976][info ][safepoint   ] Safepoint "Cleanup", Time since last: 105722043600 ns, Reaching safepoint: 58800 ns, Cleanup: 19600 ns, At safepoint: 3400 ns, Total: 81800 ns
[2024-06-10T04:12:48.784+0000][14976][info ][safepoint   ] Safepoint "Cleanup", Time since last: 31200701100 ns, Reaching safepoint: 20600 ns, Cleanup: 15000 ns, At safepoint: 7000 ns, Total: 42600 ns
[2024-06-10T04:13:15.985+0000][14976][info ][safepoint   ] Safepoint "Cleanup", Time since last: 27201113600 ns, Reaching safepoint: 32600 ns, Cleanup: 25800 ns, At safepoint: 4500 ns, Total: 62900 ns
[2024-06-10T04:13:19.006+0000][14976][info ][safepoint   ] Safepoint "Cleanup", Time since last: 3020913600 ns, Reaching safepoint: 33700 ns, Cleanup: 25700 ns, At safepoint: 5300 ns, Total: 64700 ns
[2024-06-10T04:13:47.214+0000][14976][info ][safepoint   ] Safepoint "Cleanup", Time since last: 28192123600 ns, Reaching safepoint: 15778800 ns, Cleanup: 100900 ns, At safepoint: 39300 ns, Total: 15919000 ns
[2024-06-10T04:13:49.219+0000][14976][info ][safepoint   ] Safepoint "Cleanup", Time since last: 2004956900 ns, Reaching safepoint: 34100 ns, Cleanup: 30300 ns, At safepoint: 6300 ns, Total: 70700 ns
[2024-06-10T04:39:05.636+0000][14976][info ][safepoint   ] Safepoint "Cleanup", Time since last: 1516290013300 ns, Reaching safepoint: 120096200 ns, Cleanup: 3904800 ns, At safepoint: 2095300 ns, Total: 126096300 ns
[2024-06-10T04:40:22.382+0000][14976][info ][safepoint   ] Safepoint "Cleanup", Time since last: 76746010300 ns, Reaching safepoint: 1000000 ns, Cleanup: 20700 ns, At safepoint: 10300 ns, Total: 1031000 ns
[2024-06-10T04:40:23.395+0000][14976][info ][safepoint   ] Safepoint "Cleanup", Time since last: 1012176400 ns, Reaching safepoint: 109100 ns, Cleanup: 47000 ns, At safepoint: 5300 ns, Total: 161400 ns
[2024-06-10T04:40:27.433+0000][14976][info ][safepoint   ] Safepoint "Cleanup", Time since last: 4037897400 ns, Reaching safepoint: 45200 ns, Cleanup: 156800 ns, At safepoint: 5600 ns, Total: 207600 ns
[2024-06-10T04:42:02.539+0000][14976][info ][safepoint   ] Safepoint "Cleanup", Time since last: 95105408700 ns, Reaching safepoint: 34700 ns, Cleanup: 39000 ns, At safepoint: 2700 ns, Total: 76400 ns
[2024-06-10T04:42:05.381+0000][14976][info ][safepoint   ] Safepoint "Cleanup", Time since last: 2842528700 ns, Reaching safepoint: 12200 ns, Cleanup: 67000 ns, At safepoint: 17000 ns, Total: 96200 ns
[2024-06-10T04:44:56.056+0000][14976][info ][safepoint   ] Safepoint "Cleanup", Time since last: 170674848700 ns, Reaching safepoint: 428700 ns, Cleanup: 566000 ns, At safepoint: 4800 ns, Total: 999500 ns
[2024-06-10T04:45:05.815+0000][14976][info ][safepoint   ] Safepoint "Cleanup", Time since last: 9758428900 ns, Reaching safepoint: 11800 ns, Cleanup: 75100 ns, At safepoint: 4300 ns, Total: 91200 ns
[2024-06-10T04:45:19.902+0000][14976][info ][safepoint   ] Safepoint "Cleanup", Time since last: 14086480100 ns, Reaching safepoint: 793400 ns, Cleanup: 16700 ns, At safepoint: 10600 ns, Total: 820700 ns
[2024-06-10T04:45:20.906+0000][14976][info ][safepoint   ] Safepoint "Cleanup", Time since last: 1003318300 ns, Reaching safepoint: 22700 ns, Cleanup: 44800 ns, At safepoint: 3000 ns, Total: 70500 ns
[2024-06-10T04:45:41.022+0000][14976][info ][safepoint   ] Safepoint "Cleanup", Time since last: 20115943200 ns, Reaching safepoint: 71800 ns, Cleanup: 39400 ns, At safepoint: 7200 ns, Total: 118400 ns
[2024-06-10T04:46:45.214+0000][14976][info ][safepoint   ] Safepoint "Cleanup", Time since last: 64191454800 ns, Reaching safepoint: 79500 ns, Cleanup: 68000 ns, At safepoint: 3600 ns, Total: 151100 ns
[2024-06-10T04:48:06.918+0000][14976][info ][safepoint   ] Safepoint "Cleanup", Time since last: 81703916500 ns, Reaching safepoint: 33900 ns, Cleanup: 29200 ns, At safepoint: 4600 ns, Total: 67700 ns
[2024-06-10T04:48:37.128+0000][14976][info ][safepoint   ] Safepoint "Cleanup", Time since last: 30209367000 ns, Reaching safepoint: 683100 ns, Cleanup: 26100 ns, At safepoint: 16900 ns, Total: 726100 ns
[2024-06-10T04:48:38.132+0000][14976][info ][safepoint   ] Safepoint "Cleanup", Time since last: 1003617300 ns, Reaching safepoint: 60000 ns, Cleanup: 41300 ns, At safepoint: 4000 ns, Total: 105300 ns
[2024-06-10T04:48:42.148+0000][14976][info ][safepoint   ] Safepoint "Cleanup", Time since last: 4016375200 ns, Reaching safepoint: 44200 ns, Cleanup: 181000 ns, At safepoint: 6800 ns, Total: 232000 ns
[2024-06-10T04:49:05.976+0000][14976][info ][safepoint   ] Safepoint "Cleanup", Time since last: 23828438300 ns, Reaching safepoint: 14000 ns, Cleanup: 19700 ns, At safepoint: 3400 ns, Total: 37100 ns
[2024-06-10T04:49:29.122+0000][14976][info ][safepoint   ] Safepoint "Cleanup", Time since last: 23144836600 ns, Reaching safepoint: 51100 ns, Cleanup: 34800 ns, At safepoint: 4700 ns, Total: 90600 ns
[2024-06-10T04:49:30.137+0000][14976][info ][safepoint   ] Safepoint "Cleanup", Time since last: 1015481200 ns, Reaching safepoint: 51100 ns, Cleanup: 59800 ns, At safepoint: 5200 ns, Total: 116100 ns
[2024-06-10T04:49:36.178+0000][14976][info ][safepoint   ] Safepoint "Cleanup", Time since last: 6040744800 ns, Reaching safepoint: 30700 ns, Cleanup: 25100 ns, At safepoint: 7200 ns, Total: 63000 ns
[2024-06-10T04:52:17.188+0000][14976][info ][safepoint   ] Safepoint "Cleanup", Time since last: 161010152800 ns, Reaching safepoint: 66900 ns, Cleanup: 38000 ns, At safepoint: 6100 ns, Total: 111000 ns
[2024-06-10T04:59:06.640+0000][14976][info ][safepoint   ] Safepoint "Cleanup", Time since last: 409451378700 ns, Reaching safepoint: 24800 ns, Cleanup: 17200 ns, At safepoint: 3000 ns, Total: 45000 ns
[2024-06-10T04:59:35.855+0000][14976][info ][safepoint   ] Safepoint "Cleanup", Time since last: 29215479400 ns, Reaching safepoint: 32600 ns, Cleanup: 19300 ns, At safepoint: 2400 ns, Total: 54300 ns
[2024-06-10T05:01:06.533+0000][14976][info ][safepoint   ] Safepoint "Cleanup", Time since last: 90677979100 ns, Reaching safepoint: 27100 ns, Cleanup: 20600 ns, At safepoint: 4600 ns, Total: 52300 ns
[2024-06-10T05:05:05.892+0000][14976][info ][safepoint   ] Safepoint "Cleanup", Time since last: 239359246800 ns, Reaching safepoint: 47800 ns, Cleanup: 117200 ns, At safepoint: 10300 ns, Total: 175300 ns
[2024-06-10T05:05:36.096+0000][14976][info ][safepoint   ] Safepoint "Cleanup", Time since last: 30202703800 ns, Reaching safepoint: 19400 ns, Cleanup: 15300 ns, At safepoint: 2000 ns, Total: 36700 ns
[2024-06-10T05:06:06.289+0000][14976][info ][safepoint   ] Safepoint "Cleanup", Time since last: 30193201500 ns, Reaching safepoint: 36100 ns, Cleanup: 141800 ns, At safepoint: 8400 ns, Total: 186300 ns
[2024-06-10T05:06:36.519+0000][14976][info ][safepoint   ] Safepoint "Cleanup", Time since last: 30229790900 ns, Reaching safepoint: 61800 ns, Cleanup: 34500 ns, At safepoint: 5300 ns, Total: 101600 ns
[2024-06-10T05:07:05.713+0000][14976][info ][safepoint   ] Safepoint "Cleanup", Time since last: 29194191500 ns, Reaching safepoint: 47100 ns, Cleanup: 30500 ns, At safepoint: 7400 ns, Total: 85000 ns
[2024-06-10T05:09:06.034+0000][14976][info ][safepoint   ] Safepoint "Cleanup", Time since last: 120321278200 ns, Reaching safepoint: 42900 ns, Cleanup: 27000 ns, At safepoint: 4800 ns, Total: 74700 ns
[2024-06-10T05:10:05.853+0000][14976][info ][safepoint   ] Safepoint "Cleanup", Time since last: 59819039200 ns, Reaching safepoint: 25100 ns, Cleanup: 21500 ns, At safepoint: 5100 ns, Total: 51700 ns
[2024-06-10T05:14:18.978+0000][14976][info ][safepoint   ] Safepoint "Cleanup", Time since last: 253124196600 ns, Reaching safepoint: 31900 ns, Cleanup: 25700 ns, At safepoint: 4700 ns, Total: 62300 ns
[2024-06-10T05:15:09.825+0000][14976][info ][gc,start    ] GC(11) Pause Young (Normal) (G1 Evacuation Pause)
[2024-06-10T05:15:09.833+0000][14976][info ][gc,task     ] GC(11) Using 8 workers of 8 for evacuation
[2024-06-10T05:15:09.833+0000][14976][debug][gc,age      ] GC(11) Desired survivor size 69206016 bytes, new threshold 15 (max threshold 15)
[2024-06-10T05:15:10.281+0000][14976][info ][gc,mmu      ] GC(11) MMU target violated: 201.0ms (200.0ms/201.0ms)
[2024-06-10T05:15:10.281+0000][14976][info ][gc,phases   ] GC(11)   Pre Evacuate Collection Set: 22.4ms
[2024-06-10T05:15:10.281+0000][14976][info ][gc,phases   ] GC(11)   Merge Heap Roots: 0.4ms
[2024-06-10T05:15:10.281+0000][14976][info ][gc,phases   ] GC(11)   Evacuate Collection Set: 393.3ms
[2024-06-10T05:15:10.281+0000][14976][info ][gc,phases   ] GC(11)   Post Evacuate Collection Set: 23.6ms
[2024-06-10T05:15:10.281+0000][14976][info ][gc,phases   ] GC(11)   Other: 13.4ms
[2024-06-10T05:15:10.281+0000][14976][trace][gc,age      ] GC(11) Age table with threshold 15 (max threshold 15)
[2024-06-10T05:15:10.281+0000][14976][trace][gc,age      ] GC(11) - age   1:   28619632 bytes,   28619632 total
[2024-06-10T05:15:10.281+0000][14976][trace][gc,age      ] GC(11) - age   2:   19059744 bytes,   47679376 total
[2024-06-10T05:15:10.281+0000][14976][trace][gc,age      ] GC(11) - age   3:    9973720 bytes,   57653096 total
[2024-06-10T05:15:10.281+0000][14976][trace][gc,age      ] GC(11) - age   4:    8218528 bytes,   65871624 total
[2024-06-10T05:15:10.281+0000][14976][trace][gc,age      ] GC(11) - age   5:    3046808 bytes,   68918432 total
[2024-06-10T05:15:10.282+0000][14976][trace][gc,age      ] GC(11) - age   6:    5925728 bytes,   74844160 total
[2024-06-10T05:15:10.282+0000][14976][trace][gc,age      ] GC(11) - age   7:    2142888 bytes,   76987048 total
[2024-06-10T05:15:10.282+0000][14976][trace][gc,age      ] GC(11) - age   8:    9838640 bytes,   86825688 total
[2024-06-10T05:15:10.282+0000][14976][info ][gc,heap     ] GC(11) Eden regions: 241->0(26)
[2024-06-10T05:15:10.282+0000][14976][info ][gc,heap     ] GC(11) Survivor regions: 16->23(33)
[2024-06-10T05:15:10.282+0000][14976][info ][gc,heap     ] GC(11) Old regions: 0->0
[2024-06-10T05:15:10.282+0000][14976][info ][gc,heap     ] GC(11) Humongous regions: 2->2
[2024-06-10T05:15:10.282+0000][14976][info ][gc,metaspace] GC(11) Metaspace: 133583K(137152K)->133583K(137152K) NonClass: 115434K(117376K)->115434K(117376K) Class: 18148K(19776K)->18148K(19776K)
[2024-06-10T05:15:10.282+0000][14976][info ][gc          ] GC(11) Pause Young (Normal) (G1 Evacuation Pause) 1033M->98M(3920M) 457.735ms
[2024-06-10T05:15:10.282+0000][14976][info ][gc,cpu      ] GC(11) User=0.11s Sys=0.38s Real=0.46s
[2024-06-10T05:15:10.282+0000][14976][info ][safepoint   ] Safepoint "G1CollectForAllocation", Time since last: 50844403000 ns, Reaching safepoint: 60700 ns, Cleanup: 12000 ns, At safepoint: 459749400 ns, Total: 459822100 ns
[2024-06-10T05:15:11.297+0000][14976][info ][safepoint   ] Safepoint "Cleanup", Time since last: 1003299100 ns, Reaching safepoint: 12186200 ns, Cleanup: 32700 ns, At safepoint: 104900 ns, Total: 12323800 ns
[2024-06-10T05:15:36.424+0000][14976][info ][safepoint   ] Safepoint "Cleanup", Time since last: 25125858500 ns, Reaching safepoint: 71700 ns, Cleanup: 85600 ns, At safepoint: 6900 ns, Total: 164200 ns
[2024-06-10T05:16:21.087+0000][14976][info ][safepoint   ] Safepoint "Cleanup", Time since last: 44662903600 ns, Reaching safepoint: 25200 ns, Cleanup: 22800 ns, At safepoint: 12600 ns, Total: 60600 ns
[2024-06-10T05:17:26.211+0000][14976][info ][safepoint   ] Safepoint "Cleanup", Time since last: 65124360900 ns, Reaching safepoint: 67300 ns, Cleanup: 201200 ns, At safepoint: 24600 ns, Total: 293100 ns
[2024-06-10T05:17:27.944+0000][14976][info ][safepoint   ] Safepoint "Cleanup", Time since last: 1732672000 ns, Reaching safepoint: 29200 ns, Cleanup: 1175800 ns, At safepoint: 18700 ns, Total: 1223700 ns
[2024-06-10T05:17:28.948+0000][14976][info ][safepoint   ] Safepoint "Cleanup", Time since last: 1003040200 ns, Reaching safepoint: 33500 ns, Cleanup: 28000 ns, At safepoint: 5600 ns, Total: 67100 ns
[2024-06-10T05:17:35.989+0000][14976][info ][safepoint   ] Safepoint "Cleanup", Time since last: 7040501300 ns, Reaching safepoint: 35100 ns, Cleanup: 23500 ns, At safepoint: 4800 ns, Total: 63400 ns
[2024-06-10T05:17:36.994+0000][14976][info ][safepoint   ] Safepoint "Cleanup", Time since last: 1005147400 ns, Reaching safepoint: 47900 ns, Cleanup: 33000 ns, At safepoint: 4900 ns, Total: 85800 ns
[2024-06-10T05:17:47.047+0000][14976][info ][safepoint   ] Safepoint "Cleanup", Time since last: 10052823500 ns, Reaching safepoint: 32300 ns, Cleanup: 30000 ns, At safepoint: 5100 ns, Total: 67400 ns
[2024-06-10T05:17:57.104+0000][14976][info ][safepoint   ] Safepoint "Cleanup", Time since last: 10057356500 ns, Reaching safepoint: 132400 ns, Cleanup: 32600 ns, At safepoint: 6900 ns, Total: 171900 ns
[2024-06-10T05:18:06.168+0000][14976][info ][safepoint   ] Safepoint "Cleanup", Time since last: 9063743500 ns, Reaching safepoint: 65700 ns, Cleanup: 38000 ns, At safepoint: 5500 ns, Total: 109200 ns
[2024-06-10T05:18:40.849+0000][14976][info ][safepoint   ] Safepoint "Cleanup", Time since last: 34680617300 ns, Reaching safepoint: 5500 ns, Cleanup: 36100 ns, At safepoint: 1900 ns, Total: 43500 ns
[2024-06-10T05:18:41.852+0000][14976][info ][safepoint   ] Safepoint "Cleanup", Time since last: 1002376500 ns, Reaching safepoint: 51000 ns, Cleanup: 204100 ns, At safepoint: 4900 ns, Total: 260000 ns
[2024-06-10T05:18:50.916+0000][14976][info ][safepoint   ] Safepoint "Cleanup", Time since last: 9064401600 ns, Reaching safepoint: 30300 ns, Cleanup: 53800 ns, At safepoint: 6900 ns, Total: 91000 ns
[2024-06-10T05:18:53.930+0000][14976][info ][safepoint   ] Safepoint "Cleanup", Time since last: 3013583400 ns, Reaching safepoint: 64500 ns, Cleanup: 29500 ns, At safepoint: 5600 ns, Total: 99600 ns
[2024-06-10T05:19:06.019+0000][14976][info ][safepoint   ] Safepoint "Cleanup", Time since last: 12088701100 ns, Reaching safepoint: 43900 ns, Cleanup: 29300 ns, At safepoint: 8300 ns, Total: 81500 ns
[2024-06-10T05:19:07.025+0000][14976][info ][safepoint   ] Safepoint "Cleanup", Time since last: 1006333900 ns, Reaching safepoint: 27900 ns, Cleanup: 31900 ns, At safepoint: 3100 ns, Total: 62900 ns
[2024-06-10T05:19:27.493+0000][14976][info ][safepoint   ] Safepoint "Cleanup", Time since last: 20467573300 ns, Reaching safepoint: 90600 ns, Cleanup: 37000 ns, At safepoint: 6300 ns, Total: 133900 ns
[2024-06-10T05:20:00.774+0000][14976][info ][safepoint   ] Safepoint "Cleanup", Time since last: 33281663400 ns, Reaching safepoint: 29900 ns, Cleanup: 22000 ns, At safepoint: 5000 ns, Total: 56900 ns
[2024-06-10T05:20:03.804+0000][14976][info ][safepoint   ] Safepoint "Cleanup", Time since last: 3029252000 ns, Reaching safepoint: 30100 ns, Cleanup: 28100 ns, At safepoint: 5300 ns, Total: 63500 ns
[2024-06-10T05:20:09.949+0000][14976][info ][safepoint   ] Safepoint "Cleanup", Time since last: 6154578800 ns, Reaching safepoint: 49000 ns, Cleanup: 76000 ns, At safepoint: 229300 ns, Total: 354300 ns
[2024-06-10T05:20:10.454+0000][14976][info ][gc,start    ] GC(12) Pause Young (Normal) (G1 Evacuation Pause)
[2024-06-10T05:20:10.454+0000][14976][info ][gc,task     ] GC(12) Using 8 workers of 8 for evacuation
[2024-06-10T05:20:10.454+0000][14976][debug][gc,age      ] GC(12) Desired survivor size 14680064 bytes, new threshold 1 (max threshold 15)
[2024-06-10T05:20:10.548+0000][14976][info ][gc,phases   ] GC(12)   Pre Evacuate Collection Set: 0.6ms
[2024-06-10T05:20:10.548+0000][14976][info ][gc,phases   ] GC(12)   Merge Heap Roots: 0.0ms
[2024-06-10T05:20:10.548+0000][14976][info ][gc,phases   ] GC(12)   Evacuate Collection Set: 86.9ms
[2024-06-10T05:20:10.548+0000][14976][info ][gc,phases   ] GC(12)   Post Evacuate Collection Set: 5.0ms
[2024-06-10T05:20:10.548+0000][14976][info ][gc,phases   ] GC(12)   Other: 0.1ms
[2024-06-10T05:20:10.548+0000][14976][trace][gc,age      ] GC(12) Age table with threshold 1 (max threshold 15)
[2024-06-10T05:20:10.548+0000][14976][trace][gc,age      ] GC(12) - age   1:    2356072 bytes,    2356072 total
[2024-06-10T05:20:10.548+0000][14976][info ][gc,heap     ] GC(12) Eden regions: 26->0(301)
[2024-06-10T05:20:10.548+0000][14976][info ][gc,heap     ] GC(12) Survivor regions: 23->3(7)
[2024-06-10T05:20:10.548+0000][14976][info ][gc,heap     ] GC(12) Old regions: 0->22
[2024-06-10T05:20:10.548+0000][14976][info ][gc,heap     ] GC(12) Humongous regions: 2->2
[2024-06-10T05:20:10.548+0000][14976][info ][gc,metaspace] GC(12) Metaspace: 135225K(138880K)->135225K(138880K) NonClass: 116873K(118848K)->116873K(118848K) Class: 18351K(20032K)->18351K(20032K)
[2024-06-10T05:20:10.548+0000][14976][info ][gc          ] GC(12) Pause Young (Normal) (G1 Evacuation Pause) 202M->105M(3920M) 93.340ms
[2024-06-10T05:20:10.548+0000][14976][info ][gc,cpu      ] GC(12) User=0.39s Sys=0.08s Real=0.09s
[2024-06-10T05:20:10.548+0000][14976][info ][safepoint   ] Safepoint "G1CollectForAllocation", Time since last: 495983600 ns, Reaching safepoint: 18100 ns, Cleanup: 72900 ns, At safepoint: 93542600 ns, Total: 93633600 ns
[2024-06-10T05:20:11.557+0000][14976][info ][safepoint   ] Safepoint "Cleanup", Time since last: 1008908700 ns, Reaching safepoint: 26800 ns, Cleanup: 71900 ns, At safepoint: 5700 ns, Total: 104400 ns
[2024-06-10T05:20:19.606+0000][14976][info ][safepoint   ] Safepoint "Cleanup", Time since last: 8048664100 ns, Reaching safepoint: 36800 ns, Cleanup: 32900 ns, At safepoint: 2200 ns, Total: 71900 ns
[2024-06-10T05:20:20.609+0000][14976][info ][safepoint   ] Safepoint "Cleanup", Time since last: 1002750500 ns, Reaching safepoint: 32600 ns, Cleanup: 101200 ns, At safepoint: 6600 ns, Total: 140400 ns
[2024-06-10T05:20:36.682+0000][14976][info ][safepoint   ] Safepoint "Cleanup", Time since last: 16073288400 ns, Reaching safepoint: 20600 ns, Cleanup: 24000 ns, At safepoint: 4500 ns, Total: 49100 ns
[2024-06-10T05:20:37.691+0000][14976][info ][safepoint   ] Safepoint "Cleanup", Time since last: 1008183700 ns, Reaching safepoint: 36000 ns, Cleanup: 146800 ns, At safepoint: 18900 ns, Total: 201700 ns
[2024-06-10T05:21:05.927+0000][14976][info ][safepoint   ] Safepoint "Cleanup", Time since last: 28235858100 ns, Reaching safepoint: 31600 ns, Cleanup: 30500 ns, At safepoint: 6300 ns, Total: 68400 ns
[2024-06-10T05:21:13.448+0000][14976][info ][safepoint   ] Safepoint "Cleanup", Time since last: 7535628200 ns, Reaching safepoint: 8400 ns, Cleanup: 77400 ns, At safepoint: 15700 ns, Total: 101500 ns
[2024-06-10T05:21:14.720+0000][14976][info ][safepoint   ] Safepoint "Cleanup", Time since last: 1257193600 ns, Reaching safepoint: 22800 ns, Cleanup: 38600 ns, At safepoint: 3400 ns, Total: 64800 ns
[2024-06-10T05:21:22.767+0000][14976][info ][safepoint   ] Safepoint "Cleanup", Time since last: 8047059400 ns, Reaching safepoint: 31000 ns, Cleanup: 138000 ns, At safepoint: 4800 ns, Total: 173800 ns
[2024-06-10T05:21:30.830+0000][14976][info ][safepoint   ] Safepoint "Cleanup", Time since last: 8062894300 ns, Reaching safepoint: 151100 ns, Cleanup: 56800 ns, At safepoint: 24900 ns, Total: 232800 ns
[2024-06-10T05:21:31.842+0000][14976][info ][safepoint   ] Safepoint "Cleanup", Time since last: 1012463500 ns, Reaching safepoint: 44600 ns, Cleanup: 67100 ns, At safepoint: 14700 ns, Total: 126400 ns
[2024-06-10T05:21:36.872+0000][14976][info ][safepoint   ] Safepoint "Cleanup", Time since last: 5029001900 ns, Reaching safepoint: 65700 ns, Cleanup: 25400 ns, At safepoint: 5700 ns, Total: 96800 ns
[2024-06-10T05:21:48.962+0000][14976][info ][safepoint   ] Safepoint "Cleanup", Time since last: 12090081200 ns, Reaching safepoint: 105500 ns, Cleanup: 34400 ns, At safepoint: 18800 ns, Total: 158700 ns
[2024-06-10T05:22:16.760+0000][14976][info ][safepoint   ] Safepoint "Cleanup", Time since last: 27797974600 ns, Reaching safepoint: 30300 ns, Cleanup: 45100 ns, At safepoint: 30600 ns, Total: 106000 ns
[2024-06-10T05:22:29.841+0000][14976][info ][safepoint   ] Safepoint "Cleanup", Time since last: 13080842700 ns, Reaching safepoint: 31800 ns, Cleanup: 30600 ns, At safepoint: 4500 ns, Total: 66900 ns
[2024-06-10T05:22:33.882+0000][14976][info ][safepoint   ] Safepoint "Cleanup", Time since last: 4040748700 ns, Reaching safepoint: 21100 ns, Cleanup: 35300 ns, At safepoint: 2600 ns, Total: 59000 ns
[2024-06-10T05:22:55.037+0000][14976][info ][safepoint   ] Safepoint "Cleanup", Time since last: 21155650000 ns, Reaching safepoint: 21000 ns, Cleanup: 60100 ns, At safepoint: 2700 ns, Total: 83800 ns
[2024-06-10T05:26:15.092+0000][14976][info ][safepoint   ] Safepoint "Cleanup", Time since last: 200055071400 ns, Reaching safepoint: 31500 ns, Cleanup: 33900 ns, At safepoint: 5100 ns, Total: 70500 ns
[2024-06-10T05:27:48.579+0000][14976][info ][safepoint   ] Safepoint "Cleanup", Time since last: 93486135400 ns, Reaching safepoint: 34100 ns, Cleanup: 61400 ns, At safepoint: 13600 ns, Total: 109100 ns
[2024-06-10T05:27:57.666+0000][14976][info ][safepoint   ] Safepoint "Cleanup", Time since last: 9087593900 ns, Reaching safepoint: 242100 ns, Cleanup: 31100 ns, At safepoint: 49400 ns, Total: 322600 ns
[2024-06-10T05:27:58.677+0000][14976][info ][safepoint   ] Safepoint "Cleanup", Time since last: 1010661300 ns, Reaching safepoint: 33000 ns, Cleanup: 40100 ns, At safepoint: 6400 ns, Total: 79500 ns
[2024-06-10T05:28:06.719+0000][14976][info ][safepoint   ] Safepoint "Cleanup", Time since last: 8042016800 ns, Reaching safepoint: 22100 ns, Cleanup: 24100 ns, At safepoint: 5000 ns, Total: 51200 ns
[2024-06-10T05:31:06.114+0000][14976][info ][safepoint   ] Safepoint "Cleanup", Time since last: 179394261700 ns, Reaching safepoint: 39800 ns, Cleanup: 28500 ns, At safepoint: 7300 ns, Total: 75600 ns
[2024-06-10T05:31:27.010+0000][14976][info ][safepoint   ] Safepoint "Cleanup", Time since last: 20896066700 ns, Reaching safepoint: 96600 ns, Cleanup: 25100 ns, At safepoint: 5900 ns, Total: 127600 ns
[2024-06-10T05:31:37.096+0000][14976][info ][safepoint   ] Safepoint "Cleanup", Time since last: 10085747700 ns, Reaching safepoint: 31800 ns, Cleanup: 29900 ns, At safepoint: 9600 ns, Total: 71300 ns
[2024-06-10T05:31:57.233+0000][14976][info ][safepoint   ] Safepoint "Cleanup", Time since last: 20137367700 ns, Reaching safepoint: 63500 ns, Cleanup: 31100 ns, At safepoint: 5200 ns, Total: 99800 ns
[2024-06-10T05:32:06.285+0000][14976][info ][safepoint   ] Safepoint "Cleanup", Time since last: 9051649300 ns, Reaching safepoint: 42600 ns, Cleanup: 26600 ns, At safepoint: 6400 ns, Total: 75600 ns
[2024-06-10T05:32:27.064+0000][14976][info ][safepoint   ] Safepoint "Cleanup", Time since last: 20778463400 ns, Reaching safepoint: 32300 ns, Cleanup: 25500 ns, At safepoint: 69300 ns, Total: 127100 ns
[2024-06-10T05:32:36.123+0000][14976][info ][safepoint   ] Safepoint "Cleanup", Time since last: 9059114100 ns, Reaching safepoint: 21400 ns, Cleanup: 17400 ns, At safepoint: 2700 ns, Total: 41500 ns
[2024-06-10T05:33:06.325+0000][14976][info ][safepoint   ] Safepoint "Cleanup", Time since last: 30202530700 ns, Reaching safepoint: 90000 ns, Cleanup: 37700 ns, At safepoint: 9600 ns, Total: 137300 ns
[2024-06-10T05:34:37.403+0000][14976][info ][safepoint   ] Safepoint "Cleanup", Time since last: 91077048700 ns, Reaching safepoint: 90900 ns, Cleanup: 27800 ns, At safepoint: 8000 ns, Total: 126700 ns
[2024-06-10T05:36:27.668+0000][14976][info ][safepoint   ] Safepoint "Cleanup", Time since last: 110265628400 ns, Reaching safepoint: 41900 ns, Cleanup: 23600 ns, At safepoint: 4300 ns, Total: 69800 ns
[2024-06-10T05:36:36.736+0000][14976][info ][safepoint   ] Safepoint "Cleanup", Time since last: 9067540700 ns, Reaching safepoint: 32500 ns, Cleanup: 37100 ns, At safepoint: 4500 ns, Total: 74100 ns
[2024-06-10T05:37:42.938+0000][14976][info ][safepoint   ] Safepoint "Cleanup", Time since last: 66143243200 ns, Reaching safepoint: 10204400 ns, Cleanup: 34323100 ns, At safepoint: 19500 ns, Total: 44547000 ns
[2024-06-10T05:38:07.190+0000][14976][info ][safepoint   ] Safepoint "Cleanup", Time since last: 24265978500 ns, Reaching safepoint: 29200 ns, Cleanup: 22000 ns, At safepoint: 3800 ns, Total: 55000 ns
[2024-06-10T05:38:27.306+0000][14976][info ][safepoint   ] Safepoint "Cleanup", Time since last: 20115745900 ns, Reaching safepoint: 53600 ns, Cleanup: 21100 ns, At safepoint: 3100 ns, Total: 77800 ns
[2024-06-10T05:38:37.347+0000][14976][info ][safepoint   ] Safepoint "Cleanup", Time since last: 10041732900 ns, Reaching safepoint: 47700 ns, Cleanup: 39500 ns, At safepoint: 8600 ns, Total: 95800 ns
[2024-06-10T05:39:37.049+0000][14976][info ][safepoint   ] Safepoint "Cleanup", Time since last: 59701354600 ns, Reaching safepoint: 54600 ns, Cleanup: 24600 ns, At safepoint: 5700 ns, Total: 84900 ns
[2024-06-10T05:41:10.438+0000][14976][info ][safepoint   ] Safepoint "Cleanup", Time since last: 93388714300 ns, Reaching safepoint: 55600 ns, Cleanup: 210300 ns, At safepoint: 19100 ns, Total: 285000 ns
[2024-06-10T05:41:11.439+0000][14976][info ][safepoint   ] Safepoint "Cleanup", Time since last: 1001472200 ns, Reaching safepoint: 32400 ns, Cleanup: 28800 ns, At safepoint: 5100 ns, Total: 66300 ns
[2024-06-10T05:41:19.194+0000][14976][info ][safepoint   ] Safepoint "Cleanup", Time since last: 7754099200 ns, Reaching safepoint: 232600 ns, Cleanup: 113200 ns, At safepoint: 8300 ns, Total: 354100 ns
[2024-06-10T05:42:10.528+0000][14976][info ][safepoint   ] Safepoint "Cleanup", Time since last: 51333673600 ns, Reaching safepoint: 386000 ns, Cleanup: 37500 ns, At safepoint: 5400 ns, Total: 428900 ns
[2024-06-10T05:42:50.461+0000][14976][info ][safepoint   ] Safepoint "Cleanup", Time since last: 39932429100 ns, Reaching safepoint: 52400 ns, Cleanup: 27900 ns, At safepoint: 9600 ns, Total: 89900 ns
[2024-06-10T05:44:06.565+0000][14976][info ][safepoint   ] Safepoint "Cleanup", Time since last: 76104378600 ns, Reaching safepoint: 60700 ns, Cleanup: 830300 ns, At safepoint: 17500 ns, Total: 908500 ns
[2024-06-10T05:45:56.400+0000][14976][info ][safepoint   ] Safepoint "Cleanup", Time since last: 109833666700 ns, Reaching safepoint: 206200 ns, Cleanup: 40900 ns, At safepoint: 6800 ns, Total: 253900 ns
[2024-06-10T05:46:01.424+0000][14976][info ][safepoint   ] Safepoint "Cleanup", Time since last: 5024408500 ns, Reaching safepoint: 29900 ns, Cleanup: 18500 ns, At safepoint: 4500 ns, Total: 52900 ns
[2024-06-10T05:46:23.694+0000][14976][info ][safepoint   ] Safepoint "Cleanup", Time since last: 22269379500 ns, Reaching safepoint: 367500 ns, Cleanup: 25700 ns, At safepoint: 90400 ns, Total: 483600 ns
[2024-06-10T05:46:24.704+0000][14976][info ][safepoint   ] Safepoint "Cleanup", Time since last: 1009889400 ns, Reaching safepoint: 28100 ns, Cleanup: 20300 ns, At safepoint: 3400 ns, Total: 51800 ns
[2024-06-10T05:47:05.986+0000][14976][info ][safepoint   ] Safepoint "Cleanup", Time since last: 41281931900 ns, Reaching safepoint: 25500 ns, Cleanup: 20200 ns, At safepoint: 4200 ns, Total: 49900 ns
[2024-06-10T05:49:03.135+0000][14976][info ][safepoint   ] Safepoint "Cleanup", Time since last: 117148472800 ns, Reaching safepoint: 55800 ns, Cleanup: 46200 ns, At safepoint: 3000 ns, Total: 105000 ns
[2024-06-10T05:49:07.149+0000][14976][info ][safepoint   ] Safepoint "Cleanup", Time since last: 4013838500 ns, Reaching safepoint: 47700 ns, Cleanup: 30600 ns, At safepoint: 7000 ns, Total: 85300 ns
[2024-06-10T05:53:07.824+0000][14976][info ][safepoint   ] Safepoint "Cleanup", Time since last: 240675524600 ns, Reaching safepoint: 70500 ns, Cleanup: 25800 ns, At safepoint: 7400 ns, Total: 103700 ns
[2024-06-10T05:53:50.037+0000][14976][info ][safepoint   ] Safepoint "Cleanup", Time since last: 42212982100 ns, Reaching safepoint: 22800 ns, Cleanup: 16700 ns, At safepoint: 2100 ns, Total: 41600 ns
[2024-06-10T05:55:25.678+0000][14976][info ][safepoint   ] Safepoint "Cleanup", Time since last: 95641067100 ns, Reaching safepoint: 32100 ns, Cleanup: 28100 ns, At safepoint: 5200 ns, Total: 65400 ns
[2024-06-10T05:56:06.919+0000][14976][info ][safepoint   ] Safepoint "Cleanup", Time since last: 41240589500 ns, Reaching safepoint: 24300 ns, Cleanup: 14700 ns, At safepoint: 3200 ns, Total: 42200 ns
[2024-06-10T05:56:29.025+0000][14976][info ][safepoint   ] Safepoint "Cleanup", Time since last: 22105679500 ns, Reaching safepoint: 44300 ns, Cleanup: 60800 ns, At safepoint: 8200 ns, Total: 113300 ns
[2024-06-10T05:56:54.180+0000][14976][info ][safepoint   ] Safepoint "Cleanup", Time since last: 25155679600 ns, Reaching safepoint: 33600 ns, Cleanup: 137200 ns, At safepoint: 35800 ns, Total: 206600 ns
[2024-06-10T05:56:55.196+0000][14976][info ][safepoint   ] Safepoint "Cleanup", Time since last: 1014946200 ns, Reaching safepoint: 71100 ns, Cleanup: 115000 ns, At safepoint: 6600 ns, Total: 192700 ns
[2024-06-10T05:59:23.341+0000][14976][info ][safepoint   ] Safepoint "Cleanup", Time since last: 148129265900 ns, Reaching safepoint: 16183700 ns, Cleanup: 49200 ns, At safepoint: 68300 ns, Total: 16301200 ns
[2024-06-10T05:59:24.356+0000][14976][info ][safepoint   ] Safepoint "Cleanup", Time since last: 1014721300 ns, Reaching safepoint: 398000 ns, Cleanup: 31700 ns, At safepoint: 3400 ns, Total: 433100 ns
[2024-06-10T06:35:58.382+0000][14976][info ][safepoint   ] Safepoint "Cleanup", Time since last: 2193639976400 ns, Reaching safepoint: 385136500 ns, Cleanup: 23500 ns, At safepoint: 226200 ns, Total: 385386200 ns
[2024-06-10T06:35:59.383+0000][14976][info ][safepoint   ] Safepoint "Cleanup", Time since last: 1001131700 ns, Reaching safepoint: 23400 ns, Cleanup: 14600 ns, At safepoint: 2700 ns, Total: 40700 ns
[2024-06-10T06:36:09.420+0000][14976][info ][safepoint   ] Safepoint "Cleanup", Time since last: 10036922300 ns, Reaching safepoint: 467600 ns, Cleanup: 26900 ns, At safepoint: 14000 ns, Total: 508500 ns
[2024-06-10T06:36:10.428+0000][14976][info ][safepoint   ] Safepoint "Cleanup", Time since last: 1007179900 ns, Reaching safepoint: 25400 ns, Cleanup: 18700 ns, At safepoint: 2600 ns, Total: 46700 ns
[2024-06-10T06:40:42.357+0000][14976][info ][safepoint   ] Safepoint "Cleanup", Time since last: 271928983700 ns, Reaching safepoint: 40800 ns, Cleanup: 36900 ns, At safepoint: 6200 ns, Total: 83900 ns
[2024-06-10T06:41:06.452+0000][14976][info ][safepoint   ] Safepoint "Cleanup", Time since last: 24095405000 ns, Reaching safepoint: 49500 ns, Cleanup: 56300 ns, At safepoint: 5300 ns, Total: 111100 ns
[2024-06-10T06:41:29.606+0000][14976][info ][safepoint   ] Safepoint "Cleanup", Time since last: 23153244500 ns, Reaching safepoint: 55300 ns, Cleanup: 29500 ns, At safepoint: 6600 ns, Total: 91400 ns
[2024-06-10T06:41:32.618+0000][14976][info ][safepoint   ] Safepoint "Cleanup", Time since last: 3012816200 ns, Reaching safepoint: 64500 ns, Cleanup: 39800 ns, At safepoint: 5400 ns, Total: 109700 ns
[2024-06-10T06:41:43.714+0000][14976][info ][safepoint   ] Safepoint "Cleanup", Time since last: 11095654800 ns, Reaching safepoint: 56100 ns, Cleanup: 19700 ns, At safepoint: 5500 ns, Total: 81300 ns
[2024-06-10T06:41:55.794+0000][14976][info ][safepoint   ] Safepoint "Cleanup", Time since last: 12079976400 ns, Reaching safepoint: 20500 ns, Cleanup: 65100 ns, At safepoint: 5600 ns, Total: 91200 ns
[2024-06-10T06:42:29.691+0000][14976][info ][safepoint   ] Safepoint "Cleanup", Time since last: 33897083100 ns, Reaching safepoint: 29300 ns, Cleanup: 32200 ns, At safepoint: 3100 ns, Total: 64600 ns
[2024-06-10T06:46:59.280+0000][14976][info ][safepoint   ] Safepoint "Cleanup", Time since last: 269589121000 ns, Reaching safepoint: 16200 ns, Cleanup: 21600 ns, At safepoint: 2700 ns, Total: 40500 ns
[2024-06-10T07:36:40.800+0000][14976][info ][safepoint   ] Safepoint "Cleanup", Time since last: 2981519546100 ns, Reaching safepoint: 83000 ns, Cleanup: 53900 ns, At safepoint: 3700 ns, Total: 140600 ns
[2024-06-10T07:36:41.815+0000][14976][info ][safepoint   ] Safepoint "Cleanup", Time since last: 1014632900 ns, Reaching safepoint: 73300 ns, Cleanup: 40300 ns, At safepoint: 4400 ns, Total: 118000 ns
[2024-06-10T07:36:50.887+0000][14976][info ][safepoint   ] Safepoint "Cleanup", Time since last: 9072100400 ns, Reaching safepoint: 31200 ns, Cleanup: 250200 ns, At safepoint: 12600 ns, Total: 294000 ns
[2024-06-10T07:41:41.176+0000][14976][info ][safepoint   ] Safepoint "Cleanup", Time since last: 290288096800 ns, Reaching safepoint: 25700 ns, Cleanup: 19400 ns, At safepoint: 3000 ns, Total: 48100 ns
[2024-06-10T07:42:57.507+0000][14976][info ][safepoint   ] Safepoint "Cleanup", Time since last: 76331786500 ns, Reaching safepoint: 52700 ns, Cleanup: 31700 ns, At safepoint: 6300 ns, Total: 90700 ns
[2024-06-10T07:43:02.570+0000][14976][info ][safepoint   ] Safepoint "Cleanup", Time since last: 5062344600 ns, Reaching safepoint: 33100 ns, Cleanup: 107500 ns, At safepoint: 7200 ns, Total: 147800 ns
[2024-06-10T07:43:11.681+0000][14976][info ][safepoint   ] Safepoint "Cleanup", Time since last: 9111200600 ns, Reaching safepoint: 65500 ns, Cleanup: 22500 ns, At safepoint: 6200 ns, Total: 94200 ns
[2024-06-10T07:43:41.359+0000][14976][info ][safepoint   ] Safepoint "Cleanup", Time since last: 29678071900 ns, Reaching safepoint: 8300 ns, Cleanup: 34600 ns, At safepoint: 1600 ns, Total: 44500 ns
[2024-06-10T07:45:07.552+0000][14976][info ][safepoint   ] Safepoint "Cleanup", Time since last: 86192628300 ns, Reaching safepoint: 27600 ns, Cleanup: 51000 ns, At safepoint: 3600 ns, Total: 82200 ns
[2024-06-10T07:47:11.985+0000][14976][info ][safepoint   ] Safepoint "Cleanup", Time since last: 124432857400 ns, Reaching safepoint: 35800 ns, Cleanup: 56900 ns, At safepoint: 5300 ns, Total: 98000 ns
[2024-06-10T07:48:37.401+0000][14976][info ][safepoint   ] Safepoint "Cleanup", Time since last: 85415921200 ns, Reaching safepoint: 64400 ns, Cleanup: 25300 ns, At safepoint: 6300 ns, Total: 96000 ns
[2024-06-10T07:51:41.576+0000][14976][info ][safepoint   ] Safepoint "Cleanup", Time since last: 184175478800 ns, Reaching safepoint: 52300 ns, Cleanup: 30300 ns, At safepoint: 7700 ns, Total: 90300 ns
[2024-06-10T07:52:08.875+0000][14976][info ][safepoint   ] Safepoint "Cleanup", Time since last: 27282980400 ns, Reaching safepoint: 15102700 ns, Cleanup: 35700 ns, At safepoint: 52800 ns, Total: 15191200 ns
[2024-06-10T07:52:11.911+0000][14976][info ][safepoint   ] Safepoint "Cleanup", Time since last: 3036132100 ns, Reaching safepoint: 33600 ns, Cleanup: 32000 ns, At safepoint: 6600 ns, Total: 72200 ns
[2024-06-10T07:57:53.154+0000][14976][info ][safepoint   ] Safepoint "Cleanup", Time since last: 341242528700 ns, Reaching safepoint: 636200 ns, Cleanup: 13300 ns, At safepoint: 11400 ns, Total: 660900 ns
[2024-06-10T07:57:55.159+0000][14976][info ][safepoint   ] Safepoint "Cleanup", Time since last: 2004521400 ns, Reaching safepoint: 23200 ns, Cleanup: 18700 ns, At safepoint: 3300 ns, Total: 45200 ns
[2024-06-10T07:58:42.441+0000][14976][info ][safepoint   ] Safepoint "Cleanup", Time since last: 47282715600 ns, Reaching safepoint: 60000 ns, Cleanup: 24900 ns, At safepoint: 5000 ns, Total: 89900 ns
[2024-06-10T08:01:19.886+0000][14976][info ][safepoint   ] Safepoint "Cleanup", Time since last: 157444825100 ns, Reaching safepoint: 34100 ns, Cleanup: 37300 ns, At safepoint: 3600 ns, Total: 75000 ns
[2024-06-10T08:01:30.940+0000][14976][info ][safepoint   ] Safepoint "Cleanup", Time since last: 11053565600 ns, Reaching safepoint: 719800 ns, Cleanup: 37200 ns, At safepoint: 73900 ns, Total: 830900 ns
[2024-06-10T08:04:23.988+0000][14976][info ][safepoint   ] Safepoint "Cleanup", Time since last: 173046630700 ns, Reaching safepoint: 127400 ns, Cleanup: 84900 ns, At safepoint: 7900 ns, Total: 220200 ns
[2024-06-10T08:04:25.430+0000][14976][info ][safepoint   ] Safepoint "Cleanup", Time since last: 1442507500 ns, Reaching safepoint: 23900 ns, Cleanup: 137700 ns, At safepoint: 8100 ns, Total: 169700 ns
[2024-06-10T08:04:26.060+0000][14976][info ][gc,heap,exit] Heap
[2024-06-10T08:04:26.062+0000][14976][info ][gc,heap,exit]  garbage-first heap   total 4014080K, used 696036K [0x000000070b000000, 0x0000000800000000)
[2024-06-10T08:04:26.062+0000][14976][info ][gc,heap,exit]   region size 4096K, 147 young (602112K), 3 survivors (12288K)
[2024-06-10T08:04:26.062+0000][14976][info ][gc,heap,exit]  Metaspace       used 136578K, committed 140288K, reserved 1179648K
[2024-06-10T08:04:26.062+0000][14976][info ][gc,heap,exit]   class space    used 18441K, committed 20096K, reserved 1048576K
