[2024-06-25T05:29:37.419+0000][34380][info][gc,init] CardTable entry size: 512
[2024-06-25T05:29:37.419+0000][34380][info][gc     ] Using G1
[2024-06-25T05:29:37.426+0000][34380][info][gc,init] Version: 21.0.2+13-58 (release)
[2024-06-25T05:29:37.426+0000][34380][info][gc,init] CPUs: 8 total, 8 available
[2024-06-25T05:29:37.426+0000][34380][info][gc,init] Memory: 7834M
[2024-06-25T05:29:37.426+0000][34380][info][gc,init] Large Page Support: Disabled
[2024-06-25T05:29:37.426+0000][34380][info][gc,init] NUMA Support: Disabled
[2024-06-25T05:29:37.426+0000][34380][info][gc,init] Compressed Oops: Enabled (32-bit)
[2024-06-25T05:29:37.426+0000][34380][info][gc,init] Heap Region Size: 1M
[2024-06-25T05:29:37.426+0000][34380][info][gc,init] Heap Min Capacity: 8M
[2024-06-25T05:29:37.426+0000][34380][info][gc,init] Heap Initial Capacity: 124M
[2024-06-25T05:29:37.426+0000][34380][info][gc,init] Heap Max Capacity: 1960M
[2024-06-25T05:29:37.426+0000][34380][info][gc,init] Pre-touch: Disabled
[2024-06-25T05:29:37.426+0000][34380][info][gc,init] Parallel Workers: 8
[2024-06-25T05:29:37.426+0000][34380][info][gc,init] Concurrent Workers: 2
[2024-06-25T05:29:37.426+0000][34380][info][gc,init] Concurrent Refinement Workers: 8
[2024-06-25T05:29:37.426+0000][34380][info][gc,init] Periodic GC: Disabled
[2024-06-25T05:29:37.431+0000][34380][info][gc,metaspace] CDS archive(s) mapped at: [0x0000021e80000000-0x0000021e80c90000-0x0000021e80c90000), size 13172736, SharedBaseAddress: 0x0000021e80000000, ArchiveRelocationMode: 1.
[2024-06-25T05:29:37.431+0000][34380][info][gc,metaspace] Compressed class space mapped at: 0x0000021e81000000-0x0000021ec1000000, reserved size: 1073741824
[2024-06-25T05:29:37.431+0000][34380][info][gc,metaspace] Narrow klass base: 0x0000021e80000000, Narrow klass shift: 0, Narrow klass range: 0x100000000
[2024-06-25T05:29:37.510+0000][34380][info][gc,heap,exit] Heap
[2024-06-25T05:29:37.510+0000][34380][info][gc,heap,exit]  garbage-first heap   total 126976K, used 2992K [0x0000000085800000, 0x0000000100000000)
[2024-06-25T05:29:37.510+0000][34380][info][gc,heap,exit]   region size 1024K, 3 young (3072K), 0 survivors (0K)
[2024-06-25T05:29:37.510+0000][34380][info][gc,heap,exit]  Metaspace       used 214K, committed 448K, reserved 1114112K
[2024-06-25T05:29:37.510+0000][34380][info][gc,heap,exit]   class space    used 6K, committed 128K, reserved 1048576K
