[2024-06-24T03:55:19.666+0000][16440][info][gc,init] CardTable entry size: 512
[2024-06-24T03:55:19.666+0000][16440][info][gc     ] Using G1
[2024-06-24T03:55:21.396+0000][16440][info][gc,init] Version: 21.0.2+13-58 (release)
[2024-06-24T03:55:21.396+0000][16440][info][gc,init] CPUs: 8 total, 8 available
[2024-06-24T03:55:21.396+0000][16440][info][gc,init] Memory: 7834M
[2024-06-24T03:55:21.396+0000][16440][info][gc,init] Large Page Support: Disabled
[2024-06-24T03:55:21.396+0000][16440][info][gc,init] NUMA Support: Disabled
[2024-06-24T03:55:21.396+0000][16440][info][gc,init] Compressed Oops: Enabled (Zero based)
[2024-06-24T03:55:21.396+0000][16440][info][gc,init] Heap Region Size: 4M
[2024-06-24T03:55:21.396+0000][16440][info][gc,init] Heap Min Capacity: 3920M
[2024-06-24T03:55:21.396+0000][16440][info][gc,init] Heap Initial Capacity: 3920M
[2024-06-24T03:55:21.396+0000][16440][info][gc,init] Heap Max Capacity: 3920M
[2024-06-24T03:55:21.396+0000][16440][info][gc,init] Pre-touch: Enabled
[2024-06-24T03:55:21.396+0000][16440][info][gc,init] Parallel Workers: 8
[2024-06-24T03:55:21.396+0000][16440][info][gc,init] Concurrent Workers: 2
[2024-06-24T03:55:21.396+0000][16440][info][gc,init] Concurrent Refinement Workers: 8
[2024-06-24T03:55:21.396+0000][16440][info][gc,init] Periodic GC: Disabled
[2024-06-24T03:55:21.407+0000][16440][info][gc,metaspace] CDS archive(s) mapped at: [0x0000024104000000-0x0000024104c90000-0x0000024104c90000), size 13172736, SharedBaseAddress: 0x0000024104000000, ArchiveRelocationMode: 1.
[2024-06-24T03:55:21.407+0000][16440][info][gc,metaspace] Compressed class space mapped at: 0x0000024105000000-0x0000024145000000, reserved size: 1073741824
[2024-06-24T03:55:21.407+0000][16440][info][gc,metaspace] Narrow klass base: 0x0000024104000000, Narrow klass shift: 0, Narrow klass range: 0x100000000
[2024-06-24T03:55:21.837+0000][16440][info][safepoint   ] Safepoint "ICBufferFull", Time since last: 406477000 ns, Reaching safepoint: 4300 ns, Cleanup: 72200 ns, At safepoint: 800 ns, Total: 77300 ns
[2024-06-24T03:55:22.159+0000][16440][info][safepoint   ] Safepoint "ICBufferFull", Time since last: 317348700 ns, Reaching safepoint: 14500 ns, Cleanup: 74800 ns, At safepoint: 11400 ns, Total: 100700 ns
[2024-06-24T03:55:22.539+0000][16440][info][safepoint   ] Safepoint "ICBufferFull", Time since last: 383534300 ns, Reaching safepoint: 3400 ns, Cleanup: 72700 ns, At safepoint: 900 ns, Total: 77000 ns
[2024-06-24T03:55:23.658+0000][16440][info][safepoint   ] Safepoint "Cleanup", Time since last: 1115360000 ns, Reaching safepoint: 2000 ns, Cleanup: 51100 ns, At safepoint: 700 ns, Total: 53800 ns
[2024-06-24T03:55:24.676+0000][16440][info][safepoint   ] Safepoint "Cleanup", Time since last: 1018655000 ns, Reaching safepoint: 39500 ns, Cleanup: 37400 ns, At safepoint: 2500 ns, Total: 79400 ns
[2024-06-24T03:55:25.022+0000][16440][info][safepoint   ] Safepoint "ICBufferFull", Time since last: 345144900 ns, Reaching safepoint: 7000 ns, Cleanup: 187500 ns, At safepoint: 12900 ns, Total: 207400 ns
[2024-06-24T03:55:26.273+0000][16440][info][safepoint   ] Safepoint "Cleanup", Time since last: 1250651800 ns, Reaching safepoint: 4800 ns, Cleanup: 118000 ns, At safepoint: 2300 ns, Total: 125100 ns
[2024-06-24T03:55:27.285+0000][16440][info][safepoint   ] Safepoint "Cleanup", Time since last: 1012033800 ns, Reaching safepoint: 206600 ns, Cleanup: 71900 ns, At safepoint: 12300 ns, Total: 290800 ns
[2024-06-24T03:55:27.726+0000][16440][info][gc,start    ] GC(0) Pause Young (Normal) (G1 Evacuation Pause)
[2024-06-24T03:55:27.727+0000][16440][info][gc,task     ] GC(0) Using 8 workers of 8 for evacuation
[2024-06-24T03:55:27.727+0000][16440][debug][gc,age      ] GC(0) Desired survivor size 14680064 bytes, new threshold 15 (max threshold 15)
[2024-06-24T03:55:27.743+0000][16440][info ][gc,phases   ] GC(0)   Pre Evacuate Collection Set: 1.1ms
[2024-06-24T03:55:27.743+0000][16440][info ][gc,phases   ] GC(0)   Merge Heap Roots: 0.4ms
[2024-06-24T03:55:27.743+0000][16440][info ][gc,phases   ] GC(0)   Evacuate Collection Set: 10.9ms
[2024-06-24T03:55:27.743+0000][16440][info ][gc,phases   ] GC(0)   Post Evacuate Collection Set: 2.4ms
[2024-06-24T03:55:27.743+0000][16440][info ][gc,phases   ] GC(0)   Other: 1.4ms
[2024-06-24T03:55:27.743+0000][16440][trace][gc,age      ] GC(0) Age table with threshold 15 (max threshold 15)
[2024-06-24T03:55:27.743+0000][16440][trace][gc,age      ] GC(0) - age   1:   10751648 bytes,   10751648 total
[2024-06-24T03:55:27.743+0000][16440][info ][gc,heap     ] GC(0) Eden regions: 49->0(46)
[2024-06-24T03:55:27.743+0000][16440][info ][gc,heap     ] GC(0) Survivor regions: 0->3(7)
[2024-06-24T03:55:27.743+0000][16440][info ][gc,heap     ] GC(0) Old regions: 0->0
[2024-06-24T03:55:27.743+0000][16440][info ][gc,heap     ] GC(0) Humongous regions: 0->0
[2024-06-24T03:55:27.743+0000][16440][info ][gc,metaspace] GC(0) Metaspace: 18865K(19392K)->18865K(19392K) NonClass: 16837K(17152K)->16837K(17152K) Class: 2028K(2240K)->2028K(2240K)
[2024-06-24T03:55:27.743+0000][16440][info ][gc          ] GC(0) Pause Young (Normal) (G1 Evacuation Pause) 196M->10M(3920M) 17.630ms
[2024-06-24T03:55:27.743+0000][16440][info ][gc,cpu      ] GC(0) User=0.06s Sys=0.00s Real=0.02s
[2024-06-24T03:55:27.743+0000][16440][info ][safepoint   ] Safepoint "G1CollectForAllocation", Time since last: 440643600 ns, Reaching safepoint: 4300 ns, Cleanup: 97600 ns, At safepoint: 18087200 ns, Total: 18189100 ns
[2024-06-24T03:55:29.369+0000][16440][info ][safepoint   ] Safepoint "Cleanup", Time since last: 1625512400 ns, Reaching safepoint: 5700 ns, Cleanup: 100200 ns, At safepoint: 135200 ns, Total: 241100 ns
[2024-06-24T03:55:30.046+0000][16440][info ][gc,start    ] GC(1) Pause Young (Concurrent Start) (Metadata GC Threshold)
[2024-06-24T03:55:30.046+0000][16440][info ][gc,task     ] GC(1) Using 8 workers of 8 for evacuation
[2024-06-24T03:55:30.046+0000][16440][debug][gc,age      ] GC(1) Desired survivor size 14680064 bytes, new threshold 15 (max threshold 15)
[2024-06-24T03:55:30.063+0000][16440][info ][gc,phases   ] GC(1)   Pre Evacuate Collection Set: 1.7ms
[2024-06-24T03:55:30.063+0000][16440][info ][gc,phases   ] GC(1)   Merge Heap Roots: 0.1ms
[2024-06-24T03:55:30.063+0000][16440][info ][gc,phases   ] GC(1)   Evacuate Collection Set: 13.8ms
[2024-06-24T03:55:30.063+0000][16440][info ][gc,phases   ] GC(1)   Post Evacuate Collection Set: 1.4ms
[2024-06-24T03:55:30.063+0000][16440][info ][gc,phases   ] GC(1)   Other: -0.1ms
[2024-06-24T03:55:30.063+0000][16440][trace][gc,age      ] GC(1) Age table with threshold 15 (max threshold 15)
[2024-06-24T03:55:30.063+0000][16440][trace][gc,age      ] GC(1) - age   1:    2542080 bytes,    2542080 total
[2024-06-24T03:55:30.063+0000][16440][trace][gc,age      ] GC(1) - age   2:    9874696 bytes,   12416776 total
[2024-06-24T03:55:30.063+0000][16440][info ][gc,heap     ] GC(1) Eden regions: 40->0(50)
[2024-06-24T03:55:30.063+0000][16440][info ][gc,heap     ] GC(1) Survivor regions: 3->4(7)
[2024-06-24T03:55:30.063+0000][16440][info ][gc,heap     ] GC(1) Old regions: 0->0
[2024-06-24T03:55:30.063+0000][16440][info ][gc,heap     ] GC(1) Humongous regions: 0->0
[2024-06-24T03:55:30.063+0000][16440][info ][gc,metaspace] GC(1) Metaspace: 20972K(21504K)->20972K(21504K) NonClass: 18722K(19008K)->18722K(19008K) Class: 2250K(2496K)->2250K(2496K)
[2024-06-24T03:55:30.063+0000][16440][info ][gc          ] GC(1) Pause Young (Concurrent Start) (Metadata GC Threshold) 168M->12M(3920M) 17.740ms
[2024-06-24T03:55:30.063+0000][16440][info ][gc,cpu      ] GC(1) User=0.05s Sys=0.00s Real=0.02s
[2024-06-24T03:55:30.063+0000][16440][info ][gc          ] GC(2) Concurrent Mark Cycle
[2024-06-24T03:55:30.063+0000][16440][info ][safepoint   ] Safepoint "CollectForMetadataAllocation", Time since last: 676546600 ns, Reaching safepoint: 4900 ns, Cleanup: 11400 ns, At safepoint: 17959600 ns, Total: 17975900 ns
[2024-06-24T03:55:30.063+0000][16440][info ][gc,marking  ] GC(2) Concurrent Scan Root Regions
[2024-06-24T03:55:30.070+0000][16440][info ][gc,marking  ] GC(2) Concurrent Scan Root Regions 6.621ms
[2024-06-24T03:55:30.070+0000][16440][info ][gc,marking  ] GC(2) Concurrent Mark
[2024-06-24T03:55:30.070+0000][16440][info ][gc,marking  ] GC(2) Concurrent Mark From Roots
[2024-06-24T03:55:30.070+0000][16440][info ][gc,task     ] GC(2) Using 2 workers of 2 for marking
[2024-06-24T03:55:30.070+0000][16440][info ][gc,marking  ] GC(2) Concurrent Mark From Roots 0.415ms
[2024-06-24T03:55:30.070+0000][16440][info ][gc,marking  ] GC(2) Concurrent Preclean
[2024-06-24T03:55:30.070+0000][16440][info ][gc,marking  ] GC(2) Concurrent Preclean 0.024ms
[2024-06-24T03:55:30.085+0000][16440][info ][gc,start    ] GC(2) Pause Remark
[2024-06-24T03:55:30.089+0000][16440][info ][gc          ] GC(2) Pause Remark 15M->15M(3920M) 7.812ms
[2024-06-24T03:55:30.089+0000][16440][info ][gc,cpu      ] GC(2) User=0.00s Sys=0.00s Real=0.00s
[2024-06-24T03:55:30.089+0000][16440][info ][safepoint   ] Safepoint "G1PauseRemark", Time since last: 7453000 ns, Reaching safepoint: 12869300 ns, Cleanup: 32300 ns, At safepoint: 8122300 ns, Total: 21023900 ns
[2024-06-24T03:55:30.089+0000][16440][info ][gc,marking  ] GC(2) Concurrent Mark 21.694ms
[2024-06-24T03:55:30.089+0000][16440][info ][gc,marking  ] GC(2) Concurrent Rebuild Remembered Sets and Scrub Regions
[2024-06-24T03:55:30.089+0000][16440][info ][gc,marking  ] GC(2) Concurrent Rebuild Remembered Sets and Scrub Regions 0.205ms
[2024-06-24T03:55:30.089+0000][16440][info ][gc,start    ] GC(2) Pause Cleanup
[2024-06-24T03:55:30.089+0000][16440][info ][gc          ] GC(2) Pause Cleanup 15M->15M(3920M) 0.065ms
[2024-06-24T03:55:30.089+0000][16440][info ][gc,cpu      ] GC(2) User=0.00s Sys=0.00s Real=0.00s
[2024-06-24T03:55:30.089+0000][16440][info ][safepoint   ] Safepoint "G1PauseCleanup", Time since last: 528400 ns, Reaching safepoint: 17400 ns, Cleanup: 7100 ns, At safepoint: 208600 ns, Total: 233100 ns
[2024-06-24T03:55:30.089+0000][16440][info ][gc,marking  ] GC(2) Concurrent Clear Claimed Marks
[2024-06-24T03:55:30.089+0000][16440][info ][gc,marking  ] GC(2) Concurrent Clear Claimed Marks 0.121ms
[2024-06-24T03:55:30.089+0000][16440][info ][gc,marking  ] GC(2) Concurrent Cleanup for Next Mark
[2024-06-24T03:55:30.127+0000][16440][info ][gc,marking  ] GC(2) Concurrent Cleanup for Next Mark 33.596ms
[2024-06-24T03:55:30.127+0000][16440][info ][gc          ] GC(2) Concurrent Mark Cycle 63.312ms
[2024-06-24T03:55:31.540+0000][16440][info ][safepoint   ] Safepoint "Cleanup", Time since last: 1446645700 ns, Reaching safepoint: 218100 ns, Cleanup: 97000 ns, At safepoint: 91900 ns, Total: 407000 ns
[2024-06-24T03:55:33.097+0000][16440][info ][gc,start    ] GC(3) Pause Young (Normal) (G1 Evacuation Pause)
[2024-06-24T03:55:33.097+0000][16440][info ][gc,task     ] GC(3) Using 8 workers of 8 for evacuation
[2024-06-24T03:55:33.097+0000][16440][debug][gc,age      ] GC(3) Desired survivor size 14680064 bytes, new threshold 15 (max threshold 15)
[2024-06-24T03:55:33.129+0000][16440][info ][gc,phases   ] GC(3)   Pre Evacuate Collection Set: 0.4ms
[2024-06-24T03:55:33.129+0000][16440][info ][gc,phases   ] GC(3)   Merge Heap Roots: 0.2ms
[2024-06-24T03:55:33.129+0000][16440][info ][gc,phases   ] GC(3)   Evacuate Collection Set: 25.1ms
[2024-06-24T03:55:33.129+0000][16440][info ][gc,phases   ] GC(3)   Post Evacuate Collection Set: 3.0ms
[2024-06-24T03:55:33.129+0000][16440][info ][gc,phases   ] GC(3)   Other: 0.2ms
[2024-06-24T03:55:33.129+0000][16440][trace][gc,age      ] GC(3) Age table with threshold 15 (max threshold 15)
[2024-06-24T03:55:33.129+0000][16440][trace][gc,age      ] GC(3) - age   1:    7821904 bytes,    7821904 total
[2024-06-24T03:55:33.129+0000][16440][trace][gc,age      ] GC(3) - age   2:    2486864 bytes,   10308768 total
[2024-06-24T03:55:33.129+0000][16440][trace][gc,age      ] GC(3) - age   3:    9869368 bytes,   20178136 total
[2024-06-24T03:55:33.129+0000][16440][info ][gc,heap     ] GC(3) Eden regions: 50->0(111)
[2024-06-24T03:55:33.129+0000][16440][info ][gc,heap     ] GC(3) Survivor regions: 4->6(7)
[2024-06-24T03:55:33.129+0000][16440][info ][gc,heap     ] GC(3) Old regions: 0->0
[2024-06-24T03:55:33.129+0000][16440][info ][gc,heap     ] GC(3) Humongous regions: 0->0
[2024-06-24T03:55:33.129+0000][16440][info ][gc,metaspace] GC(3) Metaspace: 27458K(28160K)->27458K(28160K) NonClass: 24384K(24768K)->24384K(24768K) Class: 3074K(3392K)->3074K(3392K)
[2024-06-24T03:55:33.129+0000][16440][info ][gc          ] GC(3) Pause Young (Normal) (G1 Evacuation Pause) 212M->21M(3920M) 29.783ms
[2024-06-24T03:55:33.129+0000][16440][info ][gc,cpu      ] GC(3) User=0.05s Sys=0.02s Real=0.03s
[2024-06-24T03:55:33.134+0000][16440][info ][safepoint   ] Safepoint "G1CollectForAllocation", Time since last: 1562698100 ns, Reaching safepoint: 13700 ns, Cleanup: 272500 ns, At safepoint: 29940900 ns, Total: 30227100 ns
[2024-06-24T03:55:34.135+0000][16440][info ][safepoint   ] Safepoint "Cleanup", Time since last: 1001639500 ns, Reaching safepoint: 40000 ns, Cleanup: 106900 ns, At safepoint: 21000 ns, Total: 167900 ns
[2024-06-24T03:55:35.145+0000][16440][info ][safepoint   ] Safepoint "Cleanup", Time since last: 1009167300 ns, Reaching safepoint: 9400 ns, Cleanup: 73600 ns, At safepoint: 4300 ns, Total: 87300 ns
[2024-06-24T03:55:36.158+0000][16440][info ][safepoint   ] Safepoint "Cleanup", Time since last: 1013040500 ns, Reaching safepoint: 7100 ns, Cleanup: 76600 ns, At safepoint: 2200 ns, Total: 85900 ns
[2024-06-24T03:55:38.180+0000][16440][info ][safepoint   ] Safepoint "Cleanup", Time since last: 2021899900 ns, Reaching safepoint: 12000 ns, Cleanup: 36200 ns, At safepoint: 3300 ns, Total: 51500 ns
[2024-06-24T03:55:39.723+0000][16440][info ][safepoint   ] Safepoint "Cleanup", Time since last: 1544075500 ns, Reaching safepoint: 32900 ns, Cleanup: 86300 ns, At safepoint: 120300 ns, Total: 239500 ns
[2024-06-24T03:55:40.336+0000][16440][info ][gc,start    ] GC(4) Pause Young (Normal) (G1 Evacuation Pause)
[2024-06-24T03:55:40.336+0000][16440][info ][gc,task     ] GC(4) Using 8 workers of 8 for evacuation
[2024-06-24T03:55:40.336+0000][16440][debug][gc,age      ] GC(4) Desired survivor size 31457280 bytes, new threshold 15 (max threshold 15)
[2024-06-24T03:55:40.357+0000][16440][info ][gc,phases   ] GC(4)   Pre Evacuate Collection Set: 0.6ms
[2024-06-24T03:55:40.357+0000][16440][info ][gc,phases   ] GC(4)   Merge Heap Roots: 0.1ms
[2024-06-24T03:55:40.357+0000][16440][info ][gc,phases   ] GC(4)   Evacuate Collection Set: 21.0ms
[2024-06-24T03:55:40.357+0000][16440][info ][gc,phases   ] GC(4)   Post Evacuate Collection Set: 2.8ms
[2024-06-24T03:55:40.357+0000][16440][info ][gc,phases   ] GC(4)   Other: 0.2ms
[2024-06-24T03:55:40.357+0000][16440][trace][gc,age      ] GC(4) Age table with threshold 15 (max threshold 15)
[2024-06-24T03:55:40.357+0000][16440][trace][gc,age      ] GC(4) - age   1:    3383144 bytes,    3383144 total
[2024-06-24T03:55:40.357+0000][16440][trace][gc,age      ] GC(4) - age   2:    5665808 bytes,    9048952 total
[2024-06-24T03:55:40.357+0000][16440][trace][gc,age      ] GC(4) - age   3:    2485984 bytes,   11534936 total
[2024-06-24T03:55:40.357+0000][16440][trace][gc,age      ] GC(4) - age   4:    9869176 bytes,   21404112 total
[2024-06-24T03:55:40.357+0000][16440][info ][gc,heap     ] GC(4) Eden regions: 111->0(144)
[2024-06-24T03:55:40.357+0000][16440][info ][gc,heap     ] GC(4) Survivor regions: 6->6(15)
[2024-06-24T03:55:40.357+0000][16440][info ][gc,heap     ] GC(4) Old regions: 0->0
[2024-06-24T03:55:40.357+0000][16440][info ][gc,heap     ] GC(4) Humongous regions: 0->0
[2024-06-24T03:55:40.357+0000][16440][info ][gc,metaspace] GC(4) Metaspace: 28246K(28992K)->28246K(28992K) NonClass: 25078K(25472K)->25078K(25472K) Class: 3168K(3520K)->3168K(3520K)
[2024-06-24T03:55:40.357+0000][16440][info ][gc          ] GC(4) Pause Young (Normal) (G1 Evacuation Pause) 465M->22M(3920M) 25.400ms
[2024-06-24T03:55:40.357+0000][16440][info ][gc,cpu      ] GC(4) User=0.02s Sys=0.05s Real=0.02s
[2024-06-24T03:55:40.357+0000][16440][info ][safepoint   ] Safepoint "G1CollectForAllocation", Time since last: 611741900 ns, Reaching safepoint: 16000 ns, Cleanup: 18200 ns, At safepoint: 25537200 ns, Total: 25571400 ns
[2024-06-24T03:55:41.368+0000][16440][info ][safepoint   ] Safepoint "Cleanup", Time since last: 1007192900 ns, Reaching safepoint: 12500 ns, Cleanup: 68000 ns, At safepoint: 2200 ns, Total: 82700 ns
[2024-06-24T03:55:42.377+0000][16440][info ][safepoint   ] Safepoint "Cleanup", Time since last: 1008720000 ns, Reaching safepoint: 11600 ns, Cleanup: 25700 ns, At safepoint: 3000 ns, Total: 40300 ns
[2024-06-24T03:55:43.910+0000][16440][info ][safepoint   ] Safepoint "Cleanup", Time since last: 1536484600 ns, Reaching safepoint: 4800 ns, Cleanup: 13300 ns, At safepoint: 22400 ns, Total: 40500 ns
[2024-06-24T03:55:45.030+0000][16440][info ][safepoint   ] Safepoint "Cleanup", Time since last: 1116594900 ns, Reaching safepoint: 6400 ns, Cleanup: 81200 ns, At safepoint: 1300 ns, Total: 88900 ns
[2024-06-24T03:55:47.045+0000][16440][info ][safepoint   ] Safepoint "Cleanup", Time since last: 2014467200 ns, Reaching safepoint: 58500 ns, Cleanup: 20100 ns, At safepoint: 16600 ns, Total: 95200 ns
[2024-06-24T03:55:48.055+0000][16440][info ][safepoint   ] Safepoint "Cleanup", Time since last: 1010371900 ns, Reaching safepoint: 9400 ns, Cleanup: 49900 ns, At safepoint: 36800 ns, Total: 96100 ns
[2024-06-24T03:55:49.057+0000][16440][info ][safepoint   ] Safepoint "Cleanup", Time since last: 1001549700 ns, Reaching safepoint: 10900 ns, Cleanup: 70300 ns, At safepoint: 3600 ns, Total: 84800 ns
[2024-06-24T03:55:49.596+0000][16440][info ][gc,start    ] GC(5) Pause Young (Concurrent Start) (Metadata GC Threshold)
[2024-06-24T03:55:49.596+0000][16440][info ][gc,task     ] GC(5) Using 8 workers of 8 for evacuation
[2024-06-24T03:55:49.596+0000][16440][debug][gc,age      ] GC(5) Desired survivor size 39845888 bytes, new threshold 15 (max threshold 15)
[2024-06-24T03:55:49.800+0000][16440][info ][gc,phases   ] GC(5)   Pre Evacuate Collection Set: 0.6ms
[2024-06-24T03:55:49.800+0000][16440][info ][gc,phases   ] GC(5)   Merge Heap Roots: 0.2ms
[2024-06-24T03:55:49.800+0000][16440][info ][gc,phases   ] GC(5)   Evacuate Collection Set: 188.9ms
[2024-06-24T03:55:49.800+0000][16440][info ][gc,phases   ] GC(5)   Post Evacuate Collection Set: 10.0ms
[2024-06-24T03:55:49.800+0000][16440][info ][gc,phases   ] GC(5)   Other: 0.6ms
[2024-06-24T03:55:49.800+0000][16440][trace][gc,age      ] GC(5) Age table with threshold 15 (max threshold 15)
[2024-06-24T03:55:49.800+0000][16440][trace][gc,age      ] GC(5) - age   1:    8444904 bytes,    8444904 total
[2024-06-24T03:55:49.800+0000][16440][trace][gc,age      ] GC(5) - age   2:    3377872 bytes,   11822776 total
[2024-06-24T03:55:49.800+0000][16440][trace][gc,age      ] GC(5) - age   3:    5660360 bytes,   17483136 total
[2024-06-24T03:55:49.800+0000][16440][trace][gc,age      ] GC(5) - age   4:    2484256 bytes,   19967392 total
[2024-06-24T03:55:49.800+0000][16440][trace][gc,age      ] GC(5) - age   5:    9862208 bytes,   29829600 total
[2024-06-24T03:55:49.800+0000][16440][info ][gc,heap     ] GC(5) Eden regions: 120->0(292)
[2024-06-24T03:55:49.800+0000][16440][info ][gc,heap     ] GC(5) Survivor regions: 6->8(19)
[2024-06-24T03:55:49.800+0000][16440][info ][gc,heap     ] GC(5) Old regions: 0->0
[2024-06-24T03:55:49.800+0000][16440][info ][gc,heap     ] GC(5) Humongous regions: 0->0
[2024-06-24T03:55:49.800+0000][16440][info ][gc,metaspace] GC(5) Metaspace: 35266K(36096K)->35266K(36096K) NonClass: 31290K(31744K)->31290K(31744K) Class: 3975K(4352K)->3975K(4352K)
[2024-06-24T03:55:49.800+0000][16440][info ][gc          ] GC(5) Pause Young (Concurrent Start) (Metadata GC Threshold) 502M->31M(3920M) 201.711ms
[2024-06-24T03:55:49.800+0000][16440][info ][gc,cpu      ] GC(5) User=0.09s Sys=0.78s Real=0.20s
[2024-06-24T03:55:49.800+0000][16440][info ][gc          ] GC(6) Concurrent Mark Cycle
[2024-06-24T03:55:49.800+0000][16440][info ][gc,marking  ] GC(6) Concurrent Scan Root Regions
[2024-06-24T03:55:49.800+0000][16440][info ][safepoint   ] Safepoint "CollectForMetadataAllocation", Time since last: 542738700 ns, Reaching safepoint: 7600 ns, Cleanup: 67400 ns, At safepoint: 201959900 ns, Total: 202034900 ns
[2024-06-24T03:55:49.816+0000][16440][info ][gc,marking  ] GC(6) Concurrent Scan Root Regions 14.235ms
[2024-06-24T03:55:49.816+0000][16440][info ][gc,marking  ] GC(6) Concurrent Mark
[2024-06-24T03:55:49.816+0000][16440][info ][gc,marking  ] GC(6) Concurrent Mark From Roots
[2024-06-24T03:55:49.816+0000][16440][info ][gc,task     ] GC(6) Using 2 workers of 2 for marking
[2024-06-24T03:55:49.816+0000][16440][info ][gc,marking  ] GC(6) Concurrent Mark From Roots 0.294ms
[2024-06-24T03:55:49.816+0000][16440][info ][gc,marking  ] GC(6) Concurrent Preclean
[2024-06-24T03:55:49.816+0000][16440][info ][gc,marking  ] GC(6) Concurrent Preclean 0.017ms
[2024-06-24T03:55:49.816+0000][16440][info ][gc,start    ] GC(6) Pause Remark
[2024-06-24T03:55:49.823+0000][16440][info ][gc          ] GC(6) Pause Remark 34M->34M(3920M) 7.779ms
[2024-06-24T03:55:49.823+0000][16440][info ][gc,cpu      ] GC(6) User=0.00s Sys=0.00s Real=0.01s
[2024-06-24T03:55:49.823+0000][16440][info ][safepoint   ] Safepoint "G1PauseRemark", Time since last: 14645500 ns, Reaching safepoint: 7600 ns, Cleanup: 4800 ns, At safepoint: 7954600 ns, Total: 7967000 ns
[2024-06-24T03:55:49.823+0000][16440][info ][gc,marking  ] GC(6) Concurrent Mark 8.427ms
[2024-06-24T03:55:49.823+0000][16440][info ][gc,marking  ] GC(6) Concurrent Rebuild Remembered Sets and Scrub Regions
[2024-06-24T03:55:49.823+0000][16440][info ][gc,marking  ] GC(6) Concurrent Rebuild Remembered Sets and Scrub Regions 0.084ms
[2024-06-24T03:55:49.823+0000][16440][info ][gc,start    ] GC(6) Pause Cleanup
[2024-06-24T03:55:49.823+0000][16440][info ][gc          ] GC(6) Pause Cleanup 34M->34M(3920M) 0.041ms
[2024-06-24T03:55:49.823+0000][16440][info ][gc,cpu      ] GC(6) User=0.00s Sys=0.00s Real=0.00s
[2024-06-24T03:55:49.825+0000][16440][info ][safepoint   ] Safepoint "G1PauseCleanup", Time since last: 227300 ns, Reaching safepoint: 3200 ns, Cleanup: 30200 ns, At safepoint: 94100 ns, Total: 127500 ns
[2024-06-24T03:55:49.825+0000][16440][info ][gc,marking  ] GC(6) Concurrent Clear Claimed Marks
[2024-06-24T03:55:49.825+0000][16440][info ][gc,marking  ] GC(6) Concurrent Clear Claimed Marks 0.054ms
[2024-06-24T03:55:49.825+0000][16440][info ][gc,marking  ] GC(6) Concurrent Cleanup for Next Mark
[2024-06-24T03:55:49.835+0000][16440][info ][gc,marking  ] GC(6) Concurrent Cleanup for Next Mark 10.411ms
[2024-06-24T03:55:49.835+0000][16440][info ][gc          ] GC(6) Concurrent Mark Cycle 33.750ms
[2024-06-24T03:55:50.831+0000][16440][info ][safepoint   ] Safepoint "Cleanup", Time since last: 1006135700 ns, Reaching safepoint: 11000 ns, Cleanup: 103300 ns, At safepoint: 4000 ns, Total: 118300 ns
[2024-06-24T03:55:51.846+0000][16440][info ][safepoint   ] Safepoint "Cleanup", Time since last: 1014362100 ns, Reaching safepoint: 89700 ns, Cleanup: 21600 ns, At safepoint: 10400 ns, Total: 121700 ns
[2024-06-24T03:55:52.853+0000][16440][info ][safepoint   ] Safepoint "Cleanup", Time since last: 1007615400 ns, Reaching safepoint: 7100 ns, Cleanup: 25800 ns, At safepoint: 2200 ns, Total: 35100 ns
[2024-06-24T03:55:53.855+0000][16440][info ][safepoint   ] Safepoint "Cleanup", Time since last: 1001804900 ns, Reaching safepoint: 10600 ns, Cleanup: 19800 ns, At safepoint: 3100 ns, Total: 33500 ns
[2024-06-24T03:55:55.873+0000][16440][info ][safepoint   ] Safepoint "Cleanup", Time since last: 2018025000 ns, Reaching safepoint: 10900 ns, Cleanup: 35600 ns, At safepoint: 1500 ns, Total: 48000 ns
[2024-06-24T03:55:56.875+0000][16440][info ][safepoint   ] Safepoint "Cleanup", Time since last: 1001947700 ns, Reaching safepoint: 7600 ns, Cleanup: 31500 ns, At safepoint: 2400 ns, Total: 41500 ns
[2024-06-24T03:55:57.921+0000][16440][info ][safepoint   ] Safepoint "Cleanup", Time since last: 1007130800 ns, Reaching safepoint: 38777000 ns, Cleanup: 33000 ns, At safepoint: 21100 ns, Total: 38831100 ns
[2024-06-24T03:55:58.940+0000][16440][info ][safepoint   ] Safepoint "Cleanup", Time since last: 1004590700 ns, Reaching safepoint: 14565900 ns, Cleanup: 23800 ns, At safepoint: 69000 ns, Total: 14658700 ns
[2024-06-24T03:56:00.954+0000][16440][info ][safepoint   ] Safepoint "Cleanup", Time since last: 2013564400 ns, Reaching safepoint: 5700 ns, Cleanup: 24800 ns, At safepoint: 1500 ns, Total: 32000 ns
[2024-06-24T03:56:01.963+0000][16440][info ][safepoint   ] Safepoint "Cleanup", Time since last: 1008785500 ns, Reaching safepoint: 9400 ns, Cleanup: 48400 ns, At safepoint: 2600 ns, Total: 60400 ns
[2024-06-24T03:56:02.964+0000][16440][info ][safepoint   ] Safepoint "Cleanup", Time since last: 1000485500 ns, Reaching safepoint: 51600 ns, Cleanup: 100700 ns, At safepoint: 23200 ns, Total: 175500 ns
[2024-06-24T03:56:03.974+0000][16440][info ][safepoint   ] Safepoint "Cleanup", Time since last: 1010603200 ns, Reaching safepoint: 6200 ns, Cleanup: 70000 ns, At safepoint: 13600 ns, Total: 89800 ns
[2024-06-24T03:56:05.437+0000][16440][info ][safepoint   ] Safepoint "Cleanup", Time since last: 1467460000 ns, Reaching safepoint: 2200 ns, Cleanup: 113300 ns, At safepoint: 15800 ns, Total: 131300 ns
[2024-06-24T03:56:06.445+0000][16440][info ][safepoint   ] Safepoint "Cleanup", Time since last: 1002919600 ns, Reaching safepoint: 341400 ns, Cleanup: 81900 ns, At safepoint: 137200 ns, Total: 560500 ns
[2024-06-24T03:56:06.617+0000][16440][info ][gc,start    ] GC(7) Pause Young (Concurrent Start) (Metadata GC Threshold)
[2024-06-24T03:56:06.619+0000][16440][info ][gc,task     ] GC(7) Using 8 workers of 8 for evacuation
[2024-06-24T03:56:06.619+0000][16440][debug][gc,age      ] GC(7) Desired survivor size 79691776 bytes, new threshold 15 (max threshold 15)
[2024-06-24T03:56:06.699+0000][16440][info ][gc,phases   ] GC(7)   Pre Evacuate Collection Set: 2.0ms
[2024-06-24T03:56:06.699+0000][16440][info ][gc,phases   ] GC(7)   Merge Heap Roots: 1.4ms
[2024-06-24T03:56:06.699+0000][16440][info ][gc,phases   ] GC(7)   Evacuate Collection Set: 74.2ms
[2024-06-24T03:56:06.699+0000][16440][info ][gc,phases   ] GC(7)   Post Evacuate Collection Set: 3.4ms
[2024-06-24T03:56:06.699+0000][16440][info ][gc,phases   ] GC(7)   Other: 0.8ms
[2024-06-24T03:56:06.699+0000][16440][trace][gc,age      ] GC(7) Age table with threshold 15 (max threshold 15)
[2024-06-24T03:56:06.699+0000][16440][trace][gc,age      ] GC(7) - age   1:   10728520 bytes,   10728520 total
[2024-06-24T03:56:06.699+0000][16440][trace][gc,age      ] GC(7) - age   2:    8341192 bytes,   19069712 total
[2024-06-24T03:56:06.699+0000][16440][trace][gc,age      ] GC(7) - age   3:    3357592 bytes,   22427304 total
[2024-06-24T03:56:06.699+0000][16440][trace][gc,age      ] GC(7) - age   4:    5636320 bytes,   28063624 total
[2024-06-24T03:56:06.699+0000][16440][trace][gc,age      ] GC(7) - age   5:    2466304 bytes,   30529928 total
[2024-06-24T03:56:06.699+0000][16440][trace][gc,age      ] GC(7) - age   6:    9655840 bytes,   40185768 total
[2024-06-24T03:56:06.699+0000][16440][info ][gc,heap     ] GC(7) Eden regions: 215->0(216)
[2024-06-24T03:56:06.699+0000][16440][info ][gc,heap     ] GC(7) Survivor regions: 8->11(38)
[2024-06-24T03:56:06.699+0000][16440][info ][gc,heap     ] GC(7) Old regions: 0->0
[2024-06-24T03:56:06.699+0000][16440][info ][gc,heap     ] GC(7) Humongous regions: 0->0
[2024-06-24T03:56:06.699+0000][16440][info ][gc,metaspace] GC(7) Metaspace: 59024K(60288K)->59024K(60288K) NonClass: 51753K(52480K)->51753K(52480K) Class: 7271K(7808K)->7271K(7808K)
[2024-06-24T03:56:06.699+0000][16440][info ][gc          ] GC(7) Pause Young (Concurrent Start) (Metadata GC Threshold) 891M->42M(3920M) 83.138ms
[2024-06-24T03:56:06.699+0000][16440][info ][gc          ] GC(8) Concurrent Mark Cycle
[2024-06-24T03:56:06.699+0000][16440][info ][gc,cpu      ] GC(7) User=0.12s Sys=0.22s Real=0.08s
[2024-06-24T03:56:06.699+0000][16440][info ][gc,marking  ] GC(8) Concurrent Scan Root Regions
[2024-06-24T03:56:06.699+0000][16440][info ][safepoint   ] Safepoint "CollectForMetadataAllocation", Time since last: 173589100 ns, Reaching safepoint: 8700 ns, Cleanup: 8900 ns, At safepoint: 83518900 ns, Total: 83536500 ns
[2024-06-24T03:56:06.716+0000][16440][info ][gc,marking  ] GC(8) Concurrent Scan Root Regions 13.968ms
[2024-06-24T03:56:06.716+0000][16440][info ][gc,marking  ] GC(8) Concurrent Mark
[2024-06-24T03:56:06.716+0000][16440][info ][gc,marking  ] GC(8) Concurrent Mark From Roots
[2024-06-24T03:56:06.716+0000][16440][info ][gc,task     ] GC(8) Using 2 workers of 2 for marking
[2024-06-24T03:56:06.716+0000][16440][info ][gc,marking  ] GC(8) Concurrent Mark From Roots 0.313ms
[2024-06-24T03:56:06.717+0000][16440][info ][gc,marking  ] GC(8) Concurrent Preclean
[2024-06-24T03:56:06.717+0000][16440][info ][gc,marking  ] GC(8) Concurrent Preclean 0.047ms
[2024-06-24T03:56:06.717+0000][16440][info ][gc,start    ] GC(8) Pause Remark
[2024-06-24T03:56:06.726+0000][16440][info ][gc          ] GC(8) Pause Remark 46M->46M(3920M) 9.197ms
[2024-06-24T03:56:06.726+0000][16440][info ][gc,cpu      ] GC(8) User=0.00s Sys=0.00s Real=0.01s
[2024-06-24T03:56:06.726+0000][16440][info ][safepoint   ] Safepoint "G1PauseRemark", Time since last: 14519000 ns, Reaching safepoint: 540400 ns, Cleanup: 14400 ns, At safepoint: 9347400 ns, Total: 9902200 ns
[2024-06-24T03:56:06.726+0000][16440][info ][gc,marking  ] GC(8) Concurrent Mark 10.560ms
[2024-06-24T03:56:06.726+0000][16440][info ][gc,marking  ] GC(8) Concurrent Rebuild Remembered Sets and Scrub Regions
[2024-06-24T03:56:06.726+0000][16440][info ][gc,marking  ] GC(8) Concurrent Rebuild Remembered Sets and Scrub Regions 0.066ms
[2024-06-24T03:56:06.728+0000][16440][info ][gc,start    ] GC(8) Pause Cleanup
[2024-06-24T03:56:06.728+0000][16440][info ][gc          ] GC(8) Pause Cleanup 46M->46M(3920M) 0.055ms
[2024-06-24T03:56:06.728+0000][16440][info ][gc,cpu      ] GC(8) User=0.00s Sys=0.00s Real=0.00s
[2024-06-24T03:56:06.728+0000][16440][info ][safepoint   ] Safepoint "G1PauseCleanup", Time since last: 164500 ns, Reaching safepoint: 676900 ns, Cleanup: 98800 ns, At safepoint: 108200 ns, Total: 883900 ns
[2024-06-24T03:56:06.728+0000][16440][info ][gc,marking  ] GC(8) Concurrent Clear Claimed Marks
[2024-06-24T03:56:06.728+0000][16440][info ][gc,marking  ] GC(8) Concurrent Clear Claimed Marks 0.102ms
[2024-06-24T03:56:06.728+0000][16440][info ][gc,marking  ] GC(8) Concurrent Cleanup for Next Mark
[2024-06-24T03:56:06.836+0000][16440][info ][gc,marking  ] GC(8) Concurrent Cleanup for Next Mark 108.059ms
[2024-06-24T03:56:06.836+0000][16440][info ][gc          ] GC(8) Concurrent Mark Cycle 133.995ms
[2024-06-24T03:56:08.577+0000][16440][info ][safepoint   ] Safepoint "Cleanup", Time since last: 1849379100 ns, Reaching safepoint: 32900 ns, Cleanup: 145100 ns, At safepoint: 20200 ns, Total: 198200 ns
[2024-06-24T03:56:09.588+0000][16440][info ][safepoint   ] Safepoint "Cleanup", Time since last: 1010005800 ns, Reaching safepoint: 136800 ns, Cleanup: 41500 ns, At safepoint: 10700 ns, Total: 189000 ns
[2024-06-24T03:56:10.601+0000][16440][info ][safepoint   ] Safepoint "Cleanup", Time since last: 1013524600 ns, Reaching safepoint: 112000 ns, Cleanup: 23400 ns, At safepoint: 38800 ns, Total: 174200 ns
[2024-06-24T03:56:11.614+0000][16440][info ][safepoint   ] Safepoint "Cleanup", Time since last: 1012298900 ns, Reaching safepoint: 84200 ns, Cleanup: 18800 ns, At safepoint: 15400 ns, Total: 118400 ns
[2024-06-24T03:56:12.615+0000][16440][info ][safepoint   ] Safepoint "Cleanup", Time since last: 1001221200 ns, Reaching safepoint: 39000 ns, Cleanup: 46600 ns, At safepoint: 23300 ns, Total: 108900 ns
[2024-06-24T03:56:14.163+0000][16440][info ][safepoint   ] Safepoint "Cleanup", Time since last: 1547689900 ns, Reaching safepoint: 50900 ns, Cleanup: 153800 ns, At safepoint: 23600 ns, Total: 228300 ns
[2024-06-24T03:56:15.173+0000][16440][info ][safepoint   ] Safepoint "Cleanup", Time since last: 1010447000 ns, Reaching safepoint: 493600 ns, Cleanup: 28800 ns, At safepoint: 14300 ns, Total: 536700 ns
[2024-06-24T03:56:16.175+0000][16440][info ][safepoint   ] Safepoint "Cleanup", Time since last: 1001310400 ns, Reaching safepoint: 97200 ns, Cleanup: 35600 ns, At safepoint: 41600 ns, Total: 174400 ns
[2024-06-24T03:56:17.187+0000][16440][info ][safepoint   ] Safepoint "Cleanup", Time since last: 1011613700 ns, Reaching safepoint: 7700 ns, Cleanup: 28200 ns, At safepoint: 2400 ns, Total: 38300 ns
[2024-06-24T03:56:18.546+0000][16440][info ][safepoint   ] Safepoint "Cleanup", Time since last: 1358956000 ns, Reaching safepoint: 3800 ns, Cleanup: 515700 ns, At safepoint: 22900 ns, Total: 542400 ns
[2024-06-24T03:56:19.547+0000][16440][info ][safepoint   ] Safepoint "Cleanup", Time since last: 1000746400 ns, Reaching safepoint: 7900 ns, Cleanup: 78600 ns, At safepoint: 21100 ns, Total: 107600 ns
[2024-06-24T03:56:20.742+0000][16440][info ][safepoint   ] Safepoint "Cleanup", Time since last: 1194373700 ns, Reaching safepoint: 4800 ns, Cleanup: 77700 ns, At safepoint: 24400 ns, Total: 106900 ns
[2024-06-24T03:56:21.865+0000][16440][info ][safepoint   ] Safepoint "Cleanup", Time since last: 1122845300 ns, Reaching safepoint: 13300 ns, Cleanup: 92200 ns, At safepoint: 14200 ns, Total: 119700 ns
[2024-06-24T03:56:22.869+0000][16440][info ][safepoint   ] Safepoint "Cleanup", Time since last: 1004547800 ns, Reaching safepoint: 538700 ns, Cleanup: 79500 ns, At safepoint: 81700 ns, Total: 699900 ns
[2024-06-24T03:56:24.696+0000][16440][info ][safepoint   ] Safepoint "Cleanup", Time since last: 1826708700 ns, Reaching safepoint: 3100 ns, Cleanup: 54200 ns, At safepoint: 9300 ns, Total: 66600 ns
[2024-06-24T03:56:24.711+0000][16440][info ][gc,start    ] GC(9) Pause Young (Concurrent Start) (Metadata GC Threshold)
[2024-06-24T03:56:24.711+0000][16440][info ][gc,task     ] GC(9) Using 8 workers of 8 for evacuation
[2024-06-24T03:56:24.711+0000][16440][debug][gc,age      ] GC(9) Desired survivor size 60817408 bytes, new threshold 15 (max threshold 15)
[2024-06-24T03:56:24.827+0000][16440][info ][gc,phases   ] GC(9)   Pre Evacuate Collection Set: 1.5ms
[2024-06-24T03:56:24.827+0000][16440][info ][gc,phases   ] GC(9)   Merge Heap Roots: 1.1ms
[2024-06-24T03:56:24.827+0000][16440][info ][gc,phases   ] GC(9)   Evacuate Collection Set: 107.6ms
[2024-06-24T03:56:24.827+0000][16440][info ][gc,phases   ] GC(9)   Post Evacuate Collection Set: 6.6ms
[2024-06-24T03:56:24.827+0000][16440][info ][gc,phases   ] GC(9)   Other: 0.7ms
[2024-06-24T03:56:24.827+0000][16440][trace][gc,age      ] GC(9) Age table with threshold 15 (max threshold 15)
[2024-06-24T03:56:24.827+0000][16440][trace][gc,age      ] GC(9) - age   1:   19739560 bytes,   19739560 total
[2024-06-24T03:56:24.827+0000][16440][trace][gc,age      ] GC(9) - age   2:   10144728 bytes,   29884288 total
[2024-06-24T03:56:24.827+0000][16440][trace][gc,age      ] GC(9) - age   3:    8313600 bytes,   38197888 total
[2024-06-24T03:56:24.827+0000][16440][trace][gc,age      ] GC(9) - age   4:    3344176 bytes,   41542064 total
[2024-06-24T03:56:24.827+0000][16440][trace][gc,age      ] GC(9) - age   5:    5603968 bytes,   47146032 total
[2024-06-24T03:56:24.827+0000][16440][trace][gc,age      ] GC(9) - age   6:    2460296 bytes,   49606328 total
[2024-06-24T03:56:24.827+0000][16440][trace][gc,age      ] GC(9) - age   7:    9614576 bytes,   59220904 total
[2024-06-24T03:56:24.827+0000][16440][info ][gc,heap     ] GC(9) Eden regions: 211->0(110)
[2024-06-24T03:56:24.827+0000][16440][info ][gc,heap     ] GC(9) Survivor regions: 11->16(29)
[2024-06-24T03:56:24.827+0000][16440][info ][gc,heap     ] GC(9) Old regions: 0->0
[2024-06-24T03:56:24.827+0000][16440][info ][gc,heap     ] GC(9) Humongous regions: 0->0
[2024-06-24T03:56:24.827+0000][16440][info ][gc,metaspace] GC(9) Metaspace: 98833K(100608K)->98833K(100608K) NonClass: 86043K(87104K)->86043K(87104K) Class: 12789K(13504K)->12789K(13504K)
[2024-06-24T03:56:24.827+0000][16440][info ][gc          ] GC(9) Pause Young (Concurrent Start) (Metadata GC Threshold) 886M->63M(3920M) 118.231ms
[2024-06-24T03:56:24.827+0000][16440][info ][gc,cpu      ] GC(9) User=0.33s Sys=0.31s Real=0.12s
[2024-06-24T03:56:24.827+0000][16440][info ][gc          ] GC(10) Concurrent Mark Cycle
[2024-06-24T03:56:24.827+0000][16440][info ][gc,marking  ] GC(10) Concurrent Scan Root Regions
[2024-06-24T03:56:24.827+0000][16440][info ][safepoint   ] Safepoint "CollectForMetadataAllocation", Time since last: 16285800 ns, Reaching safepoint: 6400 ns, Cleanup: 5600 ns, At safepoint: 118667600 ns, Total: 118679600 ns
[2024-06-24T03:56:24.873+0000][16440][info ][gc,marking  ] GC(10) Concurrent Scan Root Regions 41.123ms
[2024-06-24T03:56:24.873+0000][16440][info ][gc,marking  ] GC(10) Concurrent Mark
[2024-06-24T03:56:24.873+0000][16440][info ][gc,marking  ] GC(10) Concurrent Mark From Roots
[2024-06-24T03:56:24.873+0000][16440][info ][gc,task     ] GC(10) Using 2 workers of 2 for marking
[2024-06-24T03:56:24.873+0000][16440][info ][gc,marking  ] GC(10) Concurrent Mark From Roots 0.305ms
[2024-06-24T03:56:24.873+0000][16440][info ][gc,marking  ] GC(10) Concurrent Preclean
[2024-06-24T03:56:24.873+0000][16440][info ][gc,marking  ] GC(10) Concurrent Preclean 0.038ms
[2024-06-24T03:56:24.874+0000][16440][info ][gc,start    ] GC(10) Pause Remark
[2024-06-24T03:56:24.889+0000][16440][info ][gc          ] GC(10) Pause Remark 67M->67M(3920M) 16.190ms
[2024-06-24T03:56:24.889+0000][16440][info ][gc,cpu      ] GC(10) User=0.00s Sys=0.00s Real=0.01s
[2024-06-24T03:56:24.889+0000][16440][info ][safepoint   ] Safepoint "G1PauseRemark", Time since last: 41726900 ns, Reaching safepoint: 1013200 ns, Cleanup: 23500 ns, At safepoint: 16478200 ns, Total: 17514900 ns
[2024-06-24T03:56:24.889+0000][16440][info ][gc,marking  ] GC(10) Concurrent Mark 18.086ms
[2024-06-24T03:56:24.889+0000][16440][info ][gc,marking  ] GC(10) Concurrent Rebuild Remembered Sets and Scrub Regions
[2024-06-24T03:56:24.889+0000][16440][info ][gc,marking  ] GC(10) Concurrent Rebuild Remembered Sets and Scrub Regions 0.209ms
[2024-06-24T03:56:24.889+0000][16440][info ][gc,start    ] GC(10) Pause Cleanup
[2024-06-24T03:56:24.889+0000][16440][info ][gc          ] GC(10) Pause Cleanup 67M->67M(3920M) 0.060ms
[2024-06-24T03:56:24.889+0000][16440][info ][gc,cpu      ] GC(10) User=0.00s Sys=0.00s Real=0.00s
[2024-06-24T03:56:24.889+0000][16440][info ][safepoint   ] Safepoint "G1PauseCleanup", Time since last: 482900 ns, Reaching safepoint: 174500 ns, Cleanup: 27800 ns, At safepoint: 184200 ns, Total: 386500 ns
[2024-06-24T03:56:24.889+0000][16440][info ][gc,marking  ] GC(10) Concurrent Clear Claimed Marks
[2024-06-24T03:56:24.889+0000][16440][info ][gc,marking  ] GC(10) Concurrent Clear Claimed Marks 0.190ms
[2024-06-24T03:56:24.889+0000][16440][info ][gc,marking  ] GC(10) Concurrent Cleanup for Next Mark
[2024-06-24T03:56:24.916+0000][16440][info ][gc,marking  ] GC(10) Concurrent Cleanup for Next Mark 24.373ms
[2024-06-24T03:56:24.916+0000][16440][info ][gc          ] GC(10) Concurrent Mark Cycle 85.087ms
[2024-06-24T03:56:26.772+0000][16440][info ][safepoint   ] Safepoint "Cleanup", Time since last: 1880343700 ns, Reaching safepoint: 569300 ns, Cleanup: 213300 ns, At safepoint: 14800 ns, Total: 797400 ns
[2024-06-24T03:56:27.785+0000][16440][info ][safepoint   ] Safepoint "Cleanup", Time since last: 1010973600 ns, Reaching safepoint: 7300 ns, Cleanup: 386800 ns, At safepoint: 14500 ns, Total: 408600 ns
[2024-06-24T03:56:28.927+0000][16440][info ][safepoint   ] Safepoint "ICBufferFull", Time since last: 1142860700 ns, Reaching safepoint: 7400 ns, Cleanup: 141900 ns, At safepoint: 51600 ns, Total: 200900 ns
[2024-06-24T03:56:30.035+0000][16440][info ][safepoint   ] Safepoint "ICBufferFull", Time since last: 1106588700 ns, Reaching safepoint: 914800 ns, Cleanup: 195800 ns, At safepoint: 26300 ns, Total: 1136900 ns
[2024-06-24T03:56:31.256+0000][16440][info ][safepoint   ] Safepoint "Cleanup", Time since last: 1222845700 ns, Reaching safepoint: 8700 ns, Cleanup: 191100 ns, At safepoint: 48000 ns, Total: 247800 ns
[2024-06-24T03:56:32.349+0000][16440][info ][safepoint   ] Safepoint "Cleanup", Time since last: 1094702500 ns, Reaching safepoint: 10600 ns, Cleanup: 195800 ns, At safepoint: 11200 ns, Total: 217600 ns
[2024-06-24T03:56:33.624+0000][16440][info ][safepoint   ] Safepoint "Cleanup", Time since last: 1271045300 ns, Reaching safepoint: 29500 ns, Cleanup: 140800 ns, At safepoint: 4100 ns, Total: 174400 ns
[2024-06-24T03:56:34.629+0000][16440][info ][safepoint   ] Safepoint "Cleanup", Time since last: 1004424000 ns, Reaching safepoint: 53400 ns, Cleanup: 28500 ns, At safepoint: 9900 ns, Total: 91800 ns
[2024-06-24T03:56:35.636+0000][16440][info ][safepoint   ] Safepoint "Cleanup", Time since last: 1006970500 ns, Reaching safepoint: 26300 ns, Cleanup: 32000 ns, At safepoint: 3900 ns, Total: 62200 ns
[2024-06-24T03:56:42.684+0000][16440][info ][safepoint   ] Safepoint "Cleanup", Time since last: 7048077600 ns, Reaching safepoint: 25600 ns, Cleanup: 31400 ns, At safepoint: 5000 ns, Total: 62000 ns
[2024-06-24T03:56:50.733+0000][16440][info ][safepoint   ] Safepoint "Cleanup", Time since last: 8049572900 ns, Reaching safepoint: 25200 ns, Cleanup: 27700 ns, At safepoint: 4600 ns, Total: 57500 ns
[2024-06-24T03:56:55.766+0000][16440][info ][safepoint   ] Safepoint "Cleanup", Time since last: 5032530200 ns, Reaching safepoint: 28200 ns, Cleanup: 30700 ns, At safepoint: 5700 ns, Total: 64600 ns
[2024-06-24T03:56:56.770+0000][16440][info ][safepoint   ] Safepoint "Cleanup", Time since last: 1003398300 ns, Reaching safepoint: 24100 ns, Cleanup: 25800 ns, At safepoint: 4200 ns, Total: 54100 ns
[2024-06-24T03:56:57.785+0000][16440][info ][safepoint   ] Safepoint "Cleanup", Time since last: 1014950700 ns, Reaching safepoint: 29900 ns, Cleanup: 80500 ns, At safepoint: 6600 ns, Total: 117000 ns
[2024-06-24T03:56:58.796+0000][16440][info ][safepoint   ] Safepoint "Cleanup", Time since last: 1011121800 ns, Reaching safepoint: 16700 ns, Cleanup: 79400 ns, At safepoint: 6300 ns, Total: 102400 ns
[2024-06-24T03:56:59.799+0000][16440][info ][safepoint   ] Safepoint "Cleanup", Time since last: 1002558400 ns, Reaching safepoint: 26400 ns, Cleanup: 34900 ns, At safepoint: 4700 ns, Total: 66000 ns
[2024-06-24T03:57:00.804+0000][16440][info ][safepoint   ] Safepoint "Cleanup", Time since last: 1004891800 ns, Reaching safepoint: 27700 ns, Cleanup: 52900 ns, At safepoint: 5800 ns, Total: 86400 ns
[2024-06-24T03:57:02.821+0000][16440][info ][safepoint   ] Safepoint "Cleanup", Time since last: 2017385700 ns, Reaching safepoint: 27700 ns, Cleanup: 34900 ns, At safepoint: 5500 ns, Total: 68100 ns
[2024-06-24T03:57:14.491+0000][16440][info ][safepoint   ] Safepoint "Cleanup", Time since last: 11669329900 ns, Reaching safepoint: 42200 ns, Cleanup: 58200 ns, At safepoint: 52700 ns, Total: 153100 ns
[2024-06-24T03:57:15.502+0000][16440][info ][safepoint   ] Safepoint "Cleanup", Time since last: 1010810400 ns, Reaching safepoint: 23600 ns, Cleanup: 33300 ns, At safepoint: 2800 ns, Total: 59700 ns
[2024-06-24T03:57:16.550+0000][16440][info ][gc,heap,exit] Heap
[2024-06-24T03:57:16.550+0000][16440][info ][gc,heap,exit]  garbage-first heap   total 4014080K, used 396333K [0x000000070b000000, 0x0000000800000000)
[2024-06-24T03:57:16.550+0000][16440][info ][gc,heap,exit]   region size 4096K, 95 young (389120K), 16 survivors (65536K)
[2024-06-24T03:57:16.550+0000][16440][info ][gc,heap,exit]  Metaspace       used 129468K, committed 133056K, reserved 1179648K
[2024-06-24T03:57:16.550+0000][16440][info ][gc,heap,exit]   class space    used 17815K, committed 19520K, reserved 1048576K
