[2024-06-18T05:30:11.965+0000][29196][info][gc,init] CardTable entry size: 512
[2024-06-18T05:30:11.965+0000][29196][info][gc     ] Using G1
[2024-06-18T05:30:11.965+0000][29196][info][gc,init] Version: 21.0.2+13-58 (release)
[2024-06-18T05:30:11.965+0000][29196][info][gc,init] CPUs: 8 total, 8 available
[2024-06-18T05:30:11.965+0000][29196][info][gc,init] Memory: 7834M
[2024-06-18T05:30:11.965+0000][29196][info][gc,init] Large Page Support: Disabled
[2024-06-18T05:30:11.965+0000][29196][info][gc,init] NUMA Support: Disabled
[2024-06-18T05:30:11.965+0000][29196][info][gc,init] Compressed Oops: Enabled (32-bit)
[2024-06-18T05:30:11.965+0000][29196][info][gc,init] Heap Region Size: 1M
[2024-06-18T05:30:11.965+0000][29196][info][gc,init] Heap Min Capacity: 8M
[2024-06-18T05:30:11.965+0000][29196][info][gc,init] Heap Initial Capacity: 124M
[2024-06-18T05:30:11.965+0000][29196][info][gc,init] Heap Max Capacity: 1960M
[2024-06-18T05:30:11.965+0000][29196][info][gc,init] Pre-touch: Disabled
[2024-06-18T05:30:11.965+0000][29196][info][gc,init] Parallel Workers: 8
[2024-06-18T05:30:11.965+0000][29196][info][gc,init] Concurrent Workers: 2
[2024-06-18T05:30:11.965+0000][29196][info][gc,init] Concurrent Refinement Workers: 8
[2024-06-18T05:30:11.965+0000][29196][info][gc,init] Periodic GC: Disabled
[2024-06-18T05:30:11.979+0000][29196][info][gc,metaspace] CDS archive(s) mapped at: [0x0000025a18000000-0x0000025a18c90000-0x0000025a18c90000), size 13172736, SharedBaseAddress: 0x0000025a18000000, ArchiveRelocationMode: 1.
[2024-06-18T05:30:11.979+0000][29196][info][gc,metaspace] Compressed class space mapped at: 0x0000025a19000000-0x0000025a59000000, reserved size: 1073741824
[2024-06-18T05:30:11.979+0000][29196][info][gc,metaspace] Narrow klass base: 0x0000025a18000000, Narrow klass shift: 0, Narrow klass range: 0x100000000
[2024-06-18T05:30:12.047+0000][29196][info][gc,heap,exit] Heap
[2024-06-18T05:30:12.047+0000][29196][info][gc,heap,exit]  garbage-first heap   total 126976K, used 2992K [0x0000000085800000, 0x0000000100000000)
[2024-06-18T05:30:12.047+0000][29196][info][gc,heap,exit]   region size 1024K, 3 young (3072K), 0 survivors (0K)
[2024-06-18T05:30:12.047+0000][29196][info][gc,heap,exit]  Metaspace       used 210K, committed 448K, reserved 1114112K
[2024-06-18T05:30:12.047+0000][29196][info][gc,heap,exit]   class space    used 6K, committed 128K, reserved 1048576K
