[2024-06-25T05:29:37.842+0000][21900][info][gc,init] CardTable entry size: 512
[2024-06-25T05:29:37.842+0000][21900][info][gc     ] Using G1
[2024-06-25T05:29:41.272+0000][21900][info][gc,init] Version: 21.0.2+13-58 (release)
[2024-06-25T05:29:41.272+0000][21900][info][gc,init] CPUs: 8 total, 8 available
[2024-06-25T05:29:41.272+0000][21900][info][gc,init] Memory: 7834M
[2024-06-25T05:29:41.272+0000][21900][info][gc,init] Large Page Support: Disabled
[2024-06-25T05:29:41.272+0000][21900][info][gc,init] NUMA Support: Disabled
[2024-06-25T05:29:41.272+0000][21900][info][gc,init] Compressed Oops: Enabled (Zero based)
[2024-06-25T05:29:41.272+0000][21900][info][gc,init] Heap Region Size: 4M
[2024-06-25T05:29:41.272+0000][21900][info][gc,init] Heap Min Capacity: 3920M
[2024-06-25T05:29:41.272+0000][21900][info][gc,init] Heap Initial Capacity: 3920M
[2024-06-25T05:29:41.272+0000][21900][info][gc,init] Heap Max Capacity: 3920M
[2024-06-25T05:29:41.272+0000][21900][info][gc,init] Pre-touch: Enabled
[2024-06-25T05:29:41.272+0000][21900][info][gc,init] Parallel Workers: 8
[2024-06-25T05:29:41.272+0000][21900][info][gc,init] Concurrent Workers: 2
[2024-06-25T05:29:41.272+0000][21900][info][gc,init] Concurrent Refinement Workers: 8
[2024-06-25T05:29:41.272+0000][21900][info][gc,init] Periodic GC: Disabled
[2024-06-25T05:29:41.376+0000][21900][info][gc,metaspace] CDS archive(s) mapped at: [0x000002b5c4000000-0x000002b5c4c90000-0x000002b5c4c90000), size 13172736, SharedBaseAddress: 0x000002b5c4000000, ArchiveRelocationMode: 1.
[2024-06-25T05:29:41.376+0000][21900][info][gc,metaspace] Compressed class space mapped at: 0x000002b5c5000000-0x000002b605000000, reserved size: 1073741824
[2024-06-25T05:29:41.376+0000][21900][info][gc,metaspace] Narrow klass base: 0x000002b5c4000000, Narrow klass shift: 0, Narrow klass range: 0x100000000
[2024-06-25T05:29:41.772+0000][21900][info][safepoint   ] Safepoint "ICBufferFull", Time since last: 342735700 ns, Reaching safepoint: 9700 ns, Cleanup: 78400 ns, At safepoint: 1800 ns, Total: 89900 ns
[2024-06-25T05:29:42.558+0000][21900][info][safepoint   ] Safepoint "ICBufferFull", Time since last: 782699500 ns, Reaching safepoint: 5500 ns, Cleanup: 108500 ns, At safepoint: 1400 ns, Total: 115400 ns
[2024-06-25T05:29:43.218+0000][21900][info][safepoint   ] Safepoint "ICBufferFull", Time since last: 664100800 ns, Reaching safepoint: 4100 ns, Cleanup: 94000 ns, At safepoint: 11700 ns, Total: 109800 ns
[2024-06-25T05:29:44.437+0000][21900][info][safepoint   ] Safepoint "Cleanup", Time since last: 1213819100 ns, Reaching safepoint: 2100 ns, Cleanup: 56200 ns, At safepoint: 15400 ns, Total: 73700 ns
[2024-06-25T05:29:44.853+0000][21900][info][safepoint   ] Safepoint "ICBufferFull", Time since last: 418884900 ns, Reaching safepoint: 4000 ns, Cleanup: 86200 ns, At safepoint: 42000 ns, Total: 132200 ns
[2024-06-25T05:29:45.901+0000][21900][info][safepoint   ] Safepoint "Cleanup", Time since last: 1045310800 ns, Reaching safepoint: 9000 ns, Cleanup: 110600 ns, At safepoint: 2700 ns, Total: 122300 ns
[2024-06-25T05:29:46.909+0000][21900][info][gc,start    ] GC(0) Pause Young (Normal) (G1 Evacuation Pause)
[2024-06-25T05:29:46.909+0000][21900][info][gc,task     ] GC(0) Using 8 workers of 8 for evacuation
[2024-06-25T05:29:46.909+0000][21900][debug][gc,age      ] GC(0) Desired survivor size 14680064 bytes, new threshold 15 (max threshold 15)
[2024-06-25T05:29:46.922+0000][21900][info ][gc,phases   ] GC(0)   Pre Evacuate Collection Set: 0.8ms
[2024-06-25T05:29:46.922+0000][21900][info ][gc,phases   ] GC(0)   Merge Heap Roots: 0.1ms
[2024-06-25T05:29:46.922+0000][21900][info ][gc,phases   ] GC(0)   Evacuate Collection Set: 7.1ms
[2024-06-25T05:29:46.922+0000][21900][info ][gc,phases   ] GC(0)   Post Evacuate Collection Set: 2.7ms
[2024-06-25T05:29:46.922+0000][21900][info ][gc,phases   ] GC(0)   Other: 1.0ms
[2024-06-25T05:29:46.922+0000][21900][trace][gc,age      ] GC(0) Age table with threshold 15 (max threshold 15)
[2024-06-25T05:29:46.922+0000][21900][trace][gc,age      ] GC(0) - age   1:   11001800 bytes,   11001800 total
[2024-06-25T05:29:46.922+0000][21900][info ][gc,heap     ] GC(0) Eden regions: 49->0(46)
[2024-06-25T05:29:46.922+0000][21900][info ][gc,heap     ] GC(0) Survivor regions: 0->3(7)
[2024-06-25T05:29:46.922+0000][21900][info ][gc,heap     ] GC(0) Old regions: 0->0
[2024-06-25T05:29:46.922+0000][21900][info ][gc,heap     ] GC(0) Humongous regions: 0->0
[2024-06-25T05:29:46.922+0000][21900][info ][gc,metaspace] GC(0) Metaspace: 19349K(19840K)->19349K(19840K) NonClass: 17275K(17536K)->17275K(17536K) Class: 2073K(2304K)->2073K(2304K)
[2024-06-25T05:29:46.922+0000][21900][info ][gc          ] GC(0) Pause Young (Normal) (G1 Evacuation Pause) 196M->10M(3920M) 13.733ms
[2024-06-25T05:29:46.922+0000][21900][info ][gc,cpu      ] GC(0) User=0.00s Sys=0.00s Real=0.01s
[2024-06-25T05:29:46.922+0000][21900][info ][safepoint   ] Safepoint "G1CollectForAllocation", Time since last: 1008436200 ns, Reaching safepoint: 4200 ns, Cleanup: 100100 ns, At safepoint: 13816700 ns, Total: 13921000 ns
[2024-06-25T05:29:48.118+0000][21900][info ][gc,start    ] GC(1) Pause Young (Concurrent Start) (Metadata GC Threshold)
[2024-06-25T05:29:48.118+0000][21900][info ][gc,task     ] GC(1) Using 8 workers of 8 for evacuation
[2024-06-25T05:29:48.118+0000][21900][debug][gc,age      ] GC(1) Desired survivor size 14680064 bytes, new threshold 15 (max threshold 15)
[2024-06-25T05:29:48.124+0000][21900][info ][gc,phases   ] GC(1)   Pre Evacuate Collection Set: 0.3ms
[2024-06-25T05:29:48.124+0000][21900][info ][gc,phases   ] GC(1)   Merge Heap Roots: 0.1ms
[2024-06-25T05:29:48.124+0000][21900][info ][gc,phases   ] GC(1)   Evacuate Collection Set: 5.3ms
[2024-06-25T05:29:48.124+0000][21900][info ][gc,phases   ] GC(1)   Post Evacuate Collection Set: 1.1ms
[2024-06-25T05:29:48.124+0000][21900][info ][gc,phases   ] GC(1)   Other: 0.2ms
[2024-06-25T05:29:48.124+0000][21900][trace][gc,age      ] GC(1) Age table with threshold 15 (max threshold 15)
[2024-06-25T05:29:48.124+0000][21900][trace][gc,age      ] GC(1) - age   1:    2317848 bytes,    2317848 total
[2024-06-25T05:29:48.124+0000][21900][trace][gc,age      ] GC(1) - age   2:   10124672 bytes,   12442520 total
[2024-06-25T05:29:48.124+0000][21900][info ][gc,heap     ] GC(1) Eden regions: 35->0(51)
[2024-06-25T05:29:48.124+0000][21900][info ][gc,heap     ] GC(1) Survivor regions: 3->4(7)
[2024-06-25T05:29:48.124+0000][21900][info ][gc,heap     ] GC(1) Old regions: 0->0
[2024-06-25T05:29:48.124+0000][21900][info ][gc,heap     ] GC(1) Humongous regions: 0->0
[2024-06-25T05:29:48.124+0000][21900][info ][gc,metaspace] GC(1) Metaspace: 20952K(21504K)->20952K(21504K) NonClass: 18704K(19008K)->18704K(19008K) Class: 2247K(2496K)->2247K(2496K)
[2024-06-25T05:29:48.124+0000][21900][info ][gc          ] GC(1) Pause Young (Concurrent Start) (Metadata GC Threshold) 148M->13M(3920M) 7.294ms
[2024-06-25T05:29:48.124+0000][21900][info ][gc,cpu      ] GC(1) User=0.00s Sys=0.00s Real=0.01s
[2024-06-25T05:29:48.124+0000][21900][info ][gc          ] GC(2) Concurrent Mark Cycle
[2024-06-25T05:29:48.124+0000][21900][info ][safepoint   ] Safepoint "CollectForMetadataAllocation", Time since last: 1194555600 ns, Reaching safepoint: 3000 ns, Cleanup: 66100 ns, At safepoint: 7412600 ns, Total: 7481700 ns
[2024-06-25T05:29:48.124+0000][21900][info ][gc,marking  ] GC(2) Concurrent Scan Root Regions
[2024-06-25T05:29:48.130+0000][21900][info ][gc,marking  ] GC(2) Concurrent Scan Root Regions 4.004ms
[2024-06-25T05:29:48.130+0000][21900][info ][gc,marking  ] GC(2) Concurrent Mark
[2024-06-25T05:29:48.130+0000][21900][info ][gc,marking  ] GC(2) Concurrent Mark From Roots
[2024-06-25T05:29:48.130+0000][21900][info ][gc,task     ] GC(2) Using 2 workers of 2 for marking
[2024-06-25T05:29:48.130+0000][21900][info ][gc,marking  ] GC(2) Concurrent Mark From Roots 0.189ms
[2024-06-25T05:29:48.130+0000][21900][info ][gc,marking  ] GC(2) Concurrent Preclean
[2024-06-25T05:29:48.130+0000][21900][info ][gc,marking  ] GC(2) Concurrent Preclean 0.009ms
[2024-06-25T05:29:48.130+0000][21900][info ][gc,start    ] GC(2) Pause Remark
[2024-06-25T05:29:48.135+0000][21900][info ][gc          ] GC(2) Pause Remark 15M->15M(3920M) 5.775ms
[2024-06-25T05:29:48.135+0000][21900][info ][gc,cpu      ] GC(2) User=0.00s Sys=0.00s Real=0.00s
[2024-06-25T05:29:48.135+0000][21900][info ][safepoint   ] Safepoint "G1PauseRemark", Time since last: 4335100 ns, Reaching safepoint: 13200 ns, Cleanup: 8300 ns, At safepoint: 5892400 ns, Total: 5913900 ns
[2024-06-25T05:29:48.135+0000][21900][info ][gc,marking  ] GC(2) Concurrent Mark 6.278ms
[2024-06-25T05:29:48.135+0000][21900][info ][gc,marking  ] GC(2) Concurrent Rebuild Remembered Sets and Scrub Regions
[2024-06-25T05:29:48.135+0000][21900][info ][gc,marking  ] GC(2) Concurrent Rebuild Remembered Sets and Scrub Regions 0.081ms
[2024-06-25T05:29:48.135+0000][21900][info ][gc,start    ] GC(2) Pause Cleanup
[2024-06-25T05:29:48.135+0000][21900][info ][gc          ] GC(2) Pause Cleanup 15M->15M(3920M) 0.030ms
[2024-06-25T05:29:48.135+0000][21900][info ][gc,cpu      ] GC(2) User=0.00s Sys=0.00s Real=0.00s
[2024-06-25T05:29:48.135+0000][21900][info ][safepoint   ] Safepoint "G1PauseCleanup", Time since last: 267700 ns, Reaching safepoint: 13000 ns, Cleanup: 3600 ns, At safepoint: 62900 ns, Total: 79500 ns
[2024-06-25T05:29:48.135+0000][21900][info ][gc,marking  ] GC(2) Concurrent Clear Claimed Marks
[2024-06-25T05:29:48.135+0000][21900][info ][gc,marking  ] GC(2) Concurrent Clear Claimed Marks 0.061ms
[2024-06-25T05:29:48.135+0000][21900][info ][gc,marking  ] GC(2) Concurrent Cleanup for Next Mark
[2024-06-25T05:29:48.145+0000][21900][info ][gc,marking  ] GC(2) Concurrent Cleanup for Next Mark 8.643ms
[2024-06-25T05:29:48.145+0000][21900][info ][gc          ] GC(2) Concurrent Mark Cycle 19.460ms
[2024-06-25T05:29:49.380+0000][21900][info ][safepoint   ] Safepoint "Cleanup", Time since last: 1243671500 ns, Reaching safepoint: 19700 ns, Cleanup: 110800 ns, At safepoint: 1900 ns, Total: 132400 ns
[2024-06-25T05:29:49.962+0000][21900][info ][gc,start    ] GC(3) Pause Young (Normal) (G1 Evacuation Pause)
[2024-06-25T05:29:49.962+0000][21900][info ][gc,task     ] GC(3) Using 8 workers of 8 for evacuation
[2024-06-25T05:29:49.962+0000][21900][debug][gc,age      ] GC(3) Desired survivor size 14680064 bytes, new threshold 15 (max threshold 15)
[2024-06-25T05:29:49.969+0000][21900][info ][gc,phases   ] GC(3)   Pre Evacuate Collection Set: 0.6ms
[2024-06-25T05:29:49.969+0000][21900][info ][gc,phases   ] GC(3)   Merge Heap Roots: 0.4ms
[2024-06-25T05:29:49.969+0000][21900][info ][gc,phases   ] GC(3)   Evacuate Collection Set: 8.2ms
[2024-06-25T05:29:49.969+0000][21900][info ][gc,phases   ] GC(3)   Post Evacuate Collection Set: 0.9ms
[2024-06-25T05:29:49.969+0000][21900][info ][gc,phases   ] GC(3)   Other: 0.3ms
[2024-06-25T05:29:49.969+0000][21900][trace][gc,age      ] GC(3) Age table with threshold 15 (max threshold 15)
[2024-06-25T05:29:49.969+0000][21900][trace][gc,age      ] GC(3) - age   1:    6280560 bytes,    6280560 total
[2024-06-25T05:29:49.969+0000][21900][trace][gc,age      ] GC(3) - age   2:    2230960 bytes,    8511520 total
[2024-06-25T05:29:49.969+0000][21900][trace][gc,age      ] GC(3) - age   3:   10119376 bytes,   18630896 total
[2024-06-25T05:29:49.969+0000][21900][info ][gc,heap     ] GC(3) Eden regions: 51->0(113)
[2024-06-25T05:29:49.969+0000][21900][info ][gc,heap     ] GC(3) Survivor regions: 4->5(7)
[2024-06-25T05:29:49.969+0000][21900][info ][gc,heap     ] GC(3) Old regions: 0->0
[2024-06-25T05:29:49.969+0000][21900][info ][gc,heap     ] GC(3) Humongous regions: 0->0
[2024-06-25T05:29:49.969+0000][21900][info ][gc,metaspace] GC(3) Metaspace: 27441K(28160K)->27441K(28160K) NonClass: 24364K(24768K)->24364K(24768K) Class: 3076K(3392K)->3076K(3392K)
[2024-06-25T05:29:49.969+0000][21900][info ][gc          ] GC(3) Pause Young (Normal) (G1 Evacuation Pause) 217M->19M(3920M) 10.716ms
[2024-06-25T05:29:49.969+0000][21900][info ][gc,cpu      ] GC(3) User=0.00s Sys=0.00s Real=0.01s
[2024-06-25T05:29:49.969+0000][21900][info ][safepoint   ] Safepoint "G1CollectForAllocation", Time since last: 582294100 ns, Reaching safepoint: 5400 ns, Cleanup: 63500 ns, At safepoint: 10803100 ns, Total: 10872000 ns
[2024-06-25T05:29:50.979+0000][21900][info ][safepoint   ] Safepoint "Cleanup", Time since last: 1005709300 ns, Reaching safepoint: 7600 ns, Cleanup: 84600 ns, At safepoint: 2100 ns, Total: 94300 ns
[2024-06-25T05:29:51.992+0000][21900][info ][safepoint   ] Safepoint "Cleanup", Time since last: 1013298800 ns, Reaching safepoint: 11500 ns, Cleanup: 54700 ns, At safepoint: 2200 ns, Total: 68400 ns
[2024-06-25T05:29:53.918+0000][21900][info ][safepoint   ] Safepoint "Cleanup", Time since last: 1925244400 ns, Reaching safepoint: 7200 ns, Cleanup: 52200 ns, At safepoint: 3100 ns, Total: 62500 ns
[2024-06-25T05:29:54.518+0000][21900][info ][gc,start    ] GC(4) Pause Young (Normal) (G1 Evacuation Pause)
[2024-06-25T05:29:54.518+0000][21900][info ][gc,task     ] GC(4) Using 8 workers of 8 for evacuation
[2024-06-25T05:29:54.518+0000][21900][debug][gc,age      ] GC(4) Desired survivor size 31457280 bytes, new threshold 15 (max threshold 15)
[2024-06-25T05:29:54.531+0000][21900][info ][gc,phases   ] GC(4)   Pre Evacuate Collection Set: 0.4ms
[2024-06-25T05:29:54.531+0000][21900][info ][gc,phases   ] GC(4)   Merge Heap Roots: 0.1ms
[2024-06-25T05:29:54.531+0000][21900][info ][gc,phases   ] GC(4)   Evacuate Collection Set: 10.8ms
[2024-06-25T05:29:54.531+0000][21900][info ][gc,phases   ] GC(4)   Post Evacuate Collection Set: 1.2ms
[2024-06-25T05:29:54.531+0000][21900][info ][gc,phases   ] GC(4)   Other: 0.1ms
[2024-06-25T05:29:54.531+0000][21900][trace][gc,age      ] GC(4) Age table with threshold 15 (max threshold 15)
[2024-06-25T05:29:54.531+0000][21900][trace][gc,age      ] GC(4) - age   1:    4036016 bytes,    4036016 total
[2024-06-25T05:29:54.531+0000][21900][trace][gc,age      ] GC(4) - age   2:    6023696 bytes,   10059712 total
[2024-06-25T05:29:54.531+0000][21900][trace][gc,age      ] GC(4) - age   3:    2230176 bytes,   12289888 total
[2024-06-25T05:29:54.531+0000][21900][trace][gc,age      ] GC(4) - age   4:   10119120 bytes,   22409008 total
[2024-06-25T05:29:54.531+0000][21900][info ][gc,heap     ] GC(4) Eden regions: 113->0(581)
[2024-06-25T05:29:54.531+0000][21900][info ][gc,heap     ] GC(4) Survivor regions: 5->7(15)
[2024-06-25T05:29:54.531+0000][21900][info ][gc,heap     ] GC(4) Old regions: 0->0
[2024-06-25T05:29:54.531+0000][21900][info ][gc,heap     ] GC(4) Humongous regions: 0->0
[2024-06-25T05:29:54.531+0000][21900][info ][gc,metaspace] GC(4) Metaspace: 28351K(29056K)->28351K(29056K) NonClass: 25162K(25536K)->25162K(25536K) Class: 3189K(3520K)->3189K(3520K)
[2024-06-25T05:29:54.531+0000][21900][info ][gc          ] GC(4) Pause Young (Normal) (G1 Evacuation Pause) 471M->24M(3920M) 12.803ms
[2024-06-25T05:29:54.531+0000][21900][info ][gc,cpu      ] GC(4) User=0.00s Sys=0.00s Real=0.01s
[2024-06-25T05:29:54.531+0000][21900][info ][safepoint   ] Safepoint "G1CollectForAllocation", Time since last: 601044100 ns, Reaching safepoint: 3500 ns, Cleanup: 14200 ns, At safepoint: 12847400 ns, Total: 12865100 ns
[2024-06-25T05:29:55.539+0000][21900][info ][safepoint   ] Safepoint "Cleanup", Time since last: 1007668600 ns, Reaching safepoint: 6900 ns, Cleanup: 31100 ns, At safepoint: 2300 ns, Total: 40300 ns
[2024-06-25T05:29:57.383+0000][21900][info ][safepoint   ] Safepoint "Cleanup", Time since last: 1843255600 ns, Reaching safepoint: 5100 ns, Cleanup: 94000 ns, At safepoint: 1800 ns, Total: 100900 ns
[2024-06-25T05:29:58.384+0000][21900][info ][safepoint   ] Safepoint "Cleanup", Time since last: 1001650400 ns, Reaching safepoint: 7600 ns, Cleanup: 29500 ns, At safepoint: 2100 ns, Total: 39200 ns
[2024-06-25T05:29:59.154+0000][21900][info ][gc,start    ] GC(5) Pause Young (Concurrent Start) (Metadata GC Threshold)
[2024-06-25T05:29:59.154+0000][21900][info ][gc,task     ] GC(5) Using 8 workers of 8 for evacuation
[2024-06-25T05:29:59.154+0000][21900][debug][gc,age      ] GC(5) Desired survivor size 155189248 bytes, new threshold 15 (max threshold 15)
[2024-06-25T05:29:59.163+0000][21900][info ][gc,phases   ] GC(5)   Pre Evacuate Collection Set: 0.3ms
[2024-06-25T05:29:59.163+0000][21900][info ][gc,phases   ] GC(5)   Merge Heap Roots: 0.1ms
[2024-06-25T05:29:59.163+0000][21900][info ][gc,phases   ] GC(5)   Evacuate Collection Set: 9.0ms
[2024-06-25T05:29:59.163+0000][21900][info ][gc,phases   ] GC(5)   Post Evacuate Collection Set: 1.9ms
[2024-06-25T05:29:59.163+0000][21900][info ][gc,phases   ] GC(5)   Other: 0.2ms
[2024-06-25T05:29:59.163+0000][21900][trace][gc,age      ] GC(5) Age table with threshold 15 (max threshold 15)
[2024-06-25T05:29:59.163+0000][21900][trace][gc,age      ] GC(5) - age   1:    8211936 bytes,    8211936 total
[2024-06-25T05:29:59.163+0000][21900][trace][gc,age      ] GC(5) - age   2:    3219384 bytes,   11431320 total
[2024-06-25T05:29:59.163+0000][21900][trace][gc,age      ] GC(5) - age   3:    6018184 bytes,   17449504 total
[2024-06-25T05:29:59.163+0000][21900][trace][gc,age      ] GC(5) - age   4:    2228800 bytes,   19678304 total
[2024-06-25T05:29:59.163+0000][21900][trace][gc,age      ] GC(5) - age   5:   10111896 bytes,   29790200 total
[2024-06-25T05:29:59.163+0000][21900][info ][gc,heap     ] GC(5) Eden regions: 89->0(580)
[2024-06-25T05:29:59.163+0000][21900][info ][gc,heap     ] GC(5) Survivor regions: 7->8(74)
[2024-06-25T05:29:59.163+0000][21900][info ][gc,heap     ] GC(5) Old regions: 0->0
[2024-06-25T05:29:59.163+0000][21900][info ][gc,heap     ] GC(5) Humongous regions: 0->0
[2024-06-25T05:29:59.163+0000][21900][info ][gc,metaspace] GC(5) Metaspace: 35152K(35968K)->35152K(35968K) NonClass: 31191K(31680K)->31191K(31680K) Class: 3961K(4288K)->3961K(4288K)
[2024-06-25T05:29:59.163+0000][21900][info ][gc          ] GC(5) Pause Young (Concurrent Start) (Metadata GC Threshold) 378M->31M(3920M) 11.784ms
[2024-06-25T05:29:59.163+0000][21900][info ][gc,cpu      ] GC(5) User=0.02s Sys=0.00s Real=0.01s
[2024-06-25T05:29:59.163+0000][21900][info ][gc          ] GC(6) Concurrent Mark Cycle
[2024-06-25T05:29:59.163+0000][21900][info ][gc,marking  ] GC(6) Concurrent Scan Root Regions
[2024-06-25T05:29:59.163+0000][21900][info ][safepoint   ] Safepoint "CollectForMetadataAllocation", Time since last: 770697000 ns, Reaching safepoint: 4400 ns, Cleanup: 45200 ns, At safepoint: 11889300 ns, Total: 11938900 ns
[2024-06-25T05:29:59.168+0000][21900][info ][gc,marking  ] GC(6) Concurrent Scan Root Regions 4.797ms
[2024-06-25T05:29:59.172+0000][21900][info ][gc,marking  ] GC(6) Concurrent Mark
[2024-06-25T05:29:59.172+0000][21900][info ][gc,marking  ] GC(6) Concurrent Mark From Roots
[2024-06-25T05:29:59.172+0000][21900][info ][gc,task     ] GC(6) Using 2 workers of 2 for marking
[2024-06-25T05:29:59.172+0000][21900][info ][gc,marking  ] GC(6) Concurrent Mark From Roots 0.313ms
[2024-06-25T05:29:59.172+0000][21900][info ][gc,marking  ] GC(6) Concurrent Preclean
[2024-06-25T05:29:59.172+0000][21900][info ][gc,marking  ] GC(6) Concurrent Preclean 0.016ms
[2024-06-25T05:29:59.172+0000][21900][info ][gc,start    ] GC(6) Pause Remark
[2024-06-25T05:29:59.177+0000][21900][info ][gc          ] GC(6) Pause Remark 35M->35M(3920M) 5.773ms
[2024-06-25T05:29:59.178+0000][21900][info ][gc,cpu      ] GC(6) User=0.06s Sys=0.00s Real=0.01s
[2024-06-25T05:29:59.178+0000][21900][info ][safepoint   ] Safepoint "G1PauseRemark", Time since last: 5274100 ns, Reaching safepoint: 4400 ns, Cleanup: 7800 ns, At safepoint: 5887200 ns, Total: 5899400 ns
[2024-06-25T05:29:59.178+0000][21900][info ][gc,marking  ] GC(6) Concurrent Mark 6.355ms
[2024-06-25T05:29:59.178+0000][21900][info ][gc,marking  ] GC(6) Concurrent Rebuild Remembered Sets and Scrub Regions
[2024-06-25T05:29:59.178+0000][21900][info ][gc,marking  ] GC(6) Concurrent Rebuild Remembered Sets and Scrub Regions 0.060ms
[2024-06-25T05:29:59.178+0000][21900][info ][gc,start    ] GC(6) Pause Cleanup
[2024-06-25T05:29:59.178+0000][21900][info ][gc          ] GC(6) Pause Cleanup 35M->35M(3920M) 0.024ms
[2024-06-25T05:29:59.178+0000][21900][info ][gc,cpu      ] GC(6) User=0.00s Sys=0.00s Real=0.00s
[2024-06-25T05:29:59.178+0000][21900][info ][safepoint   ] Safepoint "G1PauseCleanup", Time since last: 167400 ns, Reaching safepoint: 3000 ns, Cleanup: 14000 ns, At safepoint: 54200 ns, Total: 71200 ns
[2024-06-25T05:29:59.178+0000][21900][info ][gc,marking  ] GC(6) Concurrent Clear Claimed Marks
[2024-06-25T05:29:59.178+0000][21900][info ][gc,marking  ] GC(6) Concurrent Clear Claimed Marks 0.060ms
[2024-06-25T05:29:59.178+0000][21900][info ][gc,marking  ] GC(6) Concurrent Cleanup for Next Mark
[2024-06-25T05:29:59.185+0000][21900][info ][gc,marking  ] GC(6) Concurrent Cleanup for Next Mark 7.105ms
[2024-06-25T05:29:59.185+0000][21900][info ][gc          ] GC(6) Concurrent Mark Cycle 18.743ms
[2024-06-25T05:30:00.189+0000][21900][info ][safepoint   ] Safepoint "Cleanup", Time since last: 1010675700 ns, Reaching safepoint: 10000 ns, Cleanup: 73500 ns, At safepoint: 3000 ns, Total: 86500 ns
[2024-06-25T05:30:01.193+0000][21900][info ][safepoint   ] Safepoint "Cleanup", Time since last: 1003826800 ns, Reaching safepoint: 8300 ns, Cleanup: 32900 ns, At safepoint: 2000 ns, Total: 43200 ns
[2024-06-25T05:30:02.194+0000][21900][info ][safepoint   ] Safepoint "Cleanup", Time since last: 1000386100 ns, Reaching safepoint: 16700 ns, Cleanup: 39900 ns, At safepoint: 17000 ns, Total: 73600 ns
[2024-06-25T05:30:03.202+0000][21900][info ][safepoint   ] Safepoint "Cleanup", Time since last: 1008211700 ns, Reaching safepoint: 8500 ns, Cleanup: 64800 ns, At safepoint: 2100 ns, Total: 75400 ns
[2024-06-25T05:30:04.207+0000][21900][info ][safepoint   ] Safepoint "Cleanup", Time since last: 1005504200 ns, Reaching safepoint: 8700 ns, Cleanup: 103500 ns, At safepoint: 42400 ns, Total: 154600 ns
[2024-06-25T05:30:05.756+0000][21900][info ][safepoint   ] Safepoint "Cleanup", Time since last: 1548240400 ns, Reaching safepoint: 43800 ns, Cleanup: 315800 ns, At safepoint: 44200 ns, Total: 403800 ns
[2024-06-25T05:30:06.488+0000][21900][info ][gc,start    ] GC(7) Pause Young (Concurrent Start) (Metadata GC Threshold)
[2024-06-25T05:30:06.488+0000][21900][info ][gc,task     ] GC(7) Using 8 workers of 8 for evacuation
[2024-06-25T05:30:06.488+0000][21900][debug][gc,age      ] GC(7) Desired survivor size 155189248 bytes, new threshold 15 (max threshold 15)
[2024-06-25T05:30:06.512+0000][21900][info ][gc,phases   ] GC(7)   Pre Evacuate Collection Set: 0.4ms
[2024-06-25T05:30:06.515+0000][21900][info ][gc,phases   ] GC(7)   Merge Heap Roots: 0.1ms
[2024-06-25T05:30:06.515+0000][21900][info ][gc,phases   ] GC(7)   Evacuate Collection Set: 18.4ms
[2024-06-25T05:30:06.515+0000][21900][info ][gc,phases   ] GC(7)   Post Evacuate Collection Set: 2.5ms
[2024-06-25T05:30:06.515+0000][21900][info ][gc,phases   ] GC(7)   Other: 0.3ms
[2024-06-25T05:30:06.515+0000][21900][trace][gc,age      ] GC(7) Age table with threshold 15 (max threshold 15)
[2024-06-25T05:30:06.515+0000][21900][trace][gc,age      ] GC(7) - age   1:   10727352 bytes,   10727352 total
[2024-06-25T05:30:06.515+0000][21900][trace][gc,age      ] GC(7) - age   2:    8132136 bytes,   18859488 total
[2024-06-25T05:30:06.515+0000][21900][trace][gc,age      ] GC(7) - age   3:    3196656 bytes,   22056144 total
[2024-06-25T05:30:06.515+0000][21900][trace][gc,age      ] GC(7) - age   4:    5992512 bytes,   28048656 total
[2024-06-25T05:30:06.515+0000][21900][trace][gc,age      ] GC(7) - age   5:    2218816 bytes,   30267472 total
[2024-06-25T05:30:06.515+0000][21900][trace][gc,age      ] GC(7) - age   6:    9897496 bytes,   40164968 total
[2024-06-25T05:30:06.515+0000][21900][info ][gc,heap     ] GC(7) Eden regions: 199->0(288)
[2024-06-25T05:30:06.515+0000][21900][info ][gc,heap     ] GC(7) Survivor regions: 8->11(74)
[2024-06-25T05:30:06.515+0000][21900][info ][gc,heap     ] GC(7) Old regions: 0->0
[2024-06-25T05:30:06.515+0000][21900][info ][gc,heap     ] GC(7) Humongous regions: 0->0
[2024-06-25T05:30:06.515+0000][21900][info ][gc,metaspace] GC(7) Metaspace: 58893K(60160K)->58893K(60160K) NonClass: 51640K(52352K)->51640K(52352K) Class: 7252K(7808K)->7252K(7808K)
[2024-06-25T05:30:06.515+0000][21900][info ][gc          ] GC(7) Pause Young (Concurrent Start) (Metadata GC Threshold) 825M->41M(3920M) 22.163ms
[2024-06-25T05:30:06.515+0000][21900][info ][gc,cpu      ] GC(7) User=0.06s Sys=0.00s Real=0.03s
[2024-06-25T05:30:06.515+0000][21900][info ][gc          ] GC(8) Concurrent Mark Cycle
[2024-06-25T05:30:06.515+0000][21900][info ][gc,marking  ] GC(8) Concurrent Scan Root Regions
[2024-06-25T05:30:06.515+0000][21900][info ][safepoint   ] Safepoint "CollectForMetadataAllocation", Time since last: 736769600 ns, Reaching safepoint: 4500 ns, Cleanup: 29100 ns, At safepoint: 22343600 ns, Total: 22377200 ns
[2024-06-25T05:30:06.524+0000][21900][info ][gc,marking  ] GC(8) Concurrent Scan Root Regions 8.740ms
[2024-06-25T05:30:06.524+0000][21900][info ][gc,marking  ] GC(8) Concurrent Mark
[2024-06-25T05:30:06.524+0000][21900][info ][gc,marking  ] GC(8) Concurrent Mark From Roots
[2024-06-25T05:30:06.524+0000][21900][info ][gc,task     ] GC(8) Using 2 workers of 2 for marking
[2024-06-25T05:30:06.524+0000][21900][info ][gc,marking  ] GC(8) Concurrent Mark From Roots 0.187ms
[2024-06-25T05:30:06.524+0000][21900][info ][gc,marking  ] GC(8) Concurrent Preclean
[2024-06-25T05:30:06.524+0000][21900][info ][gc,marking  ] GC(8) Concurrent Preclean 0.021ms
[2024-06-25T05:30:06.524+0000][21900][info ][gc,start    ] GC(8) Pause Remark
[2024-06-25T05:30:06.529+0000][21900][info ][gc          ] GC(8) Pause Remark 47M->47M(3920M) 4.500ms
[2024-06-25T05:30:06.529+0000][21900][info ][gc,cpu      ] GC(8) User=0.00s Sys=0.00s Real=0.01s
[2024-06-25T05:30:06.529+0000][21900][info ][safepoint   ] Safepoint "G1PauseRemark", Time since last: 9040500 ns, Reaching safepoint: 4300 ns, Cleanup: 4100 ns, At safepoint: 4692600 ns, Total: 4701000 ns
[2024-06-25T05:30:06.529+0000][21900][info ][gc,marking  ] GC(8) Concurrent Mark 5.017ms
[2024-06-25T05:30:06.529+0000][21900][info ][gc,marking  ] GC(8) Concurrent Rebuild Remembered Sets and Scrub Regions
[2024-06-25T05:30:06.529+0000][21900][info ][gc,marking  ] GC(8) Concurrent Rebuild Remembered Sets and Scrub Regions 0.072ms
[2024-06-25T05:30:06.529+0000][21900][info ][gc,start    ] GC(8) Pause Cleanup
[2024-06-25T05:30:06.529+0000][21900][info ][gc          ] GC(8) Pause Cleanup 47M->47M(3920M) 0.029ms
[2024-06-25T05:30:06.529+0000][21900][info ][gc,cpu      ] GC(8) User=0.00s Sys=0.00s Real=0.00s
[2024-06-25T05:30:06.529+0000][21900][info ][safepoint   ] Safepoint "G1PauseCleanup", Time since last: 182200 ns, Reaching safepoint: 54100 ns, Cleanup: 13200 ns, At safepoint: 134300 ns, Total: 201600 ns
[2024-06-25T05:30:06.529+0000][21900][info ][gc,marking  ] GC(8) Concurrent Clear Claimed Marks
[2024-06-25T05:30:06.529+0000][21900][info ][gc,marking  ] GC(8) Concurrent Clear Claimed Marks 0.074ms
[2024-06-25T05:30:06.530+0000][21900][info ][gc,marking  ] GC(8) Concurrent Cleanup for Next Mark
[2024-06-25T05:30:06.538+0000][21900][info ][gc,marking  ] GC(8) Concurrent Cleanup for Next Mark 8.759ms
[2024-06-25T05:30:06.538+0000][21900][info ][gc          ] GC(8) Concurrent Mark Cycle 23.209ms
[2024-06-25T05:30:07.634+0000][21900][info ][safepoint   ] Safepoint "ICBufferFull", Time since last: 1105293600 ns, Reaching safepoint: 87200 ns, Cleanup: 95000 ns, At safepoint: 17900 ns, Total: 200100 ns
[2024-06-25T05:30:08.645+0000][21900][info ][safepoint   ] Safepoint "Cleanup", Time since last: 1010234800 ns, Reaching safepoint: 19900 ns, Cleanup: 52900 ns, At safepoint: 8400 ns, Total: 81200 ns
[2024-06-25T05:30:09.312+0000][21900][info ][safepoint   ] Safepoint "ICBufferFull", Time since last: 669816000 ns, Reaching safepoint: 6500 ns, Cleanup: 107600 ns, At safepoint: 1700 ns, Total: 115800 ns
[2024-06-25T05:30:10.318+0000][21900][info ][safepoint   ] Safepoint "Cleanup", Time since last: 1002992000 ns, Reaching safepoint: 175400 ns, Cleanup: 54800 ns, At safepoint: 9800 ns, Total: 240000 ns
[2024-06-25T05:30:10.798+0000][21900][info ][safepoint   ] Safepoint "ICBufferFull", Time since last: 482622300 ns, Reaching safepoint: 5100 ns, Cleanup: 91500 ns, At safepoint: 12600 ns, Total: 109200 ns
[2024-06-25T05:30:12.662+0000][21900][info ][safepoint   ] Safepoint "Cleanup", Time since last: 1860831200 ns, Reaching safepoint: 10600 ns, Cleanup: 94100 ns, At safepoint: 16600 ns, Total: 121300 ns
[2024-06-25T05:30:13.042+0000][21900][info ][gc,start    ] GC(9) Pause Young (Concurrent Start) (Metadata GC Threshold)
[2024-06-25T05:30:13.042+0000][21900][info ][gc,task     ] GC(9) Using 8 workers of 8 for evacuation
[2024-06-25T05:30:13.042+0000][21900][debug][gc,age      ] GC(9) Desired survivor size 79691776 bytes, new threshold 15 (max threshold 15)
[2024-06-25T05:30:13.069+0000][21900][info ][gc,phases   ] GC(9)   Pre Evacuate Collection Set: 0.4ms
[2024-06-25T05:30:13.069+0000][21900][info ][gc,phases   ] GC(9)   Merge Heap Roots: 0.1ms
[2024-06-25T05:30:13.069+0000][21900][info ][gc,phases   ] GC(9)   Evacuate Collection Set: 23.6ms
[2024-06-25T05:30:13.069+0000][21900][info ][gc,phases   ] GC(9)   Post Evacuate Collection Set: 3.4ms
[2024-06-25T05:30:13.069+0000][21900][info ][gc,phases   ] GC(9)   Other: 0.2ms
[2024-06-25T05:30:13.069+0000][21900][trace][gc,age      ] GC(9) Age table with threshold 15 (max threshold 15)
[2024-06-25T05:30:13.069+0000][21900][trace][gc,age      ] GC(9) - age   1:   19636904 bytes,   19636904 total
[2024-06-25T05:30:13.069+0000][21900][trace][gc,age      ] GC(9) - age   2:   10141896 bytes,   29778800 total
[2024-06-25T05:30:13.069+0000][21900][trace][gc,age      ] GC(9) - age   3:    8108144 bytes,   37886944 total
[2024-06-25T05:30:13.069+0000][21900][trace][gc,age      ] GC(9) - age   4:    3180896 bytes,   41067840 total
[2024-06-25T05:30:13.069+0000][21900][trace][gc,age      ] GC(9) - age   5:    5959032 bytes,   47026872 total
[2024-06-25T05:30:13.069+0000][21900][trace][gc,age      ] GC(9) - age   6:    2213512 bytes,   49240384 total
[2024-06-25T05:30:13.069+0000][21900][trace][gc,age      ] GC(9) - age   7:    9855656 bytes,   59096040 total
[2024-06-25T05:30:13.069+0000][21900][info ][gc,heap     ] GC(9) Eden regions: 209->0(572)
[2024-06-25T05:30:13.069+0000][21900][info ][gc,heap     ] GC(9) Survivor regions: 11->16(38)
[2024-06-25T05:30:13.069+0000][21900][info ][gc,heap     ] GC(9) Old regions: 0->0
[2024-06-25T05:30:13.069+0000][21900][info ][gc,heap     ] GC(9) Humongous regions: 0->0
[2024-06-25T05:30:13.069+0000][21900][info ][gc,metaspace] GC(9) Metaspace: 98598K(100480K)->98598K(100480K) NonClass: 85828K(86912K)->85828K(86912K) Class: 12769K(13568K)->12769K(13568K)
[2024-06-25T05:30:13.069+0000][21900][info ][gc          ] GC(9) Pause Young (Concurrent Start) (Metadata GC Threshold) 875M->63M(3920M) 28.018ms
[2024-06-25T05:30:13.069+0000][21900][info ][gc,cpu      ] GC(9) User=0.12s Sys=0.00s Real=0.03s
[2024-06-25T05:30:13.069+0000][21900][info ][safepoint   ] Safepoint "CollectForMetadataAllocation", Time since last: 380494600 ns, Reaching safepoint: 2600 ns, Cleanup: 43800 ns, At safepoint: 28133100 ns, Total: 28179500 ns
[2024-06-25T05:30:13.071+0000][21900][info ][gc          ] GC(10) Concurrent Mark Cycle
[2024-06-25T05:30:13.071+0000][21900][info ][gc,marking  ] GC(10) Concurrent Scan Root Regions
[2024-06-25T05:30:13.085+0000][21900][info ][gc,marking  ] GC(10) Concurrent Scan Root Regions 16.020ms
[2024-06-25T05:30:13.085+0000][21900][info ][gc,marking  ] GC(10) Concurrent Mark
[2024-06-25T05:30:13.085+0000][21900][info ][gc,marking  ] GC(10) Concurrent Mark From Roots
[2024-06-25T05:30:13.087+0000][21900][info ][gc,task     ] GC(10) Using 2 workers of 2 for marking
[2024-06-25T05:30:13.087+0000][21900][info ][gc,marking  ] GC(10) Concurrent Mark From Roots 0.284ms
[2024-06-25T05:30:13.087+0000][21900][info ][gc,marking  ] GC(10) Concurrent Preclean
[2024-06-25T05:30:13.087+0000][21900][info ][gc,marking  ] GC(10) Concurrent Preclean 0.024ms
[2024-06-25T05:30:13.087+0000][21900][info ][gc,start    ] GC(10) Pause Remark
[2024-06-25T05:30:13.093+0000][21900][info ][gc          ] GC(10) Pause Remark 68M->68M(3920M) 5.734ms
[2024-06-25T05:30:13.093+0000][21900][info ][gc,cpu      ] GC(10) User=0.00s Sys=0.00s Real=0.01s
[2024-06-25T05:30:13.093+0000][21900][info ][safepoint   ] Safepoint "G1PauseRemark", Time since last: 16793800 ns, Reaching safepoint: 539200 ns, Cleanup: 8800 ns, At safepoint: 5994800 ns, Total: 6542800 ns
[2024-06-25T05:30:13.093+0000][21900][info ][gc,marking  ] GC(10) Concurrent Mark 7.138ms
[2024-06-25T05:30:13.093+0000][21900][info ][gc,marking  ] GC(10) Concurrent Rebuild Remembered Sets and Scrub Regions
[2024-06-25T05:30:13.093+0000][21900][info ][gc,marking  ] GC(10) Concurrent Rebuild Remembered Sets and Scrub Regions 0.054ms
[2024-06-25T05:30:13.093+0000][21900][info ][gc,start    ] GC(10) Pause Cleanup
[2024-06-25T05:30:13.093+0000][21900][info ][gc          ] GC(10) Pause Cleanup 68M->68M(3920M) 0.032ms
[2024-06-25T05:30:13.093+0000][21900][info ][gc,cpu      ] GC(10) User=0.00s Sys=0.00s Real=0.00s
[2024-06-25T05:30:13.093+0000][21900][info ][safepoint   ] Safepoint "G1PauseCleanup", Time since last: 284900 ns, Reaching safepoint: 13600 ns, Cleanup: 9900 ns, At safepoint: 140400 ns, Total: 163900 ns
[2024-06-25T05:30:13.093+0000][21900][info ][gc,marking  ] GC(10) Concurrent Clear Claimed Marks
[2024-06-25T05:30:13.093+0000][21900][info ][gc,marking  ] GC(10) Concurrent Clear Claimed Marks 0.101ms
[2024-06-25T05:30:13.093+0000][21900][info ][gc,marking  ] GC(10) Concurrent Cleanup for Next Mark
[2024-06-25T05:30:13.098+0000][21900][info ][gc,marking  ] GC(10) Concurrent Cleanup for Next Mark 7.673ms
[2024-06-25T05:30:13.098+0000][21900][info ][gc          ] GC(10) Concurrent Mark Cycle 31.809ms
[2024-06-25T05:30:14.227+0000][21900][info ][safepoint   ] Safepoint "ICBufferFull", Time since last: 1132912000 ns, Reaching safepoint: 4500 ns, Cleanup: 94800 ns, At safepoint: 1500 ns, Total: 100800 ns
[2024-06-25T05:30:14.927+0000][21900][info ][safepoint   ] Safepoint "ICBufferFull", Time since last: 700380300 ns, Reaching safepoint: 6000 ns, Cleanup: 100000 ns, At safepoint: 12500 ns, Total: 118500 ns
[2024-06-25T05:30:15.498+0000][21900][info ][safepoint   ] Safepoint "ICBufferFull", Time since last: 569825000 ns, Reaching safepoint: 7800 ns, Cleanup: 100500 ns, At safepoint: 44900 ns, Total: 153200 ns
[2024-06-25T05:30:16.020+0000][21900][info ][safepoint   ] Safepoint "ICBufferFull", Time since last: 522008800 ns, Reaching safepoint: 9100 ns, Cleanup: 84900 ns, At safepoint: 19000 ns, Total: 113000 ns
[2024-06-25T05:30:16.518+0000][21900][info ][safepoint   ] Safepoint "ICBufferFull", Time since last: 505653000 ns, Reaching safepoint: 18200 ns, Cleanup: 136900 ns, At safepoint: 15000 ns, Total: 170100 ns
[2024-06-25T05:30:17.561+0000][21900][info ][safepoint   ] Safepoint "Cleanup", Time since last: 1034553500 ns, Reaching safepoint: 19200 ns, Cleanup: 73500 ns, At safepoint: 12700 ns, Total: 105400 ns
[2024-06-25T05:30:20.593+0000][21900][info ][safepoint   ] Safepoint "Cleanup", Time since last: 3032389100 ns, Reaching safepoint: 48500 ns, Cleanup: 35500 ns, At safepoint: 22000 ns, Total: 106000 ns
[2024-06-25T05:30:21.594+0000][21900][info ][safepoint   ] Safepoint "Cleanup", Time since last: 1000922200 ns, Reaching safepoint: 64400 ns, Cleanup: 56800 ns, At safepoint: 11100 ns, Total: 132300 ns
[2024-06-25T05:30:28.638+0000][21900][info ][safepoint   ] Safepoint "Cleanup", Time since last: 7044108000 ns, Reaching safepoint: 14600 ns, Cleanup: 26800 ns, At safepoint: 2000 ns, Total: 43400 ns
[2024-06-25T05:30:30.648+0000][21900][info ][safepoint   ] Safepoint "Cleanup", Time since last: 2009635400 ns, Reaching safepoint: 48900 ns, Cleanup: 32000 ns, At safepoint: 3100 ns, Total: 84000 ns
[2024-06-25T05:30:35.676+0000][21900][info ][safepoint   ] Safepoint "Cleanup", Time since last: 5028107800 ns, Reaching safepoint: 13500 ns, Cleanup: 24000 ns, At safepoint: 2600 ns, Total: 40100 ns
[2024-06-25T05:30:43.056+0000][21900][info ][safepoint   ] Safepoint "Cleanup", Time since last: 7379309300 ns, Reaching safepoint: 19600 ns, Cleanup: 46000 ns, At safepoint: 4100 ns, Total: 69700 ns
[2024-06-25T05:30:44.067+0000][21900][info ][safepoint   ] Safepoint "Cleanup", Time since last: 1012116700 ns, Reaching safepoint: 27000 ns, Cleanup: 39700 ns, At safepoint: 5600 ns, Total: 72300 ns
[2024-06-25T05:30:45.083+0000][21900][info ][safepoint   ] Safepoint "Cleanup", Time since last: 1014905100 ns, Reaching safepoint: 18700 ns, Cleanup: 24500 ns, At safepoint: 2200 ns, Total: 45400 ns
[2024-06-25T05:30:46.083+0000][21900][info ][safepoint   ] Safepoint "Cleanup", Time since last: 1000365500 ns, Reaching safepoint: 35300 ns, Cleanup: 77900 ns, At safepoint: 6300 ns, Total: 119500 ns
[2024-06-25T05:30:48.098+0000][21900][info ][safepoint   ] Safepoint "Cleanup", Time since last: 2015111100 ns, Reaching safepoint: 32400 ns, Cleanup: 28700 ns, At safepoint: 35700 ns, Total: 96800 ns
[2024-06-25T05:30:57.166+0000][21900][info ][safepoint   ] Safepoint "Cleanup", Time since last: 9067980800 ns, Reaching safepoint: 35300 ns, Cleanup: 18400 ns, At safepoint: 4000 ns, Total: 57700 ns
[2024-06-25T05:30:59.182+0000][21900][info ][safepoint   ] Safepoint "Cleanup", Time since last: 2015710600 ns, Reaching safepoint: 17000 ns, Cleanup: 18400 ns, At safepoint: 2300 ns, Total: 37700 ns
[2024-06-25T05:31:03.199+0000][21900][info ][safepoint   ] Safepoint "Cleanup", Time since last: 4016869400 ns, Reaching safepoint: 63000 ns, Cleanup: 21000 ns, At safepoint: 3600 ns, Total: 87600 ns
[2024-06-25T05:31:04.208+0000][21900][info ][safepoint   ] Safepoint "Cleanup", Time since last: 1009084100 ns, Reaching safepoint: 20400 ns, Cleanup: 18700 ns, At safepoint: 2400 ns, Total: 41500 ns
[2024-06-25T05:31:05.216+0000][21900][info ][safepoint   ] Safepoint "Cleanup", Time since last: 1007395500 ns, Reaching safepoint: 25100 ns, Cleanup: 26900 ns, At safepoint: 4400 ns, Total: 56400 ns
[2024-06-25T05:31:13.283+0000][21900][info ][safepoint   ] Safepoint "Cleanup", Time since last: 8067167000 ns, Reaching safepoint: 38300 ns, Cleanup: 25600 ns, At safepoint: 4400 ns, Total: 68300 ns
[2024-06-25T05:31:14.289+0000][21900][info ][safepoint   ] Safepoint "Cleanup", Time since last: 1006189100 ns, Reaching safepoint: 14800 ns, Cleanup: 13400 ns, At safepoint: 1900 ns, Total: 30100 ns
[2024-06-25T05:31:15.290+0000][21900][info ][safepoint   ] Safepoint "Cleanup", Time since last: 1001420000 ns, Reaching safepoint: 19700 ns, Cleanup: 22400 ns, At safepoint: 2900 ns, Total: 45000 ns
[2024-06-25T05:31:16.295+0000][21900][info ][safepoint   ] Safepoint "Cleanup", Time since last: 1004097200 ns, Reaching safepoint: 15600 ns, Cleanup: 20600 ns, At safepoint: 2900 ns, Total: 39100 ns
[2024-06-25T05:31:20.330+0000][21900][info ][safepoint   ] Safepoint "Cleanup", Time since last: 4035500500 ns, Reaching safepoint: 22300 ns, Cleanup: 26500 ns, At safepoint: 3800 ns, Total: 52600 ns
[2024-06-25T05:31:22.351+0000][21900][info ][safepoint   ] Safepoint "Cleanup", Time since last: 2020453700 ns, Reaching safepoint: 15600 ns, Cleanup: 16600 ns, At safepoint: 1800 ns, Total: 34000 ns
[2024-06-25T05:31:32.423+0000][21900][info ][safepoint   ] Safepoint "Cleanup", Time since last: 10072217100 ns, Reaching safepoint: 18800 ns, Cleanup: 22200 ns, At safepoint: 2500 ns, Total: 43500 ns
[2024-06-25T05:31:37.467+0000][21900][info ][safepoint   ] Safepoint "Cleanup", Time since last: 5043947500 ns, Reaching safepoint: 23600 ns, Cleanup: 20800 ns, At safepoint: 2900 ns, Total: 47300 ns
[2024-06-25T05:31:39.049+0000][21900][info ][safepoint   ] Safepoint "Cleanup", Time since last: 1581898200 ns, Reaching safepoint: 17900 ns, Cleanup: 17900 ns, At safepoint: 2700 ns, Total: 38500 ns
[2024-06-25T05:31:40.051+0000][21900][info ][safepoint   ] Safepoint "Cleanup", Time since last: 1002150600 ns, Reaching safepoint: 14900 ns, Cleanup: 12200 ns, At safepoint: 2100 ns, Total: 29200 ns
[2024-06-25T05:31:41.059+0000][21900][info ][safepoint   ] Safepoint "Cleanup", Time since last: 1008004300 ns, Reaching safepoint: 17500 ns, Cleanup: 19200 ns, At safepoint: 2600 ns, Total: 39300 ns
[2024-06-25T05:31:42.074+0000][21900][info ][safepoint   ] Safepoint "Cleanup", Time since last: 1014618100 ns, Reaching safepoint: 53800 ns, Cleanup: 26000 ns, At safepoint: 3300 ns, Total: 83100 ns
[2024-06-25T05:31:43.088+0000][21900][info ][safepoint   ] Safepoint "Cleanup", Time since last: 1014032100 ns, Reaching safepoint: 17700 ns, Cleanup: 22000 ns, At safepoint: 2200 ns, Total: 41900 ns
[2024-06-25T05:31:45.106+0000][21900][info ][safepoint   ] Safepoint "Cleanup", Time since last: 2018877800 ns, Reaching safepoint: 27400 ns, Cleanup: 29500 ns, At safepoint: 7100 ns, Total: 64000 ns
[2024-06-25T05:31:46.111+0000][21900][info ][safepoint   ] Safepoint "Cleanup", Time since last: 1003603100 ns, Reaching safepoint: 22000 ns, Cleanup: 23800 ns, At safepoint: 3500 ns, Total: 49300 ns
[2024-06-25T05:31:47.121+0000][21900][info ][safepoint   ] Safepoint "Cleanup", Time since last: 1010109700 ns, Reaching safepoint: 19300 ns, Cleanup: 21100 ns, At safepoint: 2200 ns, Total: 42600 ns
[2024-06-25T05:31:48.127+0000][21900][info ][safepoint   ] Safepoint "Cleanup", Time since last: 1006804900 ns, Reaching safepoint: 20500 ns, Cleanup: 21100 ns, At safepoint: 3300 ns, Total: 44900 ns
[2024-06-25T05:31:50.148+0000][21900][info ][safepoint   ] Safepoint "Cleanup", Time since last: 2020099600 ns, Reaching safepoint: 17800 ns, Cleanup: 27000 ns, At safepoint: 4900 ns, Total: 49700 ns
[2024-06-25T05:31:53.175+0000][21900][info ][safepoint   ] Safepoint "Cleanup", Time since last: 3027442500 ns, Reaching safepoint: 19900 ns, Cleanup: 19200 ns, At safepoint: 2500 ns, Total: 41600 ns
[2024-06-25T05:32:13.320+0000][21900][info ][safepoint   ] Safepoint "Cleanup", Time since last: 20144888500 ns, Reaching safepoint: 36800 ns, Cleanup: 16900 ns, At safepoint: 3400 ns, Total: 57100 ns
[2024-06-25T05:32:16.335+0000][21900][info ][safepoint   ] Safepoint "Cleanup", Time since last: 3014989600 ns, Reaching safepoint: 84600 ns, Cleanup: 17200 ns, At safepoint: 86400 ns, Total: 188200 ns
[2024-06-25T05:32:20.366+0000][21900][info ][safepoint   ] Safepoint "Cleanup", Time since last: 4031068100 ns, Reaching safepoint: 14200 ns, Cleanup: 17700 ns, At safepoint: 2000 ns, Total: 33900 ns
[2024-06-25T05:32:21.377+0000][21900][info ][safepoint   ] Safepoint "Cleanup", Time since last: 1010116700 ns, Reaching safepoint: 47500 ns, Cleanup: 14900 ns, At safepoint: 20000 ns, Total: 82400 ns
[2024-06-25T05:32:24.383+0000][21900][info ][safepoint   ] Safepoint "Cleanup", Time since last: 3006236800 ns, Reaching safepoint: 47100 ns, Cleanup: 15000 ns, At safepoint: 17000 ns, Total: 79100 ns
[2024-06-25T05:32:25.384+0000][21900][info ][safepoint   ] Safepoint "Cleanup", Time since last: 1000536700 ns, Reaching safepoint: 14800 ns, Cleanup: 17600 ns, At safepoint: 2300 ns, Total: 34700 ns
[2024-06-25T05:32:40.236+0000][21900][info ][safepoint   ] Safepoint "Cleanup", Time since last: 14852591600 ns, Reaching safepoint: 20300 ns, Cleanup: 30400 ns, At safepoint: 2600 ns, Total: 53300 ns
[2024-06-25T05:32:45.250+0000][21900][info ][safepoint   ] Safepoint "Cleanup", Time since last: 5013534200 ns, Reaching safepoint: 33200 ns, Cleanup: 25600 ns, At safepoint: 4300 ns, Total: 63100 ns
[2024-06-25T05:33:08.395+0000][21900][info ][safepoint   ] Safepoint "Cleanup", Time since last: 23144746200 ns, Reaching safepoint: 104500 ns, Cleanup: 29100 ns, At safepoint: 5800 ns, Total: 139400 ns
[2024-06-25T05:33:11.410+0000][21900][info ][safepoint   ] Safepoint "Cleanup", Time since last: 3015033000 ns, Reaching safepoint: 20200 ns, Cleanup: 28300 ns, At safepoint: 2300 ns, Total: 50800 ns
[2024-06-25T05:33:16.458+0000][21900][info ][safepoint   ] Safepoint "Cleanup", Time since last: 5048308300 ns, Reaching safepoint: 23700 ns, Cleanup: 22600 ns, At safepoint: 2900 ns, Total: 49200 ns
[2024-06-25T05:33:18.465+0000][21900][info ][safepoint   ] Safepoint "Cleanup", Time since last: 2006541200 ns, Reaching safepoint: 24300 ns, Cleanup: 20900 ns, At safepoint: 2800 ns, Total: 48000 ns
[2024-06-25T05:33:28.525+0000][21900][info ][safepoint   ] Safepoint "Cleanup", Time since last: 10060317300 ns, Reaching safepoint: 33400 ns, Cleanup: 21000 ns, At safepoint: 3000 ns, Total: 57400 ns
[2024-06-25T05:33:40.348+0000][21900][info ][safepoint   ] Safepoint "Cleanup", Time since last: 11823331700 ns, Reaching safepoint: 28400 ns, Cleanup: 31200 ns, At safepoint: 6700 ns, Total: 66300 ns
[2024-06-25T05:33:46.390+0000][21900][info ][safepoint   ] Safepoint "Cleanup", Time since last: 6041503400 ns, Reaching safepoint: 20000 ns, Cleanup: 37600 ns, At safepoint: 3400 ns, Total: 61000 ns
[2024-06-25T05:34:16.624+0000][21900][info ][safepoint   ] Safepoint "Cleanup", Time since last: 30233349400 ns, Reaching safepoint: 31800 ns, Cleanup: 18700 ns, At safepoint: 30000 ns, Total: 80500 ns
[2024-06-25T05:34:36.778+0000][21900][info ][safepoint   ] Safepoint "Cleanup", Time since last: 20154962200 ns, Reaching safepoint: 15600 ns, Cleanup: 18700 ns, At safepoint: 3400 ns, Total: 37700 ns
[2024-06-25T05:34:46.492+0000][21900][info ][safepoint   ] Safepoint "Cleanup", Time since last: 9713850700 ns, Reaching safepoint: 17600 ns, Cleanup: 19900 ns, At safepoint: 2700 ns, Total: 40200 ns
[2024-06-25T05:34:47.498+0000][21900][info ][safepoint   ] Safepoint "Cleanup", Time since last: 1005490000 ns, Reaching safepoint: 30000 ns, Cleanup: 29200 ns, At safepoint: 5900 ns, Total: 65100 ns
[2024-06-25T05:34:55.556+0000][21900][info ][safepoint   ] Safepoint "Cleanup", Time since last: 8057641900 ns, Reaching safepoint: 27500 ns, Cleanup: 18900 ns, At safepoint: 2500 ns, Total: 48900 ns
[2024-06-25T05:35:17.648+0000][21900][info ][safepoint   ] Safepoint "Cleanup", Time since last: 22091884900 ns, Reaching safepoint: 16900 ns, Cleanup: 24400 ns, At safepoint: 3200 ns, Total: 44500 ns
[2024-06-25T05:35:18.652+0000][21900][info ][safepoint   ] Safepoint "Cleanup", Time since last: 1004549000 ns, Reaching safepoint: 18700 ns, Cleanup: 30400 ns, At safepoint: 3100 ns, Total: 52200 ns
[2024-06-25T05:35:42.727+0000][21900][info ][safepoint   ] Safepoint "Cleanup", Time since last: 24075260900 ns, Reaching safepoint: 21200 ns, Cleanup: 17900 ns, At safepoint: 3800 ns, Total: 42900 ns
[2024-06-25T05:35:45.743+0000][21900][info ][safepoint   ] Safepoint "Cleanup", Time since last: 3015561800 ns, Reaching safepoint: 25300 ns, Cleanup: 21500 ns, At safepoint: 2700 ns, Total: 49500 ns
[2024-06-25T05:35:47.754+0000][21900][info ][safepoint   ] Safepoint "Cleanup", Time since last: 2011384900 ns, Reaching safepoint: 26800 ns, Cleanup: 22700 ns, At safepoint: 3000 ns, Total: 52500 ns
[2024-06-25T05:35:58.843+0000][21900][info ][safepoint   ] Safepoint "Cleanup", Time since last: 11088921400 ns, Reaching safepoint: 19600 ns, Cleanup: 14800 ns, At safepoint: 1900 ns, Total: 36300 ns
[2024-06-25T05:35:59.855+0000][21900][info ][safepoint   ] Safepoint "Cleanup", Time since last: 1011988700 ns, Reaching safepoint: 14600 ns, Cleanup: 13900 ns, At safepoint: 2300 ns, Total: 30800 ns
[2024-06-25T05:36:12.938+0000][21900][info ][safepoint   ] Safepoint "Cleanup", Time since last: 13082235700 ns, Reaching safepoint: 19600 ns, Cleanup: 40200 ns, At safepoint: 3400 ns, Total: 63200 ns
[2024-06-25T05:36:16.974+0000][21900][info ][safepoint   ] Safepoint "Cleanup", Time since last: 4036690300 ns, Reaching safepoint: 21500 ns, Cleanup: 24700 ns, At safepoint: 2200 ns, Total: 48400 ns
[2024-06-25T05:36:42.992+0000][21900][info ][safepoint   ] Safepoint "Cleanup", Time since last: 26017310900 ns, Reaching safepoint: 22300 ns, Cleanup: 17900 ns, At safepoint: 2600 ns, Total: 42800 ns
[2024-06-25T05:36:47.026+0000][21900][info ][safepoint   ] Safepoint "Cleanup", Time since last: 4034543200 ns, Reaching safepoint: 24800 ns, Cleanup: 18900 ns, At safepoint: 2800 ns, Total: 46500 ns
[2024-06-25T05:37:00.123+0000][21900][info ][safepoint   ] Safepoint "Cleanup", Time since last: 13096304600 ns, Reaching safepoint: 21900 ns, Cleanup: 13700 ns, At safepoint: 3400 ns, Total: 39000 ns
[2024-06-25T05:37:32.378+0000][21900][info ][safepoint   ] Safepoint "Cleanup", Time since last: 32254711300 ns, Reaching safepoint: 16200 ns, Cleanup: 12600 ns, At safepoint: 2100 ns, Total: 30900 ns
[2024-06-25T05:38:00.230+0000][21900][info ][safepoint   ] Safepoint "Cleanup", Time since last: 27852161300 ns, Reaching safepoint: 382000 ns, Cleanup: 45700 ns, At safepoint: 65400 ns, Total: 493100 ns
[2024-06-25T05:38:01.568+0000][21900][info ][safepoint   ] Safepoint "Cleanup", Time since last: 1337645900 ns, Reaching safepoint: 11500 ns, Cleanup: 28500 ns, At safepoint: 1900 ns, Total: 41900 ns
[2024-06-25T05:38:02.211+0000][21900][info ][gc,heap,exit] Heap
[2024-06-25T05:38:02.211+0000][21900][info ][gc,heap,exit]  garbage-first heap   total 4014080K, used 482348K [0x000000070b000000, 0x0000000800000000)
[2024-06-25T05:38:02.211+0000][21900][info ][gc,heap,exit]   region size 4096K, 116 young (475136K), 16 survivors (65536K)
[2024-06-25T05:38:02.211+0000][21900][info ][gc,heap,exit]  Metaspace       used 128154K, committed 131712K, reserved 1179648K
[2024-06-25T05:38:02.211+0000][21900][info ][gc,heap,exit]   class space    used 17613K, committed 19264K, reserved 1048576K
